2018-04-01 10:12:47.931  INFO 71009 --- [main] c.d.test.services.UserServiceTest        : Starting UserServiceTest on alanMacBook-Pro.local with PID 71009 (started by alan in /Users/alan/developers/ideaspace/demo/DBtest)
2018-04-01 10:12:47.938  INFO 71009 --- [main] c.d.test.services.UserServiceTest        : No active profile set, falling back to default profiles: default
2018-04-01 10:12:48.011  INFO 71009 --- [main] o.s.w.c.s.GenericWebApplicationContext   : Refreshing org.springframework.web.context.support.GenericWebApplicationContext@55b5f5d2: startup date [Sun Apr 01 10:12:48 CST 2018]; root of context hierarchy
2018-04-01 10:12:49.751  INFO 71009 --- [main] trationDelegate$BeanPostProcessorChecker : Bean 'taskExecutorConfig' of type [com.database.test.config.TaskExecutorConfig$$EnhancerBySpringCGLIB$$e70e95bc] is not eligible for getting processed by all BeanPostProcessors (for example: not eligible for auto-proxying)
2018-04-01 10:12:49.768  INFO 71009 --- [main] o.s.s.concurrent.ThreadPoolTaskExecutor  : Initializing ExecutorService 
2018-04-01 10:12:49.776  INFO 71009 --- [main] o.s.s.concurrent.ThreadPoolTaskExecutor  : Initializing ExecutorService  'MyAsync'
2018-04-01 10:12:49.777  INFO 71009 --- [main] trationDelegate$BeanPostProcessorChecker : Bean 'MyAsync' of type [org.springframework.scheduling.concurrent.ThreadPoolTaskExecutor] is not eligible for getting processed by all BeanPostProcessors (for example: not eligible for auto-proxying)
2018-04-01 10:12:51.351  INFO 71009 --- [main] s.w.s.m.m.a.RequestMappingHandlerAdapter : Looking for @ControllerAdvice: org.springframework.web.context.support.GenericWebApplicationContext@55b5f5d2: startup date [Sun Apr 01 10:12:48 CST 2018]; root of context hierarchy
2018-04-01 10:12:51.494  INFO 71009 --- [main] s.w.s.m.m.a.RequestMappingHandlerMapping : Mapped "{[/user/save],methods=[GET]}" onto public java.lang.String com.database.test.controller.TestController.save(int)
2018-04-01 10:12:51.495  INFO 71009 --- [main] s.w.s.m.m.a.RequestMappingHandlerMapping : Mapped "{[/user/hello],methods=[GET]}" onto public java.lang.String com.database.test.controller.TestController.hello()
2018-04-01 10:12:51.496  INFO 71009 --- [main] s.w.s.m.m.a.RequestMappingHandlerMapping : Mapped "{[/user/batchSave],methods=[GET]}" onto public java.lang.String com.database.test.controller.TestController.batchSave(int)
2018-04-01 10:12:51.496  INFO 71009 --- [main] s.w.s.m.m.a.RequestMappingHandlerMapping : Mapped "{[/user/getUserInfoByAge],methods=[GET]}" onto public java.lang.String com.database.test.controller.TestController.getUserInfoByAge(int)
2018-04-01 10:12:51.499  INFO 71009 --- [main] s.w.s.m.m.a.RequestMappingHandlerMapping : Mapped "{[/error]}" onto public org.springframework.http.ResponseEntity<java.util.Map<java.lang.String, java.lang.Object>> org.springframework.boot.autoconfigure.web.servlet.error.BasicErrorController.error(javax.servlet.http.HttpServletRequest)
2018-04-01 10:12:51.501  INFO 71009 --- [main] s.w.s.m.m.a.RequestMappingHandlerMapping : Mapped "{[/error],produces=[text/html]}" onto public org.springframework.web.servlet.ModelAndView org.springframework.boot.autoconfigure.web.servlet.error.BasicErrorController.errorHtml(javax.servlet.http.HttpServletRequest,javax.servlet.http.HttpServletResponse)
2018-04-01 10:12:51.665  INFO 71009 --- [main] o.s.w.s.handler.SimpleUrlHandlerMapping  : Mapped URL path [/webjars/**] onto handler of type [class org.springframework.web.servlet.resource.ResourceHttpRequestHandler]
2018-04-01 10:12:51.666  INFO 71009 --- [main] o.s.w.s.handler.SimpleUrlHandlerMapping  : Mapped URL path [/**] onto handler of type [class org.springframework.web.servlet.resource.ResourceHttpRequestHandler]
2018-04-01 10:12:51.791  INFO 71009 --- [main] o.s.w.s.handler.SimpleUrlHandlerMapping  : Mapped URL path [/**/favicon.ico] onto handler of type [class org.springframework.web.servlet.resource.ResourceHttpRequestHandler]
2018-04-01 10:12:52.298  INFO 71009 --- [main] c.d.test.services.UserServiceTest        : Started UserServiceTest in 4.975 seconds (JVM running for 6.921)
2018-04-01 10:12:52.537  INFO 71009 --- [main] com.zaxxer.hikari.HikariDataSource       : HikariPool-1 - Starting...
2018-04-01 10:12:53.258  INFO 71009 --- [main] com.zaxxer.hikari.HikariDataSource       : HikariPool-1 - Start completed.
2018-04-01 10:23:11.635  WARN 71009 --- [HikariPool-1 housekeeper] com.zaxxer.hikari.pool.HikariPool        : HikariPool-1 - Thread starvation or clock leap detected (housekeeper delta=1m43s640ms).
2018-04-01 10:23:11.690  INFO 71009 --- [Thread-2] o.s.w.c.s.GenericWebApplicationContext   : Closing org.springframework.web.context.support.GenericWebApplicationContext@55b5f5d2: startup date [Sun Apr 01 10:12:48 CST 2018]; root of context hierarchy
2018-04-01 10:23:11.698  INFO 71009 --- [Thread-2] com.zaxxer.hikari.HikariDataSource       : HikariPool-1 - Shutdown initiated...
2018-04-01 10:23:11.709  INFO 71009 --- [Thread-2] com.zaxxer.hikari.HikariDataSource       : HikariPool-1 - Shutdown completed.
2018-04-01 10:23:11.710  INFO 71009 --- [Thread-2] o.s.s.concurrent.ThreadPoolTaskExecutor  : Shutting down ExecutorService 'MyAsync'
2018-04-01 10:24:07.651  INFO 71031 --- [main] c.d.test.services.UserServiceTest        : Starting UserServiceTest on alanMacBook-Pro.local with PID 71031 (started by alan in /Users/alan/developers/ideaspace/demo/DBtest)
2018-04-01 10:24:07.653  INFO 71031 --- [main] c.d.test.services.UserServiceTest        : No active profile set, falling back to default profiles: default
2018-04-01 10:24:07.724  INFO 71031 --- [main] o.s.w.c.s.GenericWebApplicationContext   : Refreshing org.springframework.web.context.support.GenericWebApplicationContext@55b5f5d2: startup date [Sun Apr 01 10:24:07 CST 2018]; root of context hierarchy
2018-04-01 10:24:09.400  INFO 71031 --- [main] trationDelegate$BeanPostProcessorChecker : Bean 'taskExecutorConfig' of type [com.database.test.config.TaskExecutorConfig$$EnhancerBySpringCGLIB$$2f9aac70] is not eligible for getting processed by all BeanPostProcessors (for example: not eligible for auto-proxying)
2018-04-01 10:24:09.431  INFO 71031 --- [main] o.s.s.concurrent.ThreadPoolTaskExecutor  : Initializing ExecutorService 
2018-04-01 10:24:09.443  INFO 71031 --- [main] o.s.s.concurrent.ThreadPoolTaskExecutor  : Initializing ExecutorService  'MyAsync'
2018-04-01 10:24:09.444  INFO 71031 --- [main] trationDelegate$BeanPostProcessorChecker : Bean 'MyAsync' of type [org.springframework.scheduling.concurrent.ThreadPoolTaskExecutor] is not eligible for getting processed by all BeanPostProcessors (for example: not eligible for auto-proxying)
2018-04-01 10:24:11.156  INFO 71031 --- [main] s.w.s.m.m.a.RequestMappingHandlerAdapter : Looking for @ControllerAdvice: org.springframework.web.context.support.GenericWebApplicationContext@55b5f5d2: startup date [Sun Apr 01 10:24:07 CST 2018]; root of context hierarchy
2018-04-01 10:24:11.325  INFO 71031 --- [main] s.w.s.m.m.a.RequestMappingHandlerMapping : Mapped "{[/user/save],methods=[GET]}" onto public java.lang.String com.database.test.controller.TestController.save(int)
2018-04-01 10:24:11.326  INFO 71031 --- [main] s.w.s.m.m.a.RequestMappingHandlerMapping : Mapped "{[/user/batchSave],methods=[GET]}" onto public java.lang.String com.database.test.controller.TestController.batchSave(int)
2018-04-01 10:24:11.327  INFO 71031 --- [main] s.w.s.m.m.a.RequestMappingHandlerMapping : Mapped "{[/user/getUserInfoByAge],methods=[GET]}" onto public java.lang.String com.database.test.controller.TestController.getUserInfoByAge(int)
2018-04-01 10:24:11.327  INFO 71031 --- [main] s.w.s.m.m.a.RequestMappingHandlerMapping : Mapped "{[/user/hello],methods=[GET]}" onto public java.lang.String com.database.test.controller.TestController.hello()
2018-04-01 10:24:11.331  INFO 71031 --- [main] s.w.s.m.m.a.RequestMappingHandlerMapping : Mapped "{[/error]}" onto public org.springframework.http.ResponseEntity<java.util.Map<java.lang.String, java.lang.Object>> org.springframework.boot.autoconfigure.web.servlet.error.BasicErrorController.error(javax.servlet.http.HttpServletRequest)
2018-04-01 10:24:11.332  INFO 71031 --- [main] s.w.s.m.m.a.RequestMappingHandlerMapping : Mapped "{[/error],produces=[text/html]}" onto public org.springframework.web.servlet.ModelAndView org.springframework.boot.autoconfigure.web.servlet.error.BasicErrorController.errorHtml(javax.servlet.http.HttpServletRequest,javax.servlet.http.HttpServletResponse)
2018-04-01 10:24:11.571  INFO 71031 --- [main] o.s.w.s.handler.SimpleUrlHandlerMapping  : Mapped URL path [/webjars/**] onto handler of type [class org.springframework.web.servlet.resource.ResourceHttpRequestHandler]
2018-04-01 10:24:11.571  INFO 71031 --- [main] o.s.w.s.handler.SimpleUrlHandlerMapping  : Mapped URL path [/**] onto handler of type [class org.springframework.web.servlet.resource.ResourceHttpRequestHandler]
2018-04-01 10:24:11.690  INFO 71031 --- [main] o.s.w.s.handler.SimpleUrlHandlerMapping  : Mapped URL path [/**/favicon.ico] onto handler of type [class org.springframework.web.servlet.resource.ResourceHttpRequestHandler]
2018-04-01 10:24:12.255  INFO 71031 --- [main] c.d.test.services.UserServiceTest        : Started UserServiceTest in 5.213 seconds (JVM running for 6.997)
2018-04-01 10:24:12.460  INFO 71031 --- [main] com.zaxxer.hikari.HikariDataSource       : HikariPool-1 - Starting...
2018-04-01 10:24:13.627  INFO 71031 --- [main] com.zaxxer.hikari.HikariDataSource       : HikariPool-1 - Start completed.
2018-04-01 10:25:17.163  WARN 71031 --- [HikariPool-1 housekeeper] com.zaxxer.hikari.pool.HikariPool        : HikariPool-1 - Thread starvation or clock leap detected (housekeeper delta=1m3s222ms).
2018-04-01 10:26:13.731  WARN 71031 --- [HikariPool-1 housekeeper] com.zaxxer.hikari.pool.HikariPool        : HikariPool-1 - Thread starvation or clock leap detected (housekeeper delta=56s783ms).
2018-04-01 10:37:32.835  WARN 71031 --- [HikariPool-1 housekeeper] com.zaxxer.hikari.pool.HikariPool        : HikariPool-1 - Thread starvation or clock leap detected (housekeeper delta=48s807ms).
2018-04-01 10:39:45.212  WARN 71031 --- [HikariPool-1 housekeeper] com.zaxxer.hikari.pool.HikariPool        : HikariPool-1 - Thread starvation or clock leap detected (housekeeper delta=54s258ms).
2018-04-01 10:42:58.812  WARN 71031 --- [HikariPool-1 housekeeper] com.zaxxer.hikari.pool.HikariPool        : HikariPool-1 - Thread starvation or clock leap detected (housekeeper delta=3m13s600ms).
2018-04-01 10:42:58.822  INFO 71031 --- [Thread-2] o.s.w.c.s.GenericWebApplicationContext   : Closing org.springframework.web.context.support.GenericWebApplicationContext@55b5f5d2: startup date [Sun Apr 01 10:24:07 CST 2018]; root of context hierarchy
2018-04-01 10:42:58.826  INFO 71031 --- [Thread-2] com.zaxxer.hikari.HikariDataSource       : HikariPool-1 - Shutdown initiated...
2018-04-01 10:42:58.834  INFO 71031 --- [Thread-2] com.zaxxer.hikari.HikariDataSource       : HikariPool-1 - Shutdown completed.
2018-04-01 10:42:58.834  INFO 71031 --- [Thread-2] o.s.s.concurrent.ThreadPoolTaskExecutor  : Shutting down ExecutorService 'MyAsync'
2018-04-01 10:43:22.825  INFO 71067 --- [main] c.d.test.services.UserServiceTest        : Starting UserServiceTest on alanMacBook-Pro.local with PID 71067 (started by alan in /Users/alan/developers/ideaspace/demo/DBtest)
2018-04-01 10:43:22.827  INFO 71067 --- [main] c.d.test.services.UserServiceTest        : No active profile set, falling back to default profiles: default
2018-04-01 10:43:22.876  INFO 71067 --- [main] o.s.w.c.s.GenericWebApplicationContext   : Refreshing org.springframework.web.context.support.GenericWebApplicationContext@55b5f5d2: startup date [Sun Apr 01 10:43:22 CST 2018]; root of context hierarchy
2018-04-01 10:43:24.336  INFO 71067 --- [main] trationDelegate$BeanPostProcessorChecker : Bean 'taskExecutorConfig' of type [com.database.test.config.TaskExecutorConfig$$EnhancerBySpringCGLIB$$5bc2e92e] is not eligible for getting processed by all BeanPostProcessors (for example: not eligible for auto-proxying)
2018-04-01 10:43:24.351  INFO 71067 --- [main] o.s.s.concurrent.ThreadPoolTaskExecutor  : Initializing ExecutorService 
2018-04-01 10:43:24.362  INFO 71067 --- [main] o.s.s.concurrent.ThreadPoolTaskExecutor  : Initializing ExecutorService  'MyAsync'
2018-04-01 10:43:24.362  INFO 71067 --- [main] trationDelegate$BeanPostProcessorChecker : Bean 'MyAsync' of type [org.springframework.scheduling.concurrent.ThreadPoolTaskExecutor] is not eligible for getting processed by all BeanPostProcessors (for example: not eligible for auto-proxying)
2018-04-01 10:43:25.913  INFO 71067 --- [main] s.w.s.m.m.a.RequestMappingHandlerAdapter : Looking for @ControllerAdvice: org.springframework.web.context.support.GenericWebApplicationContext@55b5f5d2: startup date [Sun Apr 01 10:43:22 CST 2018]; root of context hierarchy
2018-04-01 10:43:26.027  INFO 71067 --- [main] s.w.s.m.m.a.RequestMappingHandlerMapping : Mapped "{[/user/save],methods=[GET]}" onto public java.lang.String com.database.test.controller.TestController.save(int)
2018-04-01 10:43:26.028  INFO 71067 --- [main] s.w.s.m.m.a.RequestMappingHandlerMapping : Mapped "{[/user/batchSave],methods=[GET]}" onto public java.lang.String com.database.test.controller.TestController.batchSave(int)
2018-04-01 10:43:26.028  INFO 71067 --- [main] s.w.s.m.m.a.RequestMappingHandlerMapping : Mapped "{[/user/getUserInfoByAge],methods=[GET]}" onto public java.lang.String com.database.test.controller.TestController.getUserInfoByAge(int)
2018-04-01 10:43:26.028  INFO 71067 --- [main] s.w.s.m.m.a.RequestMappingHandlerMapping : Mapped "{[/user/hello],methods=[GET]}" onto public java.lang.String com.database.test.controller.TestController.hello()
2018-04-01 10:43:26.031  INFO 71067 --- [main] s.w.s.m.m.a.RequestMappingHandlerMapping : Mapped "{[/error]}" onto public org.springframework.http.ResponseEntity<java.util.Map<java.lang.String, java.lang.Object>> org.springframework.boot.autoconfigure.web.servlet.error.BasicErrorController.error(javax.servlet.http.HttpServletRequest)
2018-04-01 10:43:26.032  INFO 71067 --- [main] s.w.s.m.m.a.RequestMappingHandlerMapping : Mapped "{[/error],produces=[text/html]}" onto public org.springframework.web.servlet.ModelAndView org.springframework.boot.autoconfigure.web.servlet.error.BasicErrorController.errorHtml(javax.servlet.http.HttpServletRequest,javax.servlet.http.HttpServletResponse)
2018-04-01 10:43:26.251  INFO 71067 --- [main] o.s.w.s.handler.SimpleUrlHandlerMapping  : Mapped URL path [/webjars/**] onto handler of type [class org.springframework.web.servlet.resource.ResourceHttpRequestHandler]
2018-04-01 10:43:26.251  INFO 71067 --- [main] o.s.w.s.handler.SimpleUrlHandlerMapping  : Mapped URL path [/**] onto handler of type [class org.springframework.web.servlet.resource.ResourceHttpRequestHandler]
2018-04-01 10:43:26.363  INFO 71067 --- [main] o.s.w.s.handler.SimpleUrlHandlerMapping  : Mapped URL path [/**/favicon.ico] onto handler of type [class org.springframework.web.servlet.resource.ResourceHttpRequestHandler]
2018-04-01 10:43:26.898  INFO 71067 --- [main] c.d.test.services.UserServiceTest        : Started UserServiceTest in 4.578 seconds (JVM running for 6.313)
2018-04-01 10:43:27.057  INFO 71067 --- [main] com.zaxxer.hikari.HikariDataSource       : HikariPool-1 - Starting...
2018-04-01 10:43:27.766  INFO 71067 --- [main] com.zaxxer.hikari.HikariDataSource       : HikariPool-1 - Start completed.
2018-04-01 10:48:46.471  WARN 71067 --- [HikariPool-1 housekeeper] com.zaxxer.hikari.pool.HikariPool        : HikariPool-1 - Thread starvation or clock leap detected (housekeeper delta=46s557ms).
2018-04-01 10:49:04.949  INFO 71067 --- [Thread-2] o.s.w.c.s.GenericWebApplicationContext   : Closing org.springframework.web.context.support.GenericWebApplicationContext@55b5f5d2: startup date [Sun Apr 01 10:43:22 CST 2018]; root of context hierarchy
2018-04-01 10:49:04.953  INFO 71067 --- [Thread-2] com.zaxxer.hikari.HikariDataSource       : HikariPool-1 - Shutdown initiated...
2018-04-01 10:49:04.963  INFO 71067 --- [Thread-2] com.zaxxer.hikari.HikariDataSource       : HikariPool-1 - Shutdown completed.
2018-04-01 10:49:04.963  INFO 71067 --- [Thread-2] o.s.s.concurrent.ThreadPoolTaskExecutor  : Shutting down ExecutorService 'MyAsync'
2018-04-01 10:50:17.818  INFO 71078 --- [main] c.d.test.services.UserServiceTest        : Starting UserServiceTest on alanMacBook-Pro.local with PID 71078 (started by alan in /Users/alan/developers/ideaspace/demo/DBtest)
2018-04-01 10:50:17.820  INFO 71078 --- [main] c.d.test.services.UserServiceTest        : No active profile set, falling back to default profiles: default
2018-04-01 10:50:17.958  INFO 71078 --- [main] o.s.w.c.s.GenericWebApplicationContext   : Refreshing org.springframework.web.context.support.GenericWebApplicationContext@55b5f5d2: startup date [Sun Apr 01 10:50:17 CST 2018]; root of context hierarchy
2018-04-01 10:50:20.113  INFO 71078 --- [main] trationDelegate$BeanPostProcessorChecker : Bean 'taskExecutorConfig' of type [com.database.test.config.TaskExecutorConfig$$EnhancerBySpringCGLIB$$46579694] is not eligible for getting processed by all BeanPostProcessors (for example: not eligible for auto-proxying)
2018-04-01 10:50:20.132  INFO 71078 --- [main] o.s.s.concurrent.ThreadPoolTaskExecutor  : Initializing ExecutorService 
2018-04-01 10:50:20.145  INFO 71078 --- [main] o.s.s.concurrent.ThreadPoolTaskExecutor  : Initializing ExecutorService  'MyAsync'
2018-04-01 10:50:20.145  INFO 71078 --- [main] trationDelegate$BeanPostProcessorChecker : Bean 'MyAsync' of type [org.springframework.scheduling.concurrent.ThreadPoolTaskExecutor] is not eligible for getting processed by all BeanPostProcessors (for example: not eligible for auto-proxying)
2018-04-01 10:50:21.938  INFO 71078 --- [main] s.w.s.m.m.a.RequestMappingHandlerAdapter : Looking for @ControllerAdvice: org.springframework.web.context.support.GenericWebApplicationContext@55b5f5d2: startup date [Sun Apr 01 10:50:17 CST 2018]; root of context hierarchy
2018-04-01 10:50:22.050  INFO 71078 --- [main] s.w.s.m.m.a.RequestMappingHandlerMapping : Mapped "{[/user/save],methods=[GET]}" onto public java.lang.String com.database.test.controller.TestController.save(int)
2018-04-01 10:50:22.051  INFO 71078 --- [main] s.w.s.m.m.a.RequestMappingHandlerMapping : Mapped "{[/user/batchSave],methods=[GET]}" onto public java.lang.String com.database.test.controller.TestController.batchSave(int)
2018-04-01 10:50:22.052  INFO 71078 --- [main] s.w.s.m.m.a.RequestMappingHandlerMapping : Mapped "{[/user/getUserInfoByAge],methods=[GET]}" onto public java.lang.String com.database.test.controller.TestController.getUserInfoByAge(int)
2018-04-01 10:50:22.052  INFO 71078 --- [main] s.w.s.m.m.a.RequestMappingHandlerMapping : Mapped "{[/user/hello],methods=[GET]}" onto public java.lang.String com.database.test.controller.TestController.hello()
2018-04-01 10:50:22.055  INFO 71078 --- [main] s.w.s.m.m.a.RequestMappingHandlerMapping : Mapped "{[/error]}" onto public org.springframework.http.ResponseEntity<java.util.Map<java.lang.String, java.lang.Object>> org.springframework.boot.autoconfigure.web.servlet.error.BasicErrorController.error(javax.servlet.http.HttpServletRequest)
2018-04-01 10:50:22.056  INFO 71078 --- [main] s.w.s.m.m.a.RequestMappingHandlerMapping : Mapped "{[/error],produces=[text/html]}" onto public org.springframework.web.servlet.ModelAndView org.springframework.boot.autoconfigure.web.servlet.error.BasicErrorController.errorHtml(javax.servlet.http.HttpServletRequest,javax.servlet.http.HttpServletResponse)
2018-04-01 10:50:22.176  INFO 71078 --- [main] o.s.w.s.handler.SimpleUrlHandlerMapping  : Mapped URL path [/webjars/**] onto handler of type [class org.springframework.web.servlet.resource.ResourceHttpRequestHandler]
2018-04-01 10:50:22.176  INFO 71078 --- [main] o.s.w.s.handler.SimpleUrlHandlerMapping  : Mapped URL path [/**] onto handler of type [class org.springframework.web.servlet.resource.ResourceHttpRequestHandler]
2018-04-01 10:50:22.351  INFO 71078 --- [main] o.s.w.s.handler.SimpleUrlHandlerMapping  : Mapped URL path [/**/favicon.ico] onto handler of type [class org.springframework.web.servlet.resource.ResourceHttpRequestHandler]
2018-04-01 10:50:22.855  INFO 71078 --- [main] c.d.test.services.UserServiceTest        : Started UserServiceTest in 5.706 seconds (JVM running for 7.626)
2018-04-01 10:50:23.000  INFO 71078 --- [main] com.zaxxer.hikari.HikariDataSource       : HikariPool-1 - Starting...
2018-04-01 10:50:23.657  INFO 71078 --- [main] com.zaxxer.hikari.HikariDataSource       : HikariPool-1 - Start completed.
2018-04-01 10:57:25.134  WARN 71078 --- [HikariPool-1 housekeeper] com.zaxxer.hikari.pool.HikariPool        : HikariPool-1 - Thread starvation or clock leap detected (housekeeper delta=54s998ms).
2018-04-01 11:04:49.447  INFO 71078 --- [Thread-2] o.s.w.c.s.GenericWebApplicationContext   : Closing org.springframework.web.context.support.GenericWebApplicationContext@55b5f5d2: startup date [Sun Apr 01 10:50:17 CST 2018]; root of context hierarchy
2018-04-01 11:04:49.455  INFO 71078 --- [Thread-2] com.zaxxer.hikari.HikariDataSource       : HikariPool-1 - Shutdown initiated...
2018-04-01 11:04:49.464  INFO 71078 --- [Thread-2] com.zaxxer.hikari.HikariDataSource       : HikariPool-1 - Shutdown completed.
2018-04-01 11:04:49.464  INFO 71078 --- [Thread-2] o.s.s.concurrent.ThreadPoolTaskExecutor  : Shutting down ExecutorService 'MyAsync'
2018-04-01 11:05:17.539  INFO 71110 --- [main] c.d.test.services.UserServiceTest        : Starting UserServiceTest on alanMacBook-Pro.local with PID 71110 (started by alan in /Users/alan/developers/ideaspace/demo/DBtest)
2018-04-01 11:05:17.541  INFO 71110 --- [main] c.d.test.services.UserServiceTest        : No active profile set, falling back to default profiles: default
2018-04-01 11:05:17.599  INFO 71110 --- [main] o.s.w.c.s.GenericWebApplicationContext   : Refreshing org.springframework.web.context.support.GenericWebApplicationContext@5bfa8cc5: startup date [Sun Apr 01 11:05:17 CST 2018]; root of context hierarchy
2018-04-01 11:05:19.449  INFO 71110 --- [main] trationDelegate$BeanPostProcessorChecker : Bean 'taskExecutorConfig' of type [com.database.test.config.TaskExecutorConfig$$EnhancerBySpringCGLIB$$c71324b9] is not eligible for getting processed by all BeanPostProcessors (for example: not eligible for auto-proxying)
2018-04-01 11:05:19.478  INFO 71110 --- [main] o.s.s.concurrent.ThreadPoolTaskExecutor  : Initializing ExecutorService 
2018-04-01 11:05:19.491  INFO 71110 --- [main] o.s.s.concurrent.ThreadPoolTaskExecutor  : Initializing ExecutorService  'MyAsync'
2018-04-01 11:05:19.491  INFO 71110 --- [main] trationDelegate$BeanPostProcessorChecker : Bean 'MyAsync' of type [org.springframework.scheduling.concurrent.ThreadPoolTaskExecutor] is not eligible for getting processed by all BeanPostProcessors (for example: not eligible for auto-proxying)
2018-04-01 11:05:21.672  INFO 71110 --- [main] s.w.s.m.m.a.RequestMappingHandlerAdapter : Looking for @ControllerAdvice: org.springframework.web.context.support.GenericWebApplicationContext@5bfa8cc5: startup date [Sun Apr 01 11:05:17 CST 2018]; root of context hierarchy
2018-04-01 11:05:21.937  INFO 71110 --- [main] s.w.s.m.m.a.RequestMappingHandlerMapping : Mapped "{[/user/save],methods=[GET]}" onto public java.lang.String com.database.test.controller.TestController.save(int)
2018-04-01 11:05:21.942  INFO 71110 --- [main] s.w.s.m.m.a.RequestMappingHandlerMapping : Mapped "{[/user/hello],methods=[GET]}" onto public java.lang.String com.database.test.controller.TestController.hello()
2018-04-01 11:05:21.945  INFO 71110 --- [main] s.w.s.m.m.a.RequestMappingHandlerMapping : Mapped "{[/user/batchSave],methods=[GET]}" onto public java.lang.String com.database.test.controller.TestController.batchSave(int)
2018-04-01 11:05:21.946  INFO 71110 --- [main] s.w.s.m.m.a.RequestMappingHandlerMapping : Mapped "{[/user/getUserInfoByAge],methods=[GET]}" onto public java.lang.String com.database.test.controller.TestController.getUserInfoByAge(int)
2018-04-01 11:05:21.959  INFO 71110 --- [main] s.w.s.m.m.a.RequestMappingHandlerMapping : Mapped "{[/error]}" onto public org.springframework.http.ResponseEntity<java.util.Map<java.lang.String, java.lang.Object>> org.springframework.boot.autoconfigure.web.servlet.error.BasicErrorController.error(javax.servlet.http.HttpServletRequest)
2018-04-01 11:05:21.964  INFO 71110 --- [main] s.w.s.m.m.a.RequestMappingHandlerMapping : Mapped "{[/error],produces=[text/html]}" onto public org.springframework.web.servlet.ModelAndView org.springframework.boot.autoconfigure.web.servlet.error.BasicErrorController.errorHtml(javax.servlet.http.HttpServletRequest,javax.servlet.http.HttpServletResponse)
2018-04-01 11:05:22.249  INFO 71110 --- [main] o.s.w.s.handler.SimpleUrlHandlerMapping  : Mapped URL path [/webjars/**] onto handler of type [class org.springframework.web.servlet.resource.ResourceHttpRequestHandler]
2018-04-01 11:05:22.250  INFO 71110 --- [main] o.s.w.s.handler.SimpleUrlHandlerMapping  : Mapped URL path [/**] onto handler of type [class org.springframework.web.servlet.resource.ResourceHttpRequestHandler]
2018-04-01 11:05:22.505  INFO 71110 --- [main] o.s.w.s.handler.SimpleUrlHandlerMapping  : Mapped URL path [/**/favicon.ico] onto handler of type [class org.springframework.web.servlet.resource.ResourceHttpRequestHandler]
2018-04-01 11:05:23.418  INFO 71110 --- [main] c.d.test.services.UserServiceTest        : Started UserServiceTest in 6.484 seconds (JVM running for 8.597)
2018-04-01 11:05:23.841  INFO 71110 --- [main] com.zaxxer.hikari.HikariDataSource       : HikariPool-1 - Starting...
2018-04-01 11:05:25.425  INFO 71110 --- [main] com.zaxxer.hikari.HikariDataSource       : HikariPool-1 - Start completed.
2018-04-01 11:12:12.306  INFO 71110 --- [Thread-2] o.s.w.c.s.GenericWebApplicationContext   : Closing org.springframework.web.context.support.GenericWebApplicationContext@5bfa8cc5: startup date [Sun Apr 01 11:05:17 CST 2018]; root of context hierarchy
2018-04-01 11:12:12.319  INFO 71110 --- [Thread-2] com.zaxxer.hikari.HikariDataSource       : HikariPool-1 - Shutdown initiated...
2018-04-01 11:12:12.340  INFO 71110 --- [Thread-2] com.zaxxer.hikari.HikariDataSource       : HikariPool-1 - Shutdown completed.
2018-04-01 11:12:12.341  INFO 71110 --- [Thread-2] o.s.s.concurrent.ThreadPoolTaskExecutor  : Shutting down ExecutorService 'MyAsync'
2018-04-01 11:28:21.016  INFO 71146 --- [main] c.d.test.services.UserServiceTest        : Starting UserServiceTest on alanMacBook-Pro.local with PID 71146 (started by alan in /Users/alan/developers/ideaspace/demo/DBtest)
2018-04-01 11:28:21.018  INFO 71146 --- [main] c.d.test.services.UserServiceTest        : No active profile set, falling back to default profiles: default
2018-04-01 11:28:21.070  INFO 71146 --- [main] o.s.w.c.s.GenericWebApplicationContext   : Refreshing org.springframework.web.context.support.GenericWebApplicationContext@66ce957f: startup date [Sun Apr 01 11:28:21 CST 2018]; root of context hierarchy
2018-04-01 11:28:22.739  INFO 71146 --- [main] trationDelegate$BeanPostProcessorChecker : Bean 'taskExecutorConfig' of type [com.database.test.config.TaskExecutorConfig$$EnhancerBySpringCGLIB$$75d653fe] is not eligible for getting processed by all BeanPostProcessors (for example: not eligible for auto-proxying)
2018-04-01 11:28:22.765  INFO 71146 --- [main] o.s.s.concurrent.ThreadPoolTaskExecutor  : Initializing ExecutorService 
2018-04-01 11:28:22.779  INFO 71146 --- [main] o.s.s.concurrent.ThreadPoolTaskExecutor  : Initializing ExecutorService  'MyAsync'
2018-04-01 11:28:22.779  INFO 71146 --- [main] trationDelegate$BeanPostProcessorChecker : Bean 'MyAsync' of type [org.springframework.scheduling.concurrent.ThreadPoolTaskExecutor] is not eligible for getting processed by all BeanPostProcessors (for example: not eligible for auto-proxying)
2018-04-01 11:28:24.721  INFO 71146 --- [main] s.w.s.m.m.a.RequestMappingHandlerAdapter : Looking for @ControllerAdvice: org.springframework.web.context.support.GenericWebApplicationContext@66ce957f: startup date [Sun Apr 01 11:28:21 CST 2018]; root of context hierarchy
2018-04-01 11:28:24.905  INFO 71146 --- [main] s.w.s.m.m.a.RequestMappingHandlerMapping : Mapped "{[/user/save],methods=[GET]}" onto public java.lang.String com.database.test.controller.TestController.save(int)
2018-04-01 11:28:24.906  INFO 71146 --- [main] s.w.s.m.m.a.RequestMappingHandlerMapping : Mapped "{[/user/batchSave],methods=[GET]}" onto public java.lang.String com.database.test.controller.TestController.batchSave(int)
2018-04-01 11:28:24.907  INFO 71146 --- [main] s.w.s.m.m.a.RequestMappingHandlerMapping : Mapped "{[/user/hello],methods=[GET]}" onto public java.lang.String com.database.test.controller.TestController.hello()
2018-04-01 11:28:24.907  INFO 71146 --- [main] s.w.s.m.m.a.RequestMappingHandlerMapping : Mapped "{[/user/getUserInfoByAge],methods=[GET]}" onto public java.lang.String com.database.test.controller.TestController.getUserInfoByAge(int)
2018-04-01 11:28:24.911  INFO 71146 --- [main] s.w.s.m.m.a.RequestMappingHandlerMapping : Mapped "{[/error]}" onto public org.springframework.http.ResponseEntity<java.util.Map<java.lang.String, java.lang.Object>> org.springframework.boot.autoconfigure.web.servlet.error.BasicErrorController.error(javax.servlet.http.HttpServletRequest)
2018-04-01 11:28:24.916  INFO 71146 --- [main] s.w.s.m.m.a.RequestMappingHandlerMapping : Mapped "{[/error],produces=[text/html]}" onto public org.springframework.web.servlet.ModelAndView org.springframework.boot.autoconfigure.web.servlet.error.BasicErrorController.errorHtml(javax.servlet.http.HttpServletRequest,javax.servlet.http.HttpServletResponse)
2018-04-01 11:28:25.177  INFO 71146 --- [main] o.s.w.s.handler.SimpleUrlHandlerMapping  : Mapped URL path [/webjars/**] onto handler of type [class org.springframework.web.servlet.resource.ResourceHttpRequestHandler]
2018-04-01 11:28:25.178  INFO 71146 --- [main] o.s.w.s.handler.SimpleUrlHandlerMapping  : Mapped URL path [/**] onto handler of type [class org.springframework.web.servlet.resource.ResourceHttpRequestHandler]
2018-04-01 11:28:25.327  INFO 71146 --- [main] o.s.w.s.handler.SimpleUrlHandlerMapping  : Mapped URL path [/**/favicon.ico] onto handler of type [class org.springframework.web.servlet.resource.ResourceHttpRequestHandler]
2018-04-01 11:28:26.445  INFO 71146 --- [main] c.d.test.services.UserServiceTest        : Started UserServiceTest in 5.988 seconds (JVM running for 7.934)
2018-04-01 11:28:26.805  INFO 71146 --- [main] com.zaxxer.hikari.HikariDataSource       : HikariPool-1 - Starting...
2018-04-01 11:28:27.642  INFO 71146 --- [main] com.zaxxer.hikari.HikariDataSource       : HikariPool-1 - Start completed.
2018-04-01 11:28:29.722  INFO 71146 --- [Thread-2] o.s.w.c.s.GenericWebApplicationContext   : Closing org.springframework.web.context.support.GenericWebApplicationContext@66ce957f: startup date [Sun Apr 01 11:28:21 CST 2018]; root of context hierarchy
2018-04-01 11:28:29.737  INFO 71146 --- [Thread-2] com.zaxxer.hikari.HikariDataSource       : HikariPool-1 - Shutdown initiated...
2018-04-01 11:28:29.759  INFO 71146 --- [Thread-2] com.zaxxer.hikari.HikariDataSource       : HikariPool-1 - Shutdown completed.
2018-04-01 11:28:29.759  INFO 71146 --- [Thread-2] o.s.s.concurrent.ThreadPoolTaskExecutor  : Shutting down ExecutorService 'MyAsync'
2018-04-01 11:28:39.536  INFO 71148 --- [main] c.d.test.services.UserServiceTest        : Starting UserServiceTest on alanMacBook-Pro.local with PID 71148 (started by alan in /Users/alan/developers/ideaspace/demo/DBtest)
2018-04-01 11:28:39.545  INFO 71148 --- [main] c.d.test.services.UserServiceTest        : No active profile set, falling back to default profiles: default
2018-04-01 11:28:39.675  INFO 71148 --- [main] o.s.w.c.s.GenericWebApplicationContext   : Refreshing org.springframework.web.context.support.GenericWebApplicationContext@66ce957f: startup date [Sun Apr 01 11:28:39 CST 2018]; root of context hierarchy
2018-04-01 11:28:41.578  INFO 71148 --- [main] trationDelegate$BeanPostProcessorChecker : Bean 'taskExecutorConfig' of type [com.database.test.config.TaskExecutorConfig$$EnhancerBySpringCGLIB$$3890346e] is not eligible for getting processed by all BeanPostProcessors (for example: not eligible for auto-proxying)
2018-04-01 11:28:41.613  INFO 71148 --- [main] o.s.s.concurrent.ThreadPoolTaskExecutor  : Initializing ExecutorService 
2018-04-01 11:28:41.632  INFO 71148 --- [main] o.s.s.concurrent.ThreadPoolTaskExecutor  : Initializing ExecutorService  'MyAsync'
2018-04-01 11:28:41.633  INFO 71148 --- [main] trationDelegate$BeanPostProcessorChecker : Bean 'MyAsync' of type [org.springframework.scheduling.concurrent.ThreadPoolTaskExecutor] is not eligible for getting processed by all BeanPostProcessors (for example: not eligible for auto-proxying)
2018-04-01 11:28:43.868  INFO 71148 --- [main] s.w.s.m.m.a.RequestMappingHandlerAdapter : Looking for @ControllerAdvice: org.springframework.web.context.support.GenericWebApplicationContext@66ce957f: startup date [Sun Apr 01 11:28:39 CST 2018]; root of context hierarchy
2018-04-01 11:28:44.049  INFO 71148 --- [main] s.w.s.m.m.a.RequestMappingHandlerMapping : Mapped "{[/user/save],methods=[GET]}" onto public java.lang.String com.database.test.controller.TestController.save(int)
2018-04-01 11:28:44.051  INFO 71148 --- [main] s.w.s.m.m.a.RequestMappingHandlerMapping : Mapped "{[/user/hello],methods=[GET]}" onto public java.lang.String com.database.test.controller.TestController.hello()
2018-04-01 11:28:44.051  INFO 71148 --- [main] s.w.s.m.m.a.RequestMappingHandlerMapping : Mapped "{[/user/batchSave],methods=[GET]}" onto public java.lang.String com.database.test.controller.TestController.batchSave(int)
2018-04-01 11:28:44.051  INFO 71148 --- [main] s.w.s.m.m.a.RequestMappingHandlerMapping : Mapped "{[/user/getUserInfoByAge],methods=[GET]}" onto public java.lang.String com.database.test.controller.TestController.getUserInfoByAge(int)
2018-04-01 11:28:44.055  INFO 71148 --- [main] s.w.s.m.m.a.RequestMappingHandlerMapping : Mapped "{[/error]}" onto public org.springframework.http.ResponseEntity<java.util.Map<java.lang.String, java.lang.Object>> org.springframework.boot.autoconfigure.web.servlet.error.BasicErrorController.error(javax.servlet.http.HttpServletRequest)
2018-04-01 11:28:44.056  INFO 71148 --- [main] s.w.s.m.m.a.RequestMappingHandlerMapping : Mapped "{[/error],produces=[text/html]}" onto public org.springframework.web.servlet.ModelAndView org.springframework.boot.autoconfigure.web.servlet.error.BasicErrorController.errorHtml(javax.servlet.http.HttpServletRequest,javax.servlet.http.HttpServletResponse)
2018-04-01 11:28:44.275  INFO 71148 --- [main] o.s.w.s.handler.SimpleUrlHandlerMapping  : Mapped URL path [/webjars/**] onto handler of type [class org.springframework.web.servlet.resource.ResourceHttpRequestHandler]
2018-04-01 11:28:44.276  INFO 71148 --- [main] o.s.w.s.handler.SimpleUrlHandlerMapping  : Mapped URL path [/**] onto handler of type [class org.springframework.web.servlet.resource.ResourceHttpRequestHandler]
2018-04-01 11:28:44.446  INFO 71148 --- [main] o.s.w.s.handler.SimpleUrlHandlerMapping  : Mapped URL path [/**/favicon.ico] onto handler of type [class org.springframework.web.servlet.resource.ResourceHttpRequestHandler]
2018-04-01 11:28:45.282  INFO 71148 --- [main] c.d.test.services.UserServiceTest        : Started UserServiceTest in 6.462 seconds (JVM running for 8.786)
2018-04-01 11:28:45.753  INFO 71148 --- [main] com.zaxxer.hikari.HikariDataSource       : HikariPool-1 - Starting...
2018-04-01 11:28:46.577  INFO 71148 --- [main] com.zaxxer.hikari.HikariDataSource       : HikariPool-1 - Start completed.
2018-04-01 11:28:56.812  INFO 71148 --- [Thread-2] o.s.w.c.s.GenericWebApplicationContext   : Closing org.springframework.web.context.support.GenericWebApplicationContext@66ce957f: startup date [Sun Apr 01 11:28:39 CST 2018]; root of context hierarchy
2018-04-01 11:28:56.818  INFO 71148 --- [Thread-2] com.zaxxer.hikari.HikariDataSource       : HikariPool-1 - Shutdown initiated...
2018-04-01 11:28:56.840  INFO 71148 --- [Thread-2] com.zaxxer.hikari.HikariDataSource       : HikariPool-1 - Shutdown completed.
2018-04-01 11:28:56.841  INFO 71148 --- [Thread-2] o.s.s.concurrent.ThreadPoolTaskExecutor  : Shutting down ExecutorService 'MyAsync'
2018-04-01 12:06:08.839  INFO 71242 --- [main] c.d.test.services.UserServiceTest        : Starting UserServiceTest on alanMacBook-Pro.local with PID 71242 (started by alan in /Users/alan/developers/ideaspace/demo/DBtest)
2018-04-01 12:06:08.840  INFO 71242 --- [main] c.d.test.services.UserServiceTest        : No active profile set, falling back to default profiles: default
2018-04-01 12:06:08.891  INFO 71242 --- [main] o.s.w.c.s.GenericWebApplicationContext   : Refreshing org.springframework.web.context.support.GenericWebApplicationContext@66ce957f: startup date [Sun Apr 01 12:06:08 CST 2018]; root of context hierarchy
2018-04-01 12:06:10.527  INFO 71242 --- [main] trationDelegate$BeanPostProcessorChecker : Bean 'taskExecutorConfig' of type [com.database.test.config.TaskExecutorConfig$$EnhancerBySpringCGLIB$$f29da2d2] is not eligible for getting processed by all BeanPostProcessors (for example: not eligible for auto-proxying)
2018-04-01 12:06:10.542  INFO 71242 --- [main] o.s.s.concurrent.ThreadPoolTaskExecutor  : Initializing ExecutorService 
2018-04-01 12:06:10.551  INFO 71242 --- [main] o.s.s.concurrent.ThreadPoolTaskExecutor  : Initializing ExecutorService  'MyAsync'
2018-04-01 12:06:10.552  INFO 71242 --- [main] trationDelegate$BeanPostProcessorChecker : Bean 'MyAsync' of type [org.springframework.scheduling.concurrent.ThreadPoolTaskExecutor] is not eligible for getting processed by all BeanPostProcessors (for example: not eligible for auto-proxying)
2018-04-01 12:06:12.108  INFO 71242 --- [main] s.w.s.m.m.a.RequestMappingHandlerAdapter : Looking for @ControllerAdvice: org.springframework.web.context.support.GenericWebApplicationContext@66ce957f: startup date [Sun Apr 01 12:06:08 CST 2018]; root of context hierarchy
2018-04-01 12:06:12.262  INFO 71242 --- [main] s.w.s.m.m.a.RequestMappingHandlerMapping : Mapped "{[/user/save],methods=[GET]}" onto public java.lang.String com.database.test.controller.TestController.save(int)
2018-04-01 12:06:12.263  INFO 71242 --- [main] s.w.s.m.m.a.RequestMappingHandlerMapping : Mapped "{[/user/hello],methods=[GET]}" onto public java.lang.String com.database.test.controller.TestController.hello()
2018-04-01 12:06:12.264  INFO 71242 --- [main] s.w.s.m.m.a.RequestMappingHandlerMapping : Mapped "{[/user/batchSave],methods=[GET]}" onto public java.lang.String com.database.test.controller.TestController.batchSave(int)
2018-04-01 12:06:12.264  INFO 71242 --- [main] s.w.s.m.m.a.RequestMappingHandlerMapping : Mapped "{[/user/getUserInfoByAge],methods=[GET]}" onto public java.lang.String com.database.test.controller.TestController.getUserInfoByAge(int)
2018-04-01 12:06:12.267  INFO 71242 --- [main] s.w.s.m.m.a.RequestMappingHandlerMapping : Mapped "{[/error]}" onto public org.springframework.http.ResponseEntity<java.util.Map<java.lang.String, java.lang.Object>> org.springframework.boot.autoconfigure.web.servlet.error.BasicErrorController.error(javax.servlet.http.HttpServletRequest)
2018-04-01 12:06:12.268  INFO 71242 --- [main] s.w.s.m.m.a.RequestMappingHandlerMapping : Mapped "{[/error],produces=[text/html]}" onto public org.springframework.web.servlet.ModelAndView org.springframework.boot.autoconfigure.web.servlet.error.BasicErrorController.errorHtml(javax.servlet.http.HttpServletRequest,javax.servlet.http.HttpServletResponse)
2018-04-01 12:06:12.492  INFO 71242 --- [main] o.s.w.s.handler.SimpleUrlHandlerMapping  : Mapped URL path [/webjars/**] onto handler of type [class org.springframework.web.servlet.resource.ResourceHttpRequestHandler]
2018-04-01 12:06:12.492  INFO 71242 --- [main] o.s.w.s.handler.SimpleUrlHandlerMapping  : Mapped URL path [/**] onto handler of type [class org.springframework.web.servlet.resource.ResourceHttpRequestHandler]
2018-04-01 12:06:12.576  INFO 71242 --- [main] o.s.w.s.handler.SimpleUrlHandlerMapping  : Mapped URL path [/**/favicon.ico] onto handler of type [class org.springframework.web.servlet.resource.ResourceHttpRequestHandler]
2018-04-01 12:06:13.074  INFO 71242 --- [main] c.d.test.services.UserServiceTest        : Started UserServiceTest in 4.801 seconds (JVM running for 6.457)
2018-04-01 12:06:13.491  INFO 71242 --- [main] com.zaxxer.hikari.HikariDataSource       : HikariPool-1 - Starting...
2018-04-01 12:06:14.695  INFO 71242 --- [main] com.zaxxer.hikari.HikariDataSource       : HikariPool-1 - Start completed.
2018-04-01 12:06:21.591  INFO 71242 --- [main] com.database.test.services.UserService   : 10条最相似数据差异值为：1139.6001
2018-04-01 12:06:21.591  INFO 71242 --- [main] com.database.test.services.UserService   : {id:426,name:搞棴黛,maritalStatus:false,age:true,height:84.0,weight:116.0,hobby:橍哂天緭賿嶾寬銩要鴳,address:椆勭鞶愜棩駏疨碦曍扳,diseaseHistory:鶤鮦緱徨岷疇嵀怦谉剼实頱傋啱嗖浪擃槲訨佨醫撥旬掍荃儅垄洖哀掷,habit:陊肌溯曒灲譢庼硸裵滿邦柑韤簗砶涿膨鶃猷姢焝倏伨裦襑茒悤下釕湚,exerciseTarget:榥鮩郳烏靉餛峵畿巄鸄}
{id:3896,name:仦痍輡,maritalStatus:false,age:true,height:75.0,weight:76.0,hobby:瓴悵牰請璢拋癉痚贖圲,address:丮刪鈝墪駵蹁騳瘏鯡钖,diseaseHistory:朝鬻钧逞亖妿居卖鋬鮤壢萪擲諝磇曌烂羯繄違廬襈湪戟鏁踮害捐撺厎,habit:迥毗擻虣詳壮咓馧按踶昂芹櫑呮篟搸腣鰜湠炨鏬簇兽璆錢潲聧徤尿鴔,exerciseTarget:鵤單楎蛙窣瑧鶽鹈啌垀}
{id:8809,name:饗械詃,maritalStatus:false,age:true,height:77.0,weight:113.0,hobby:鋩诗菘忥矌茖鄟槡鹾紵,address:阼扰鉸蹢稫揼诩熖掠臟,diseaseHistory:霚臂畇剺鵥馀缰躉覉猘闎藬葁躞岆亞笭鼿嵡檅鴓躏離毴皉馕龆顠痌逺,habit:墼緅长嘄癥悱篟橙厰瑍氕諰願胿灦蝵瓾闬胤擣靦刊僵笫艔鯹誩藴袕瘷,exerciseTarget:菋耗憸汎谏洎鍭逳跃氡}
{id:920,name:柏崭勇,maritalStatus:true,age:true,height:85.0,weight:85.0,hobby:檑碆鋹鴖葻琂偬鷃兿嵷,address:桰橖蕥叻佝薩攰骒翼蛅,diseaseHistory:縉壪溘壯鷹紤賓墛嚿絤衝鶭蠬毛敎妱偱桿材剣鶇泛笁岃鰀遺儤椄蝎聖,habit:嬻黓滐啪葙徆擑絿澼惄竦丌袲癍朁誘直梷镊鬨桀偡鵍堝瘕榬犏蚯燿瑞,exerciseTarget:扳製换踭阕沫峃盒櫛樎}
{id:1949,name:盆蟩惷,maritalStatus:false,age:true,height:84.0,weight:7.0,hobby:崞涼腽漛傝筆苈嶚雓噍,address:圡錥冫肱畳疯鮋攢抌滤,diseaseHistory:姻麠荻秇盖昻箸線祽艩跒挒朣惞埻民穬萠蚾驣芿桄白褐音鸙縏蟮鬪芭,habit:扻莺玉戼淞槔縗馇噶凲澺鎢覱豜俔軮赌虉沚轃掆樰衧礤戉廒豩鼎鼥湬,exerciseTarget:梦堩礷騳寘斕鰖骡婐姕}
{id:5730,name:鑦镚溘,maritalStatus:true,age:true,height:93.0,weight:102.0,hobby:曲犆乵慿詊幏緂岥蔐嶭,address:拻璵弜籏剉看第疔偏腙,diseaseHistory:脶鄠臉鵑鋶那誽娐龃澮篴癲俵韎鹲痠縘槤怀牏豆橏翗卂蔾抰硆绸鄏鈹,habit:翨曣觢礯妗炱羍彃婪夜劅瞷檆灗鴉聏挮鳆矍雅蹜鯀浦換鏉榍嚹頜淆潊,exerciseTarget:辂嫮樺虴兊蕁状揧賧嚻}
{id:8849,name:螆妄嗤,maritalStatus:false,age:true,height:69.0,weight:121.0,hobby:姥橮莦駏沉忤达薹郼枻,address:蛋穂鉄鋽顄馫椞顛埇缘,diseaseHistory:胛狉灗敮渆巈疀氠胮鏫慢摩襌榷觕漀飪勣蟘灼鯍五铩隸蓃囋搖毙风茉,habit:禕瓛痕孜岺鳬靬珨篡鸌敗弃侪謫旸攣嫧佴媩媰挸騹鳌溪諲莍衆靽磒玿,exerciseTarget:骁鶖譸濕俛蝪熹乐螂鑑}
{id:3268,name:撇髁貉,maritalStatus:true,age:true,height:69.0,weight:50.0,hobby:隍囮砖澧高銪絓姬薒鬓,address:齤婔飿唖怬縬鼌薖奆燸,diseaseHistory:欣惀茅銣于鳍紊百膴螎鶾脼磕砈嬦賓澚鲯陬掃羳蜃搮唬佚鬶裙虴象疟,habit:惐菈挜繝鯗镘濂欌竘隶掲鑾袬禇蘲暲齕凉湚櫹矨嘎曯旛旰詏堆葰鶺噫,exerciseTarget:磺叏隭砸吽羝牣鐖糮鲰}
{id:870,name:檤霙养,maritalStatus:false,age:true,height:79.0,weight:111.0,hobby:储幘墆墌跈缯报征鐈缫,address:囬龉塮官嚦騙伣疩疳灾,diseaseHistory:撻伯夷穙鎛瓹杽堒偳惓頇牌擸膄孞釿拵灠横韭蠗榃挔呻愔业擋闸囝掆,habit:筶築疲莀苠綵鳸亏俬辌時骨貫盉罭鋱驥湇迆棎晦跴虆鋢氓曒邁抷卋睞,exerciseTarget:澈爪犘葉点圞滱釗殱荃}
{id:7988,name:牁穛瞣,maritalStatus:true,age:true,height:87.0,weight:83.0,hobby:繏虲耛棣囫臇篏虝蜡籌,address:洞醵珤嵰琎鼓驜疀澒掷,diseaseHistory:嵢暠是盜佑訄僦綮菏摾樣隕锂橄鼪櫉蜑艍朣粖痜廮玅嬅綄翘敢類儹礍,habit:憑臿檖扌所啡碋歫柕刣鎮仢帤俟剶蹥垸閂瑂欫裑鑕缧鉰痕蚩襭撙毹頫,exerciseTarget:裚橌洱顉裏誙曻跐旘癭}

2018-04-01 12:06:21.602  INFO 71242 --- [Thread-2] o.s.w.c.s.GenericWebApplicationContext   : Closing org.springframework.web.context.support.GenericWebApplicationContext@66ce957f: startup date [Sun Apr 01 12:06:08 CST 2018]; root of context hierarchy
2018-04-01 12:06:21.606  INFO 71242 --- [Thread-2] com.zaxxer.hikari.HikariDataSource       : HikariPool-1 - Shutdown initiated...
2018-04-01 12:06:21.628  INFO 71242 --- [Thread-2] com.zaxxer.hikari.HikariDataSource       : HikariPool-1 - Shutdown completed.
2018-04-01 12:06:21.629  INFO 71242 --- [Thread-2] o.s.s.concurrent.ThreadPoolTaskExecutor  : Shutting down ExecutorService 'MyAsync'
2018-04-01 12:07:29.069  INFO 71246 --- [main] c.d.test.services.UserServiceTest        : Starting UserServiceTest on alanMacBook-Pro.local with PID 71246 (started by alan in /Users/alan/developers/ideaspace/demo/DBtest)
2018-04-01 12:07:29.071  INFO 71246 --- [main] c.d.test.services.UserServiceTest        : No active profile set, falling back to default profiles: default
2018-04-01 12:07:29.148  INFO 71246 --- [main] o.s.w.c.s.GenericWebApplicationContext   : Refreshing org.springframework.web.context.support.GenericWebApplicationContext@66ce957f: startup date [Sun Apr 01 12:07:29 CST 2018]; root of context hierarchy
2018-04-01 12:07:30.892  INFO 71246 --- [main] trationDelegate$BeanPostProcessorChecker : Bean 'taskExecutorConfig' of type [com.database.test.config.TaskExecutorConfig$$EnhancerBySpringCGLIB$$215ee022] is not eligible for getting processed by all BeanPostProcessors (for example: not eligible for auto-proxying)
2018-04-01 12:07:30.918  INFO 71246 --- [main] o.s.s.concurrent.ThreadPoolTaskExecutor  : Initializing ExecutorService 
2018-04-01 12:07:30.929  INFO 71246 --- [main] o.s.s.concurrent.ThreadPoolTaskExecutor  : Initializing ExecutorService  'MyAsync'
2018-04-01 12:07:30.929  INFO 71246 --- [main] trationDelegate$BeanPostProcessorChecker : Bean 'MyAsync' of type [org.springframework.scheduling.concurrent.ThreadPoolTaskExecutor] is not eligible for getting processed by all BeanPostProcessors (for example: not eligible for auto-proxying)
2018-04-01 12:07:32.698  INFO 71246 --- [main] s.w.s.m.m.a.RequestMappingHandlerAdapter : Looking for @ControllerAdvice: org.springframework.web.context.support.GenericWebApplicationContext@66ce957f: startup date [Sun Apr 01 12:07:29 CST 2018]; root of context hierarchy
2018-04-01 12:07:32.861  INFO 71246 --- [main] s.w.s.m.m.a.RequestMappingHandlerMapping : Mapped "{[/user/save],methods=[GET]}" onto public java.lang.String com.database.test.controller.TestController.save(int)
2018-04-01 12:07:32.863  INFO 71246 --- [main] s.w.s.m.m.a.RequestMappingHandlerMapping : Mapped "{[/user/hello],methods=[GET]}" onto public java.lang.String com.database.test.controller.TestController.hello()
2018-04-01 12:07:32.863  INFO 71246 --- [main] s.w.s.m.m.a.RequestMappingHandlerMapping : Mapped "{[/user/batchSave],methods=[GET]}" onto public java.lang.String com.database.test.controller.TestController.batchSave(int)
2018-04-01 12:07:32.863  INFO 71246 --- [main] s.w.s.m.m.a.RequestMappingHandlerMapping : Mapped "{[/user/getUserInfoByAge],methods=[GET]}" onto public java.lang.String com.database.test.controller.TestController.getUserInfoByAge(int)
2018-04-01 12:07:32.866  INFO 71246 --- [main] s.w.s.m.m.a.RequestMappingHandlerMapping : Mapped "{[/error]}" onto public org.springframework.http.ResponseEntity<java.util.Map<java.lang.String, java.lang.Object>> org.springframework.boot.autoconfigure.web.servlet.error.BasicErrorController.error(javax.servlet.http.HttpServletRequest)
2018-04-01 12:07:32.868  INFO 71246 --- [main] s.w.s.m.m.a.RequestMappingHandlerMapping : Mapped "{[/error],produces=[text/html]}" onto public org.springframework.web.servlet.ModelAndView org.springframework.boot.autoconfigure.web.servlet.error.BasicErrorController.errorHtml(javax.servlet.http.HttpServletRequest,javax.servlet.http.HttpServletResponse)
2018-04-01 12:07:33.121  INFO 71246 --- [main] o.s.w.s.handler.SimpleUrlHandlerMapping  : Mapped URL path [/webjars/**] onto handler of type [class org.springframework.web.servlet.resource.ResourceHttpRequestHandler]
2018-04-01 12:07:33.122  INFO 71246 --- [main] o.s.w.s.handler.SimpleUrlHandlerMapping  : Mapped URL path [/**] onto handler of type [class org.springframework.web.servlet.resource.ResourceHttpRequestHandler]
2018-04-01 12:07:33.250  INFO 71246 --- [main] o.s.w.s.handler.SimpleUrlHandlerMapping  : Mapped URL path [/**/favicon.ico] onto handler of type [class org.springframework.web.servlet.resource.ResourceHttpRequestHandler]
2018-04-01 12:07:33.795  INFO 71246 --- [main] c.d.test.services.UserServiceTest        : Started UserServiceTest in 5.424 seconds (JVM running for 7.351)
2018-04-01 12:07:33.978  INFO 71246 --- [main] com.zaxxer.hikari.HikariDataSource       : HikariPool-1 - Starting...
2018-04-01 12:07:34.728  INFO 71246 --- [main] com.zaxxer.hikari.HikariDataSource       : HikariPool-1 - Start completed.
2018-04-01 12:07:41.442  INFO 71246 --- [main] com.database.test.services.UserService   : 10条最相似数据差异值为：1546.2003
2018-04-01 12:07:41.454  INFO 71246 --- [main] com.database.test.services.UserService   : 
{id:5589,name:況顥軕,maritalStatus:false,age:false,height:152.0,weight:57.0,hobby:殕嶬斡糐凩腛侩婐緳僽,address:奛韩詂粄馒婧啾蔁劜斟,diseaseHistory:碦聯哧撳缃敟騌鍊飦矸汛镶槪鳬螎机璸鐺絣镓峬琏剚澤鯌蹛緯絸龀搻,habit:滓闙鬗笾鵃僔羹铲瞜壑解气飗闶创超眼孛輪爂倝鈫徵団勺暆潟隢镹鵩,exerciseTarget:灮鵺镞譓玳梬祟懀弇薋}
{id:5214,name:欠琝痶,maritalStatus:false,age:false,height:154.0,weight:1.0,hobby:鎴鸊柳歐岋巪埤缃喦騙,address:蘬蜙盋蒖硻绖溾鏙號错,diseaseHistory:吩酝瘡汱貓懘甑飈饾辭綰俳枻韛堶滧棲堊饀棤擛帴攞眪爳姩訾暎廅弩,habit:睇蒾纑讃嫣猃湌遼歰鶻鸺葮模扌鰯慔鷕鷂倦輩攓縠烳麩怉敢彳娩入忷,exerciseTarget:鵙砯乑韞鬫鴊釉甧繙蠊}
{id:3541,name:怐浦謳,maritalStatus:false,age:false,height:147.0,weight:35.0,hobby:唯螳捰箝溏斜楈饈橺蜤,address:勘几嘼毓亮鹬颽稜笠觕,diseaseHistory:扚翳硜遳憛鴶鎃比崢屿掗懳蝼耰觌漕髏媙钓嗕偳枇僡娶榿羄牫焩劃鏾,habit:嘒椼沲驊渠訂次獿衦灚槊燔摜黤蓘阊堛臉典掰草塤鞶絮弗輕馮趮竐冱,exerciseTarget:鞇荪灿倓鷕叻襣頲稲岫}
{id:3947,name:芡也瓫,maritalStatus:true,age:false,height:160.0,weight:5.0,hobby:壋埻蝂聉毀嘈賓箷衇匙,address:技阿嚘矓契謀饣腫舐幉,diseaseHistory:砑怄噑髛檔鹹馢冗雩壓喨乿茽樯腻猼箅騶蒃夶翜疉睂螌島喺棉熁白鈜,habit:琅銲獷蕱俸焎钬擶劝粃梯卄矼眆滨賝薬鳛墚兇爨陌雖鶘就儥洮鷳缕鍗,exerciseTarget:鉹綽瞀贷偣傍腳稦怭这}
{id:7308,name:屚潩约,maritalStatus:false,age:false,height:153.0,weight:23.0,hobby:涴荞謇禎峡楔齀捽鷥莱,address:淁憨鐥皸崖嚍喡劍彦討,diseaseHistory:毓獌万鳘雓潗咶虙鴖股夬知匱匞態餞硩潣閐懴晴蚿龀鶩鑁飓皹洗巜魂,habit:颤皡齸蘳袵飔麏擾裐刺嬃覵鵾稤溙呕齣齬祇凒諚閭鑪蒊戸廃偏繕禴垓,exerciseTarget:成倶榙鎟扂兙竞仞儦硷}
{id:4437,name:咩蹓妀,maritalStatus:true,age:false,height:145.0,weight:166.0,hobby:襳梏輲裹洠廏曡鷀元沩,address:螔苲鈊榵婶弴廰詷釔魕,diseaseHistory:佺喔禃楯屑哨蟊矫舎酨埢捉峪潪龟钐炔鰏珫閙疤穾戊纨陚朂告揕褉嗥,habit:聇滐銯默滒财腟语兒鶂宖黼谺亏壥鍹袐筰羋踘鏦騗饤逃肁琫桿傸魩靀,exerciseTarget:馔緇霻舞鴛蠨沖珎努阩}
{id:6362,name:栤葥予,maritalStatus:true,age:false,height:144.0,weight:71.0,hobby:靸蘲叀茡檵麗贕譗錑娿,address:赉电蕕緝憓覡牯樻彗髚,diseaseHistory:穦貔銆痼懱雼惧朇渟鹫郻藨鈞瀹庻吃劕怟鵕庥耝壼餆崽赺欢蕲叵片苌,habit:稠靍砱鞀檖伞鵇陫茪苊瀶摰琖熖膤晓蹥騏区掃撹噃孏遢刜禟盡箵祩灄,exerciseTarget:胤兏仏瓴詂齷簇怳爓踶}
{id:704,name:醹來鎕,maritalStatus:false,age:false,height:153.0,weight:36.0,hobby:挬啗攧兽晙筄苩琱牭嚥,address:腞怩汛弋芲騧諚徣阅懄,diseaseHistory:鄢巑兿茍婔抣紻斮鼣莅沊掫脨廸療譅邂愒甔酨珨閁殆槐頶骰駑岠捼禪,habit:筿寸嬧蓵贼邴彪早思庻扫張庑傘髦訍緈鬷懍吕璉意銮杬掹如羣娿晗镁,exerciseTarget:乐殿鳌餩諊騡拦擪眶馹}
{id:9464,name:篰鱥飅,maritalStatus:true,age:false,height:156.0,weight:115.0,hobby:廱粄焅誹黷囀橞麱濰氡,address:腅睿哄註霗悡佌妭溏夽,diseaseHistory:箰剻罓豻藩栄瘐拦嚙驺藁苆鏩瀵擻鹄戈麷桴葵镺驄嘏视苺综玐刁璹袗,habit:曀歃柝砜逆蟖栋狐槙竍渭禟總碩滖绛韑藮炱窴琚噷埙斦僪鑪洄搗蘺枩,exerciseTarget:磾榊洂繂孻嵛捑缔氄椈}
{id:206,name:薨喋詧,maritalStatus:true,age:false,height:155.0,weight:108.0,hobby:翙邡巘陜瞪奝嬥幪鶝廤,address:臲蝴髂驈挟佘超萘翰闗,diseaseHistory:撫腵鋭燆妩篳轛偱贓閨徛悽湡铐勜矟俲铡鯷餗扃扞抉僅黸炗怍蠮唅俄,habit:秥鶥贄莣朳悀欤喖歒葷笮垮组澨咇猖祱悐蝩譍濻容噧枫蹬恆遄嫌静懋,exerciseTarget:霧恙轇膡攉諵懖蘬篑饭}

2018-04-01 12:07:41.460  INFO 71246 --- [Thread-2] o.s.w.c.s.GenericWebApplicationContext   : Closing org.springframework.web.context.support.GenericWebApplicationContext@66ce957f: startup date [Sun Apr 01 12:07:29 CST 2018]; root of context hierarchy
2018-04-01 12:07:41.465  INFO 71246 --- [Thread-2] com.zaxxer.hikari.HikariDataSource       : HikariPool-1 - Shutdown initiated...
2018-04-01 12:07:41.488  INFO 71246 --- [Thread-2] com.zaxxer.hikari.HikariDataSource       : HikariPool-1 - Shutdown completed.
2018-04-01 12:07:41.489  INFO 71246 --- [Thread-2] o.s.s.concurrent.ThreadPoolTaskExecutor  : Shutting down ExecutorService 'MyAsync'
2018-04-01 12:09:09.533  INFO 71251 --- [main] c.d.test.services.UserServiceTest        : Starting UserServiceTest on alanMacBook-Pro.local with PID 71251 (started by alan in /Users/alan/developers/ideaspace/demo/DBtest)
2018-04-01 12:09:09.536  INFO 71251 --- [main] c.d.test.services.UserServiceTest        : No active profile set, falling back to default profiles: default
2018-04-01 12:09:09.719  INFO 71251 --- [main] o.s.w.c.s.GenericWebApplicationContext   : Refreshing org.springframework.web.context.support.GenericWebApplicationContext@66ce957f: startup date [Sun Apr 01 12:09:09 CST 2018]; root of context hierarchy
2018-04-01 12:09:11.371  INFO 71251 --- [main] trationDelegate$BeanPostProcessorChecker : Bean 'taskExecutorConfig' of type [com.database.test.config.TaskExecutorConfig$$EnhancerBySpringCGLIB$$e13c4169] is not eligible for getting processed by all BeanPostProcessors (for example: not eligible for auto-proxying)
2018-04-01 12:09:11.389  INFO 71251 --- [main] o.s.s.concurrent.ThreadPoolTaskExecutor  : Initializing ExecutorService 
2018-04-01 12:09:11.399  INFO 71251 --- [main] o.s.s.concurrent.ThreadPoolTaskExecutor  : Initializing ExecutorService  'MyAsync'
2018-04-01 12:09:11.400  INFO 71251 --- [main] trationDelegate$BeanPostProcessorChecker : Bean 'MyAsync' of type [org.springframework.scheduling.concurrent.ThreadPoolTaskExecutor] is not eligible for getting processed by all BeanPostProcessors (for example: not eligible for auto-proxying)
2018-04-01 12:09:13.099  INFO 71251 --- [main] s.w.s.m.m.a.RequestMappingHandlerAdapter : Looking for @ControllerAdvice: org.springframework.web.context.support.GenericWebApplicationContext@66ce957f: startup date [Sun Apr 01 12:09:09 CST 2018]; root of context hierarchy
2018-04-01 12:09:13.294  INFO 71251 --- [main] s.w.s.m.m.a.RequestMappingHandlerMapping : Mapped "{[/user/save],methods=[GET]}" onto public java.lang.String com.database.test.controller.TestController.save(int)
2018-04-01 12:09:13.297  INFO 71251 --- [main] s.w.s.m.m.a.RequestMappingHandlerMapping : Mapped "{[/user/batchSave],methods=[GET]}" onto public java.lang.String com.database.test.controller.TestController.batchSave(int)
2018-04-01 12:09:13.298  INFO 71251 --- [main] s.w.s.m.m.a.RequestMappingHandlerMapping : Mapped "{[/user/getUserInfoByAge],methods=[GET]}" onto public java.lang.String com.database.test.controller.TestController.getUserInfoByAge(int)
2018-04-01 12:09:13.298  INFO 71251 --- [main] s.w.s.m.m.a.RequestMappingHandlerMapping : Mapped "{[/user/hello],methods=[GET]}" onto public java.lang.String com.database.test.controller.TestController.hello()
2018-04-01 12:09:13.304  INFO 71251 --- [main] s.w.s.m.m.a.RequestMappingHandlerMapping : Mapped "{[/error]}" onto public org.springframework.http.ResponseEntity<java.util.Map<java.lang.String, java.lang.Object>> org.springframework.boot.autoconfigure.web.servlet.error.BasicErrorController.error(javax.servlet.http.HttpServletRequest)
2018-04-01 12:09:13.305  INFO 71251 --- [main] s.w.s.m.m.a.RequestMappingHandlerMapping : Mapped "{[/error],produces=[text/html]}" onto public org.springframework.web.servlet.ModelAndView org.springframework.boot.autoconfigure.web.servlet.error.BasicErrorController.errorHtml(javax.servlet.http.HttpServletRequest,javax.servlet.http.HttpServletResponse)
2018-04-01 12:09:13.522  INFO 71251 --- [main] o.s.w.s.handler.SimpleUrlHandlerMapping  : Mapped URL path [/webjars/**] onto handler of type [class org.springframework.web.servlet.resource.ResourceHttpRequestHandler]
2018-04-01 12:09:13.523  INFO 71251 --- [main] o.s.w.s.handler.SimpleUrlHandlerMapping  : Mapped URL path [/**] onto handler of type [class org.springframework.web.servlet.resource.ResourceHttpRequestHandler]
2018-04-01 12:09:13.659  INFO 71251 --- [main] o.s.w.s.handler.SimpleUrlHandlerMapping  : Mapped URL path [/**/favicon.ico] onto handler of type [class org.springframework.web.servlet.resource.ResourceHttpRequestHandler]
2018-04-01 12:09:14.207  INFO 71251 --- [main] c.d.test.services.UserServiceTest        : Started UserServiceTest in 5.313 seconds (JVM running for 7.471)
2018-04-01 12:09:14.385  INFO 71251 --- [main] com.zaxxer.hikari.HikariDataSource       : HikariPool-1 - Starting...
2018-04-01 12:09:15.110  INFO 71251 --- [main] com.zaxxer.hikari.HikariDataSource       : HikariPool-1 - Start completed.
2018-04-01 12:09:21.874  INFO 71251 --- [main] com.database.test.services.UserService   : 10条最相似数据差异值为：1619.0002
2018-04-01 12:09:21.875  INFO 71251 --- [main] com.database.test.services.UserService   : 
{id:8497,name:鸧怈词,sex:false,maritalStatus:true,age:13.0,height:157.0,weight:85.0,hobby:贓疺蓛藷炘齗酞拣怭状,address:詧俟邉獚擵觬啎鰕蒞雞,diseaseHistory:憏肷噎鯨肕戓跖罼猗虯详咬釃縢仿纀橠橻鄑粪豢姳脤脣渾藠梵罪迟嗔,habit:灟鹾桿吴咳勎鋴醽醼梯廚蔑嶤璯曑孍虶踺籧鉳縳腝苉瑝鬉餿铲懽鵒绮,exerciseTarget:塡坐幽熰骽回妭媻蟭柲}
{id:30,name:発蒒掉,sex:false,maritalStatus:false,age:11.0,height:151.0,weight:141.0,hobby:毟荞砀蠲淸蝂通嵅婬腗,address:環醖赱侙萋髪诪偨彫痏,diseaseHistory:蛫靴筙貳唫钴砃鄑耗眘譠浌屐鲳鉘蕤谘珅谓桨壿瓙敹頬蠧甑詙挢溛緔,habit:磯膻嗾珙鶻螨購钝巤爈塪賬挲橇鰴輶薔铏式簯軚酐粶侘亶瓩膳鐌弔閨,exerciseTarget:冶鑙檄齃秗僖觳栍屛厹}
{id:8695,name:跒砛上,sex:false,maritalStatus:false,age:16.0,height:152.0,weight:16.0,hobby:乴閲藢椟杂聎譠碝閲鰤,address:輢雓皤龕潍鼦檫韏緥衕,diseaseHistory:毀稄鴎赮帳懇儑媐谩榼鎨餋眓朌娢獍鴺傧想岈醬蜶功炼愢聅屷侴暯埳,habit:峘識騥諗獍氐椵價膊釿聓螼鼍曒翴鋜摛屐埴嗫搔棪烠俄谫櫄豽闧倢飄,exerciseTarget:刷檛稊豸鵾淀馳窭需熵}
{id:6161,name:浖惌貈,sex:false,maritalStatus:true,age:11.0,height:153.0,weight:132.0,hobby:叓桹峆錽溙樯筞鶀刺岭,address:硂张細兲輖鑯邟駟诚溑,diseaseHistory:房儌亙杞酰賫邽華嘱壅渿魾导硉脕訧苂煊凾盜歠嘤裮蘭棣窈爪椹夹鎗,habit:砭繢甡奵覜匋韢貭蛑黱斏脬堀枲趀鞯櫏硫蠮鄨骘胴抟餘姪炤饎蓝儘舯,exerciseTarget:僲簕蜞伺亾柒饷晪璐囟}
{id:3960,name:疹摒冟,sex:false,maritalStatus:true,age:16.0,height:158.0,weight:57.0,hobby:偐缇謻今駛鎐塜颿貭楯,address:欓橣杊溭褈九斞傛翠孞,diseaseHistory:湖疋茛匾龎瑡姪簤娼逢謽昂弒紝擏竢渷囫鰐噏柠碀菅酾桙塳髜鍲晷徫,habit:愱笗撝嵍釋涎慂陗軨畻祄磮隨塽劷伭敂櫱蛭绞帛坦厞浲嶊揙鄍崑謭秘,exerciseTarget:罎兇礣讚楚騇蓣笞倨粨}
{id:4933,name:矝紪犁,sex:false,maritalStatus:false,age:12.0,height:152.0,weight:159.0,hobby:坖厥乷芠擖筱氀琁釲蕐,address:髒躧镐枨籙辧穸當讎埌,diseaseHistory:钓猠腝劔捿蒸褬銆鋾憑痝緊咑蟰嫓弫梂猈儊殧鹉鴆紛諶鯈春疥簟草槦,habit:鏄開多姴灛敖翉肕嚹肽凉欬巚嵮熐瓃魭鏥疊鵑椫趷豓制删獶瀓綛玦鹎,exerciseTarget:暞诞渋冏麘癬砆硧么袬}
{id:4208,name:嫭赜僥,sex:false,maritalStatus:true,age:14.0,height:163.0,weight:9.0,hobby:鶾儃篔蜆鞱嫉粡毪抰盔,address:鱘炕麇鉈夢僜衔厗尛鵟,diseaseHistory:穦唊憨齨劷琓摄鞩澆年桝柁嘤豵矎耈蝠全弞嫌礜啱鼅龠粉蹙刅胩霖饘,habit:勮餍鑥梣腣嗜窍倥骒帓附耛垔驧堮藖嘐薷毠硞鋙町病騇踛泎醀酐璈办,exerciseTarget:锌團榤冀觞蚔異皏慕燤}
{id:356,name:纯鮽蘗,sex:false,maritalStatus:true,age:16.0,height:150.0,weight:125.0,hobby:欮俚鹹畞鍦莌畐榗彍吮,address:沊锻濬焟銲膲竘橽篖眧,diseaseHistory:物蔒奄镾枤灡淰炲屨谝碳鼩幀堪瀹蠐阩鞽頿渁仜批氭桁斅籎輎惓边湎,habit:焦霋辇魴栆衢醔蝶痨迃釃縂孊軸橼戞莌麝顚茏騶師赀逕淘膟赒渜夑疆,exerciseTarget:鈈癩菄擏磉外篟騭鹬铐}
{id:3455,name:鐳抂蕂,sex:false,maritalStatus:false,age:12.0,height:161.0,weight:122.0,hobby:层浠邹罞垩鄡劄骾讬鱘,address:譡蜾窱鎸鎉斑嶾縘腕萇,diseaseHistory:覂埿楺绰瀁竧旉緗戃甮疶歚蝇沓礼热阫訍唳兘豖镉姐驸崪襳妋幀鑝抎,habit:輝嘈裂軬衕雎瘑梔胓柇娋瀓蕷辗稂淑蚚麬歋紴墩决疝猹鑆湄睵睫仟拹,exerciseTarget:鐛寝綉耞鈛棑嬨渝崧瓡}
{id:1663,name:娫須鯩,sex:false,maritalStatus:true,age:17.0,height:158.0,weight:38.0,hobby:谒篗磕鎊泷秗瓞仄磂嚄,address:兂鉙鉀聲澾曯劺鹪糆赕,diseaseHistory:烀飈穀隶殹高埪聑塯紫槙烕謘伹汙鉽蚯樶谯跙鋃廞杹冉败簞萷滢森攂,habit:俲謈皢拫爄环螖缄皖橍筳贓砈觝鯶鞁厾皹檕葨僔琶顱幔謨譩紴窬觞梭,exerciseTarget:漕噠鷠訩槱尡皉碄蝤虋}

2018-04-01 12:09:21.879  INFO 71251 --- [Thread-2] o.s.w.c.s.GenericWebApplicationContext   : Closing org.springframework.web.context.support.GenericWebApplicationContext@66ce957f: startup date [Sun Apr 01 12:09:09 CST 2018]; root of context hierarchy
2018-04-01 12:09:21.882  INFO 71251 --- [Thread-2] com.zaxxer.hikari.HikariDataSource       : HikariPool-1 - Shutdown initiated...
2018-04-01 12:09:21.900  INFO 71251 --- [Thread-2] com.zaxxer.hikari.HikariDataSource       : HikariPool-1 - Shutdown completed.
2018-04-01 12:09:21.901  INFO 71251 --- [Thread-2] o.s.s.concurrent.ThreadPoolTaskExecutor  : Shutting down ExecutorService 'MyAsync'
2018-04-01 12:09:48.005  INFO 71254 --- [main] c.d.test.services.UserServiceTest        : Starting UserServiceTest on alanMacBook-Pro.local with PID 71254 (started by alan in /Users/alan/developers/ideaspace/demo/DBtest)
2018-04-01 12:09:48.007  INFO 71254 --- [main] c.d.test.services.UserServiceTest        : No active profile set, falling back to default profiles: default
2018-04-01 12:09:48.080  INFO 71254 --- [main] o.s.w.c.s.GenericWebApplicationContext   : Refreshing org.springframework.web.context.support.GenericWebApplicationContext@66ce957f: startup date [Sun Apr 01 12:09:48 CST 2018]; root of context hierarchy
2018-04-01 12:09:49.800  INFO 71254 --- [main] trationDelegate$BeanPostProcessorChecker : Bean 'taskExecutorConfig' of type [com.database.test.config.TaskExecutorConfig$$EnhancerBySpringCGLIB$$4c778108] is not eligible for getting processed by all BeanPostProcessors (for example: not eligible for auto-proxying)
2018-04-01 12:09:49.819  INFO 71254 --- [main] o.s.s.concurrent.ThreadPoolTaskExecutor  : Initializing ExecutorService 
2018-04-01 12:09:49.845  INFO 71254 --- [main] o.s.s.concurrent.ThreadPoolTaskExecutor  : Initializing ExecutorService  'MyAsync'
2018-04-01 12:09:49.846  INFO 71254 --- [main] trationDelegate$BeanPostProcessorChecker : Bean 'MyAsync' of type [org.springframework.scheduling.concurrent.ThreadPoolTaskExecutor] is not eligible for getting processed by all BeanPostProcessors (for example: not eligible for auto-proxying)
2018-04-01 12:09:51.713  INFO 71254 --- [main] s.w.s.m.m.a.RequestMappingHandlerAdapter : Looking for @ControllerAdvice: org.springframework.web.context.support.GenericWebApplicationContext@66ce957f: startup date [Sun Apr 01 12:09:48 CST 2018]; root of context hierarchy
2018-04-01 12:09:51.867  INFO 71254 --- [main] s.w.s.m.m.a.RequestMappingHandlerMapping : Mapped "{[/user/save],methods=[GET]}" onto public java.lang.String com.database.test.controller.TestController.save(int)
2018-04-01 12:09:51.869  INFO 71254 --- [main] s.w.s.m.m.a.RequestMappingHandlerMapping : Mapped "{[/user/hello],methods=[GET]}" onto public java.lang.String com.database.test.controller.TestController.hello()
2018-04-01 12:09:51.869  INFO 71254 --- [main] s.w.s.m.m.a.RequestMappingHandlerMapping : Mapped "{[/user/batchSave],methods=[GET]}" onto public java.lang.String com.database.test.controller.TestController.batchSave(int)
2018-04-01 12:09:51.869  INFO 71254 --- [main] s.w.s.m.m.a.RequestMappingHandlerMapping : Mapped "{[/user/getUserInfoByAge],methods=[GET]}" onto public java.lang.String com.database.test.controller.TestController.getUserInfoByAge(int)
2018-04-01 12:09:51.873  INFO 71254 --- [main] s.w.s.m.m.a.RequestMappingHandlerMapping : Mapped "{[/error]}" onto public org.springframework.http.ResponseEntity<java.util.Map<java.lang.String, java.lang.Object>> org.springframework.boot.autoconfigure.web.servlet.error.BasicErrorController.error(javax.servlet.http.HttpServletRequest)
2018-04-01 12:09:51.875  INFO 71254 --- [main] s.w.s.m.m.a.RequestMappingHandlerMapping : Mapped "{[/error],produces=[text/html]}" onto public org.springframework.web.servlet.ModelAndView org.springframework.boot.autoconfigure.web.servlet.error.BasicErrorController.errorHtml(javax.servlet.http.HttpServletRequest,javax.servlet.http.HttpServletResponse)
2018-04-01 12:09:52.078  INFO 71254 --- [main] o.s.w.s.handler.SimpleUrlHandlerMapping  : Mapped URL path [/webjars/**] onto handler of type [class org.springframework.web.servlet.resource.ResourceHttpRequestHandler]
2018-04-01 12:09:52.078  INFO 71254 --- [main] o.s.w.s.handler.SimpleUrlHandlerMapping  : Mapped URL path [/**] onto handler of type [class org.springframework.web.servlet.resource.ResourceHttpRequestHandler]
2018-04-01 12:09:52.219  INFO 71254 --- [main] o.s.w.s.handler.SimpleUrlHandlerMapping  : Mapped URL path [/**/favicon.ico] onto handler of type [class org.springframework.web.servlet.resource.ResourceHttpRequestHandler]
2018-04-01 12:09:52.781  INFO 71254 --- [main] c.d.test.services.UserServiceTest        : Started UserServiceTest in 5.366 seconds (JVM running for 7.491)
2018-04-01 12:09:52.985  INFO 71254 --- [main] com.zaxxer.hikari.HikariDataSource       : HikariPool-1 - Starting...
2018-04-01 12:09:53.731  INFO 71254 --- [main] com.zaxxer.hikari.HikariDataSource       : HikariPool-1 - Start completed.
2018-04-01 12:10:00.594  INFO 71254 --- [main] com.database.test.services.UserService   : 10条最相似数据差异值为：1177.0
2018-04-01 12:10:00.594  INFO 71254 --- [main] com.database.test.services.UserService   : 
{id:7216,name:檩癧舛,sex:true,maritalStatus:true,age:31.0,height:3.0,weight:7.0,hobby:瀨更衙汦鯘刎焐殣鋞嫴,address:儌誄磋驖轷扶蠖夎刯枉,diseaseHistory:肜茴眇場阭绾檦荳冘挏評穝踨歺凭虁儽擮蓠銇挙區箄懩蜜珲稷裝氳暁,habit:約铹塜燎餋轣戆秧缡厱窒賔疉乾嵋琐炍觿洚藂磒燎亭櫌婥畅壬歊譌与,exerciseTarget:杖筁寂饋朆窩魂礞廧腽}
{id:8335,name:閄伿偯,sex:true,maritalStatus:true,age:33.0,height:10.0,weight:51.0,hobby:词巤甉逴娂手侣因褋箂,address:龒鋈鱰雠霗熙渣荊笐杌,diseaseHistory:谣驤婰酋宔琟訁潍屆帩颀徰亠蠁鏒柽靈丙纶兪庫痯靺虬襜勧揬錨愋柶,habit:艢闅秩訠塀騜耬棏蠎荧舣哊詫韸沔戗遳熘咇啋鋾捭帪蠲坪贻穬巴龜樻,exerciseTarget:翀麞僾裡欺箂灝煠鬹癈}
{id:346,name:煯育馬,sex:true,maritalStatus:false,age:37.0,height:2.0,weight:66.0,hobby:柊鋫傎宒蝕屎們嵬梬硟,address:醘鳣騩懋鷯搻缤鞻劚玂,diseaseHistory:茑杂墜嘑隍箃鑤睄蝫迬蛘鏼漧勮磵恓饢甴擄潾峸覒鮆馁牋郡躨歌禴浱,habit:銷駎獅癮秶却绱睉哑唜憹繝蘝锚枨褡喅蓡褽匁碄籐諶繝纀劐蚖绁曪玛,exerciseTarget:槓冒縳瘁杝贍鄋傶硵炘}
{id:5156,name:愸柅壤,sex:true,maritalStatus:true,age:35.0,height:12.0,weight:59.0,hobby:蘄讴姈熢珵鹺膟鳟黪娆,address:佘醁赊斺駼黓芚媵鰵嚷,diseaseHistory:線曒媉範难黊磋怕悕萙窻唼蜧憇灜魲琍鐗杯杜羶瘳搑醇衶粭滶焄礚毶,habit:嚦熓芥鰔莕脢袛蚷狺啴拎淄诜炖繰涐豕嚾勇炱羆脟獲煀櫛曊嗫吉獯阛,exerciseTarget:轶鱘竡銄鴁鎼呙呾鰔蓈}
{id:3791,name:伩鵤唜,sex:true,maritalStatus:false,age:29.0,height:11.0,weight:7.0,hobby:磇嵤鄹騮尊蘣櫜陚诧襻,address:召緮卙見戴胊漱簹朌沯,diseaseHistory:牲岞輆襐祱碶粊緔戨従縅牜桿晘岰樼網煎源垪气侧辣欙华絟蚻祪両閧,habit:轎铬祟侔芰柕苰湑犞詭蘦魀亯焠垮钥九歚蠀徦钄撍鴩滁瓙諴漱勃卨舖,exerciseTarget:力纨魈契熏走说耚铅鬅}
{id:6418,name:硌鷺凸,sex:true,maritalStatus:true,age:27.0,height:1.0,weight:151.0,hobby:弽飔蘾鸞蹂鉃随鯀鬳殥,address:慌豏堵鏛鹬歧孭纼溽鮼,diseaseHistory:韖棯颂闰徍欮鏺黀轘樋猗癰捷鰫痌湃馚熨驻亭版凚舿漟勃鋹綔虞蟇籷,habit:墰韇迺墖顜喷锪腲悫绞偁嵠孧鰘氱弎価籩鞉詂怰湳瑘孜甾嘸娺戞卨罃,exerciseTarget:慠踬牘覉蒑摻阮奶觘稆}
{id:8833,name:桘氈筡,sex:true,maritalStatus:false,age:32.0,height:21.0,weight:48.0,hobby:螜胕趧欈蟾盞渥跫楣靥,address:詃窉壋鷻闊鑼撩馌庿菳,diseaseHistory:蠨忒瀈逊屯驡優竣假漋秌闬蛷岿駺立庀峮镳禵罏椲鳋摅銷擧辯冺奼碾,habit:桘卌勈暯箨杻犎饈鮉谽泫演胚乇蒆慻嵖鰴哉堁鼅驱脥祮眚畂誓骵秬瞱,exerciseTarget:咉鎶顖蝏鼣壺苬盀焴芒}
{id:610,name:狱昏螟,sex:true,maritalStatus:false,age:37.0,height:19.0,weight:11.0,hobby:靭僾鎚蘁驗芡菝慠嶼鲚,address:慤呍裚籆韩朘嗆佗嶾蚬,diseaseHistory:葳楏啥懒段宇謔絹淁鮤溄縜瞀宲鉏蠩几铂假鮴宨韵賈躲癌絗蠿怂瞍銅,habit:瓯嶌黄浯纞緁俭諮罽公摤豇矚殩螒鯫呌級犃婞虶崱郵翿僴鰨怜篽郼揾,exerciseTarget:各娪銑挈猺铋嵥滊霉晲}
{id:8287,name:僀硉菸,sex:true,maritalStatus:false,age:42.0,height:7.0,weight:72.0,hobby:吖菹棒陥斎蕏聬縲壞螎,address:煴銴樆玆矓毐岓钅錀葿,diseaseHistory:泠筇奔乩辍胺蛛化跤崜噚楴踈淴溾欺嘻騟誄譖鬌笧壂賵梫缝仦鞄苋閜,habit:窳宋畻辠壿濓梤粚課澽里闽纞櫖弛鷐鬶宓戉镨鈲珚痀綧瀆柷曡跃槸誠,exerciseTarget:缗閲泬憹滽斔馄膬篟篜}
{id:6032,name:紼乡噑,sex:true,maritalStatus:true,age:44.0,height:5.0,weight:56.0,hobby:鱙少織态繷齌篠椈鰏霅,address:黶憕业惹佝保誦欓塾單,diseaseHistory:垁桥牟竽語瘎卮揞懮軳昴罿饁嵅縶獵輬祏鴊腺爟懄弁堯壒秈睓萱妐氕,habit:鱤艩碿姍姼埭恛地爮鐠挛砹陪駁玜萄氻靰蘒拡畷騦韂滅茾丛鈕纷毾旷,exerciseTarget:媍摨顶酽捦薍嬃盻虧侑}

2018-04-01 12:10:00.599  INFO 71254 --- [Thread-2] o.s.w.c.s.GenericWebApplicationContext   : Closing org.springframework.web.context.support.GenericWebApplicationContext@66ce957f: startup date [Sun Apr 01 12:09:48 CST 2018]; root of context hierarchy
2018-04-01 12:10:00.603  INFO 71254 --- [Thread-2] com.zaxxer.hikari.HikariDataSource       : HikariPool-1 - Shutdown initiated...
2018-04-01 12:10:00.622  INFO 71254 --- [Thread-2] com.zaxxer.hikari.HikariDataSource       : HikariPool-1 - Shutdown completed.
2018-04-01 12:10:00.623  INFO 71254 --- [Thread-2] o.s.s.concurrent.ThreadPoolTaskExecutor  : Shutting down ExecutorService 'MyAsync'
2018-04-01 12:11:08.211  INFO 71257 --- [main] c.d.test.services.UserServiceTest        : Starting UserServiceTest on alanMacBook-Pro.local with PID 71257 (started by alan in /Users/alan/developers/ideaspace/demo/DBtest)
2018-04-01 12:11:08.217  INFO 71257 --- [main] c.d.test.services.UserServiceTest        : No active profile set, falling back to default profiles: default
2018-04-01 12:11:08.501  INFO 71257 --- [main] o.s.w.c.s.GenericWebApplicationContext   : Refreshing org.springframework.web.context.support.GenericWebApplicationContext@66ce957f: startup date [Sun Apr 01 12:11:08 CST 2018]; root of context hierarchy
2018-04-01 12:11:10.288  INFO 71257 --- [main] trationDelegate$BeanPostProcessorChecker : Bean 'taskExecutorConfig' of type [com.database.test.config.TaskExecutorConfig$$EnhancerBySpringCGLIB$$7b6f3e36] is not eligible for getting processed by all BeanPostProcessors (for example: not eligible for auto-proxying)
2018-04-01 12:11:10.316  INFO 71257 --- [main] o.s.s.concurrent.ThreadPoolTaskExecutor  : Initializing ExecutorService 
2018-04-01 12:11:10.327  INFO 71257 --- [main] o.s.s.concurrent.ThreadPoolTaskExecutor  : Initializing ExecutorService  'MyAsync'
2018-04-01 12:11:10.328  INFO 71257 --- [main] trationDelegate$BeanPostProcessorChecker : Bean 'MyAsync' of type [org.springframework.scheduling.concurrent.ThreadPoolTaskExecutor] is not eligible for getting processed by all BeanPostProcessors (for example: not eligible for auto-proxying)
2018-04-01 12:11:12.133  INFO 71257 --- [main] s.w.s.m.m.a.RequestMappingHandlerAdapter : Looking for @ControllerAdvice: org.springframework.web.context.support.GenericWebApplicationContext@66ce957f: startup date [Sun Apr 01 12:11:08 CST 2018]; root of context hierarchy
2018-04-01 12:11:12.437  INFO 71257 --- [main] s.w.s.m.m.a.RequestMappingHandlerMapping : Mapped "{[/user/save],methods=[GET]}" onto public java.lang.String com.database.test.controller.TestController.save(int)
2018-04-01 12:11:12.438  INFO 71257 --- [main] s.w.s.m.m.a.RequestMappingHandlerMapping : Mapped "{[/user/hello],methods=[GET]}" onto public java.lang.String com.database.test.controller.TestController.hello()
2018-04-01 12:11:12.438  INFO 71257 --- [main] s.w.s.m.m.a.RequestMappingHandlerMapping : Mapped "{[/user/batchSave],methods=[GET]}" onto public java.lang.String com.database.test.controller.TestController.batchSave(int)
2018-04-01 12:11:12.439  INFO 71257 --- [main] s.w.s.m.m.a.RequestMappingHandlerMapping : Mapped "{[/user/getUserInfoByAge],methods=[GET]}" onto public java.lang.String com.database.test.controller.TestController.getUserInfoByAge(int)
2018-04-01 12:11:12.442  INFO 71257 --- [main] s.w.s.m.m.a.RequestMappingHandlerMapping : Mapped "{[/error]}" onto public org.springframework.http.ResponseEntity<java.util.Map<java.lang.String, java.lang.Object>> org.springframework.boot.autoconfigure.web.servlet.error.BasicErrorController.error(javax.servlet.http.HttpServletRequest)
2018-04-01 12:11:12.443  INFO 71257 --- [main] s.w.s.m.m.a.RequestMappingHandlerMapping : Mapped "{[/error],produces=[text/html]}" onto public org.springframework.web.servlet.ModelAndView org.springframework.boot.autoconfigure.web.servlet.error.BasicErrorController.errorHtml(javax.servlet.http.HttpServletRequest,javax.servlet.http.HttpServletResponse)
2018-04-01 12:11:12.608  INFO 71257 --- [main] o.s.w.s.handler.SimpleUrlHandlerMapping  : Mapped URL path [/webjars/**] onto handler of type [class org.springframework.web.servlet.resource.ResourceHttpRequestHandler]
2018-04-01 12:11:12.608  INFO 71257 --- [main] o.s.w.s.handler.SimpleUrlHandlerMapping  : Mapped URL path [/**] onto handler of type [class org.springframework.web.servlet.resource.ResourceHttpRequestHandler]
2018-04-01 12:11:12.817  INFO 71257 --- [main] o.s.w.s.handler.SimpleUrlHandlerMapping  : Mapped URL path [/**/favicon.ico] onto handler of type [class org.springframework.web.servlet.resource.ResourceHttpRequestHandler]
2018-04-01 12:11:13.421  INFO 71257 --- [main] c.d.test.services.UserServiceTest        : Started UserServiceTest in 6.009 seconds (JVM running for 7.922)
2018-04-01 12:11:13.616  INFO 71257 --- [main] com.zaxxer.hikari.HikariDataSource       : HikariPool-1 - Starting...
2018-04-01 12:11:14.314  INFO 71257 --- [main] com.zaxxer.hikari.HikariDataSource       : HikariPool-1 - Start completed.
2018-04-01 12:11:20.972  INFO 71257 --- [main] com.database.test.services.UserService   : 10条最相似数据差异值为：1259.4001
2018-04-01 12:11:20.973  INFO 71257 --- [main] com.database.test.services.UserService   : 
{id:5589,name:赜趎勪,sex:false,maritalStatus:true,age:102.0,height:152.0,weight:156.0,hobby:囎唫討頒賒顳蚲痺臮僸,address:膴踓辞憂蒊孯种貜荄緵,diseaseHistory:鮳曆投减莊汛岑帾狣鬚莉膘翺葩払虍邒痑箹娽猰迢噴澡桓觔霪駯豸停,habit:漹绯牶伉亦仲傏熗芛倿绿戼醐乘蘤揨谔牸蘣簈雈捣煤趴闲穑瀻骦瀆匂,exerciseTarget:脞怐雸铵余氇鼀瘩鸇颣}
{id:5214,name:龜鬥洴,sex:false,maritalStatus:false,age:99.0,height:154.0,weight:122.0,hobby:鄋叶离霚驷萬鐆逘慔伸,address:熧篐汛鴽輁熖枝桜婂島,diseaseHistory:茌癄灠杖椈痜娴藚浚骧史蓞愀蛓酐縀僄馏歰飫貧璾溂阷褏詑魚睼恡渇,habit:眄丒櫊嶀寢肯爮伪葥撞共鴸朰泙儶讔鰺声巎聭章頢蝞斕麺臚顨巶狛霛,exerciseTarget:閲畆谘轝鲬贠斜帏幫椧}
{id:3541,name:芥蠒谯,sex:false,maritalStatus:true,age:106.0,height:147.0,weight:114.0,hobby:桑鬂褄再儤擔誓笅槦琤,address:嶠晢檽彷闅潇帿齂繂煽,diseaseHistory:鴰婻蟵轎媦趈碟詐记茌驘皷愪琵忏纾糗爂军疘帙夦叾簢孴崼譂綵尫蘫,habit:蕗得篿鴿莙詀巡虼箙縌訴尸窚薖檜相鉽凥茞阿拼摒僣恎蟋炝盥泗栫甘,exerciseTarget:焍襯鬶瘆犸撋酔揤鎊繕}
{id:3947,name:圆屶廁,sex:false,maritalStatus:true,age:105.0,height:160.0,weight:104.0,hobby:饍洅聣贈芨爪稥軮侀歲,address:棖悩竗毠蟾鏈靆琨嗵簐,diseaseHistory:獜乡讋醯螠檯鶿顸玿堡涨廿餿旞桓蔕呜绥鱓賾鑰鴬負謒荛廇琵铱援輐,habit:給眶廬汿乚济軝峊湅頍鸘奼捦虀嬲椻奴釉挺昬盂畚驛酐踹涝唼龠蓒撗,exerciseTarget:鏸蹒羚徧盕鯏驪剂櫍朙}
{id:7308,name:清唧硐,sex:false,maritalStatus:false,age:95.0,height:153.0,weight:112.0,hobby:鐟詋蝟蒘寠苮祶蓪郲廀,address:媚寱洦勭鴝糊陗輍亡楏,diseaseHistory:茯喱緢衻辨龌骰奢鮛嬄遈檻抴猩淄匲待懩焣黧晄氂萦悫抁对壵鑖鮾鞴,habit:踲躾寡靰簇迀杸汓儝寅猽婜必頔酖薨剃現鴷惘筃榸抋隣揆惱岭鲉捏着,exerciseTarget:癩磋裣砃驜贩竱妒塪蚤}
{id:4437,name:筼淢奆,sex:false,maritalStatus:false,age:105.0,height:145.0,weight:34.0,hobby:琿馗蝭蹗哫蓃赥蟐疚蜋,address:趩唑籙楱肤渀乙惭囟鉄,diseaseHistory:镵椙固噆魡椛嫛啂訫挮湷虎阡髡獀熖嬈奯遵鋑潗峈鵑扪锄房顠蕘殐未,habit:扗凬叽臒貓墲歰科鄌圀牂饀鍬褉抓闢籖陖魑柎椆抗敽靑珁缊虰兜爳阖,exerciseTarget:懷略笚桏供榷銝砜楢迦}
{id:6362,name:饋垖蝻,sex:false,maritalStatus:false,age:105.0,height:144.0,weight:81.0,hobby:淼权痠义诿孏閫鄑鞕裖,address:軭咱頫甒黇唪彴郙涪犸,diseaseHistory:蚱衰戂駱賏撼崢黍靯炑涁笕瘋媚洛麞垝秴饉绱乼粱繎琑怗徬臏嘱葲爸,habit:蚓圾阭薽笻鲛蚔夻鎩颧侁圃緗嶍蹳躦嬨檳櫸霥鋡補谲毖綟鑘圌淸羊趌,exerciseTarget:袶昀郵悊瓍埮饷津攱仒}
{id:704,name:燅熘篺,sex:false,maritalStatus:true,age:101.0,height:153.0,weight:76.0,hobby:鲐儅噰岧悒跕銞齈蕈簱,address:匆嶁哇鍔潇錿緥漽罶抚,diseaseHistory:跿醽塷渿咸柔酀鴦韌佪蟑篲鳝廸撐甫嫵赱貣冭郒搎鴫驇盋疊凃稲弲鹟,habit:祀棽扜囼桡刜纯覤簻溼蓲鴣怋茣璍諦凛耚妤講罿鎗嬿焊学朇鼥小卄廠,exerciseTarget:倣鹗蒻彳伕泳檾晪佬窙}
{id:9464,name:蘐鱷浹,sex:false,maritalStatus:false,age:108.0,height:156.0,weight:176.0,hobby:廣琛砟铴獞涔奻蔻苴鋮,address:鲔鞂甶巳丌彔槺鋚蛋駫,diseaseHistory:阳寏鋺禯閙鋹鸅似鲪霍礗巇龆吗謄杈徝颒褱郢諍竧焁捰枧怏惩熒贴繓,habit:隤嬇麬礴濂媫淺嶺郹除鞆霖办佭綀襭挧趒藬肙悄螬稁栆蜞吴腀鶮嫦飙,exerciseTarget:簉烿蹄檑篎蠮砰牏桼禃}
{id:206,name:砇筥顜,sex:false,maritalStatus:false,age:113.0,height:155.0,weight:56.0,hobby:荛佄湫铉哑瓡湀炳鵙鵟,address:缞唪鏃妌鞇猽咓敮幣粬,diseaseHistory:笀鄣訫抧裉富肛髋濙庌舙晕叵芖戨錙禌蹸穅箇捽鯆菌齰榊耐羰姙缋毭,habit:蕔进陓跚幸溔寱繣艀桠庿絨簵溪墧愥菒蚩骅黊恢粍倱裄革僀殕猽挾竘,exerciseTarget:轣椱壗椕乖鞋塿烓孡潾}

2018-04-01 12:11:20.982  INFO 71257 --- [Thread-2] o.s.w.c.s.GenericWebApplicationContext   : Closing org.springframework.web.context.support.GenericWebApplicationContext@66ce957f: startup date [Sun Apr 01 12:11:08 CST 2018]; root of context hierarchy
2018-04-01 12:11:20.986  INFO 71257 --- [Thread-2] com.zaxxer.hikari.HikariDataSource       : HikariPool-1 - Shutdown initiated...
2018-04-01 12:11:21.002  INFO 71257 --- [Thread-2] com.zaxxer.hikari.HikariDataSource       : HikariPool-1 - Shutdown completed.
2018-04-01 12:11:21.003  INFO 71257 --- [Thread-2] o.s.s.concurrent.ThreadPoolTaskExecutor  : Shutting down ExecutorService 'MyAsync'
2018-04-01 12:13:36.134  INFO 71262 --- [main] c.d.test.services.UserServiceTest        : Starting UserServiceTest on alanMacBook-Pro.local with PID 71262 (started by alan in /Users/alan/developers/ideaspace/demo/DBtest)
2018-04-01 12:13:36.136  INFO 71262 --- [main] c.d.test.services.UserServiceTest        : No active profile set, falling back to default profiles: default
2018-04-01 12:13:36.201  INFO 71262 --- [main] o.s.w.c.s.GenericWebApplicationContext   : Refreshing org.springframework.web.context.support.GenericWebApplicationContext@55b5f5d2: startup date [Sun Apr 01 12:13:36 CST 2018]; root of context hierarchy
2018-04-01 12:13:37.711  INFO 71262 --- [main] trationDelegate$BeanPostProcessorChecker : Bean 'taskExecutorConfig' of type [com.database.test.config.TaskExecutorConfig$$EnhancerBySpringCGLIB$$e8ebe580] is not eligible for getting processed by all BeanPostProcessors (for example: not eligible for auto-proxying)
2018-04-01 12:13:37.732  INFO 71262 --- [main] o.s.s.concurrent.ThreadPoolTaskExecutor  : Initializing ExecutorService 
2018-04-01 12:13:37.743  INFO 71262 --- [main] o.s.s.concurrent.ThreadPoolTaskExecutor  : Initializing ExecutorService  'MyAsync'
2018-04-01 12:13:37.744  INFO 71262 --- [main] trationDelegate$BeanPostProcessorChecker : Bean 'MyAsync' of type [org.springframework.scheduling.concurrent.ThreadPoolTaskExecutor] is not eligible for getting processed by all BeanPostProcessors (for example: not eligible for auto-proxying)
2018-04-01 12:13:39.540  INFO 71262 --- [main] s.w.s.m.m.a.RequestMappingHandlerAdapter : Looking for @ControllerAdvice: org.springframework.web.context.support.GenericWebApplicationContext@55b5f5d2: startup date [Sun Apr 01 12:13:36 CST 2018]; root of context hierarchy
2018-04-01 12:13:39.738  INFO 71262 --- [main] s.w.s.m.m.a.RequestMappingHandlerMapping : Mapped "{[/user/save],methods=[GET]}" onto public java.lang.String com.database.test.controller.TestController.save(int)
2018-04-01 12:13:39.740  INFO 71262 --- [main] s.w.s.m.m.a.RequestMappingHandlerMapping : Mapped "{[/user/hello],methods=[GET]}" onto public java.lang.String com.database.test.controller.TestController.hello()
2018-04-01 12:13:39.740  INFO 71262 --- [main] s.w.s.m.m.a.RequestMappingHandlerMapping : Mapped "{[/user/batchSave],methods=[GET]}" onto public java.lang.String com.database.test.controller.TestController.batchSave(int)
2018-04-01 12:13:39.741  INFO 71262 --- [main] s.w.s.m.m.a.RequestMappingHandlerMapping : Mapped "{[/user/getUserInfoByAge],methods=[GET]}" onto public java.lang.String com.database.test.controller.TestController.getUserInfoByAge(int)
2018-04-01 12:13:39.745  INFO 71262 --- [main] s.w.s.m.m.a.RequestMappingHandlerMapping : Mapped "{[/error]}" onto public org.springframework.http.ResponseEntity<java.util.Map<java.lang.String, java.lang.Object>> org.springframework.boot.autoconfigure.web.servlet.error.BasicErrorController.error(javax.servlet.http.HttpServletRequest)
2018-04-01 12:13:39.747  INFO 71262 --- [main] s.w.s.m.m.a.RequestMappingHandlerMapping : Mapped "{[/error],produces=[text/html]}" onto public org.springframework.web.servlet.ModelAndView org.springframework.boot.autoconfigure.web.servlet.error.BasicErrorController.errorHtml(javax.servlet.http.HttpServletRequest,javax.servlet.http.HttpServletResponse)
2018-04-01 12:13:39.986  INFO 71262 --- [main] o.s.w.s.handler.SimpleUrlHandlerMapping  : Mapped URL path [/webjars/**] onto handler of type [class org.springframework.web.servlet.resource.ResourceHttpRequestHandler]
2018-04-01 12:13:39.995  INFO 71262 --- [main] o.s.w.s.handler.SimpleUrlHandlerMapping  : Mapped URL path [/**] onto handler of type [class org.springframework.web.servlet.resource.ResourceHttpRequestHandler]
2018-04-01 12:13:40.149  INFO 71262 --- [main] o.s.w.s.handler.SimpleUrlHandlerMapping  : Mapped URL path [/**/favicon.ico] onto handler of type [class org.springframework.web.servlet.resource.ResourceHttpRequestHandler]
2018-04-01 12:13:40.765  INFO 71262 --- [main] c.d.test.services.UserServiceTest        : Started UserServiceTest in 5.221 seconds (JVM running for 7.203)
2018-04-01 12:13:40.950  INFO 71262 --- [main] com.zaxxer.hikari.HikariDataSource       : HikariPool-1 - Starting...
2018-04-01 12:13:41.743  INFO 71262 --- [main] com.zaxxer.hikari.HikariDataSource       : HikariPool-1 - Start completed.
2018-04-01 12:13:48.431  INFO 71262 --- [main] com.database.test.services.UserService   : 10条最相似数据差异值为：1070.0
2018-04-01 12:13:48.431  INFO 71262 --- [main] com.database.test.services.UserService   : 
{id:5853,name:羰偲驏,sex:false,maritalStatus:true,age:93.0,height:62.0,weight:153.0,hobby:彆翏抪屲挸迻蹐疔貽觜,address:臯咻窺軀絼帵添叛彎樇,diseaseHistory:搫煛苘皋慤吵涮絵麷嶱疻煃寜椁襐煢鵊敮铸柘詹俜揝餐厦鮟摪鞟滞莣,habit:妙珻娡固縐洄鶲蔃洹缉瑐仆幥濤津覩斒錔嫪閫値兠獐嶁趶榖脳峯鸁縭,exerciseTarget:淓鶡麐姑廁垆燴窌頉谘}
{id:9586,name:莵鐄豑,sex:false,maritalStatus:false,age:91.0,height:61.0,weight:90.0,hobby:誝紧惎梁敿霻裬嵚尔鈰,address:談怘学贁聉婤売紋鹍锎,diseaseHistory:丨蘤楋諣雖鲚皻醊蒮藐崹鞰瑦殩秆颎岫嵵侂鑃呷暞珣鮖詆瓣癖蓕咁剛,habit:瑏螺虧朖脹鵌躛肾屈乳謵範腰辺韬亚徱霂蚲陡嗠粯釰簎鰰燬橜鲽私柍,exerciseTarget:坭皢唛蟪冲迖梋厴齜惹}
{id:8551,name:儂鵐瘞,sex:false,maritalStatus:true,age:95.0,height:62.0,weight:65.0,hobby:裖眰挶畃馧葊諆皲徇竊,address:負洪莩瞾矫裒癁摀覣僃,diseaseHistory:嘋鐖徤浺茞垕唌罠帕埫岮蜴憆汴荒袙燋珫婓蛳褕郶蜳慑昮彝晈譎剱谞,habit:僌姧喡镦憵稯燡耼橕乳鸮蘹瓎廦瀥恊擣湑缡儡鋶租疝芘澮閎繫味亯豆,exerciseTarget:岮嫙拷饭圂墓簮轐纀鯚}
{id:9060,name:箽複贴,sex:false,maritalStatus:true,age:94.0,height:57.0,weight:68.0,hobby:縴瑍斸槶罗響县譋蒧骘,address:仭钷鼣椂粈忀欓鄄砊孥,diseaseHistory:芮谨痙龆勎儠澀礹毢謜宬惆艹郃旧礌呫瓄嬛銵鞗齵駄庇苨翤谀馥錶娞,habit:俍耍悤楘塸豍啷啉鵠蔹俾騍脔岵辘鵕盙甶賡誗锠萟茾艼硌磾璼醆誗旓,exerciseTarget:幁礖鏐鍫璛坽巔饰孿鋉}
{id:6709,name:憡餕嬕,sex:false,maritalStatus:true,age:88.0,height:58.0,weight:70.0,hobby:舃憬絫礔钶粃甹宜互璌,address:觥祝腔票鈀闚袃矑泝聯,diseaseHistory:踱虃蚋咉猯鬆睊溣枽飄裰芇懈揆浀螖洀軓鷡劲岑謜焿壗晏彥吳蔾瓐煭,habit:爵敫硡徉峳鷳諵艾賅坔摭輛飙罡蒷抋唖鏾貃蒱犫竲紕鐆痊顉糱尋猫膠,exerciseTarget:雂陞轗戵誫燠緇嫦災穇}
{id:5942,name:鹟劐訙,sex:false,maritalStatus:false,age:90.0,height:59.0,weight:99.0,hobby:蠩徿鉖鰓癩漥矔縃縵鑈,address:贋腉穀髋朥哠攇扫筟瀺,diseaseHistory:蠄毧蛖膦齪掏黖妱皯疫嵛魝唅庑枴乕鷱脩躞偢仑誹药鳘儹鞚佉聍烽恞,habit:钂頕縹疆緧侅随溏藾浬蕸即惣謀掉濺錈魻歍餝陔舴笑犙窄覒隘骣穘駶,exerciseTarget:娜磵颗琦勔鵷襒塎囮鐂}
{id:2511,name:鴵鯱糎,sex:false,maritalStatus:true,age:95.0,height:67.0,weight:147.0,hobby:鯿痣鐬禘欭鬡炊披载剪,address:鄻溪虞鵛靛厽儛釉現鹢,diseaseHistory:藽鞫摆杺黶陙繑鹜絒嚸緸鎝仈凨塘葚礿冯贗珥韮磺纁錂磈勳艪怺血橺,habit:坶矐耧貱骹凖戍謗羇衴鎾踐螱訟鸱籡琩露哧嶁鯳祏晌怄北踗穱睎鋡铫,exerciseTarget:絠搿蒁蠑曨髯姣糞隲涻}
{id:7442,name:曈腨邇,sex:false,maritalStatus:false,age:94.0,height:60.0,weight:122.0,hobby:鍇桲褌禒黾懗薩遹殣膦,address:罖撷娑鮑策京辊歾嵷彫,diseaseHistory:眣劰钶鷨撑貋咬谉縶週蟪二懊隍匸迧儹鸭輺綫圾主列溧厇泾瞗籀敦吠,habit:钷嵛柗糨伅聋粁凩朢喿鈓鼆穘瑛釶嘃谚鐤瞧穎唵聚槸饵駊蕖嬦犮膘錝,exerciseTarget:燰贇螷煽媱弍擸罣夀霌}
{id:8089,name:塑舧煫,sex:false,maritalStatus:false,age:95.0,height:65.0,weight:147.0,hobby:貽鎘囅燤鴫搆圽岨轱瞡,address:喺鞮翖帐吰嶣嚭玮晀獹,diseaseHistory:濧塶衩躉眕誙赎耻慍釄楱拑陕迁瞎觛讯頺铎摾刌霝斮徲摒哄奭偤猶讆,habit:鍑霓煛莧耭椲盄诒婲暰捠气碰穧晔谵剆鶌姦姦鵞翣羾蠊汳貙偑笠锽啐,exerciseTarget:鲰觼狙褀蒤骰勾恝嫔酑}
{id:41,name:時剽跶,sex:false,maritalStatus:true,age:94.0,height:61.0,weight:76.0,hobby:啀慗鼋磃扸嵨晫氂炩粸,address:齢胒韇哀螄硟鸔膗僰礵,diseaseHistory:齵唽絨垗穵眄镤琽稅媌蜜鳋蚺牔忦绺輔二勼棬疳葸頍螑嚝咡庌怾笷昝,habit:犞锷勜椅礏夈逶酄膄怖氪擋桑伔禂肘瀭瓼蛩齇疯攷踠霛溅抛堃霴騧鋖,exerciseTarget:麓瞲溍釛涌闿涃獆瀅脣}

2018-04-01 12:13:48.436  INFO 71262 --- [Thread-2] o.s.w.c.s.GenericWebApplicationContext   : Closing org.springframework.web.context.support.GenericWebApplicationContext@55b5f5d2: startup date [Sun Apr 01 12:13:36 CST 2018]; root of context hierarchy
2018-04-01 12:13:48.440  INFO 71262 --- [Thread-2] com.zaxxer.hikari.HikariDataSource       : HikariPool-1 - Shutdown initiated...
2018-04-01 12:13:48.454  INFO 71262 --- [Thread-2] com.zaxxer.hikari.HikariDataSource       : HikariPool-1 - Shutdown completed.
2018-04-01 12:13:48.455  INFO 71262 --- [Thread-2] o.s.s.concurrent.ThreadPoolTaskExecutor  : Shutting down ExecutorService 'MyAsync'
2018-04-01 12:14:22.072  INFO 71265 --- [main] c.d.test.services.UserServiceTest        : Starting UserServiceTest on alanMacBook-Pro.local with PID 71265 (started by alan in /Users/alan/developers/ideaspace/demo/DBtest)
2018-04-01 12:14:22.074  INFO 71265 --- [main] c.d.test.services.UserServiceTest        : No active profile set, falling back to default profiles: default
2018-04-01 12:14:22.160  INFO 71265 --- [main] o.s.w.c.s.GenericWebApplicationContext   : Refreshing org.springframework.web.context.support.GenericWebApplicationContext@55b5f5d2: startup date [Sun Apr 01 12:14:22 CST 2018]; root of context hierarchy
2018-04-01 12:14:23.767  INFO 71265 --- [main] trationDelegate$BeanPostProcessorChecker : Bean 'taskExecutorConfig' of type [com.database.test.config.TaskExecutorConfig$$EnhancerBySpringCGLIB$$4e9c6f54] is not eligible for getting processed by all BeanPostProcessors (for example: not eligible for auto-proxying)
2018-04-01 12:14:23.785  INFO 71265 --- [main] o.s.s.concurrent.ThreadPoolTaskExecutor  : Initializing ExecutorService 
2018-04-01 12:14:23.794  INFO 71265 --- [main] o.s.s.concurrent.ThreadPoolTaskExecutor  : Initializing ExecutorService  'MyAsync'
2018-04-01 12:14:23.795  INFO 71265 --- [main] trationDelegate$BeanPostProcessorChecker : Bean 'MyAsync' of type [org.springframework.scheduling.concurrent.ThreadPoolTaskExecutor] is not eligible for getting processed by all BeanPostProcessors (for example: not eligible for auto-proxying)
2018-04-01 12:14:25.767  INFO 71265 --- [main] s.w.s.m.m.a.RequestMappingHandlerAdapter : Looking for @ControllerAdvice: org.springframework.web.context.support.GenericWebApplicationContext@55b5f5d2: startup date [Sun Apr 01 12:14:22 CST 2018]; root of context hierarchy
2018-04-01 12:14:25.906  INFO 71265 --- [main] s.w.s.m.m.a.RequestMappingHandlerMapping : Mapped "{[/user/save],methods=[GET]}" onto public java.lang.String com.database.test.controller.TestController.save(int)
2018-04-01 12:14:25.909  INFO 71265 --- [main] s.w.s.m.m.a.RequestMappingHandlerMapping : Mapped "{[/user/hello],methods=[GET]}" onto public java.lang.String com.database.test.controller.TestController.hello()
2018-04-01 12:14:25.910  INFO 71265 --- [main] s.w.s.m.m.a.RequestMappingHandlerMapping : Mapped "{[/user/batchSave],methods=[GET]}" onto public java.lang.String com.database.test.controller.TestController.batchSave(int)
2018-04-01 12:14:25.910  INFO 71265 --- [main] s.w.s.m.m.a.RequestMappingHandlerMapping : Mapped "{[/user/getUserInfoByAge],methods=[GET]}" onto public java.lang.String com.database.test.controller.TestController.getUserInfoByAge(int)
2018-04-01 12:14:25.914  INFO 71265 --- [main] s.w.s.m.m.a.RequestMappingHandlerMapping : Mapped "{[/error]}" onto public org.springframework.http.ResponseEntity<java.util.Map<java.lang.String, java.lang.Object>> org.springframework.boot.autoconfigure.web.servlet.error.BasicErrorController.error(javax.servlet.http.HttpServletRequest)
2018-04-01 12:14:25.915  INFO 71265 --- [main] s.w.s.m.m.a.RequestMappingHandlerMapping : Mapped "{[/error],produces=[text/html]}" onto public org.springframework.web.servlet.ModelAndView org.springframework.boot.autoconfigure.web.servlet.error.BasicErrorController.errorHtml(javax.servlet.http.HttpServletRequest,javax.servlet.http.HttpServletResponse)
2018-04-01 12:14:26.186  INFO 71265 --- [main] o.s.w.s.handler.SimpleUrlHandlerMapping  : Mapped URL path [/webjars/**] onto handler of type [class org.springframework.web.servlet.resource.ResourceHttpRequestHandler]
2018-04-01 12:14:26.187  INFO 71265 --- [main] o.s.w.s.handler.SimpleUrlHandlerMapping  : Mapped URL path [/**] onto handler of type [class org.springframework.web.servlet.resource.ResourceHttpRequestHandler]
2018-04-01 12:14:26.354  INFO 71265 --- [main] o.s.w.s.handler.SimpleUrlHandlerMapping  : Mapped URL path [/**/favicon.ico] onto handler of type [class org.springframework.web.servlet.resource.ResourceHttpRequestHandler]
2018-04-01 12:14:26.962  INFO 71265 --- [main] c.d.test.services.UserServiceTest        : Started UserServiceTest in 5.541 seconds (JVM running for 7.444)
2018-04-01 12:14:27.407  INFO 71265 --- [main] com.zaxxer.hikari.HikariDataSource       : HikariPool-1 - Starting...
2018-04-01 12:14:29.371  INFO 71265 --- [main] com.zaxxer.hikari.HikariDataSource       : HikariPool-1 - Start completed.
2018-04-01 12:14:40.323  INFO 71265 --- [Thread-2] o.s.w.c.s.GenericWebApplicationContext   : Closing org.springframework.web.context.support.GenericWebApplicationContext@55b5f5d2: startup date [Sun Apr 01 12:14:22 CST 2018]; root of context hierarchy
2018-04-01 12:14:40.336  INFO 71265 --- [Thread-2] com.zaxxer.hikari.HikariDataSource       : HikariPool-1 - Shutdown initiated...
2018-04-01 12:14:40.357  INFO 71265 --- [Thread-2] com.zaxxer.hikari.HikariDataSource       : HikariPool-1 - Shutdown completed.
2018-04-01 12:14:40.357  INFO 71265 --- [Thread-2] o.s.s.concurrent.ThreadPoolTaskExecutor  : Shutting down ExecutorService 'MyAsync'
2018-04-01 12:15:02.145  INFO 71267 --- [main] c.d.test.services.UserServiceTest        : Starting UserServiceTest on alanMacBook-Pro.local with PID 71267 (started by alan in /Users/alan/developers/ideaspace/demo/DBtest)
2018-04-01 12:15:02.148  INFO 71267 --- [main] c.d.test.services.UserServiceTest        : No active profile set, falling back to default profiles: default
2018-04-01 12:15:02.219  INFO 71267 --- [main] o.s.w.c.s.GenericWebApplicationContext   : Refreshing org.springframework.web.context.support.GenericWebApplicationContext@66ce957f: startup date [Sun Apr 01 12:15:02 CST 2018]; root of context hierarchy
2018-04-01 12:15:04.024  INFO 71267 --- [main] trationDelegate$BeanPostProcessorChecker : Bean 'taskExecutorConfig' of type [com.database.test.config.TaskExecutorConfig$$EnhancerBySpringCGLIB$$ecb0130a] is not eligible for getting processed by all BeanPostProcessors (for example: not eligible for auto-proxying)
2018-04-01 12:15:04.048  INFO 71267 --- [main] o.s.s.concurrent.ThreadPoolTaskExecutor  : Initializing ExecutorService 
2018-04-01 12:15:04.059  INFO 71267 --- [main] o.s.s.concurrent.ThreadPoolTaskExecutor  : Initializing ExecutorService  'MyAsync'
2018-04-01 12:15:04.060  INFO 71267 --- [main] trationDelegate$BeanPostProcessorChecker : Bean 'MyAsync' of type [org.springframework.scheduling.concurrent.ThreadPoolTaskExecutor] is not eligible for getting processed by all BeanPostProcessors (for example: not eligible for auto-proxying)
2018-04-01 12:15:05.850  INFO 71267 --- [main] s.w.s.m.m.a.RequestMappingHandlerAdapter : Looking for @ControllerAdvice: org.springframework.web.context.support.GenericWebApplicationContext@66ce957f: startup date [Sun Apr 01 12:15:02 CST 2018]; root of context hierarchy
2018-04-01 12:15:05.990  INFO 71267 --- [main] s.w.s.m.m.a.RequestMappingHandlerMapping : Mapped "{[/user/save],methods=[GET]}" onto public java.lang.String com.database.test.controller.TestController.save(int)
2018-04-01 12:15:05.992  INFO 71267 --- [main] s.w.s.m.m.a.RequestMappingHandlerMapping : Mapped "{[/user/hello],methods=[GET]}" onto public java.lang.String com.database.test.controller.TestController.hello()
2018-04-01 12:15:05.992  INFO 71267 --- [main] s.w.s.m.m.a.RequestMappingHandlerMapping : Mapped "{[/user/batchSave],methods=[GET]}" onto public java.lang.String com.database.test.controller.TestController.batchSave(int)
2018-04-01 12:15:05.993  INFO 71267 --- [main] s.w.s.m.m.a.RequestMappingHandlerMapping : Mapped "{[/user/getUserInfoByAge],methods=[GET]}" onto public java.lang.String com.database.test.controller.TestController.getUserInfoByAge(int)
2018-04-01 12:15:05.996  INFO 71267 --- [main] s.w.s.m.m.a.RequestMappingHandlerMapping : Mapped "{[/error]}" onto public org.springframework.http.ResponseEntity<java.util.Map<java.lang.String, java.lang.Object>> org.springframework.boot.autoconfigure.web.servlet.error.BasicErrorController.error(javax.servlet.http.HttpServletRequest)
2018-04-01 12:15:05.997  INFO 71267 --- [main] s.w.s.m.m.a.RequestMappingHandlerMapping : Mapped "{[/error],produces=[text/html]}" onto public org.springframework.web.servlet.ModelAndView org.springframework.boot.autoconfigure.web.servlet.error.BasicErrorController.errorHtml(javax.servlet.http.HttpServletRequest,javax.servlet.http.HttpServletResponse)
2018-04-01 12:15:06.217  INFO 71267 --- [main] o.s.w.s.handler.SimpleUrlHandlerMapping  : Mapped URL path [/webjars/**] onto handler of type [class org.springframework.web.servlet.resource.ResourceHttpRequestHandler]
2018-04-01 12:15:06.218  INFO 71267 --- [main] o.s.w.s.handler.SimpleUrlHandlerMapping  : Mapped URL path [/**] onto handler of type [class org.springframework.web.servlet.resource.ResourceHttpRequestHandler]
2018-04-01 12:15:06.379  INFO 71267 --- [main] o.s.w.s.handler.SimpleUrlHandlerMapping  : Mapped URL path [/**/favicon.ico] onto handler of type [class org.springframework.web.servlet.resource.ResourceHttpRequestHandler]
2018-04-01 12:15:06.912  INFO 71267 --- [main] c.d.test.services.UserServiceTest        : Started UserServiceTest in 5.423 seconds (JVM running for 7.306)
2018-04-01 12:15:07.096  INFO 71267 --- [main] com.zaxxer.hikari.HikariDataSource       : HikariPool-1 - Starting...
2018-04-01 12:15:07.784  INFO 71267 --- [main] com.zaxxer.hikari.HikariDataSource       : HikariPool-1 - Start completed.
2018-04-01 12:29:04.328  INFO 71267 --- [main] com.database.test.services.UserService   : 10条最相似数据差异值为：1640.4001
2018-04-01 12:29:04.334  INFO 71267 --- [main] com.database.test.services.UserService   : 
{id:101888,name:偲潪睋,sex:true,maritalStatus:false,age:72.0,height:103.0,weight:82.0,hobby:罙北綻劅崑糷旎毦佰剼,address:灂餹詣螞司頇屟荘粷羏,diseaseHistory:颵墀覹悐媟浭全湦瞭姒玾瀴珩蠵勤俀併裿錆鎤袠絺菕騷痉豪涳鹳亼鸆,habit:峝膁洪焓田腠璙播眡逨驖坋瞘斶儐悜呍竽襏鵐覭広湕抂鲊写抁决秝惋,exerciseTarget:傼蘧凔駱掏銻煩謽琗粻}
{id:101074,name:抠轤轥,sex:true,maritalStatus:false,age:73.0,height:103.0,weight:179.0,hobby:痙骗训盧嶤砞憹肟偒卲,address:蓘识艑鶺燴龓墊焿裥憂,diseaseHistory:融筊黮晤僦賖矮訳胶旳縞焬謝弬鄓欎毁蔃鳕銱繡屩薦巶鐳审鑊鉻犑馄,habit:鍔獾飂认浞鴋秏郵楢豷灛槽牲繹泣悁课促绥侑髞掁笎洆飫宐墅謒樲終,exerciseTarget:桖籹桘鍁鷍攢眱貊衶啄}
{id:9708,name:覯葌椸,sex:true,maritalStatus:false,age:73.0,height:105.0,weight:175.0,hobby:炤僥磜縱盆牋評糅琂骔,address:暣枸薦櫳嘯皳瘒嬴梡杲,diseaseHistory:妑扣壭蟸踇需面锢迪鶝姴孯鉠眮欖伏麺珕媱擛菎迺高科葦惕鉁耂黽軤,habit:皱踴箄氟刘非紛嚟埉綽禋顒晐鳿鮛槟瓊庑鋿牴鹻蛣荆荿旔医憖孖鞰斔,exerciseTarget:孚喣堞陁先棷撍櫌渽旖}
{id:32156,name:矜袌货,sex:true,maritalStatus:false,age:73.0,height:105.0,weight:127.0,hobby:娓伮糶滷箶裎鼤观杲諪,address:鍇缰睿蟵跬溅和盩悥恭,diseaseHistory:剱傃熽矢蒠匢徉睳腨嫾婏嶛譋硪螒岺此弙骼袛鉛刲喥綧零矏惥輿腰咽,habit:預喈閧息耴齾卂煇阋衐艍敵益劤薧汛瓧憁驀挤殶侶翳雪药洘阢睫袞襂,exerciseTarget:摾摅棌回偩剺惙澅酓杰}
{id:67761,name:兙涺脃,sex:true,maritalStatus:false,age:73.0,height:103.0,weight:36.0,hobby:崛旻颈皼伎稻匉澕咫詫,address:噆債茽晽谺讶窳雝聅芈,diseaseHistory:艬蕺荶篠鷪剖墕真旊羭劄啺鮮漦攵梞皹焍煲颇暴摥倮犝棎洝聫纨旑灖,habit:颳鸬橅磲堳她媤雚杞癌迗瑔师鲳捈椨罇孺苨趀娋鶑飈韔孬挅麂艛聕劶,exerciseTarget:轇憂惵髆恶装钶茣鄽盘}
{id:70727,name:栉翂磞,sex:true,maritalStatus:false,age:73.0,height:103.0,weight:178.0,hobby:鎄肉襃隰絓琲诛炕补甎,address:蕶锽硟竐墖簮犼婰竈骼,diseaseHistory:溫塸悤鈊跉瞬蛡蘷聄锇滂加埐敽剴朲騮擰鸛璳俀鬓孔睩喭竢蘔姎穨鲅,habit:箷鳟佽槌蝁溾眼鮸酥桴戍梩趹楸靇筍敻彀禰掬墄桢叓濾汇囗鴺鈾觌臇,exerciseTarget:俉櫶橯姎嶀鑊珋殈俨鱼}
{id:65716,name:詈雅誷,sex:true,maritalStatus:true,age:71.0,height:103.0,weight:119.0,hobby:砀式簢城螪雊皓吇錖峷,address:赥魇鏨槄扶沑莫旐狦輡,diseaseHistory:簤按镏堓袠瓃壢蕻沖刚脹菉璜猍众埑侍夑麠鼩歡謥橓鶼綥蚛麳起閜緹,habit:凞暍鄊穴恡繷榾蕃岖僮悾汹锫攃甇蓊蚀嵩資卝峵埆秒羑慙树墿唤鉅赖,exerciseTarget:黧求峘詽缀翪肏溛欛芍}
{id:54255,name:赩阺婌,sex:true,maritalStatus:false,age:73.0,height:105.0,weight:124.0,hobby:逝絞鐺堘訒氲磿蒶笃颈,address:谩飙豶翾粀讂砽煥丼觏,diseaseHistory:卽袈翛刡翐痲抨緁姃擑綵傱叨咅鞪瀍砹峛彇语悩跁吱鱼髩螏鑘噹栝剒,habit:谳頞栘滺讪毷诀濄酮骮帱钑罷齴詂汷鏱涍坻嘢灴犽蔃蟴儬藯蕏瀸熱叝,exerciseTarget:咸詪鮾傭焴厁踺纾鏂禼}
{id:27342,name:鹈蔗鴗,sex:true,maritalStatus:false,age:71.0,height:105.0,weight:15.0,hobby:鄳濍睈阹兿爲鞞搹酐匫,address:藴鲣崃鄡淊佥捪姛軠吗,diseaseHistory:鋹籏歲箶錿莾勇瑌牶仜迎鍪樈枫恀峺啩鋗稒荠沒縶揬襍嬚衵锲跫嚔漲,habit:戶斄椒埣謾闍蚚抷騦攞脛殶萩讌縥簕梗矄侟豌歇腒訍莘懑脖譯菶寘袒,exerciseTarget:滉溗呀钏潟蕄鑱餱鲧齢}
{id:21785,name:爊冚焄,sex:true,maritalStatus:true,age:72.0,height:105.0,weight:29.0,hobby:裸總腿皖汨姯趶菸鵀庋,address:酣焈弆霩垓乆柮鋘粚肸,diseaseHistory:泻凑擧怊謘軨鑸熒詑漪蒚筼鶭螽漓熓頦颔贰嶦矱考倓冹鈺茪鐲嫜跁蘪,habit:廔俕驒厒鶤昍燋鷭拥汀擸襟飉藂髲睾秕雊惊槁獩涗憬邻霚籣愜畓徆蹵,exerciseTarget:泴鰣糶终豰黟东疆哆绢}

2018-04-01 12:29:04.342  INFO 71267 --- [Thread-2] o.s.w.c.s.GenericWebApplicationContext   : Closing org.springframework.web.context.support.GenericWebApplicationContext@66ce957f: startup date [Sun Apr 01 12:15:02 CST 2018]; root of context hierarchy
2018-04-01 12:29:04.349  INFO 71267 --- [Thread-2] com.zaxxer.hikari.HikariDataSource       : HikariPool-1 - Shutdown initiated...
2018-04-01 12:29:04.369  INFO 71267 --- [Thread-2] com.zaxxer.hikari.HikariDataSource       : HikariPool-1 - Shutdown completed.
2018-04-01 12:29:04.370  INFO 71267 --- [Thread-2] o.s.s.concurrent.ThreadPoolTaskExecutor  : Shutting down ExecutorService 'MyAsync'
2018-04-01 12:40:15.331  INFO 71323 --- [main] c.d.test.services.UserServiceTest        : Starting UserServiceTest on alanMacBook-Pro.local with PID 71323 (started by alan in /Users/alan/developers/ideaspace/demo/DBtest)
2018-04-01 12:40:15.334  INFO 71323 --- [main] c.d.test.services.UserServiceTest        : No active profile set, falling back to default profiles: default
2018-04-01 12:40:15.397  INFO 71323 --- [main] o.s.w.c.s.GenericWebApplicationContext   : Refreshing org.springframework.web.context.support.GenericWebApplicationContext@55b5f5d2: startup date [Sun Apr 01 12:40:15 CST 2018]; root of context hierarchy
2018-04-01 12:40:16.962  INFO 71323 --- [main] trationDelegate$BeanPostProcessorChecker : Bean 'taskExecutorConfig' of type [com.database.test.config.TaskExecutorConfig$$EnhancerBySpringCGLIB$$46579694] is not eligible for getting processed by all BeanPostProcessors (for example: not eligible for auto-proxying)
2018-04-01 12:40:16.978  INFO 71323 --- [main] o.s.s.concurrent.ThreadPoolTaskExecutor  : Initializing ExecutorService 
2018-04-01 12:40:17.000  INFO 71323 --- [main] o.s.s.concurrent.ThreadPoolTaskExecutor  : Initializing ExecutorService  'MyAsync'
2018-04-01 12:40:17.001  INFO 71323 --- [main] trationDelegate$BeanPostProcessorChecker : Bean 'MyAsync' of type [org.springframework.scheduling.concurrent.ThreadPoolTaskExecutor] is not eligible for getting processed by all BeanPostProcessors (for example: not eligible for auto-proxying)
2018-04-01 12:40:18.673  INFO 71323 --- [main] s.w.s.m.m.a.RequestMappingHandlerAdapter : Looking for @ControllerAdvice: org.springframework.web.context.support.GenericWebApplicationContext@55b5f5d2: startup date [Sun Apr 01 12:40:15 CST 2018]; root of context hierarchy
2018-04-01 12:40:18.821  INFO 71323 --- [main] s.w.s.m.m.a.RequestMappingHandlerMapping : Mapped "{[/user/save],methods=[GET]}" onto public java.lang.String com.database.test.controller.TestController.save(int)
2018-04-01 12:40:18.823  INFO 71323 --- [main] s.w.s.m.m.a.RequestMappingHandlerMapping : Mapped "{[/user/batchSave],methods=[GET]}" onto public java.lang.String com.database.test.controller.TestController.batchSave(int)
2018-04-01 12:40:18.823  INFO 71323 --- [main] s.w.s.m.m.a.RequestMappingHandlerMapping : Mapped "{[/user/getUserInfoByAge],methods=[GET]}" onto public java.lang.String com.database.test.controller.TestController.getUserInfoByAge(int)
2018-04-01 12:40:18.823  INFO 71323 --- [main] s.w.s.m.m.a.RequestMappingHandlerMapping : Mapped "{[/user/hello],methods=[GET]}" onto public java.lang.String com.database.test.controller.TestController.hello()
2018-04-01 12:40:18.826  INFO 71323 --- [main] s.w.s.m.m.a.RequestMappingHandlerMapping : Mapped "{[/error]}" onto public org.springframework.http.ResponseEntity<java.util.Map<java.lang.String, java.lang.Object>> org.springframework.boot.autoconfigure.web.servlet.error.BasicErrorController.error(javax.servlet.http.HttpServletRequest)
2018-04-01 12:40:18.827  INFO 71323 --- [main] s.w.s.m.m.a.RequestMappingHandlerMapping : Mapped "{[/error],produces=[text/html]}" onto public org.springframework.web.servlet.ModelAndView org.springframework.boot.autoconfigure.web.servlet.error.BasicErrorController.errorHtml(javax.servlet.http.HttpServletRequest,javax.servlet.http.HttpServletResponse)
2018-04-01 12:40:19.077  INFO 71323 --- [main] o.s.w.s.handler.SimpleUrlHandlerMapping  : Mapped URL path [/webjars/**] onto handler of type [class org.springframework.web.servlet.resource.ResourceHttpRequestHandler]
2018-04-01 12:40:19.077  INFO 71323 --- [main] o.s.w.s.handler.SimpleUrlHandlerMapping  : Mapped URL path [/**] onto handler of type [class org.springframework.web.servlet.resource.ResourceHttpRequestHandler]
2018-04-01 12:40:19.167  INFO 71323 --- [main] o.s.w.s.handler.SimpleUrlHandlerMapping  : Mapped URL path [/**/favicon.ico] onto handler of type [class org.springframework.web.servlet.resource.ResourceHttpRequestHandler]
2018-04-01 12:40:19.720  INFO 71323 --- [main] c.d.test.services.UserServiceTest        : Started UserServiceTest in 5.021 seconds (JVM running for 7.036)
2018-04-01 12:40:20.149  INFO 71323 --- [main] com.zaxxer.hikari.HikariDataSource       : HikariPool-1 - Starting...
2018-04-01 12:40:20.909  INFO 71323 --- [main] com.zaxxer.hikari.HikariDataSource       : HikariPool-1 - Start completed.
2018-04-01 12:40:22.938  INFO 71323 --- [Thread-2] o.s.w.c.s.GenericWebApplicationContext   : Closing org.springframework.web.context.support.GenericWebApplicationContext@55b5f5d2: startup date [Sun Apr 01 12:40:15 CST 2018]; root of context hierarchy
2018-04-01 12:40:22.950  INFO 71323 --- [Thread-2] com.zaxxer.hikari.HikariDataSource       : HikariPool-1 - Shutdown initiated...
2018-04-01 12:40:22.970  INFO 71323 --- [Thread-2] com.zaxxer.hikari.HikariDataSource       : HikariPool-1 - Shutdown completed.
2018-04-01 12:40:22.970  INFO 71323 --- [Thread-2] o.s.s.concurrent.ThreadPoolTaskExecutor  : Shutting down ExecutorService 'MyAsync'
2018-04-01 12:41:11.283  INFO 71327 --- [main] c.d.test.services.UserServiceTest        : Starting UserServiceTest on alanMacBook-Pro.local with PID 71327 (started by alan in /Users/alan/developers/ideaspace/demo/DBtest)
2018-04-01 12:41:11.285  INFO 71327 --- [main] c.d.test.services.UserServiceTest        : No active profile set, falling back to default profiles: default
2018-04-01 12:41:11.476  INFO 71327 --- [main] o.s.w.c.s.GenericWebApplicationContext   : Refreshing org.springframework.web.context.support.GenericWebApplicationContext@55b5f5d2: startup date [Sun Apr 01 12:41:11 CST 2018]; root of context hierarchy
2018-04-01 12:41:13.119  INFO 71327 --- [main] trationDelegate$BeanPostProcessorChecker : Bean 'taskExecutorConfig' of type [com.database.test.config.TaskExecutorConfig$$EnhancerBySpringCGLIB$$5f3b692e] is not eligible for getting processed by all BeanPostProcessors (for example: not eligible for auto-proxying)
2018-04-01 12:41:13.139  INFO 71327 --- [main] o.s.s.concurrent.ThreadPoolTaskExecutor  : Initializing ExecutorService 
2018-04-01 12:41:13.155  INFO 71327 --- [main] o.s.s.concurrent.ThreadPoolTaskExecutor  : Initializing ExecutorService  'MyAsync'
2018-04-01 12:41:13.156  INFO 71327 --- [main] trationDelegate$BeanPostProcessorChecker : Bean 'MyAsync' of type [org.springframework.scheduling.concurrent.ThreadPoolTaskExecutor] is not eligible for getting processed by all BeanPostProcessors (for example: not eligible for auto-proxying)
2018-04-01 12:41:14.892  INFO 71327 --- [main] s.w.s.m.m.a.RequestMappingHandlerAdapter : Looking for @ControllerAdvice: org.springframework.web.context.support.GenericWebApplicationContext@55b5f5d2: startup date [Sun Apr 01 12:41:11 CST 2018]; root of context hierarchy
2018-04-01 12:41:15.029  INFO 71327 --- [main] s.w.s.m.m.a.RequestMappingHandlerMapping : Mapped "{[/user/save],methods=[GET]}" onto public java.lang.String com.database.test.controller.TestController.save(int)
2018-04-01 12:41:15.030  INFO 71327 --- [main] s.w.s.m.m.a.RequestMappingHandlerMapping : Mapped "{[/user/batchSave],methods=[GET]}" onto public java.lang.String com.database.test.controller.TestController.batchSave(int)
2018-04-01 12:41:15.031  INFO 71327 --- [main] s.w.s.m.m.a.RequestMappingHandlerMapping : Mapped "{[/user/getUserInfoByAge],methods=[GET]}" onto public java.lang.String com.database.test.controller.TestController.getUserInfoByAge(int)
2018-04-01 12:41:15.031  INFO 71327 --- [main] s.w.s.m.m.a.RequestMappingHandlerMapping : Mapped "{[/user/hello],methods=[GET]}" onto public java.lang.String com.database.test.controller.TestController.hello()
2018-04-01 12:41:15.034  INFO 71327 --- [main] s.w.s.m.m.a.RequestMappingHandlerMapping : Mapped "{[/error]}" onto public org.springframework.http.ResponseEntity<java.util.Map<java.lang.String, java.lang.Object>> org.springframework.boot.autoconfigure.web.servlet.error.BasicErrorController.error(javax.servlet.http.HttpServletRequest)
2018-04-01 12:41:15.036  INFO 71327 --- [main] s.w.s.m.m.a.RequestMappingHandlerMapping : Mapped "{[/error],produces=[text/html]}" onto public org.springframework.web.servlet.ModelAndView org.springframework.boot.autoconfigure.web.servlet.error.BasicErrorController.errorHtml(javax.servlet.http.HttpServletRequest,javax.servlet.http.HttpServletResponse)
2018-04-01 12:41:15.187  INFO 71327 --- [main] o.s.w.s.handler.SimpleUrlHandlerMapping  : Mapped URL path [/webjars/**] onto handler of type [class org.springframework.web.servlet.resource.ResourceHttpRequestHandler]
2018-04-01 12:41:15.188  INFO 71327 --- [main] o.s.w.s.handler.SimpleUrlHandlerMapping  : Mapped URL path [/**] onto handler of type [class org.springframework.web.servlet.resource.ResourceHttpRequestHandler]
2018-04-01 12:41:15.367  INFO 71327 --- [main] o.s.w.s.handler.SimpleUrlHandlerMapping  : Mapped URL path [/**/favicon.ico] onto handler of type [class org.springframework.web.servlet.resource.ResourceHttpRequestHandler]
2018-04-01 12:41:15.913  INFO 71327 --- [main] c.d.test.services.UserServiceTest        : Started UserServiceTest in 5.3 seconds (JVM running for 7.233)
2018-04-01 12:41:16.329  INFO 71327 --- [main] com.zaxxer.hikari.HikariDataSource       : HikariPool-1 - Starting...
2018-04-01 12:41:17.500  INFO 71327 --- [main] com.zaxxer.hikari.HikariDataSource       : HikariPool-1 - Start completed.
2018-04-01 12:41:19.589  INFO 71327 --- [Thread-2] o.s.w.c.s.GenericWebApplicationContext   : Closing org.springframework.web.context.support.GenericWebApplicationContext@55b5f5d2: startup date [Sun Apr 01 12:41:11 CST 2018]; root of context hierarchy
2018-04-01 12:41:19.598  INFO 71327 --- [Thread-2] com.zaxxer.hikari.HikariDataSource       : HikariPool-1 - Shutdown initiated...
2018-04-01 12:41:19.616  INFO 71327 --- [Thread-2] com.zaxxer.hikari.HikariDataSource       : HikariPool-1 - Shutdown completed.
2018-04-01 12:41:19.617  INFO 71327 --- [Thread-2] o.s.s.concurrent.ThreadPoolTaskExecutor  : Shutting down ExecutorService 'MyAsync'
2018-04-01 12:41:29.800  INFO 71330 --- [main] c.d.test.services.UserServiceTest        : Starting UserServiceTest on alanMacBook-Pro.local with PID 71330 (started by alan in /Users/alan/developers/ideaspace/demo/DBtest)
2018-04-01 12:41:29.801  INFO 71330 --- [main] c.d.test.services.UserServiceTest        : No active profile set, falling back to default profiles: default
2018-04-01 12:41:29.888  INFO 71330 --- [main] o.s.w.c.s.GenericWebApplicationContext   : Refreshing org.springframework.web.context.support.GenericWebApplicationContext@55b5f5d2: startup date [Sun Apr 01 12:41:29 CST 2018]; root of context hierarchy
2018-04-01 12:41:31.271  INFO 71330 --- [main] trationDelegate$BeanPostProcessorChecker : Bean 'taskExecutorConfig' of type [com.database.test.config.TaskExecutorConfig$$EnhancerBySpringCGLIB$$b37bee5e] is not eligible for getting processed by all BeanPostProcessors (for example: not eligible for auto-proxying)
2018-04-01 12:41:31.291  INFO 71330 --- [main] o.s.s.concurrent.ThreadPoolTaskExecutor  : Initializing ExecutorService 
2018-04-01 12:41:31.307  INFO 71330 --- [main] o.s.s.concurrent.ThreadPoolTaskExecutor  : Initializing ExecutorService  'MyAsync'
2018-04-01 12:41:31.307  INFO 71330 --- [main] trationDelegate$BeanPostProcessorChecker : Bean 'MyAsync' of type [org.springframework.scheduling.concurrent.ThreadPoolTaskExecutor] is not eligible for getting processed by all BeanPostProcessors (for example: not eligible for auto-proxying)
2018-04-01 12:41:32.883  INFO 71330 --- [main] s.w.s.m.m.a.RequestMappingHandlerAdapter : Looking for @ControllerAdvice: org.springframework.web.context.support.GenericWebApplicationContext@55b5f5d2: startup date [Sun Apr 01 12:41:29 CST 2018]; root of context hierarchy
2018-04-01 12:41:33.004  INFO 71330 --- [main] s.w.s.m.m.a.RequestMappingHandlerMapping : Mapped "{[/user/save],methods=[GET]}" onto public java.lang.String com.database.test.controller.TestController.save(int)
2018-04-01 12:41:33.005  INFO 71330 --- [main] s.w.s.m.m.a.RequestMappingHandlerMapping : Mapped "{[/user/batchSave],methods=[GET]}" onto public java.lang.String com.database.test.controller.TestController.batchSave(int)
2018-04-01 12:41:33.006  INFO 71330 --- [main] s.w.s.m.m.a.RequestMappingHandlerMapping : Mapped "{[/user/getUserInfoByAge],methods=[GET]}" onto public java.lang.String com.database.test.controller.TestController.getUserInfoByAge(int)
2018-04-01 12:41:33.006  INFO 71330 --- [main] s.w.s.m.m.a.RequestMappingHandlerMapping : Mapped "{[/user/hello],methods=[GET]}" onto public java.lang.String com.database.test.controller.TestController.hello()
2018-04-01 12:41:33.008  INFO 71330 --- [main] s.w.s.m.m.a.RequestMappingHandlerMapping : Mapped "{[/error]}" onto public org.springframework.http.ResponseEntity<java.util.Map<java.lang.String, java.lang.Object>> org.springframework.boot.autoconfigure.web.servlet.error.BasicErrorController.error(javax.servlet.http.HttpServletRequest)
2018-04-01 12:41:33.009  INFO 71330 --- [main] s.w.s.m.m.a.RequestMappingHandlerMapping : Mapped "{[/error],produces=[text/html]}" onto public org.springframework.web.servlet.ModelAndView org.springframework.boot.autoconfigure.web.servlet.error.BasicErrorController.errorHtml(javax.servlet.http.HttpServletRequest,javax.servlet.http.HttpServletResponse)
2018-04-01 12:41:33.198  INFO 71330 --- [main] o.s.w.s.handler.SimpleUrlHandlerMapping  : Mapped URL path [/webjars/**] onto handler of type [class org.springframework.web.servlet.resource.ResourceHttpRequestHandler]
2018-04-01 12:41:33.198  INFO 71330 --- [main] o.s.w.s.handler.SimpleUrlHandlerMapping  : Mapped URL path [/**] onto handler of type [class org.springframework.web.servlet.resource.ResourceHttpRequestHandler]
2018-04-01 12:41:33.335  INFO 71330 --- [main] o.s.w.s.handler.SimpleUrlHandlerMapping  : Mapped URL path [/**/favicon.ico] onto handler of type [class org.springframework.web.servlet.resource.ResourceHttpRequestHandler]
2018-04-01 12:41:33.853  INFO 71330 --- [main] c.d.test.services.UserServiceTest        : Started UserServiceTest in 4.574 seconds (JVM running for 6.459)
2018-04-01 12:41:34.062  INFO 71330 --- [main] com.zaxxer.hikari.HikariDataSource       : HikariPool-1 - Starting...
2018-04-01 12:41:34.888  INFO 71330 --- [main] com.zaxxer.hikari.HikariDataSource       : HikariPool-1 - Start completed.
2018-04-01 12:41:58.879  INFO 71330 --- [main] com.database.test.services.UserService   : 10条最相似数据差异值为：1091.6001
2018-04-01 12:41:58.880  INFO 71330 --- [main] com.database.test.services.UserService   : 
{id:16069,name:棲鲟鶠,sex:true,maritalStatus:false,age:72.0,height:48.0,weight:73.0,hobby:嘨跶鋣礞鏣撵癙笰嘵琚,address:嵱樊挘貎樠竺乢喸咾蚁,diseaseHistory:篵张薷轁袍鏝婲缉鸇馨頹瞺圾軞茀肇鶚鷯挨嵭癒悡楕垀忌節湑鰅漝奼,habit:養訜功亘朶琷皪蹥究瘲劖嬆姕姱鈂槩蝋铣趿襺賲侏矵敍彮亩檩濋伣懳,exerciseTarget:驥芇缚矽铼溒豧墄趼兰}
{id:19643,name:嬂鯦灞,sex:true,maritalStatus:true,age:72.0,height:41.0,weight:15.0,hobby:刷狤装員症鄙塖扌捔鳋,address:鳾褔緟顂箅郐节芗沚悲,diseaseHistory:臐憺赡瘭粯鈁锕笗漦环鹏懴鰄拚睜鬮甽鑸鑧眶蛟耼醑羦昮枸撾全襊禼,habit:旝鐐鞓春讌苞纳奷茯贊顸検坔窧姟壠逶狷鬵忥彌悷訵蕕愨砊麷獃鱝甄,exerciseTarget:徑刎纾隝篎浲髱阁牑瀅}
{id:3903,name:鉣猇劍,sex:true,maritalStatus:true,age:70.0,height:46.0,weight:39.0,hobby:芯琅閷楙蚄唑啼謾膀钘,address:倣痪鵸暡媨灆嫞蜅刴鳝,diseaseHistory:彴撹氮憰棜醣从薪吟惔缥俩褄沺腕鴲醁掕醗坛冪朽鞕纅坝辿呋呲擂駴,habit:斂心浟鄠秜駳鬑馦誡惰搓橬普熳迟餒騸褘嬱佉疘隲赋莴鴍禨髢鳧縇竳,exerciseTarget:邱瘢鐺茢魹赢餓輋玲峮}
{id:10478,name:诺眀肜,sex:true,maritalStatus:false,age:73.0,height:46.0,weight:179.0,hobby:烉緉棸屲疝櫼娛磾鮄菢,address:嚅鋧撡关绬黀臗泐镬钚,diseaseHistory:刉氲嬏氺次巯勒耧洟汰箘餶酸愦祤兏郠鸳笡櫃籱穫洉凎軏铕滹笠擃侭,habit:痫咆髄鈠緼娪弻颲禄罗稼什惉鵺暁呒膦蛰栳償黇撃笋絪胄齬對沶絅憮,exerciseTarget:脚咙偶嗵篯羰諿癴瞦蝻}
{id:1019,name:鄪羧釧,sex:true,maritalStatus:false,age:76.0,height:47.0,weight:47.0,hobby:娟紤閼甮漄餶鹊顴汖滧,address:孰骎潰錸鴳匆钒洣肱礊,diseaseHistory:墊鱓钛員巻颧饀挪鰅鈥麭娤朅全髲彣蘙乴挜舴翈娸釫慄鴭缿皖蘛悑剷,habit:螹瑽邛鶔鏯鍲诙醦謼覻睄谽穛禘秓锇勨焾琯蘃湻铦屐髻渘呉黵垘脻鞜,exerciseTarget:祎杸芶跕嚅臀捫铮墧皁}
{id:1732,name:鲿霈矅,sex:true,maritalStatus:true,age:77.0,height:48.0,weight:19.0,hobby:臙涵忸糙晹饁駝镡早锚,address:區赓鮩斅礳百鳀蝿瞀唋,diseaseHistory:斨陠偖图騠皋軌滈涠竭覰熜浾伿顿谑菃羫嗯頔湍俕橍矏釐劎槁睿钑謁,habit:丗嚢幪斀仫莵駘鑔傅昰管待蘠瀪閷藋裤穔頾荞唄眤襧唆笽黽侪堖煽肷,exerciseTarget:釁枎玶軘衴鶔漮櫖猕謞}
{id:4690,name:栺云議,sex:true,maritalStatus:true,age:73.0,height:45.0,weight:2.0,hobby:讕槨带狒踍睈赫蒖囏輱,address:髬擗蓜倎脑湂悎鮯剆鲴,diseaseHistory:若瑩阛酚鑨絺锋丛懟殜凢藪餸鈣嚮碁鮇祦骊讥协餀茜總挝锂擖棦僼爚,habit:睴湡桀崙夓叓邠郁泗饁緶墦鲿綵鉖脎桾倏过颰黛簺嵪娪蒂鑙蒒阆狶邁,exerciseTarget:増瓻璚戨膚誒庌緵齾僈}
{id:19816,name:萷夈沷,sex:true,maritalStatus:false,age:78.0,height:44.0,weight:48.0,hobby:藨衪滶齜叭乻苋機鯥穖,address:墪唑逄蓛騚鷑耂稏鯾喭,diseaseHistory:拽鰉鸈乁枷絕雥鯇肇偣腜潟傖斗惲鰺磷煯踏靐綐砥薢输胺癩幕癆萓茤,habit:罵鴣雕倢穮烖羽瑩蓬葿眕怦鵅掚靆賒碍蝕掿憄枛笑攽痪扻鋑暊贩詂諪,exerciseTarget:悇引褋酭旾钷暏鑯耨葌}
{id:19977,name:秀埘瑀,sex:true,maritalStatus:true,age:71.0,height:44.0,weight:54.0,hobby:囂嫵鷨櫒乐肆鹊渃龃澦,address:飰袟慡弹犬泆櫱芏斑筠,diseaseHistory:迦幀攒頎誚認捳覶靖逌魬蛖窨觃崞睱鴿襃舦銿狖璙撁庑鄏彣义袃碘糏,habit:変鏊勺詮蜬静踄魛漜牱瓯蠖郑蛲嗝萯繏瘂螽网滝嗙覡瑔嫹堰项瞇觔徫,exerciseTarget:輭娄鞊妬莨瓤櫊垲覵匬}
{id:1262,name:絡檨掴,sex:true,maritalStatus:true,age:78.0,height:44.0,weight:67.0,hobby:絣讪篋悡傄攱铐攂芤宙,address:瓕闓粵亻哫懫圖仸摙酈,diseaseHistory:儸绁膔蕉跇罎臔鄼鰽儰德廮脛蛃浠钄矿騻耄禸埏讞麉翫噫我訨巀等俨,habit:佽鲫闫挴欖聉明漻噎飻锰敇僕桚别羬摗陾涨壻泩鮎墎宅訜勬赖鍠极鋙,exerciseTarget:糤沢揧骣晜艆埸嫅愁袎}

2018-04-01 12:41:58.884  INFO 71330 --- [Thread-2] o.s.w.c.s.GenericWebApplicationContext   : Closing org.springframework.web.context.support.GenericWebApplicationContext@55b5f5d2: startup date [Sun Apr 01 12:41:29 CST 2018]; root of context hierarchy
2018-04-01 12:41:58.888  INFO 71330 --- [Thread-2] com.zaxxer.hikari.HikariDataSource       : HikariPool-1 - Shutdown initiated...
2018-04-01 12:41:58.908  INFO 71330 --- [Thread-2] com.zaxxer.hikari.HikariDataSource       : HikariPool-1 - Shutdown completed.
2018-04-01 12:41:58.909  INFO 71330 --- [Thread-2] o.s.s.concurrent.ThreadPoolTaskExecutor  : Shutting down ExecutorService 'MyAsync'
2018-04-01 12:42:15.985  INFO 71334 --- [main] c.d.test.services.UserServiceTest        : Starting UserServiceTest on alanMacBook-Pro.local with PID 71334 (started by alan in /Users/alan/developers/ideaspace/demo/DBtest)
2018-04-01 12:42:15.987  INFO 71334 --- [main] c.d.test.services.UserServiceTest        : No active profile set, falling back to default profiles: default
2018-04-01 12:42:16.056  INFO 71334 --- [main] o.s.w.c.s.GenericWebApplicationContext   : Refreshing org.springframework.web.context.support.GenericWebApplicationContext@55b5f5d2: startup date [Sun Apr 01 12:42:16 CST 2018]; root of context hierarchy
2018-04-01 12:42:17.734  INFO 71334 --- [main] trationDelegate$BeanPostProcessorChecker : Bean 'taskExecutorConfig' of type [com.database.test.config.TaskExecutorConfig$$EnhancerBySpringCGLIB$$e9c46d52] is not eligible for getting processed by all BeanPostProcessors (for example: not eligible for auto-proxying)
2018-04-01 12:42:17.750  INFO 71334 --- [main] o.s.s.concurrent.ThreadPoolTaskExecutor  : Initializing ExecutorService 
2018-04-01 12:42:17.766  INFO 71334 --- [main] o.s.s.concurrent.ThreadPoolTaskExecutor  : Initializing ExecutorService  'MyAsync'
2018-04-01 12:42:17.766  INFO 71334 --- [main] trationDelegate$BeanPostProcessorChecker : Bean 'MyAsync' of type [org.springframework.scheduling.concurrent.ThreadPoolTaskExecutor] is not eligible for getting processed by all BeanPostProcessors (for example: not eligible for auto-proxying)
2018-04-01 12:42:19.290  INFO 71334 --- [main] s.w.s.m.m.a.RequestMappingHandlerAdapter : Looking for @ControllerAdvice: org.springframework.web.context.support.GenericWebApplicationContext@55b5f5d2: startup date [Sun Apr 01 12:42:16 CST 2018]; root of context hierarchy
2018-04-01 12:42:19.448  INFO 71334 --- [main] s.w.s.m.m.a.RequestMappingHandlerMapping : Mapped "{[/user/save],methods=[GET]}" onto public java.lang.String com.database.test.controller.TestController.save(int)
2018-04-01 12:42:19.450  INFO 71334 --- [main] s.w.s.m.m.a.RequestMappingHandlerMapping : Mapped "{[/user/batchSave],methods=[GET]}" onto public java.lang.String com.database.test.controller.TestController.batchSave(int)
2018-04-01 12:42:19.450  INFO 71334 --- [main] s.w.s.m.m.a.RequestMappingHandlerMapping : Mapped "{[/user/getUserInfoByAge],methods=[GET]}" onto public java.lang.String com.database.test.controller.TestController.getUserInfoByAge(int)
2018-04-01 12:42:19.451  INFO 71334 --- [main] s.w.s.m.m.a.RequestMappingHandlerMapping : Mapped "{[/user/hello],methods=[GET]}" onto public java.lang.String com.database.test.controller.TestController.hello()
2018-04-01 12:42:19.455  INFO 71334 --- [main] s.w.s.m.m.a.RequestMappingHandlerMapping : Mapped "{[/error]}" onto public org.springframework.http.ResponseEntity<java.util.Map<java.lang.String, java.lang.Object>> org.springframework.boot.autoconfigure.web.servlet.error.BasicErrorController.error(javax.servlet.http.HttpServletRequest)
2018-04-01 12:42:19.457  INFO 71334 --- [main] s.w.s.m.m.a.RequestMappingHandlerMapping : Mapped "{[/error],produces=[text/html]}" onto public org.springframework.web.servlet.ModelAndView org.springframework.boot.autoconfigure.web.servlet.error.BasicErrorController.errorHtml(javax.servlet.http.HttpServletRequest,javax.servlet.http.HttpServletResponse)
2018-04-01 12:42:19.745  INFO 71334 --- [main] o.s.w.s.handler.SimpleUrlHandlerMapping  : Mapped URL path [/webjars/**] onto handler of type [class org.springframework.web.servlet.resource.ResourceHttpRequestHandler]
2018-04-01 12:42:19.745  INFO 71334 --- [main] o.s.w.s.handler.SimpleUrlHandlerMapping  : Mapped URL path [/**] onto handler of type [class org.springframework.web.servlet.resource.ResourceHttpRequestHandler]
2018-04-01 12:42:19.894  INFO 71334 --- [main] o.s.w.s.handler.SimpleUrlHandlerMapping  : Mapped URL path [/**/favicon.ico] onto handler of type [class org.springframework.web.servlet.resource.ResourceHttpRequestHandler]
2018-04-01 12:42:20.466  INFO 71334 --- [main] c.d.test.services.UserServiceTest        : Started UserServiceTest in 5.177 seconds (JVM running for 7.198)
2018-04-01 12:42:20.651  INFO 71334 --- [main] com.zaxxer.hikari.HikariDataSource       : HikariPool-1 - Starting...
2018-04-01 12:42:21.442  INFO 71334 --- [main] com.zaxxer.hikari.HikariDataSource       : HikariPool-1 - Start completed.
2018-04-01 12:42:44.519  INFO 71334 --- [main] com.database.test.services.UserService   : 10条最相似数据差异值为：1273.8
2018-04-01 12:42:44.520  INFO 71334 --- [main] com.database.test.services.UserService   : 
{id:2596,name:蔲仢鐿,sex:true,maritalStatus:false,age:146.0,height:91.0,weight:135.0,hobby:鮀毋唋黾蠭告俢绬蠔冩,address:妡咟飾郱筮鞾鉟僎翱尴,diseaseHistory:飦済篗轓嵲焇鎇靘牙勑竏鰩幄礡薄裮敫鑪黬缑軁奏荑鯟骽豫癨艬溆鰞,habit:涃泍傌媦衹杴郋猆肭茪襋剄暑憠闍欄皙姤褊釰獎鯵髼誵窬骫骥泤聖頒,exerciseTarget:慅躵麏杍榊鏸幠尛賊馘}
{id:6021,name:駆竇箊,sex:true,maritalStatus:false,age:148.0,height:88.0,weight:142.0,hobby:錟驖傣袋豅嬊枩豾蘂鼕,address:担言礻两瞪藬礱轞壗鴗,diseaseHistory:肋襝杂槧撶敊燻趢孆乬銿月朒讬瀒襨冮偖闵鶖騛阽卩送臶嶁撰喟炻报,habit:鱗紽帰獀诓孺螓隻溗牪瀜軥莁脌謷瞍魛傫獔撵鲓崙晈胪鸘嗫洎绵睹哩,exerciseTarget:慷眹赾価烉偯乯猦皀縺}
{id:3418,name:殖週黆,sex:true,maritalStatus:true,age:147.0,height:85.0,weight:38.0,hobby:左惬廼硔暖匶蒈蠴萫溆,address:鑦棛粋褔鈠碙顈嚦緶侈,diseaseHistory:恓砖岈啕襖魙鲵瘨硧枨蟭誸辖珎炭捶恟貓鶲愢扏芘寁齛齊赛裡距陰陔,habit:铥峓鴨鈪难鳑咿獰绘潒菹膔顊处拘訂冖懮顙媯繉唂繩襁諠搨禢糠斠呃,exerciseTarget:榚詧舌泲酛爉繭聽涠偑}
{id:3202,name:衮咊帞,sex:true,maritalStatus:false,age:149.0,height:93.0,weight:196.0,hobby:皉噫谝戞缎苬襆礣鋜墋,address:锏娬妳殉匏曽嵰鐍頻犢,diseaseHistory:个瓓婤臬塷枍涒炃粝顥熵豗嶦碇聎闂乩跣淛劘箥焺袋脧褠獱韷鄬叠瓮,habit:姓远赶嬹爎蕆蔠邡戗酉鮍幑徬屪芉鮇禺丫黐笩経膰熠啮噧饕甇垃犺缚,exerciseTarget:泠噌钮慸筼筫潱亍鹵偌}
{id:12919,name:螅絑粭,sex:true,maritalStatus:false,age:148.0,height:92.0,weight:165.0,hobby:黃漛撻鵇轺萞羗辇轧葬,address:闉苦懟灡侬碠儁賆雧耉,diseaseHistory:豥躙驓裡巚禇硍梧曍快頶滇霵貶宸恴點烅崊铓欯佨怒僱袡嵀皕髾悸枕,habit:尡资爆旔璘挓駤巋幨薠囼眔蝯閠蘃鸜軺囝潬聮顢倣跂嵍堢澌廈鸊鵐呚,exerciseTarget:邖曕讌之雮鮰歼禑廮矋}
{id:16041,name:阺覮稀,sex:true,maritalStatus:false,age:147.0,height:97.0,weight:103.0,hobby:腃鹉藤祆軬券霜壻鏦麖,address:篷鼡穰壣毴潄抂隸艵繵,diseaseHistory:鵯裋谜稞兡驀顿喚杏蒔鳭蝵矖甏俢濭仂預岰敫覆茍憇餷饈瀝惋茟蛶杌,habit:诛泲虽霕曃僡籽繅涏桠帔鍶虭庠砻骮躪甠荽諜穵罏餴梤鎨儈踭鵎瑷鳔,exerciseTarget:灖宪孥桥銊姎鰬娴协躙}
{id:6115,name:怺栲阛,sex:true,maritalStatus:false,age:146.0,height:82.0,weight:76.0,hobby:癇禱檇湼呛未棶鄯蔋請,address:漩壬魔鯐醑卸叜咬脉棊,diseaseHistory:壝蓯歑粏鵼恾摮錨惊諔瓓儼鮚苔譝坢暩仮旔偔妺兓硒街蔌灦頄滦垢凞,habit:淨訊餼忓柂軘驛丮剷究騖橷綪棧鍢霯敊屛糘薍嬛勍甴胤疯熃謄橤炊狓,exerciseTarget:箛禐硒狳著駢咶漪懹醈}
{id:14433,name:鸜瓲疰,sex:true,maritalStatus:false,age:147.0,height:93.0,weight:148.0,hobby:键蓱赣慕辱揪暙捋懫堸,address:秗蠵曁鱽鸐骧嘓癓钏帻,diseaseHistory:顉捇仗棣澯砥寙覽陈僜鲩渡蜘剏鍁袖呜鐲戈墰絚襑澿甠毞善尋櫀確譊,habit:翃档鐄锘繽駄裹螎瞜墯噪鹔蘿吋榹彁碊夏甿崀蓼鰑纮鎱禈泯楟冨艫淔,exerciseTarget:瓍炌匑堶徟侤嶕沛撀亞}
{id:14930,name:泻毙鍑,sex:true,maritalStatus:false,age:143.0,height:97.0,weight:143.0,hobby:丮鯾馄擾攤瑬阾豍彵鶫,address:紷魬鏠缦螖爒喃殥锉籟,diseaseHistory:謯侭鄏泡済懱陝犧悎餰欝哅翨煽荍阎敒耓先账魄弉銹吂埠攧艊姣僐弢,habit:匜艉頚詌縇埼廮吰烠葥遊鰄鮕缠礼榢腦淮歲杏匣襯岗燤跃枀喧騠鍉砑,exerciseTarget:锶顙襕眾飿瑲葳膂鯋熎}
{id:5605,name:覷樅屆,sex:true,maritalStatus:false,age:148.0,height:85.0,weight:189.0,hobby:麲警豰蝸噩詎睊厔崿儫,address:罐曉倵亞酼硿芙踸镪駃,diseaseHistory:櫜餲暍矒僭卡鈘騫蛷榙壆刘蟔錸莆焀酘湊钷骙軜绱犓儾揖拙墨鈾娣诡,habit:醌袎墶瓣绷螒轢尋挘浡竏餶経鏁膰鉷徿耲荧僨覍牆欺玛磭塭呮家闩饍,exerciseTarget:宁甦鞒寃燾翊飪掣笎焬}

2018-04-01 12:42:44.524  INFO 71334 --- [Thread-2] o.s.w.c.s.GenericWebApplicationContext   : Closing org.springframework.web.context.support.GenericWebApplicationContext@55b5f5d2: startup date [Sun Apr 01 12:42:16 CST 2018]; root of context hierarchy
2018-04-01 12:42:44.528  INFO 71334 --- [Thread-2] com.zaxxer.hikari.HikariDataSource       : HikariPool-1 - Shutdown initiated...
2018-04-01 12:42:44.551  INFO 71334 --- [Thread-2] com.zaxxer.hikari.HikariDataSource       : HikariPool-1 - Shutdown completed.
2018-04-01 12:42:44.552  INFO 71334 --- [Thread-2] o.s.s.concurrent.ThreadPoolTaskExecutor  : Shutting down ExecutorService 'MyAsync'
2018-04-01 12:43:31.126  INFO 71338 --- [main] c.d.test.services.UserServiceTest        : Starting UserServiceTest on alanMacBook-Pro.local with PID 71338 (started by alan in /Users/alan/developers/ideaspace/demo/DBtest)
2018-04-01 12:43:31.128  INFO 71338 --- [main] c.d.test.services.UserServiceTest        : No active profile set, falling back to default profiles: default
2018-04-01 12:43:31.171  INFO 71338 --- [main] o.s.w.c.s.GenericWebApplicationContext   : Refreshing org.springframework.web.context.support.GenericWebApplicationContext@55b5f5d2: startup date [Sun Apr 01 12:43:31 CST 2018]; root of context hierarchy
2018-04-01 12:43:32.721  INFO 71338 --- [main] trationDelegate$BeanPostProcessorChecker : Bean 'taskExecutorConfig' of type [com.database.test.config.TaskExecutorConfig$$EnhancerBySpringCGLIB$$2c855099] is not eligible for getting processed by all BeanPostProcessors (for example: not eligible for auto-proxying)
2018-04-01 12:43:32.742  INFO 71338 --- [main] o.s.s.concurrent.ThreadPoolTaskExecutor  : Initializing ExecutorService 
2018-04-01 12:43:32.751  INFO 71338 --- [main] o.s.s.concurrent.ThreadPoolTaskExecutor  : Initializing ExecutorService  'MyAsync'
2018-04-01 12:43:32.752  INFO 71338 --- [main] trationDelegate$BeanPostProcessorChecker : Bean 'MyAsync' of type [org.springframework.scheduling.concurrent.ThreadPoolTaskExecutor] is not eligible for getting processed by all BeanPostProcessors (for example: not eligible for auto-proxying)
2018-04-01 12:43:34.494  INFO 71338 --- [main] s.w.s.m.m.a.RequestMappingHandlerAdapter : Looking for @ControllerAdvice: org.springframework.web.context.support.GenericWebApplicationContext@55b5f5d2: startup date [Sun Apr 01 12:43:31 CST 2018]; root of context hierarchy
2018-04-01 12:43:34.734  INFO 71338 --- [main] s.w.s.m.m.a.RequestMappingHandlerMapping : Mapped "{[/user/save],methods=[GET]}" onto public java.lang.String com.database.test.controller.TestController.save(int)
2018-04-01 12:43:34.738  INFO 71338 --- [main] s.w.s.m.m.a.RequestMappingHandlerMapping : Mapped "{[/user/batchSave],methods=[GET]}" onto public java.lang.String com.database.test.controller.TestController.batchSave(int)
2018-04-01 12:43:34.739  INFO 71338 --- [main] s.w.s.m.m.a.RequestMappingHandlerMapping : Mapped "{[/user/getUserInfoByAge],methods=[GET]}" onto public java.lang.String com.database.test.controller.TestController.getUserInfoByAge(int)
2018-04-01 12:43:34.740  INFO 71338 --- [main] s.w.s.m.m.a.RequestMappingHandlerMapping : Mapped "{[/user/hello],methods=[GET]}" onto public java.lang.String com.database.test.controller.TestController.hello()
2018-04-01 12:43:34.749  INFO 71338 --- [main] s.w.s.m.m.a.RequestMappingHandlerMapping : Mapped "{[/error]}" onto public org.springframework.http.ResponseEntity<java.util.Map<java.lang.String, java.lang.Object>> org.springframework.boot.autoconfigure.web.servlet.error.BasicErrorController.error(javax.servlet.http.HttpServletRequest)
2018-04-01 12:43:34.751  INFO 71338 --- [main] s.w.s.m.m.a.RequestMappingHandlerMapping : Mapped "{[/error],produces=[text/html]}" onto public org.springframework.web.servlet.ModelAndView org.springframework.boot.autoconfigure.web.servlet.error.BasicErrorController.errorHtml(javax.servlet.http.HttpServletRequest,javax.servlet.http.HttpServletResponse)
2018-04-01 12:43:34.911  INFO 71338 --- [main] o.s.w.s.handler.SimpleUrlHandlerMapping  : Mapped URL path [/webjars/**] onto handler of type [class org.springframework.web.servlet.resource.ResourceHttpRequestHandler]
2018-04-01 12:43:34.911  INFO 71338 --- [main] o.s.w.s.handler.SimpleUrlHandlerMapping  : Mapped URL path [/**] onto handler of type [class org.springframework.web.servlet.resource.ResourceHttpRequestHandler]
2018-04-01 12:43:35.148  INFO 71338 --- [main] o.s.w.s.handler.SimpleUrlHandlerMapping  : Mapped URL path [/**/favicon.ico] onto handler of type [class org.springframework.web.servlet.resource.ResourceHttpRequestHandler]
2018-04-01 12:43:35.730  INFO 71338 --- [main] c.d.test.services.UserServiceTest        : Started UserServiceTest in 5.292 seconds (JVM running for 7.475)
2018-04-01 12:43:35.916  INFO 71338 --- [main] com.zaxxer.hikari.HikariDataSource       : HikariPool-1 - Starting...
2018-04-01 12:43:37.115  INFO 71338 --- [main] com.zaxxer.hikari.HikariDataSource       : HikariPool-1 - Start completed.
2018-04-01 12:44:05.167  INFO 71338 --- [main] com.database.test.services.UserService   : 10条最相似数据差异值为：1068.6001
2018-04-01 12:44:05.168  INFO 71338 --- [main] com.database.test.services.UserService   : 
{id:2727,name:睤咦簇,sex:false,maritalStatus:true,age:22.0,height:150.0,weight:144.0,hobby:棼綹釣櫀滾懤蓜屠鋌观,address:奠鈏戼墣煰涭壛鹂燘茣,diseaseHistory:擻侷鸗瑛绒摹鶏潜佱颧壂琏糈塚餮瑲贺鰰劘鳇緆舓藑淿雐夀隑鹜鳲焈,habit:亥帣卫阙鷫罓濨朁繛熥墑矓唒胁墪鮃簶僅亂閤蹔钐朑镦窥癶垙狎絍憇,exerciseTarget:稀睅帶犼鷧奠湱霃蟏鵇}
{id:2,name:溧琼峇,sex:false,maritalStatus:false,age:25.0,height:149.0,weight:75.0,hobby:陡灈镅鼝檪酂韀俤詥児,address:痣筠鳷朶遦箞懼榀溝肀,diseaseHistory:占誫吙剨昞婛藬顢钮墾蒧垑丨糮此扃鄮廨囨愋鋓洦醎璥歙醣鴔疫熑頺,habit:汛瀠圵渦黆饗磟璉藸緳締捹耥聊战菴馈汍蛣憨蠣忖煖甦餼璅骾絡静牖,exerciseTarget:韗緼馜晚蕏炘昚澙羞邘}
{id:6876,name:妅鉌蘟,sex:false,maritalStatus:true,age:26.0,height:155.0,weight:71.0,hobby:拸斝勫雥熋鷤崘赴娹郥,address:邳崅槊柊鏄咼菙饫樓賸,diseaseHistory:趧陣氠紕黋鄒顡馎礟焔茂嗔卤棕茤沀鹛疙梏焾鹕蜡櫫矄印絸蕪校墛枉,habit:霜豍呾膻褱槄轈圜硚岀陭唺猿雔箬眝雍盳岄己酰跴湩鵰姓鳮剆爮猵拒,exerciseTarget:憢恚懔諿溬髐颴鋟笋膖}
{id:2748,name:瞖呜祁,sex:false,maritalStatus:true,age:23.0,height:149.0,weight:139.0,hobby:珧窂遣迮徥樲漀稩踼吴,address:觠麴籲欿锣闃黔锢葃櫅,diseaseHistory:骾轕曎塂绍哆籺脒硍漌軎鬆挻梣韈舡眜洸箮峗晾稩邞绋横挦慖弑徱仙,habit:她歂鳱盂戡爅錆患葔臰盈郵嗨犇慯忑褛棊釃铷鱉赈繖嵽璔赞膒贷氌徤,exerciseTarget:筲輱鈆笘燞奕驮籆耎棋}
{id:9540,name:蛴鯁軿,sex:false,maritalStatus:true,age:24.0,height:155.0,weight:180.0,hobby:镇硝埆增磂輐鼭颟鹄麬,address:梭骮觐酛豒骭藵踎扳櫁,diseaseHistory:嚞崒毻嗒題銕摒鞝憼蹱夑偆證桾髜鈗乓瀆暊齐艹纾撋苐艻磕霷窾煮唣,habit:宲譿暽肐弅靕浩韟痎蚬査礝誀育玎莥廿袅肶槵娴菖笡羹説暣甀傀扯搟,exerciseTarget:溏汗塺轕廲讷觟麀暔狭}
{id:19779,name:蝷螤蜋,sex:false,maritalStatus:false,age:23.0,height:153.0,weight:79.0,hobby:瀅珼謒閴釿摽婏猧衵扉,address:渑蚑忌述墸屮魍巵镩醾,diseaseHistory:諯蜭葳鬕鸠系甘歵镄萂笞镇梌迳顧氝逨賑擦砱昖橽嫱彊譔沷閒閊訟蔡,habit:籀畴诞狪荽蓝幄挙箄銏鈪销辽虌歾糹燶饸涺篬鄐腢庭薇鯒熇枃姚骝蕀,exerciseTarget:躮揲眠囏筶蜑围麁誉忈}
{id:6022,name:鼹猛玨,sex:false,maritalStatus:true,age:16.0,height:151.0,weight:124.0,hobby:递曎幩狴樫棾釪窨硄权,address:愗朸葀屜芼邪胣槙孆狊,diseaseHistory:否謌瀲蝻滠冬啴慒岮摙鋫枧颔瓰撞頞鴪艫蛃埒阥蓠鬗锞陙伏圹堋紁抢,habit:泒襡鑢簨苃婁甤渃傟羻寨丳湔劥婤瞖缶佥鮩狔鯗甾諹玿艀貽坲愲揖臟,exerciseTarget:鍾贻鵗嫎鳮虴参鉘旴棒}
{id:11540,name:妫菟燀,sex:false,maritalStatus:false,age:19.0,height:144.0,weight:127.0,hobby:郂亳躿闗裚耠箘仲惐盏,address:斄莯鈴鷐銾算焏稒霘酛,diseaseHistory:亾蝶杒潷槊鱛槉梹鮁畺榖渾譒筽撦椸臏乌淢傷蹥绡鍯恜遶坚扒帿鄪昈,habit:壐噓戟战踉弍磪冉埌釛頕雇踇麅咭陝徇菹撅溫贑抰課紀膔鯝灒匚錬瀙,exerciseTarget:鸊箻謻值纹粘鍡綣植嶬}
{id:1439,name:灒慽溂,sex:false,maritalStatus:false,age:23.0,height:163.0,weight:166.0,hobby:焳誶鸽愝袀牑娝疆麟蘦,address:嵾嵫貛佢膃眷絒舚拜嘕,diseaseHistory:烆貎鮏鸥蕤欭灶丗埖龉垀畈螌秣泽嵞崸賵鮗瘊鲿劷旰爗濏矀淄縱蒰猎,habit:棽俒妑蓆喻镬鰜鷁楏遤癛選恘甖梱錂蹲耼韸踈趉鎊唪搁嶅童跜椂飫巐,exerciseTarget:疱橏竦焥炈覞趽啬廔僟}
{id:3159,name:蔍胉汙,sex:false,maritalStatus:true,age:23.0,height:158.0,weight:125.0,hobby:土腊搗违篾帘勳詯玅妭,address:幰弅爺塙恃幔嬳婯灤髒,diseaseHistory:缪蠷蘝菣鱬藅允摻兹椁蔈駔墴覠谛疸崺镑踥臵眆曘煔嶝插唿峲轠鎞皥,habit:勣鷂俺霟颲魐緽毖敧鵢単癚鵺釫懗伪扇鰂蚭相钸躻龅巳玌愕鋴银畩螞,exerciseTarget:翔垁以螒琍魗绛鱯孲謇}

2018-04-01 12:44:05.173  INFO 71338 --- [Thread-2] o.s.w.c.s.GenericWebApplicationContext   : Closing org.springframework.web.context.support.GenericWebApplicationContext@55b5f5d2: startup date [Sun Apr 01 12:43:31 CST 2018]; root of context hierarchy
2018-04-01 12:44:05.177  INFO 71338 --- [Thread-2] com.zaxxer.hikari.HikariDataSource       : HikariPool-1 - Shutdown initiated...
2018-04-01 12:44:05.196  INFO 71338 --- [Thread-2] com.zaxxer.hikari.HikariDataSource       : HikariPool-1 - Shutdown completed.
2018-04-01 12:44:05.197  INFO 71338 --- [Thread-2] o.s.s.concurrent.ThreadPoolTaskExecutor  : Shutting down ExecutorService 'MyAsync'
2018-04-01 12:44:51.912  INFO 71341 --- [main] c.d.test.services.UserServiceTest        : Starting UserServiceTest on alanMacBook-Pro.local with PID 71341 (started by alan in /Users/alan/developers/ideaspace/demo/DBtest)
2018-04-01 12:44:51.914  INFO 71341 --- [main] c.d.test.services.UserServiceTest        : No active profile set, falling back to default profiles: default
2018-04-01 12:44:51.972  INFO 71341 --- [main] o.s.w.c.s.GenericWebApplicationContext   : Refreshing org.springframework.web.context.support.GenericWebApplicationContext@66ce957f: startup date [Sun Apr 01 12:44:51 CST 2018]; root of context hierarchy
2018-04-01 12:44:53.570  INFO 71341 --- [main] trationDelegate$BeanPostProcessorChecker : Bean 'taskExecutorConfig' of type [com.database.test.config.TaskExecutorConfig$$EnhancerBySpringCGLIB$$254d1c2] is not eligible for getting processed by all BeanPostProcessors (for example: not eligible for auto-proxying)
2018-04-01 12:44:53.588  INFO 71341 --- [main] o.s.s.concurrent.ThreadPoolTaskExecutor  : Initializing ExecutorService 
2018-04-01 12:44:53.599  INFO 71341 --- [main] o.s.s.concurrent.ThreadPoolTaskExecutor  : Initializing ExecutorService  'MyAsync'
2018-04-01 12:44:53.599  INFO 71341 --- [main] trationDelegate$BeanPostProcessorChecker : Bean 'MyAsync' of type [org.springframework.scheduling.concurrent.ThreadPoolTaskExecutor] is not eligible for getting processed by all BeanPostProcessors (for example: not eligible for auto-proxying)
2018-04-01 12:44:55.357  INFO 71341 --- [main] s.w.s.m.m.a.RequestMappingHandlerAdapter : Looking for @ControllerAdvice: org.springframework.web.context.support.GenericWebApplicationContext@66ce957f: startup date [Sun Apr 01 12:44:51 CST 2018]; root of context hierarchy
2018-04-01 12:44:55.513  INFO 71341 --- [main] s.w.s.m.m.a.RequestMappingHandlerMapping : Mapped "{[/user/save],methods=[GET]}" onto public java.lang.String com.database.test.controller.TestController.save(int)
2018-04-01 12:44:55.515  INFO 71341 --- [main] s.w.s.m.m.a.RequestMappingHandlerMapping : Mapped "{[/user/batchSave],methods=[GET]}" onto public java.lang.String com.database.test.controller.TestController.batchSave(int)
2018-04-01 12:44:55.515  INFO 71341 --- [main] s.w.s.m.m.a.RequestMappingHandlerMapping : Mapped "{[/user/getUserInfoByAge],methods=[GET]}" onto public java.lang.String com.database.test.controller.TestController.getUserInfoByAge(int)
2018-04-01 12:44:55.516  INFO 71341 --- [main] s.w.s.m.m.a.RequestMappingHandlerMapping : Mapped "{[/user/hello],methods=[GET]}" onto public java.lang.String com.database.test.controller.TestController.hello()
2018-04-01 12:44:55.524  INFO 71341 --- [main] s.w.s.m.m.a.RequestMappingHandlerMapping : Mapped "{[/error]}" onto public org.springframework.http.ResponseEntity<java.util.Map<java.lang.String, java.lang.Object>> org.springframework.boot.autoconfigure.web.servlet.error.BasicErrorController.error(javax.servlet.http.HttpServletRequest)
2018-04-01 12:44:55.525  INFO 71341 --- [main] s.w.s.m.m.a.RequestMappingHandlerMapping : Mapped "{[/error],produces=[text/html]}" onto public org.springframework.web.servlet.ModelAndView org.springframework.boot.autoconfigure.web.servlet.error.BasicErrorController.errorHtml(javax.servlet.http.HttpServletRequest,javax.servlet.http.HttpServletResponse)
2018-04-01 12:44:55.804  INFO 71341 --- [main] o.s.w.s.handler.SimpleUrlHandlerMapping  : Mapped URL path [/webjars/**] onto handler of type [class org.springframework.web.servlet.resource.ResourceHttpRequestHandler]
2018-04-01 12:44:55.804  INFO 71341 --- [main] o.s.w.s.handler.SimpleUrlHandlerMapping  : Mapped URL path [/**] onto handler of type [class org.springframework.web.servlet.resource.ResourceHttpRequestHandler]
2018-04-01 12:44:55.897  INFO 71341 --- [main] o.s.w.s.handler.SimpleUrlHandlerMapping  : Mapped URL path [/**/favicon.ico] onto handler of type [class org.springframework.web.servlet.resource.ResourceHttpRequestHandler]
2018-04-01 12:44:56.483  INFO 71341 --- [main] c.d.test.services.UserServiceTest        : Started UserServiceTest in 5.203 seconds (JVM running for 7.283)
2018-04-01 12:44:56.701  INFO 71341 --- [main] com.zaxxer.hikari.HikariDataSource       : HikariPool-1 - Starting...
2018-04-01 12:44:57.458  INFO 71341 --- [main] com.zaxxer.hikari.HikariDataSource       : HikariPool-1 - Start completed.
2018-04-01 12:45:24.613  INFO 71341 --- [main] com.database.test.services.UserService   : 10条最相似数据差异值为：910.2
2018-04-01 12:45:24.614  INFO 71341 --- [main] com.database.test.services.UserService   : 
{id:1618,name:拎镪餒,sex:false,maritalStatus:false,age:71.0,height:130.0,weight:80.0,hobby:煶洱怤矴癉雋咢眯妻柃,address:犒跬辘猪赕欶鳟茛憬灒,diseaseHistory:頭趶絹妥乖礼劔媱胜鴪辌郐栶溃够唢谶趰祕驢湝肃鵭畤烞頬裔嘮苖瘶,habit:榯皀喧辇斝賽襲堸髚陯鐽墌灟迅罓鲄鄑鲼窋榥瘊彛瓡澧碗莟觗煓喀蘴,exerciseTarget:螛腇殤驶溆犩豪譹弲瞰}
{id:19389,name:峥螋迗,sex:false,maritalStatus:false,age:69.0,height:138.0,weight:102.0,hobby:傀叛蘇靴逮疪叛襐舵鐜,address:愤潹憏鍉怍劈职籢鏡獘,diseaseHistory:儈櫢酂揞刻坆輈墔餣限镅厦赳抎繸褠皸亙爠弐暥媮嵨蒰捠愺宇橛舒頤,habit:讫螭颫眯牼慉瀽旡殓阦躞暜荞茏秳剤蝕涒漷贳駪楉黒帳蠫瞰唸搜碹毡,exerciseTarget:慑荟谌聲鍛悆侰熻牶贯}
{id:17996,name:暊裮煿,sex:false,maritalStatus:false,age:70.0,height:141.0,weight:80.0,hobby:晼筆徳隁農曯郃鋟暲佉,address:泠扱艰胬欰榄楶踿縍樽,diseaseHistory:榞冈资焮滟箫瞕屬鯞垯榋鞄坣憓濈焆虂彍穏囤蕐燌櫩膵止駎績亣麪捴,habit:缯边蛾敫乸珣鮾耏稾譂绿僋煔羕魧冲籃縠璏蒲绁祔欞盃賨挂稲遜脠椻,exerciseTarget:穰囵億嚓蠘眭嬴丽忴谳}
{id:640,name:瞪焫邦,sex:false,maritalStatus:false,age:70.0,height:127.0,weight:116.0,hobby:堫欈罃禖忤檿藬歃凤粍,address:窢閲筅漺说刮鎿瞑鏈歒,diseaseHistory:鸩劶頺钏羜訥鉲幭誱烫胬授虺蝎輕绻蕕糳馎妛灙躿鼓賆礘朾嫚廫烂掭,habit:欹牮訡艔吋湟箮擢挤碼髃携崯踏嶻簂衰殾藷耄馦瘆赌雑譔鄧囍钼凟勹,exerciseTarget:魆欄袜鯝身霛謂嬎僁趾}
{id:14684,name:仢碟汫,sex:false,maritalStatus:true,age:63.0,height:132.0,weight:39.0,hobby:蔌蚯皋鱢箃謨訅圗誔廹,address:炞蟜霖銦瘛呭鄅螤玍丒,diseaseHistory:褃萠鴒抉跐頶实甛磞墇祷缢叭瑛呁楖碿蜁噏覝証蔑瞙竰噐凹艉梘擎鶪,habit:焂鉅罠瞴闭蒘堼檫麶蓘晋逄颥釉唌螘恧劕李鞞鑘鰄嬝繞澢孑欹睰浫瞜,exerciseTarget:瘹菖詽莜贤疒鴐暍脕齆}
{id:9127,name:釷谨鍞,sex:false,maritalStatus:true,age:69.0,height:144.0,weight:68.0,hobby:楛檤鶦勫賟锩葼蜒硊恚,address:虁蝾眳腥嶻鉕荲荞唄撦,diseaseHistory:蝌郢媧乫鑍躦顂鸝答埜禬呑甀叱缝啹栏襃椖瓱陕鸜歋侘覫颀郅鏼龜靈,habit:岳彡娩齁傐紫栦琭紓敮隲瑙层觪纼腲獖碠接碯亻媎紑栛昌昄寔愁両熕,exerciseTarget:投寰晌囔萇觛骸贩房玟}
{id:1538,name:扬厅桦,sex:false,maritalStatus:false,age:70.0,height:143.0,weight:106.0,hobby:葓烩塼犼擔甋呱蹺淂弎,address:呎簻敛礀饄茭縏鱖旵挺,diseaseHistory:堄譈谥蚰鋦鵱謔叒初翾捘踟焷埦习啇謴歠鯒篜娷壳鑋嚨奱顩厜梾厶飭,habit:舼騍溟帓蕷覕呜鹙絝喉矑蛉皩蚉氄房贌罔陭讍籯骮慭鵣襠謱辩粶黴憽,exerciseTarget:罠滥炖矧晇谘衮醒璛鬀}
{id:10781,name:釘珻婙,sex:false,maritalStatus:false,age:70.0,height:143.0,weight:43.0,hobby:虶呜遡敯琅獿竮櫑皐霅,address:爱觻謩耶襒盼汍歍鼺呄,diseaseHistory:僈畁宫侗噴缚龄蜠窣眑裌漽弢厁渟噁嗈炱密擼笼钰鶣貺睙禁幢沅輸絙,habit:椲煨龗憇鱼韺妈漯鴐龑肟裪潗穞喻櫤鉎其椲胵蒐椅骒熃褣闽巧桮倛欕,exerciseTarget:霽俼塧責盧菢乇歈绫矙}
{id:13790,name:逗箌郼,sex:false,maritalStatus:true,age:71.0,height:130.0,weight:121.0,hobby:弥鳨悞脢骬倦琭嚺挘訩,address:贴靑妹蝦纀儿墕儯罐妶,diseaseHistory:氬颭餈糩贿婺緧馛燥粋靿頦媅嵨鬮枟嫔彤琿菇歭蒨晴魨湔穔枯幥褸虾,habit:枋崘鄛僌姞砷迋厪柈女忝栎怹咹竺嶋鮙嚽虏啚鯬縃罞枂奕镁冔諝衎俦,exerciseTarget:频丰歇遤碿蟓沃欼惏悱}
{id:8475,name:犁縭蝅,sex:false,maritalStatus:false,age:74.0,height:131.0,weight:79.0,hobby:蕡圶焾娘酙桡鈍禦婪究,address:裔矴沊斪檎恷囙瓰挂鎍,diseaseHistory:如閖浰螊熎鞠鬤竆容驺骳永綵荊袪醧実栜趆幖溵巛订活餻桠榭乴襗馡,habit:匶荨匊裷強粂蝵鞦縩潵側茳霽嗰巳湣松薔貜辧斣摿私耒宱縔馧髏妝捗,exerciseTarget:萦尜铉銥奤殤创偵櫊囥}

2018-04-01 12:45:24.631  INFO 71341 --- [Thread-2] o.s.w.c.s.GenericWebApplicationContext   : Closing org.springframework.web.context.support.GenericWebApplicationContext@66ce957f: startup date [Sun Apr 01 12:44:51 CST 2018]; root of context hierarchy
2018-04-01 12:45:24.650  INFO 71341 --- [Thread-2] com.zaxxer.hikari.HikariDataSource       : HikariPool-1 - Shutdown initiated...
2018-04-01 12:45:24.660  INFO 71341 --- [Thread-2] com.zaxxer.hikari.HikariDataSource       : HikariPool-1 - Shutdown completed.
2018-04-01 12:45:24.661  INFO 71341 --- [Thread-2] o.s.s.concurrent.ThreadPoolTaskExecutor  : Shutting down ExecutorService 'MyAsync'
2018-04-01 12:46:21.078  INFO 71346 --- [main] c.d.test.services.UserServiceTest        : Starting UserServiceTest on alanMacBook-Pro.local with PID 71346 (started by alan in /Users/alan/developers/ideaspace/demo/DBtest)
2018-04-01 12:46:21.079  INFO 71346 --- [main] c.d.test.services.UserServiceTest        : No active profile set, falling back to default profiles: default
2018-04-01 12:46:21.122  INFO 71346 --- [main] o.s.w.c.s.GenericWebApplicationContext   : Refreshing org.springframework.web.context.support.GenericWebApplicationContext@66ce957f: startup date [Sun Apr 01 12:46:21 CST 2018]; root of context hierarchy
2018-04-01 12:46:22.641  INFO 71346 --- [main] trationDelegate$BeanPostProcessorChecker : Bean 'taskExecutorConfig' of type [com.database.test.config.TaskExecutorConfig$$EnhancerBySpringCGLIB$$4c6f810a] is not eligible for getting processed by all BeanPostProcessors (for example: not eligible for auto-proxying)
2018-04-01 12:46:22.657  INFO 71346 --- [main] o.s.s.concurrent.ThreadPoolTaskExecutor  : Initializing ExecutorService 
2018-04-01 12:46:22.676  INFO 71346 --- [main] o.s.s.concurrent.ThreadPoolTaskExecutor  : Initializing ExecutorService  'MyAsync'
2018-04-01 12:46:22.677  INFO 71346 --- [main] trationDelegate$BeanPostProcessorChecker : Bean 'MyAsync' of type [org.springframework.scheduling.concurrent.ThreadPoolTaskExecutor] is not eligible for getting processed by all BeanPostProcessors (for example: not eligible for auto-proxying)
2018-04-01 12:46:24.511  INFO 71346 --- [main] s.w.s.m.m.a.RequestMappingHandlerAdapter : Looking for @ControllerAdvice: org.springframework.web.context.support.GenericWebApplicationContext@66ce957f: startup date [Sun Apr 01 12:46:21 CST 2018]; root of context hierarchy
2018-04-01 12:46:24.645  INFO 71346 --- [main] s.w.s.m.m.a.RequestMappingHandlerMapping : Mapped "{[/user/save],methods=[GET]}" onto public java.lang.String com.database.test.controller.TestController.save(int)
2018-04-01 12:46:24.646  INFO 71346 --- [main] s.w.s.m.m.a.RequestMappingHandlerMapping : Mapped "{[/user/batchSave],methods=[GET]}" onto public java.lang.String com.database.test.controller.TestController.batchSave(int)
2018-04-01 12:46:24.647  INFO 71346 --- [main] s.w.s.m.m.a.RequestMappingHandlerMapping : Mapped "{[/user/getUserInfoByAge],methods=[GET]}" onto public java.lang.String com.database.test.controller.TestController.getUserInfoByAge(int)
2018-04-01 12:46:24.647  INFO 71346 --- [main] s.w.s.m.m.a.RequestMappingHandlerMapping : Mapped "{[/user/hello],methods=[GET]}" onto public java.lang.String com.database.test.controller.TestController.hello()
2018-04-01 12:46:24.650  INFO 71346 --- [main] s.w.s.m.m.a.RequestMappingHandlerMapping : Mapped "{[/error]}" onto public org.springframework.http.ResponseEntity<java.util.Map<java.lang.String, java.lang.Object>> org.springframework.boot.autoconfigure.web.servlet.error.BasicErrorController.error(javax.servlet.http.HttpServletRequest)
2018-04-01 12:46:24.651  INFO 71346 --- [main] s.w.s.m.m.a.RequestMappingHandlerMapping : Mapped "{[/error],produces=[text/html]}" onto public org.springframework.web.servlet.ModelAndView org.springframework.boot.autoconfigure.web.servlet.error.BasicErrorController.errorHtml(javax.servlet.http.HttpServletRequest,javax.servlet.http.HttpServletResponse)
2018-04-01 12:46:24.906  INFO 71346 --- [main] o.s.w.s.handler.SimpleUrlHandlerMapping  : Mapped URL path [/webjars/**] onto handler of type [class org.springframework.web.servlet.resource.ResourceHttpRequestHandler]
2018-04-01 12:46:24.907  INFO 71346 --- [main] o.s.w.s.handler.SimpleUrlHandlerMapping  : Mapped URL path [/**] onto handler of type [class org.springframework.web.servlet.resource.ResourceHttpRequestHandler]
2018-04-01 12:46:25.032  INFO 71346 --- [main] o.s.w.s.handler.SimpleUrlHandlerMapping  : Mapped URL path [/**/favicon.ico] onto handler of type [class org.springframework.web.servlet.resource.ResourceHttpRequestHandler]
2018-04-01 12:46:25.637  INFO 71346 --- [main] c.d.test.services.UserServiceTest        : Started UserServiceTest in 5.027 seconds (JVM running for 6.784)
2018-04-01 12:46:25.867  INFO 71346 --- [main] com.zaxxer.hikari.HikariDataSource       : HikariPool-1 - Starting...
2018-04-01 12:46:26.643  INFO 71346 --- [main] com.zaxxer.hikari.HikariDataSource       : HikariPool-1 - Start completed.
2018-04-01 12:46:53.791  INFO 71346 --- [main] com.database.test.services.UserService   : 10条最相似数据差异值为：1102.3999
2018-04-01 12:46:53.791  INFO 71346 --- [main] com.database.test.services.UserService   : 
{id:3938,name:昲醻磻,sex:true,maritalStatus:false,age:73.0,height:42.0,weight:63.0,hobby:蒷樢麉宯兛玅碡槳襠琐,address:诲鴵侭諀鋁嘈鴱貍澋荟,diseaseHistory:辏腜鮌稒痬雭繂浱絖部鼗芇态隼捋哭檝幞劲瀻堛薶瑒浍覅庿薫纞嘗艴,habit:郷鍼謖泋虀試铉拣醀滽瑥凐嬑鎞賑蝽澄飪馢啥摝尢硣槃躱堞饴鏠瀑儵,exerciseTarget:哌财矇禱豨虏妝觲栞諌}
{id:10671,name:毖驿蘓,sex:true,maritalStatus:false,age:74.0,height:41.0,weight:20.0,hobby:墎媘紣琊梼萿擌斁壑蟗,address:釀埨蟦蛭楒捒嗄銇姝褲,diseaseHistory:矤溶鑹遖罯祾懁膉鶴墭铪簉掮呟夶伆亳鳴缽覫蹎夰颂濷埞鵠佴嘘拦醝,habit:昀内蛡皰姃嗠彁聝甋井漴倀蒺絰丝銘坮鯋詰匐定饶婦蓪詎鷤蓴鬓檏寑,exerciseTarget:漇襁淹晜峹豅毈意刘哰}
{id:9472,name:籘标骡,sex:true,maritalStatus:true,age:79.0,height:42.0,weight:77.0,hobby:瘍縏咣軵婻瀜枮轋蔬剿,address:螣途愷郫赴珺垑跅读錂,diseaseHistory:洸驸嫠窹鴡垝鯓鬹翅縼眇窲轋柎崍碘稜戕瓛铔凹摿萋澕毞虁皋昚扈瓕,habit:綨榻窂矊镹朐嶉窦逊蝿僰顳吙纅覗肽喘茗純怿瘎欳璿朗懣芶鴙蝩訇桸,exerciseTarget:蟝鵣覒遶軐堌醔艖侔梐}
{id:17824,name:顰驎駷,sex:true,maritalStatus:true,age:75.0,height:47.0,weight:0.0,hobby:姬杠馻羾膄啰樅塺秹塃,address:攕肿颉螫焆歏楮腡虸蕝,diseaseHistory:辮爍苈陛淳匢恘擿甓趔掮藥荜费疍纆潫纝澑鴦忴胰嶈剿齟龊亚蛬昊聊,habit:跺瓊迭儤障疝虩惍愔杶碦篃冄艃呹芒挝钸既编份祝狇鯳绅磼獴勂篨傪,exerciseTarget:阇見褜芚猬汝籨禈釁痏}
{id:17137,name:睵鷔赕,sex:true,maritalStatus:false,age:80.0,height:35.0,weight:54.0,hobby:叇傜美鐄鄄萟幢颋溡阗,address:鸧抢伏佞畗蚿樥樎諾筲,diseaseHistory:猆槶售潺謝泋燓颣妭荍佽移酦亝蹚峗鸗塰枮粩蒨蠆澶獄輘繀鷿翃鮐輀,habit:裪铚讶滮摯塈覵揲咄胥嶵攌併琓奪栈娊寚卌杶癞靯鼼蓝祢塝卌猻觖昁,exerciseTarget:欹皛草愫腁儖姹柔醮腮}
{id:17840,name:鵳鐢抓,sex:true,maritalStatus:false,age:77.0,height:38.0,weight:101.0,hobby:袳揷鉺宑草商浦艄了刔,address:疑鑼煶绹牘阿簰妢讽鈚,diseaseHistory:亐籀煄晔肥巬陔伂褶槓渶媶面際臿鐐濮标譃籮齶瀔症乂蜭胚郻醿旀燁,habit:琄嬽柋儃间料埤捆婞縻銅澅悜惽嫻阡穴泿歅醶犃厴颙迡褁淵曙彤旿頼,exerciseTarget:莣鴾輘雅蒔穩鷥蛬觕鷖}
{id:4354,name:説泙顔,sex:true,maritalStatus:true,age:80.0,height:46.0,weight:24.0,hobby:槠俲枿馨噧泧資慗恌馽,address:薽蚉痩徜溚畘箍堷獪穆,diseaseHistory:蒶鼳鑄秔贮屈杀餝醶愻櫾藧於閯绯囶榫徵臷求鴴瓁谑氀颶麓抇韜幪谧,habit:酶茿風鷒遯圭鼜琚匃縒灟清戍潬驀楇鎛掬鋮氟疦毢鄙袅噧态嗳焵鉖孌,exerciseTarget:锤騕鸣浢餁讛渨涩炘鷙}
{id:15170,name:蚺飜輗,sex:true,maritalStatus:false,age:74.0,height:29.0,weight:95.0,hobby:炭禱弥鑹粄概輩豏崾掖,address:蟠娅奱瘜矀彵啉醿鈱倱,diseaseHistory:犅禮瓦谟濓畼理脵卬营劢妐鱵碶鲘歗枀兊砞冦孒礔欃猨噬欯蒚硬渪匼,habit:窴菁酌蹆叝馷踒薪旫喞敶瓗爙泵欤欞趒寃蕙诒緉輛嫵婚柎豃歳傝痏漼,exerciseTarget:灎蹔砰蛇纥鄋遭胕話箻}
{id:1715,name:蜴垈蜼,sex:true,maritalStatus:false,age:75.0,height:27.0,weight:73.0,hobby:獱脷鐡褅揇萔渜蟰袯縨,address:框貹尯璸轢棉馦砱薫姩,diseaseHistory:隳騼忛芆鞙礬翭鶛觅螝婳騟娜脠樞貜鵵爖過觓碑讽鮒菁緁锽敭鍇洤舞,habit:檗驄虞醛惿甇黳獼轚疖綠梈媷偮鵠歑琽酳氀婬湯蚘馘噮未瀩搨獱椔莵,exerciseTarget:投楤齏瀖媫肵诠腡幷鼻}
{id:18317,name:门竗炛,sex:true,maritalStatus:true,age:81.0,height:44.0,weight:33.0,hobby:鞰鞣玡柞烞鳌颚燦黫蚷,address:绕硦褍劤堁劐母斏算殈,diseaseHistory:邋駇鮐佈蠏粟员鵚梅肜毢版异麵匄懧痸腻塽薮跳笽蜯嗹嬊毋葟杒鶴唇,habit:馌悷鳛禪棭蘇堸鐠誦晄坋囇拗记伂灍觧伀鰍鈹逮眳熼醇尓脽繙蒛商艵,exerciseTarget:勫铴鐙蠓驘種怖构檱繥}

2018-04-01 12:46:53.796  INFO 71346 --- [Thread-2] o.s.w.c.s.GenericWebApplicationContext   : Closing org.springframework.web.context.support.GenericWebApplicationContext@66ce957f: startup date [Sun Apr 01 12:46:21 CST 2018]; root of context hierarchy
2018-04-01 12:46:53.799  INFO 71346 --- [Thread-2] com.zaxxer.hikari.HikariDataSource       : HikariPool-1 - Shutdown initiated...
2018-04-01 12:46:53.815  INFO 71346 --- [Thread-2] com.zaxxer.hikari.HikariDataSource       : HikariPool-1 - Shutdown completed.
2018-04-01 12:46:53.816  INFO 71346 --- [Thread-2] o.s.s.concurrent.ThreadPoolTaskExecutor  : Shutting down ExecutorService 'MyAsync'
2018-04-01 12:47:08.772  INFO 71348 --- [main] c.d.test.services.UserServiceTest        : Starting UserServiceTest on alanMacBook-Pro.local with PID 71348 (started by alan in /Users/alan/developers/ideaspace/demo/DBtest)
2018-04-01 12:47:08.775  INFO 71348 --- [main] c.d.test.services.UserServiceTest        : No active profile set, falling back to default profiles: default
2018-04-01 12:47:08.819  INFO 71348 --- [main] o.s.w.c.s.GenericWebApplicationContext   : Refreshing org.springframework.web.context.support.GenericWebApplicationContext@55b5f5d2: startup date [Sun Apr 01 12:47:08 CST 2018]; root of context hierarchy
2018-04-01 12:47:10.490  INFO 71348 --- [main] trationDelegate$BeanPostProcessorChecker : Bean 'taskExecutorConfig' of type [com.database.test.config.TaskExecutorConfig$$EnhancerBySpringCGLIB$$84c46404] is not eligible for getting processed by all BeanPostProcessors (for example: not eligible for auto-proxying)
2018-04-01 12:47:10.520  INFO 71348 --- [main] o.s.s.concurrent.ThreadPoolTaskExecutor  : Initializing ExecutorService 
2018-04-01 12:47:10.530  INFO 71348 --- [main] o.s.s.concurrent.ThreadPoolTaskExecutor  : Initializing ExecutorService  'MyAsync'
2018-04-01 12:47:10.531  INFO 71348 --- [main] trationDelegate$BeanPostProcessorChecker : Bean 'MyAsync' of type [org.springframework.scheduling.concurrent.ThreadPoolTaskExecutor] is not eligible for getting processed by all BeanPostProcessors (for example: not eligible for auto-proxying)
2018-04-01 12:47:12.284  INFO 71348 --- [main] s.w.s.m.m.a.RequestMappingHandlerAdapter : Looking for @ControllerAdvice: org.springframework.web.context.support.GenericWebApplicationContext@55b5f5d2: startup date [Sun Apr 01 12:47:08 CST 2018]; root of context hierarchy
2018-04-01 12:47:12.414  INFO 71348 --- [main] s.w.s.m.m.a.RequestMappingHandlerMapping : Mapped "{[/user/save],methods=[GET]}" onto public java.lang.String com.database.test.controller.TestController.save(int)
2018-04-01 12:47:12.415  INFO 71348 --- [main] s.w.s.m.m.a.RequestMappingHandlerMapping : Mapped "{[/user/hello],methods=[GET]}" onto public java.lang.String com.database.test.controller.TestController.hello()
2018-04-01 12:47:12.415  INFO 71348 --- [main] s.w.s.m.m.a.RequestMappingHandlerMapping : Mapped "{[/user/batchSave],methods=[GET]}" onto public java.lang.String com.database.test.controller.TestController.batchSave(int)
2018-04-01 12:47:12.416  INFO 71348 --- [main] s.w.s.m.m.a.RequestMappingHandlerMapping : Mapped "{[/user/getUserInfoByAge],methods=[GET]}" onto public java.lang.String com.database.test.controller.TestController.getUserInfoByAge(int)
2018-04-01 12:47:12.418  INFO 71348 --- [main] s.w.s.m.m.a.RequestMappingHandlerMapping : Mapped "{[/error]}" onto public org.springframework.http.ResponseEntity<java.util.Map<java.lang.String, java.lang.Object>> org.springframework.boot.autoconfigure.web.servlet.error.BasicErrorController.error(javax.servlet.http.HttpServletRequest)
2018-04-01 12:47:12.420  INFO 71348 --- [main] s.w.s.m.m.a.RequestMappingHandlerMapping : Mapped "{[/error],produces=[text/html]}" onto public org.springframework.web.servlet.ModelAndView org.springframework.boot.autoconfigure.web.servlet.error.BasicErrorController.errorHtml(javax.servlet.http.HttpServletRequest,javax.servlet.http.HttpServletResponse)
2018-04-01 12:47:12.685  INFO 71348 --- [main] o.s.w.s.handler.SimpleUrlHandlerMapping  : Mapped URL path [/webjars/**] onto handler of type [class org.springframework.web.servlet.resource.ResourceHttpRequestHandler]
2018-04-01 12:47:12.685  INFO 71348 --- [main] o.s.w.s.handler.SimpleUrlHandlerMapping  : Mapped URL path [/**] onto handler of type [class org.springframework.web.servlet.resource.ResourceHttpRequestHandler]
2018-04-01 12:47:12.802  INFO 71348 --- [main] o.s.w.s.handler.SimpleUrlHandlerMapping  : Mapped URL path [/**/favicon.ico] onto handler of type [class org.springframework.web.servlet.resource.ResourceHttpRequestHandler]
2018-04-01 12:47:13.365  INFO 71348 --- [main] c.d.test.services.UserServiceTest        : Started UserServiceTest in 5.202 seconds (JVM running for 7.209)
2018-04-01 12:47:13.570  INFO 71348 --- [main] com.zaxxer.hikari.HikariDataSource       : HikariPool-1 - Starting...
2018-04-01 12:47:14.247  INFO 71348 --- [main] com.zaxxer.hikari.HikariDataSource       : HikariPool-1 - Start completed.
2018-04-01 12:47:39.615  INFO 71348 --- [main] com.database.test.services.UserService   : 10条最相似数据差异值为：4119.2
2018-04-01 12:47:39.615  INFO 71348 --- [main] com.database.test.services.UserService   : 
{id:8211,name:婔鲈蔊,sex:false,maritalStatus:true,age:73.0,height:105.0,weight:53.0,hobby:刲禆喢淉瘸帞謣銵拯钿,address:瑦輾欣聨賗奂嶯含朎瑟,diseaseHistory:瘠憋撑铽怴檉趴鸻腏镈嶄塉蕃桲險延獽鳒漆腐紺洝聏嬮屢灓國柋徎轮,habit:緇薔怉暍蛅酜腽挰垆祟鰵磊懛偯稃煛养苉榼遒櫌坸冄隄澣珅痳噪薱獕,exerciseTarget:傿捿浐诟瘠塎谶瘯壦雝}
{id:15523,name:鑒謝衴,sex:false,maritalStatus:false,age:70.0,height:97.0,weight:88.0,hobby:啘啾窕故庼琟鞤蒠麽簦,address:愰茙哄簈朜聡葬冼贓荖,diseaseHistory:常媔旊鳐闤厡箅敛惸懁抨书鱴直漛幼饑抳疴簌钶譓伅暋氽业乥蚍耱懪,habit:砮酲癸篤祱镚悈啅跐貸奠廝傣翹惺柵啥勂楿紃妒瀇並涥畃镁蔷忟湄軨,exerciseTarget:蠹騗窫訷蚚绦幂慦獛耑}
{id:2737,name:歋郔郳,sex:false,maritalStatus:true,age:72.0,height:106.0,weight:178.0,hobby:蘊扅翾哙鯉柘偐凚礵奓,address:躚從娤詤聃跉簖镼覌伌,diseaseHistory:吐拤藌蕭飫蹴揆夃世湮搟資袁嚼棓搌羟斅仟婎谋涹箏瀨獈茘氻蚿瞕齄,habit:樑郇蓕槠貙朷刍縈夺唓闾姱杰瘿漈蛃玟譯楁帣岬莱諝师缗默緯媊菙屦,exerciseTarget:謅惤袽冘遢晻妓鶇宒硌}
{id:1421,name:夣鲋箸,sex:false,maritalStatus:true,age:71.0,height:109.0,weight:192.0,hobby:軠磱靊妀鋲垯憹我蓏谫,address:腭莬伞鄹秡男癶剀蛃堷,diseaseHistory:掜曗技劎钹齚骹宦饰熫曆閬祡滎糿脐処蘖侃坣絧性爧憳硨鐸紟颽蛲偷,habit:耪聅芗芆夔鏔腫巇迿襄靲燈奔鎡箕燋醏濫瘒蓌謙牆偰搒队粉奢鯟兇哴,exerciseTarget:飚沸輚譟衞輋雗騔磑菽}
{id:12961,name:榅橍昏,sex:false,maritalStatus:true,age:68.0,height:101.0,weight:124.0,hobby:紐碕橥瘆洪礘銷巙菪豖,address:揬踾纣覜窾惔偍唌豨齩,diseaseHistory:皱桅搾琱綇杷縱儗驴穓簾縁聢疍鋪傓还斗叕恬鞱筥涊坰飈誙婍簛弭鷊,habit:椳餪飬瀂恖吃慁櫖颲院趯瞓螼俛帒栂鱄贄擅謺深旍颶珤胋鐇糚豪溘魥,exerciseTarget:笰叚倎豏憄刕麲揮晔瑽}
{id:4873,name:琀嫢馛,sex:true,maritalStatus:true,age:75.0,height:96.0,weight:162.0,hobby:彆俼聠妃琗桜邙啕餰竻,address:寗礁爬鱭耼证進蛅轈則,diseaseHistory:鮌急紀蓒邓蹁榀娝歼跇翿瑩藾鸩涨望欜碦途搒恹鵸揧謅騻蝊殌諌抩矃,habit:殰宰絘豏炇堇禤嫇故涤鬕榰摲寡脁煚紤嚵戨栒鰢氞眚啇伜牳櫯癫閒挮,exerciseTarget:酑簆锄榸沫漌鱤峔慊釣}
{id:14760,name:祭鐽胡,sex:true,maritalStatus:true,age:70.0,height:105.0,weight:172.0,hobby:宽嚚學濆甪淞塩袶铹肬,address:迧毲向背咅鬓泏蒓歯溩,diseaseHistory:躭邾阧扙珦藻嫝伲萊顜衇扴尃崬严罃埍翦鰓幷莀嬩賚儲偙桐奬稦谶狳,habit:孭莎毽嶁娎埫屟諊廴糠鷀灊泞擐凉裝屉祤唦簳勊櫔聘扛决偳袎赔蘙鏎,exerciseTarget:浟籝楍瀁傈葃妾憆吆郼}
{id:3390,name:鹬獪按,sex:true,maritalStatus:true,age:72.0,height:98.0,weight:81.0,hobby:噺鞵泹梑孉須畮肂謄聋,address:芀畳揅眶惛嬛羊蔃碼塷,diseaseHistory:代惵袱挮紡珛萧貼鰜嵫蚏荆鬠紑梈栌鎕袀譜暌砧胅承胳嫑锛螔圭秛餚,habit:蘿饮菊駲忈蚸癛坌忱佯筋翬曔觯曹埵冋鮸彰您摭湸諻脞渗耛儎鬭懼嫕,exerciseTarget:癍蔊籞睻亷甀繨灏耬嚕}
{id:17481,name:鮄暯茮,sex:false,maritalStatus:false,age:69.0,height:109.0,weight:109.0,hobby:戋蜐溙燭鐫唝轳狃更挜,address:珟唑匪沇癇悷旘忁柽笲,diseaseHistory:鉧莮欭恗铸鱳楃舓誳祀瑇嫵螠鵠绉弡岹眨魟晚槄窜呪贘镒喚届膨脚醔,habit:柳秥庪喽狸铩芖杍倭覌羀蝆鯽贑徵榬罕莽況渰泖刡繰牆郅抔悖鹩鐸洺,exerciseTarget:誙駰蓙啇鏮禀軇櫼鰚欢}
{id:13418,name:拚崡鰴,sex:false,maritalStatus:false,age:76.0,height:107.0,weight:33.0,hobby:訇祔饸稢岒漡翦峜芍腧,address:竸夛峺囇煕殖巈淞餧泃,diseaseHistory:秳寧耄衚煐蕊鵩顓駯炡汮蘱喬哶埋訹慹簰漓脣珢蔼泄为濾墔媓廵砽皭,habit:嘍颛齬谟甮碮傋陭顎贛飌穓兜砭燛崏博蝰沸圻蟥芸餋辿灞坍驱煊喦鄁,exerciseTarget:屹霄絓阑勳莥顉庫灕欳}

2018-04-01 12:47:39.626  INFO 71348 --- [Thread-2] o.s.w.c.s.GenericWebApplicationContext   : Closing org.springframework.web.context.support.GenericWebApplicationContext@55b5f5d2: startup date [Sun Apr 01 12:47:08 CST 2018]; root of context hierarchy
2018-04-01 12:47:39.633  INFO 71348 --- [Thread-2] com.zaxxer.hikari.HikariDataSource       : HikariPool-1 - Shutdown initiated...
2018-04-01 12:47:39.656  INFO 71348 --- [Thread-2] com.zaxxer.hikari.HikariDataSource       : HikariPool-1 - Shutdown completed.
2018-04-01 12:47:39.657  INFO 71348 --- [Thread-2] o.s.s.concurrent.ThreadPoolTaskExecutor  : Shutting down ExecutorService 'MyAsync'
2018-04-01 13:01:13.574  INFO 71383 --- [main] c.d.test.services.UserServiceTest        : Starting UserServiceTest on alanMacBook-Pro.local with PID 71383 (started by alan in /Users/alan/developers/ideaspace/demo/DBtest)
2018-04-01 13:01:13.576  INFO 71383 --- [main] c.d.test.services.UserServiceTest        : No active profile set, falling back to default profiles: default
2018-04-01 13:01:13.619  INFO 71383 --- [main] o.s.w.c.s.GenericWebApplicationContext   : Refreshing org.springframework.web.context.support.GenericWebApplicationContext@66ce957f: startup date [Sun Apr 01 13:01:13 CST 2018]; root of context hierarchy
2018-04-01 13:01:15.039  INFO 71383 --- [main] trationDelegate$BeanPostProcessorChecker : Bean 'taskExecutorConfig' of type [com.database.test.config.TaskExecutorConfig$$EnhancerBySpringCGLIB$$788f1e52] is not eligible for getting processed by all BeanPostProcessors (for example: not eligible for auto-proxying)
2018-04-01 13:01:15.068  INFO 71383 --- [main] o.s.s.concurrent.ThreadPoolTaskExecutor  : Initializing ExecutorService 
2018-04-01 13:01:15.077  INFO 71383 --- [main] o.s.s.concurrent.ThreadPoolTaskExecutor  : Initializing ExecutorService  'MyAsync'
2018-04-01 13:01:15.077  INFO 71383 --- [main] trationDelegate$BeanPostProcessorChecker : Bean 'MyAsync' of type [org.springframework.scheduling.concurrent.ThreadPoolTaskExecutor] is not eligible for getting processed by all BeanPostProcessors (for example: not eligible for auto-proxying)
2018-04-01 13:01:16.678  INFO 71383 --- [main] s.w.s.m.m.a.RequestMappingHandlerAdapter : Looking for @ControllerAdvice: org.springframework.web.context.support.GenericWebApplicationContext@66ce957f: startup date [Sun Apr 01 13:01:13 CST 2018]; root of context hierarchy
2018-04-01 13:01:16.832  INFO 71383 --- [main] s.w.s.m.m.a.RequestMappingHandlerMapping : Mapped "{[/user/save],methods=[GET]}" onto public java.lang.String com.database.test.controller.TestController.save(int)
2018-04-01 13:01:16.833  INFO 71383 --- [main] s.w.s.m.m.a.RequestMappingHandlerMapping : Mapped "{[/user/batchSave],methods=[GET]}" onto public java.lang.String com.database.test.controller.TestController.batchSave(int)
2018-04-01 13:01:16.834  INFO 71383 --- [main] s.w.s.m.m.a.RequestMappingHandlerMapping : Mapped "{[/user/getUserInfoByAge],methods=[GET]}" onto public java.lang.String com.database.test.controller.TestController.getUserInfoByAge(int)
2018-04-01 13:01:16.834  INFO 71383 --- [main] s.w.s.m.m.a.RequestMappingHandlerMapping : Mapped "{[/user/hello],methods=[GET]}" onto public java.lang.String com.database.test.controller.TestController.hello()
2018-04-01 13:01:16.836  INFO 71383 --- [main] s.w.s.m.m.a.RequestMappingHandlerMapping : Mapped "{[/error]}" onto public org.springframework.http.ResponseEntity<java.util.Map<java.lang.String, java.lang.Object>> org.springframework.boot.autoconfigure.web.servlet.error.BasicErrorController.error(javax.servlet.http.HttpServletRequest)
2018-04-01 13:01:16.837  INFO 71383 --- [main] s.w.s.m.m.a.RequestMappingHandlerMapping : Mapped "{[/error],produces=[text/html]}" onto public org.springframework.web.servlet.ModelAndView org.springframework.boot.autoconfigure.web.servlet.error.BasicErrorController.errorHtml(javax.servlet.http.HttpServletRequest,javax.servlet.http.HttpServletResponse)
2018-04-01 13:01:17.036  INFO 71383 --- [main] o.s.w.s.handler.SimpleUrlHandlerMapping  : Mapped URL path [/webjars/**] onto handler of type [class org.springframework.web.servlet.resource.ResourceHttpRequestHandler]
2018-04-01 13:01:17.037  INFO 71383 --- [main] o.s.w.s.handler.SimpleUrlHandlerMapping  : Mapped URL path [/**] onto handler of type [class org.springframework.web.servlet.resource.ResourceHttpRequestHandler]
2018-04-01 13:01:17.158  INFO 71383 --- [main] o.s.w.s.handler.SimpleUrlHandlerMapping  : Mapped URL path [/**/favicon.ico] onto handler of type [class org.springframework.web.servlet.resource.ResourceHttpRequestHandler]
2018-04-01 13:01:17.689  INFO 71383 --- [main] c.d.test.services.UserServiceTest        : Started UserServiceTest in 4.555 seconds (JVM running for 6.038)
2018-04-01 13:01:17.964  INFO 71383 --- [main] com.zaxxer.hikari.HikariDataSource       : HikariPool-1 - Starting...
2018-04-01 13:01:18.599  INFO 71383 --- [main] com.zaxxer.hikari.HikariDataSource       : HikariPool-1 - Start completed.
2018-04-01 13:02:36.286  INFO 71383 --- [main] com.database.test.services.UserService   : 10条最相似数据差异值为：4467.2
2018-04-01 13:02:36.292  INFO 71383 --- [main] com.database.test.services.UserService   : 
{id:8211,name:斋矽懷,sex:false,maritalStatus:false,age:73.0,height:105.0,weight:70.0,hobby:壸鮧釈獞纖瀻穗悐寵韇,address:浳屺鶉夒篈吩土墴蟙竜,diseaseHistory:縚藢仸浵殰秈楳邧雹鐨蛎焥胡敇忰倅褪燞鏕鱞瘝怜緮佺鴦玷娝閈蛢魂,habit:簿蛩襃苋镙釙羓蜷琹小畓迨熈倭妤悫緱掯閂柄尿穤挰臇梀涬蘍膥睠筨,exerciseTarget:祱蠔卼堧鑱徨狚斟谁浼}
{id:15523,name:涤萶胤,sex:false,maritalStatus:false,age:70.0,height:97.0,weight:25.0,hobby:聼踏暑桾澈钊椦美溯縶,address:歞衒砂勔儐撚屯渝羓槩,diseaseHistory:焴箆坽鳷犇糌伃娴彋瘈裵硉憝嫡鮿靊纠萅瑺垸灷弚扼芵茲鲃惴棣梥紽,habit:抙帕囐臜笽貴諆嗱翩嘛柖鴡庣薗礻阉孰尶夸篵俹伡侅晡睟繅飔蠳磏硷,exerciseTarget:鲺能玜慫瀐嬚铏徼砹烯}
{id:2737,name:嬿挴呙,sex:false,maritalStatus:true,age:72.0,height:106.0,weight:38.0,hobby:再町蒛栙蒗嗆邋鵞寠讄,address:蜟俤妋劗隂済宸芌尝瞋,diseaseHistory:萓鍮饕吠女儞蜳柍歧櫇曅鼰椛诠萠箓鱐淊蓇麾三维齀赴靬譆师毾覠榅,habit:弐吊刪鮲鎂瞢漍茯紙豸轢訐潍徂鄉睆斥喗距毗浉銖俾筴抠悞殶淌謖猁,exerciseTarget:撹甾丯往觻橏紽揈歵焏}
{id:1421,name:痜脛墥,sex:false,maritalStatus:false,age:71.0,height:109.0,weight:80.0,hobby:壍這竝縔誯蟷搡峃堋怤,address:臈嫠肉丕菩铃趲鞿垠禨,diseaseHistory:鎗吇驩疚忁戮养犇翷媇诉抆磎墒词攈橇读鑡逋櫰鶡少崽逫聙痱枓毘襛,habit:饞絁炽霛稠盡翦碝奩萊烐兵紣氝攀躞伯躲蔉勷绒餬卾娻療拏涁粡虝槴,exerciseTarget:禊恐蔙觰麡仕橳窙蘛句}
{id:12961,name:燂東惿,sex:false,maritalStatus:true,age:68.0,height:101.0,weight:179.0,hobby:螰桴濚髎閃茅黉儌炊狍,address:遇拨覺锋埰蜾陑鰑厏濷,diseaseHistory:猨鱆跶慭笢炍甧譁嫄蹷窣蝨蟆謔淨椊傢羪陠钾萙鮐剄灮覽譱耥籁湬酕,habit:妴桔塀靕謄糥岀謓敓厵気体徂操祙赜顚匦矆舳蕭歼珃竟嬄衦蛧凜泼诓,exerciseTarget:懌鴓陳梦畆刴竃孇涖誎}
{id:4873,name:羅糒寁,sex:true,maritalStatus:false,age:75.0,height:96.0,weight:182.0,hobby:丟轝硭妿蓢撷緰前储僲,address:牃锅搕视笿栦噙妁诼瘱,diseaseHistory:鑊辒鵅絣頍畘鄆誷痢鄠甩経侥洓厔砇磙礓拲蒲譴朑邢禧囉憒蠡鸰鎍曓,habit:稂嗰敠渑酆认泅鐩枔滃驡榚嬒泡滅扐瑆罏蒨蟶誊岂籯續嗨箉瀉諊茛怅,exerciseTarget:铏燾艺篠蕹儱辥嶌娑烇}
{id:14760,name:并濢俟,sex:true,maritalStatus:true,age:70.0,height:105.0,weight:172.0,hobby:幂邌孠營衚歨缒粥怉澴,address:嶨鸖葝櫡鮃壞袠婬艝鯯,diseaseHistory:秧惂沀承植葥轶桋诓睟搞抢筣玥捞十隙膏枰骤鱱冖醗犞糔齍啑匵蕾汷,habit:鄟荿啘貙倸緰母褛米蠨裤驒列嵑韀簍鱭浝吅揈祘漋碕敝煂褨丧紑嘥馺,exerciseTarget:裥珽暸鑏捊籮罍粮甧裲}
{id:3390,name:佯買箆,sex:true,maritalStatus:false,age:72.0,height:98.0,weight:95.0,hobby:讃鲹喥洝鸡樖细遗谠窖,address:隷椚翑獯镩鯀膀轎髕芍,diseaseHistory:咄闛佺豄簣箦鰻盵乃薙嗦閡鷏満字嗈羘彮瑌蟅至喨鬢椤攛勼粁價健貌,habit:傜鱤荧鼖餲奿砽羳雇磞掣滙鼆孋衘记持擤矫骶堸鴅阣喐冮鍲逩鬔筅弆,exerciseTarget:杨铫蜸廨潋灴蹪绗胧祑}
{id:17481,name:嫭榃釭,sex:false,maritalStatus:false,age:69.0,height:109.0,weight:2.0,hobby:竏姩暳母鍇揾婬箝貒抎,address:靘臷樐掫苃榮姛储詁葖,diseaseHistory:繠遁覒匢颋欞炜闌訏莌纯甉灟坡罽媟颞顳顳撌頭榕罄籓篮轪屮儳毲蜚,habit:枅雓滇夽蕈涵炻铗嚵竑秊佾羻荿殱擞葪碓苨躠鄻正湞虅勜褋既梤勖輨,exerciseTarget:榕醤丁鳳轄崊吁茤棎歇}
{id:13418,name:蓬貙瑭,sex:false,maritalStatus:false,age:76.0,height:107.0,weight:157.0,hobby:庛漢媗鞼敂拺薜鵶飣迈,address:諠冗斣盹頩环黽嗖次蒱,diseaseHistory:吔暧度啝鴫枃杀鎯餂尽籬鼩蕘泪造虐艙孯漦鏤佀繄蹆鬰磹鉄垠浡悾卆,habit:婈睭鹳阿讏鈐谥黏贂鏜妵洙芨楎弻殫蚚糒逤勎猪氉錛玼勿懜龍駎鼹琲,exerciseTarget:峼漑黔鶺餝鏀鶩龃暑馣}

2018-04-01 13:02:36.306  INFO 71383 --- [Thread-2] o.s.w.c.s.GenericWebApplicationContext   : Closing org.springframework.web.context.support.GenericWebApplicationContext@66ce957f: startup date [Sun Apr 01 13:01:13 CST 2018]; root of context hierarchy
2018-04-01 13:02:36.317  INFO 71383 --- [Thread-2] com.zaxxer.hikari.HikariDataSource       : HikariPool-1 - Shutdown initiated...
2018-04-01 13:02:36.324  INFO 71383 --- [Thread-2] com.zaxxer.hikari.HikariDataSource       : HikariPool-1 - Shutdown completed.
2018-04-01 13:02:36.325  INFO 71383 --- [Thread-2] o.s.s.concurrent.ThreadPoolTaskExecutor  : Shutting down ExecutorService 'MyAsync'
2018-04-01 13:02:47.420  INFO 71388 --- [main] c.d.test.services.UserServiceTest        : Starting UserServiceTest on alanMacBook-Pro.local with PID 71388 (started by alan in /Users/alan/developers/ideaspace/demo/DBtest)
2018-04-01 13:02:47.422  INFO 71388 --- [main] c.d.test.services.UserServiceTest        : No active profile set, falling back to default profiles: default
2018-04-01 13:02:47.470  INFO 71388 --- [main] o.s.w.c.s.GenericWebApplicationContext   : Refreshing org.springframework.web.context.support.GenericWebApplicationContext@55b5f5d2: startup date [Sun Apr 01 13:02:47 CST 2018]; root of context hierarchy
2018-04-01 13:02:49.095  INFO 71388 --- [main] trationDelegate$BeanPostProcessorChecker : Bean 'taskExecutorConfig' of type [com.database.test.config.TaskExecutorConfig$$EnhancerBySpringCGLIB$$4faeb827] is not eligible for getting processed by all BeanPostProcessors (for example: not eligible for auto-proxying)
2018-04-01 13:02:49.149  INFO 71388 --- [main] o.s.s.concurrent.ThreadPoolTaskExecutor  : Initializing ExecutorService 
2018-04-01 13:02:49.167  INFO 71388 --- [main] o.s.s.concurrent.ThreadPoolTaskExecutor  : Initializing ExecutorService  'MyAsync'
2018-04-01 13:02:49.167  INFO 71388 --- [main] trationDelegate$BeanPostProcessorChecker : Bean 'MyAsync' of type [org.springframework.scheduling.concurrent.ThreadPoolTaskExecutor] is not eligible for getting processed by all BeanPostProcessors (for example: not eligible for auto-proxying)
2018-04-01 13:02:50.868  INFO 71388 --- [main] s.w.s.m.m.a.RequestMappingHandlerAdapter : Looking for @ControllerAdvice: org.springframework.web.context.support.GenericWebApplicationContext@55b5f5d2: startup date [Sun Apr 01 13:02:47 CST 2018]; root of context hierarchy
2018-04-01 13:02:50.986  INFO 71388 --- [main] s.w.s.m.m.a.RequestMappingHandlerMapping : Mapped "{[/user/save],methods=[GET]}" onto public java.lang.String com.database.test.controller.TestController.save(int)
2018-04-01 13:02:50.987  INFO 71388 --- [main] s.w.s.m.m.a.RequestMappingHandlerMapping : Mapped "{[/user/hello],methods=[GET]}" onto public java.lang.String com.database.test.controller.TestController.hello()
2018-04-01 13:02:50.987  INFO 71388 --- [main] s.w.s.m.m.a.RequestMappingHandlerMapping : Mapped "{[/user/batchSave],methods=[GET]}" onto public java.lang.String com.database.test.controller.TestController.batchSave(int)
2018-04-01 13:02:50.987  INFO 71388 --- [main] s.w.s.m.m.a.RequestMappingHandlerMapping : Mapped "{[/user/getUserInfoByAge],methods=[GET]}" onto public java.lang.String com.database.test.controller.TestController.getUserInfoByAge(int)
2018-04-01 13:02:50.990  INFO 71388 --- [main] s.w.s.m.m.a.RequestMappingHandlerMapping : Mapped "{[/error]}" onto public org.springframework.http.ResponseEntity<java.util.Map<java.lang.String, java.lang.Object>> org.springframework.boot.autoconfigure.web.servlet.error.BasicErrorController.error(javax.servlet.http.HttpServletRequest)
2018-04-01 13:02:50.991  INFO 71388 --- [main] s.w.s.m.m.a.RequestMappingHandlerMapping : Mapped "{[/error],produces=[text/html]}" onto public org.springframework.web.servlet.ModelAndView org.springframework.boot.autoconfigure.web.servlet.error.BasicErrorController.errorHtml(javax.servlet.http.HttpServletRequest,javax.servlet.http.HttpServletResponse)
2018-04-01 13:02:51.214  INFO 71388 --- [main] o.s.w.s.handler.SimpleUrlHandlerMapping  : Mapped URL path [/webjars/**] onto handler of type [class org.springframework.web.servlet.resource.ResourceHttpRequestHandler]
2018-04-01 13:02:51.215  INFO 71388 --- [main] o.s.w.s.handler.SimpleUrlHandlerMapping  : Mapped URL path [/**] onto handler of type [class org.springframework.web.servlet.resource.ResourceHttpRequestHandler]
2018-04-01 13:02:51.350  INFO 71388 --- [main] o.s.w.s.handler.SimpleUrlHandlerMapping  : Mapped URL path [/**/favicon.ico] onto handler of type [class org.springframework.web.servlet.resource.ResourceHttpRequestHandler]
2018-04-01 13:02:51.881  INFO 71388 --- [main] c.d.test.services.UserServiceTest        : Started UserServiceTest in 5.069 seconds (JVM running for 7.167)
2018-04-01 13:02:52.103  INFO 71388 --- [main] com.zaxxer.hikari.HikariDataSource       : HikariPool-1 - Starting...
2018-04-01 13:02:53.184  INFO 71388 --- [main] com.zaxxer.hikari.HikariDataSource       : HikariPool-1 - Start completed.
2018-04-01 13:05:00.028  WARN 71388 --- [HikariPool-1 housekeeper] com.zaxxer.hikari.pool.HikariPool        : HikariPool-1 - Thread starvation or clock leap detected (housekeeper delta=54s229ms).
2018-04-01 13:05:10.105  INFO 71388 --- [Thread-2] o.s.w.c.s.GenericWebApplicationContext   : Closing org.springframework.web.context.support.GenericWebApplicationContext@55b5f5d2: startup date [Sun Apr 01 13:02:47 CST 2018]; root of context hierarchy
2018-04-01 13:05:10.114  INFO 71388 --- [Thread-2] com.zaxxer.hikari.HikariDataSource       : HikariPool-1 - Shutdown initiated...
2018-04-01 13:05:10.124  INFO 71388 --- [Thread-2] com.zaxxer.hikari.HikariDataSource       : HikariPool-1 - Shutdown completed.
2018-04-01 13:05:10.125  INFO 71388 --- [Thread-2] o.s.s.concurrent.ThreadPoolTaskExecutor  : Shutting down ExecutorService 'MyAsync'
2018-04-01 13:05:16.954  INFO 71394 --- [main] c.d.test.services.UserServiceTest        : Starting UserServiceTest on alanMacBook-Pro.local with PID 71394 (started by alan in /Users/alan/developers/ideaspace/demo/DBtest)
2018-04-01 13:05:16.960  INFO 71394 --- [main] c.d.test.services.UserServiceTest        : No active profile set, falling back to default profiles: default
2018-04-01 13:05:17.045  INFO 71394 --- [main] o.s.w.c.s.GenericWebApplicationContext   : Refreshing org.springframework.web.context.support.GenericWebApplicationContext@556d0826: startup date [Sun Apr 01 13:05:17 CST 2018]; root of context hierarchy
2018-04-01 13:05:18.933  INFO 71394 --- [main] trationDelegate$BeanPostProcessorChecker : Bean 'taskExecutorConfig' of type [com.database.test.config.TaskExecutorConfig$$EnhancerBySpringCGLIB$$9e2bc981] is not eligible for getting processed by all BeanPostProcessors (for example: not eligible for auto-proxying)
2018-04-01 13:05:18.960  INFO 71394 --- [main] o.s.s.concurrent.ThreadPoolTaskExecutor  : Initializing ExecutorService 
2018-04-01 13:05:18.970  INFO 71394 --- [main] o.s.s.concurrent.ThreadPoolTaskExecutor  : Initializing ExecutorService  'MyAsync'
2018-04-01 13:05:18.970  INFO 71394 --- [main] trationDelegate$BeanPostProcessorChecker : Bean 'MyAsync' of type [org.springframework.scheduling.concurrent.ThreadPoolTaskExecutor] is not eligible for getting processed by all BeanPostProcessors (for example: not eligible for auto-proxying)
2018-04-01 13:05:21.026  INFO 71394 --- [main] s.w.s.m.m.a.RequestMappingHandlerAdapter : Looking for @ControllerAdvice: org.springframework.web.context.support.GenericWebApplicationContext@556d0826: startup date [Sun Apr 01 13:05:17 CST 2018]; root of context hierarchy
2018-04-01 13:05:21.236  INFO 71394 --- [main] s.w.s.m.m.a.RequestMappingHandlerMapping : Mapped "{[/user/save],methods=[GET]}" onto public java.lang.String com.database.test.controller.TestController.save(int)
2018-04-01 13:05:21.239  INFO 71394 --- [main] s.w.s.m.m.a.RequestMappingHandlerMapping : Mapped "{[/user/hello],methods=[GET]}" onto public java.lang.String com.database.test.controller.TestController.hello()
2018-04-01 13:05:21.241  INFO 71394 --- [main] s.w.s.m.m.a.RequestMappingHandlerMapping : Mapped "{[/user/batchSave],methods=[GET]}" onto public java.lang.String com.database.test.controller.TestController.batchSave(int)
2018-04-01 13:05:21.245  INFO 71394 --- [main] s.w.s.m.m.a.RequestMappingHandlerMapping : Mapped "{[/user/getUserInfoByAge],methods=[GET]}" onto public java.lang.String com.database.test.controller.TestController.getUserInfoByAge(int)
2018-04-01 13:05:21.254  INFO 71394 --- [main] s.w.s.m.m.a.RequestMappingHandlerMapping : Mapped "{[/error]}" onto public org.springframework.http.ResponseEntity<java.util.Map<java.lang.String, java.lang.Object>> org.springframework.boot.autoconfigure.web.servlet.error.BasicErrorController.error(javax.servlet.http.HttpServletRequest)
2018-04-01 13:05:21.256  INFO 71394 --- [main] s.w.s.m.m.a.RequestMappingHandlerMapping : Mapped "{[/error],produces=[text/html]}" onto public org.springframework.web.servlet.ModelAndView org.springframework.boot.autoconfigure.web.servlet.error.BasicErrorController.errorHtml(javax.servlet.http.HttpServletRequest,javax.servlet.http.HttpServletResponse)
2018-04-01 13:05:21.515  INFO 71394 --- [main] o.s.w.s.handler.SimpleUrlHandlerMapping  : Mapped URL path [/webjars/**] onto handler of type [class org.springframework.web.servlet.resource.ResourceHttpRequestHandler]
2018-04-01 13:05:21.516  INFO 71394 --- [main] o.s.w.s.handler.SimpleUrlHandlerMapping  : Mapped URL path [/**] onto handler of type [class org.springframework.web.servlet.resource.ResourceHttpRequestHandler]
2018-04-01 13:05:21.734  INFO 71394 --- [main] o.s.w.s.handler.SimpleUrlHandlerMapping  : Mapped URL path [/**/favicon.ico] onto handler of type [class org.springframework.web.servlet.resource.ResourceHttpRequestHandler]
2018-04-01 13:05:22.485  INFO 71394 --- [main] c.d.test.services.UserServiceTest        : Started UserServiceTest in 6.664 seconds (JVM running for 8.829)
2018-04-01 13:05:22.830  INFO 71394 --- [main] com.zaxxer.hikari.HikariDataSource       : HikariPool-1 - Starting...
2018-04-01 13:05:24.157  INFO 71394 --- [main] com.zaxxer.hikari.HikariDataSource       : HikariPool-1 - Start completed.
2018-04-01 13:06:52.335  WARN 71394 --- [HikariPool-1 housekeeper] com.zaxxer.hikari.pool.HikariPool        : HikariPool-1 - Thread starvation or clock leap detected (housekeeper delta=48s391ms).
2018-04-01 13:07:10.450  INFO 71394 --- [main] com.database.test.services.UserService   : 10条最相似数据差异值为：977.0001
2018-04-01 13:07:10.459  INFO 71394 --- [main] com.database.test.services.UserService   : 
{id:16069,name:鐩箑韯,sex:true,maritalStatus:true,age:72.0,height:48.0,weight:143.0,hobby:盥喪蟯聈溝橸蒾翞鸦鴰,address:控澙澷気袤貢恊覒柛嬒,diseaseHistory:捄葵誴蜌享摣艤譐觊培菷夑羌乧羔硫鵨姽罀羖闥缏鋖踓歽揬淤趄韈虺,habit:詞蓪蘝礪涄麉鐟猞燹殃懚駞喷撪缻錅童殥坊陌捡幁熞畸資銊艟譖劫缓,exerciseTarget:躽糝雫戛鎍韥鎰锛燀碚}
{id:19643,name:悙脻茟,sex:true,maritalStatus:false,age:72.0,height:41.0,weight:136.0,hobby:崳輣蟦鷬鑿茧溑蘆鯱粔,address:壙披诂躘規馯緕绾寙尚,diseaseHistory:褙回鰟詥贚土怂摕嵂奖珛珺潑协讨竫兵器涢蘸荰趃紺蕻餕栃錒鴇匭絊,habit:脡吲尲朗芄政嗩腹嗵裑靅汻慂遢挑沣嬊肻让篁鍭滙饿吷盻憠偞婹鏫栖,exerciseTarget:閍庆鉁妷蕆課脩湅淕濴}
{id:3903,name:嘯娸謶,sex:true,maritalStatus:false,age:70.0,height:46.0,weight:153.0,hobby:茅剞甛爠畐噥散蹳緛琟,address:吣疲握嫰哗驆畿攮畓唟,diseaseHistory:捕珈縇瘺翛犤襴汻髒圵爇豁樃徑芟揇昘奭銫鸍垧蹀敃榖祉蒴啕鉶鐒帗,habit:娾齄飭侽窬蹡蒌梋摩繥擀桵麧娭礠湯貃氀茑泴棪横冤蜁唅診弨蓡邴鰲,exerciseTarget:峒櫾假睾丕嚛哅乔昱宧}
{id:10478,name:蹦昧嬻,sex:true,maritalStatus:true,age:73.0,height:46.0,weight:183.0,hobby:姤麂歎鳪獲嫪轂魉圗袑,address:鯗慚卙榲鎮魤賛有榒裥,diseaseHistory:灹櫘疘梼猖眭炶綃樠罓繥哀絥媁虭貯窅簈伃慊崜纱酻拄侥焔鎎龑揫悐,habit:尤団鯓僂茋押楢曪竃嘄俲蕫偟勍只耄岨蒕佄窓炤頦豤菜獛剭癉龕阉鳸,exerciseTarget:屒蠂呪侽柶檱銓凌诳瀐}
{id:1019,name:憐脤哧,sex:true,maritalStatus:false,age:76.0,height:47.0,weight:189.0,hobby:銬壕醪谂妭鉀竐耝欋钝,address:顧県栠擝詉猴騝闤叓偃,diseaseHistory:摒忑夒纜匙衐瘓瘳冏疐諈葙分鮷奩槼關虬蝔顼蚶薢榧拱鰚幺攂惮琀涢,habit:餠結淉峋銘媢蕭菘蘥虉玼壱庬薛劏饳燮擗扨绕緼鰫瘐谨愆颐砑针瘳童,exerciseTarget:蟐鷵汐彯瀅坍熺佟喴棘}
{id:1732,name:侼鞠甛,sex:true,maritalStatus:false,age:77.0,height:48.0,weight:73.0,hobby:挄秂羥灮展冑肦湝螡势,address:役腔舦程誟皬輒贐鴊櫨,diseaseHistory:鍠寔鏛邻獆垲蹀菌旹鎕木粬磥貣眨珣烂鵍檄湃岰虰枧勐丄罼怙鶚渺眜,habit:蘣蠵鎱糈懱嚲燯歳髳沑柡鋅艫悖籊訬胍拘朎糠姟娟獊鵭瞭鍾賜鈙槣仯,exerciseTarget:棌陆嗽蹧魗賶埠鬯鑦爮}
{id:4690,name:鹜笞镬,sex:true,maritalStatus:true,age:73.0,height:45.0,weight:159.0,hobby:叕堄齠顚婋鶈戌闺愦輑,address:溦濋嘒跋螨荽塘嗡恍养,diseaseHistory:际暪陠駟剏香棘馘訥悩骼謄叐匘垅澄朎嗹诚掟莱魶曥爨蒧跳峅帘菝紸,habit:緯橳韍緩縂刣魌鰸忄見菦奠虛攬纛逖渞妷伔颔翥柬殁賖艬鏂輼淵愒钖,exerciseTarget:觼稰腛綒箰鷊趒瀧皞颹}
{id:19816,name:梊癁彮,sex:true,maritalStatus:false,age:78.0,height:44.0,weight:157.0,hobby:沈蚎蔳顢煀蘙婁孶蘲蚬,address:尰斛擖宪赢礀鋣乍锞澰,diseaseHistory:鸡瘤綛鼜裈嶛厈疏敩怨銝熋郸髟揢锦籽顐釢夣雭裲霏莹瀬鮸伆娷奔焾,habit:幜捫閛竚殜狂常怈嵽燉洂笭翐愢昏氧粺夗媧煤凙墅蝻鱅輁纻綳犻軸稲,exerciseTarget:乚胆輞鸺曞茇蠨鎸枑壡}
{id:19977,name:佹箳押,sex:true,maritalStatus:true,age:71.0,height:44.0,weight:160.0,hobby:栢鵼谠釧玬壆兹鍍娒称,address:悀啳焤秄骶增清痂儏詛,diseaseHistory:漝庶靺铵绣渦暕徻輴栽鳍皟鮽寊廃邲黐龏皪籿髯蘟嵽互磁铸埵死瓓鉡,habit:喠悕沀浌捪鏦胢蕰坱禩倘讕桴斯崍挸卸藈院穻訳曛秄柠囻穘鐉伿挘蛍,exerciseTarget:闓悙喟櫞縗凟勰墊伝囆}
{id:1262,name:巙奺勷,sex:true,maritalStatus:true,age:78.0,height:44.0,weight:87.0,hobby:禧铭旵丛爴蟫豈抨蜼炖,address:篌山啐炊阞綆抝伽耗熙,diseaseHistory:檲仫纞嘏杉铷鑢蟝鴀榙焍嚑仃親霑蛩樛盬瘒鵟豓臓唳檈幖丧桒姀錎鐢,habit:絉麣彫烀樽兘汝殳贵皀浶枼蒄挢緿暋鵆麎褼评挿焞祠桯鈝胋訄藦僯啞,exerciseTarget:淮駿蔐鵵禙娯筚觤俀轷}

2018-04-01 13:07:10.466  INFO 71394 --- [Thread-2] o.s.w.c.s.GenericWebApplicationContext   : Closing org.springframework.web.context.support.GenericWebApplicationContext@556d0826: startup date [Sun Apr 01 13:05:17 CST 2018]; root of context hierarchy
2018-04-01 13:07:10.470  INFO 71394 --- [Thread-2] com.zaxxer.hikari.HikariDataSource       : HikariPool-1 - Shutdown initiated...
2018-04-01 13:07:10.477  INFO 71394 --- [Thread-2] com.zaxxer.hikari.HikariDataSource       : HikariPool-1 - Shutdown completed.
2018-04-01 13:07:10.478  INFO 71394 --- [Thread-2] o.s.s.concurrent.ThreadPoolTaskExecutor  : Shutting down ExecutorService 'MyAsync'
2018-04-01 13:07:24.732  INFO 71400 --- [main] c.d.test.services.UserServiceTest        : Starting UserServiceTest on alanMacBook-Pro.local with PID 71400 (started by alan in /Users/alan/developers/ideaspace/demo/DBtest)
2018-04-01 13:07:24.734  INFO 71400 --- [main] c.d.test.services.UserServiceTest        : No active profile set, falling back to default profiles: default
2018-04-01 13:07:24.795  INFO 71400 --- [main] o.s.w.c.s.GenericWebApplicationContext   : Refreshing org.springframework.web.context.support.GenericWebApplicationContext@55b5f5d2: startup date [Sun Apr 01 13:07:24 CST 2018]; root of context hierarchy
2018-04-01 13:07:26.665  INFO 71400 --- [main] trationDelegate$BeanPostProcessorChecker : Bean 'taskExecutorConfig' of type [com.database.test.config.TaskExecutorConfig$$EnhancerBySpringCGLIB$$59d67127] is not eligible for getting processed by all BeanPostProcessors (for example: not eligible for auto-proxying)
2018-04-01 13:07:26.684  INFO 71400 --- [main] o.s.s.concurrent.ThreadPoolTaskExecutor  : Initializing ExecutorService 
2018-04-01 13:07:26.696  INFO 71400 --- [main] o.s.s.concurrent.ThreadPoolTaskExecutor  : Initializing ExecutorService  'MyAsync'
2018-04-01 13:07:26.696  INFO 71400 --- [main] trationDelegate$BeanPostProcessorChecker : Bean 'MyAsync' of type [org.springframework.scheduling.concurrent.ThreadPoolTaskExecutor] is not eligible for getting processed by all BeanPostProcessors (for example: not eligible for auto-proxying)
2018-04-01 13:07:28.699  INFO 71400 --- [main] s.w.s.m.m.a.RequestMappingHandlerAdapter : Looking for @ControllerAdvice: org.springframework.web.context.support.GenericWebApplicationContext@55b5f5d2: startup date [Sun Apr 01 13:07:24 CST 2018]; root of context hierarchy
2018-04-01 13:07:28.851  INFO 71400 --- [main] s.w.s.m.m.a.RequestMappingHandlerMapping : Mapped "{[/user/save],methods=[GET]}" onto public java.lang.String com.database.test.controller.TestController.save(int)
2018-04-01 13:07:28.852  INFO 71400 --- [main] s.w.s.m.m.a.RequestMappingHandlerMapping : Mapped "{[/user/hello],methods=[GET]}" onto public java.lang.String com.database.test.controller.TestController.hello()
2018-04-01 13:07:28.853  INFO 71400 --- [main] s.w.s.m.m.a.RequestMappingHandlerMapping : Mapped "{[/user/batchSave],methods=[GET]}" onto public java.lang.String com.database.test.controller.TestController.batchSave(int)
2018-04-01 13:07:28.853  INFO 71400 --- [main] s.w.s.m.m.a.RequestMappingHandlerMapping : Mapped "{[/user/getUserInfoByAge],methods=[GET]}" onto public java.lang.String com.database.test.controller.TestController.getUserInfoByAge(int)
2018-04-01 13:07:28.857  INFO 71400 --- [main] s.w.s.m.m.a.RequestMappingHandlerMapping : Mapped "{[/error]}" onto public org.springframework.http.ResponseEntity<java.util.Map<java.lang.String, java.lang.Object>> org.springframework.boot.autoconfigure.web.servlet.error.BasicErrorController.error(javax.servlet.http.HttpServletRequest)
2018-04-01 13:07:28.858  INFO 71400 --- [main] s.w.s.m.m.a.RequestMappingHandlerMapping : Mapped "{[/error],produces=[text/html]}" onto public org.springframework.web.servlet.ModelAndView org.springframework.boot.autoconfigure.web.servlet.error.BasicErrorController.errorHtml(javax.servlet.http.HttpServletRequest,javax.servlet.http.HttpServletResponse)
2018-04-01 13:07:29.138  INFO 71400 --- [main] o.s.w.s.handler.SimpleUrlHandlerMapping  : Mapped URL path [/webjars/**] onto handler of type [class org.springframework.web.servlet.resource.ResourceHttpRequestHandler]
2018-04-01 13:07:29.138  INFO 71400 --- [main] o.s.w.s.handler.SimpleUrlHandlerMapping  : Mapped URL path [/**] onto handler of type [class org.springframework.web.servlet.resource.ResourceHttpRequestHandler]
2018-04-01 13:07:29.289  INFO 71400 --- [main] o.s.w.s.handler.SimpleUrlHandlerMapping  : Mapped URL path [/**/favicon.ico] onto handler of type [class org.springframework.web.servlet.resource.ResourceHttpRequestHandler]
2018-04-01 13:07:29.906  INFO 71400 --- [main] c.d.test.services.UserServiceTest        : Started UserServiceTest in 5.733 seconds (JVM running for 7.952)
2018-04-01 13:07:30.163  INFO 71400 --- [main] com.zaxxer.hikari.HikariDataSource       : HikariPool-1 - Starting...
2018-04-01 13:07:31.435  INFO 71400 --- [main] com.zaxxer.hikari.HikariDataSource       : HikariPool-1 - Start completed.
2018-04-01 13:08:26.918  INFO 71400 --- [main] com.database.test.services.UserService   : 10条最相似数据差异值为：1265.5997
2018-04-01 13:08:26.924  INFO 71400 --- [main] com.database.test.services.UserService   : 
{id:3676,name:颙蚒篫,sex:false,maritalStatus:true,age:75.0,height:110.0,weight:183.0,hobby:樎鏈謒佸徵卑觕嚌湻颩,address:霿注疄諽恠攻鴱蟿鵀絀,diseaseHistory:檙廣槼豛蒹坛踑傮磓櫗饻脼温芿尳菮緂诘軦臐骵鳐幏戻臩釱涖瓦瘲菥,habit:繌慈舔繹墇很怴仕輘播翼鷭夥蘜蝶偐幯謱蠽窳齣繈诩鐁厉瀘繙軃娖焖,exerciseTarget:蹓胱罖逮麂誌吓眳勉儒}
{id:17942,name:嶴鄶诛,sex:false,maritalStatus:false,age:74.0,height:111.0,weight:89.0,hobby:胏革梗盬篤旖笣劾駴窥,address:鰍滒袢糰愽欔鉅鼹箔椨,diseaseHistory:漨敭櫜爽覈脆倜夭柭熨疶楎材桳愃鷹嫳螏棞桯辔笽瘛濽塅鬚廚以烖甌,habit:羅驜萘逘薠硴禠拾濯焕簘茢驮歃曞慻鏡綇尞軴侎妇鳿奃伳嬈煥朑墭馝,exerciseTarget:鮯旊曞琱茏噻綥堁能壵}
{id:16543,name:勽疏韶,sex:false,maritalStatus:false,age:74.0,height:114.0,weight:53.0,hobby:蚅噽烏炲挧愠飫阶遷岒,address:沎秃盎糷姨鳏嵦娒湣嚑,diseaseHistory:鈏咱錾剖逅儦楨肑荍絏锾輴揣簛又扰鐎垫緾甘佌翯浇蔪耻螑翯觨燥髐,habit:聖皁舳瀾辠尔鬳樑窸紪咮俻祔蓲甪邵醠暟榀皅馾颙齴洚宄限钛玢俰膓,exerciseTarget:绊溛裈熈灹骇纥焥柦篃}
{id:2917,name:膟挘犦,sex:false,maritalStatus:true,age:73.0,height:112.0,weight:190.0,hobby:蚃瑞褸藌坋亗竻楊蛄矦,address:绩蘎敗詅靤谷鴳裸維誕,diseaseHistory:俎皪靦鹍旃鐵肮餖骝嘢荴括藾柩砱帲嫎砚裰艼硆剚瀲祽结婨藪衩剟蛘,habit:砜疯閍挽諻娟銆带土餻對餟彦蜅諛踒蕒寷仦軞狦瓔礨怵忘肭廱忼鲳骪,exerciseTarget:芜熌趠蘖墦腹臺葐缽瓤}
{id:14546,name:酶郃嬂,sex:false,maritalStatus:true,age:75.0,height:108.0,weight:150.0,hobby:蕿鷺附鑽瘐砾哥轨鹞喼,address:电饶駞胯誁粟蘏奅峢黛,diseaseHistory:酬蕈窾挵墖蟛酊榧弬瓰欱嗱閘窆顶厈陴苋鵸軴勒闝佊櫥臐麋戟捦牗璨,habit:焷崗澸利霧賷葂恇皲启痪鹯嘽跬唗栩怢杓躑顂娝秨強悧焬捳凌袻鵶崏,exerciseTarget:闙蛆刞餣烔覰嘶骆槈珟}
{id:8422,name:趿駓乌,sex:false,maritalStatus:false,age:74.0,height:116.0,weight:105.0,hobby:强影罡稒寞长項饵篥玧,address:嫢戒潙邹楅膎遙玬惎仴,diseaseHistory:廐礖腭皇毠頄龑劉篻弔虰鶴限镳镟埑織秄揍續皵啺朿舆貂啰鶉箹鞙懫,habit:巕剉坳包箌佩硔姊嗣伩粍紎貊鄁墪噶愕謭淛师顔櫬禢擏蟜斀鹉派閡誅,exerciseTarget:蟣隗馨廮瘩刔紬諲邃蘤}
{id:4229,name:蓰禑眰,sex:false,maritalStatus:true,age:77.0,height:112.0,weight:161.0,hobby:釸駿赹畟恫皇僅酠枰淈,address:欇示蛆摠於糮肳溙搇爐,diseaseHistory:灘蟥惞扠炝缄肵留袊耒様奶鈟鬪间链鐀鎼熫堌麆叆踀傐秄艊瞬桶菚廔,habit:歚攈悟孉瑭颺蹺涢臃邂眽闱嘪緛獽犬狉锖蠳軪垷筡嘮襷拸蓞唜灜浢輟,exerciseTarget:嚫姼倷旌捩甐夶籤顁瀤}
{id:7481,name:爥鹲摮,sex:false,maritalStatus:true,age:75.0,height:109.0,weight:105.0,hobby:玄鸀鍋理诘忷馇蝵瞜俯,address:潻袀顬蛞訯仟廉埦潴纍,diseaseHistory:骊顢终鯆濾硭灹餧蟃麘溄責済燞醧聖爘晕圴鼡搰帉箒讒蓧藯芛喜月罓,habit:籾稴涳髬品嚔吚谟銈喒呗煬脓星股熸乼岅敗夆旔觗敱圬卑浽绒忮挘橏,exerciseTarget:漒涸翣軾痵抄噌蛃竝娝}
{id:3982,name:盭倥昺,sex:false,maritalStatus:true,age:72.0,height:116.0,weight:111.0,hobby:瓈嵫辩蓣讒穀浿搳軈蹖,address:蟑灎瓠撆呸儗圈怃蚚弪,diseaseHistory:鲖鋗唱捙壬瘈蛀醐荞衩簥趴眥厶乾泤躨罦垁挓垮璐鐓塤婅鮎藳籤磩哒,habit:磶铗鏒布岺愿與飸鑫梙映褶寵汎揺儌轹厭形小耧髛菕盅矫濂酁届楯惌,exerciseTarget:铊栀湝榷埌嚋貜琭饂譻}
{id:12907,name:傫緦貹,sex:false,maritalStatus:false,age:79.0,height:118.0,weight:155.0,hobby:疢穯淩袪椑鲆進鍆逖厧,address:耪瘄蘂諷璷媯間聅橥嶤,diseaseHistory:撩诘妁泧苚杫亓瀘蔯繺近机埈欌魀澙覦郵羑潈镌禉鱨魦虒碫湀崩通徳,habit:劳釸淍蒌秤鷟處臟噣哶弯跂挀鱣樧闷門岟缤毵傜竭鳆勖曋娊痫祈驝雠,exerciseTarget:塬穩幻魴溩曵勐騹塝脗}

2018-04-01 13:08:26.939  INFO 71400 --- [Thread-2] o.s.w.c.s.GenericWebApplicationContext   : Closing org.springframework.web.context.support.GenericWebApplicationContext@55b5f5d2: startup date [Sun Apr 01 13:07:24 CST 2018]; root of context hierarchy
2018-04-01 13:08:26.944  INFO 71400 --- [Thread-2] com.zaxxer.hikari.HikariDataSource       : HikariPool-1 - Shutdown initiated...
2018-04-01 13:08:26.959  INFO 71400 --- [Thread-2] com.zaxxer.hikari.HikariDataSource       : HikariPool-1 - Shutdown completed.
2018-04-01 13:08:26.959  INFO 71400 --- [Thread-2] o.s.s.concurrent.ThreadPoolTaskExecutor  : Shutting down ExecutorService 'MyAsync'
2018-04-01 13:22:34.911  INFO 71423 --- [main] c.d.test.services.UserServiceTest        : Starting UserServiceTest on alanMacBook-Pro.local with PID 71423 (started by alan in /Users/alan/developers/ideaspace/demo/DBtest)
2018-04-01 13:22:34.913  INFO 71423 --- [main] c.d.test.services.UserServiceTest        : No active profile set, falling back to default profiles: default
2018-04-01 13:22:34.981  INFO 71423 --- [main] o.s.w.c.s.GenericWebApplicationContext   : Refreshing org.springframework.web.context.support.GenericWebApplicationContext@66ce957f: startup date [Sun Apr 01 13:22:34 CST 2018]; root of context hierarchy
2018-04-01 13:22:36.418  INFO 71423 --- [main] trationDelegate$BeanPostProcessorChecker : Bean 'taskExecutorConfig' of type [com.database.test.config.TaskExecutorConfig$$EnhancerBySpringCGLIB$$f4ccffa4] is not eligible for getting processed by all BeanPostProcessors (for example: not eligible for auto-proxying)
2018-04-01 13:22:36.432  INFO 71423 --- [main] o.s.s.concurrent.ThreadPoolTaskExecutor  : Initializing ExecutorService 
2018-04-01 13:22:36.442  INFO 71423 --- [main] o.s.s.concurrent.ThreadPoolTaskExecutor  : Initializing ExecutorService  'MyAsync'
2018-04-01 13:22:36.442  INFO 71423 --- [main] trationDelegate$BeanPostProcessorChecker : Bean 'MyAsync' of type [org.springframework.scheduling.concurrent.ThreadPoolTaskExecutor] is not eligible for getting processed by all BeanPostProcessors (for example: not eligible for auto-proxying)
2018-04-01 13:22:38.103  INFO 71423 --- [main] s.w.s.m.m.a.RequestMappingHandlerAdapter : Looking for @ControllerAdvice: org.springframework.web.context.support.GenericWebApplicationContext@66ce957f: startup date [Sun Apr 01 13:22:34 CST 2018]; root of context hierarchy
2018-04-01 13:22:38.301  INFO 71423 --- [main] s.w.s.m.m.a.RequestMappingHandlerMapping : Mapped "{[/user/save],methods=[GET]}" onto public java.lang.String com.database.test.controller.TestController.save(int)
2018-04-01 13:22:38.302  INFO 71423 --- [main] s.w.s.m.m.a.RequestMappingHandlerMapping : Mapped "{[/user/hello],methods=[GET]}" onto public java.lang.String com.database.test.controller.TestController.hello()
2018-04-01 13:22:38.303  INFO 71423 --- [main] s.w.s.m.m.a.RequestMappingHandlerMapping : Mapped "{[/user/batchSave],methods=[GET]}" onto public java.lang.String com.database.test.controller.TestController.batchSave(int)
2018-04-01 13:22:38.303  INFO 71423 --- [main] s.w.s.m.m.a.RequestMappingHandlerMapping : Mapped "{[/user/getUserInfoByAge],methods=[GET]}" onto public java.lang.String com.database.test.controller.TestController.getUserInfoByAge(int)
2018-04-01 13:22:38.306  INFO 71423 --- [main] s.w.s.m.m.a.RequestMappingHandlerMapping : Mapped "{[/error]}" onto public org.springframework.http.ResponseEntity<java.util.Map<java.lang.String, java.lang.Object>> org.springframework.boot.autoconfigure.web.servlet.error.BasicErrorController.error(javax.servlet.http.HttpServletRequest)
2018-04-01 13:22:38.307  INFO 71423 --- [main] s.w.s.m.m.a.RequestMappingHandlerMapping : Mapped "{[/error],produces=[text/html]}" onto public org.springframework.web.servlet.ModelAndView org.springframework.boot.autoconfigure.web.servlet.error.BasicErrorController.errorHtml(javax.servlet.http.HttpServletRequest,javax.servlet.http.HttpServletResponse)
2018-04-01 13:22:38.569  INFO 71423 --- [main] o.s.w.s.handler.SimpleUrlHandlerMapping  : Mapped URL path [/webjars/**] onto handler of type [class org.springframework.web.servlet.resource.ResourceHttpRequestHandler]
2018-04-01 13:22:38.569  INFO 71423 --- [main] o.s.w.s.handler.SimpleUrlHandlerMapping  : Mapped URL path [/**] onto handler of type [class org.springframework.web.servlet.resource.ResourceHttpRequestHandler]
2018-04-01 13:22:38.685  INFO 71423 --- [main] o.s.w.s.handler.SimpleUrlHandlerMapping  : Mapped URL path [/**/favicon.ico] onto handler of type [class org.springframework.web.servlet.resource.ResourceHttpRequestHandler]
2018-04-01 13:22:39.307  INFO 71423 --- [main] c.d.test.services.UserServiceTest        : Started UserServiceTest in 4.956 seconds (JVM running for 6.835)
2018-04-01 13:22:39.554  INFO 71423 --- [main] com.zaxxer.hikari.HikariDataSource       : HikariPool-1 - Starting...
2018-04-01 13:22:40.693  INFO 71423 --- [main] com.zaxxer.hikari.HikariDataSource       : HikariPool-1 - Start completed.
2018-04-01 13:23:42.837  INFO 71423 --- [main] com.database.test.services.UserService   : 10条最相似数据差异值为：1334.5999
2018-04-01 13:23:42.838  INFO 71423 --- [main] com.database.test.services.UserService   : 
{id:3676,name:館呉挶,sex:false,maritalStatus:false,age:75.0,height:110.0,weight:3.0,hobby:殅磥雼蝑駏銨殘挃蔍復,address:埱霑噯鶤摕擛麵釈吰蕸,diseaseHistory:貏畂飀僭绗搑茓惵镇螿嫂鈖凅闔橰坅竟秋鋪栊呧簒幦謊眶籨軦輆鉉嬯,habit:煤啛秲韨槡屯舆艠禥阐壱確仒菴嶗瓇鉙漢奁眂棆騲佱欲震鱉皧寰鴈鉛,exerciseTarget:鹗刷繼隐翴謦屌髄蕬安}
{id:17942,name:揠駿钻,sex:false,maritalStatus:true,age:74.0,height:111.0,weight:171.0,hobby:课糁犦讌血瘓齤垖虓黮,address:旸儑枤礆尵鑃膦徶摑籓,diseaseHistory:觢坚蝊嘠鵮獱裇竡堻饝皭鋱峧芙蠠楐曊皟矛嶐译齁嬘繖謷菗嫪呏霕嫀,habit:侕洰繥蹦豌虇頡跥齄杇歋慭蔏甇翶瘃疙瑧綤暙亄畂筘踭閄染稌藟菨蓱,exerciseTarget:犪蘳鳑鈙獬矑箌鏮称驍}
{id:16543,name:憜鯸邀,sex:false,maritalStatus:false,age:74.0,height:114.0,weight:111.0,hobby:逥攃隚湴格扬刕枡敱份,address:聿嚋緧嬞睦牱侪燥鵭犴,diseaseHistory:齭譅眑酽陭浞犢言墈艧佬咿偗旦顺倷蘶饯顔胁赞竫散姏莪鴩好艦侇袣,habit:媋穎択眎尌柛柙渀鼽霂礉浺蓐砅龢棝媳苴邀藕銘崂潾臎豽筒琗帊逵芿,exerciseTarget:壄琇嶱餡勪謕榍钶康斲}
{id:2917,name:騡髼溡,sex:false,maritalStatus:true,age:73.0,height:112.0,weight:94.0,hobby:聮籫蔼邭郲讚穼侓裊箌,address:圹坿樼牟虒捬簖剌騷狷,diseaseHistory:惶韇擴瞿奄柉昩襃榃蝲嘣栒湯霩沼醜庇省躄琣睼鐪簕趩摮彽蕗眝鍮圝,habit:怈笅掭稲壊琳撞碱鮌聖肘贁霫壌瑧鹼蒚琭麰歾聆豁滓仈塁炊朡泗納瓸,exerciseTarget:繋讳鳸稫鑈闧栒鶏硏峬}
{id:14546,name:剤偏杀,sex:false,maritalStatus:true,age:75.0,height:108.0,weight:109.0,hobby:犤輚砉椯鋗滖疏闐悶櫫,address:洉键特蘟螷瓷揻射孾雕,diseaseHistory:膍兎歁嬏賠浿儱溚霙磔蕔楐冂瓥篨附曺垂呏啗鬱萧沩桐骝譠湍釅毌籽,habit:夺剾驟憂狄沋讅帣葲狺蚲摀扄婎鹾脀皞院雝噇燿襐潠暱患儘秞麱淠跃,exerciseTarget:嶫笒镉覙濓幋窎訚瑌銂}
{id:8422,name:瓢雂偱,sex:false,maritalStatus:false,age:74.0,height:116.0,weight:61.0,hobby:額偐豤鍡愳沶隹鹝揃翩,address:牾少騠溟庸嚺溏債测頠,diseaseHistory:犂孴龗賄掙笿抟寰谸嘖稳袘閉圼凂広翌禛捑嫆欓判嚄奧甡鶣七跽伸槂,habit:侄惾鯗穘笫激惆悋噻瞵压恀鄼敌詭咢轗歙鴼咚漙瑀缰曥綠爻蛐绀墁誮,exerciseTarget:訩袆馴枙臑隊組筷謣臥}
{id:4229,name:穁蓞乤,sex:false,maritalStatus:false,age:77.0,height:112.0,weight:136.0,hobby:掗侧蹣氫輺槉煜逈煃徃,address:鏩腳倿稡忈潰犑剦评竞,diseaseHistory:蕦啕醆眎翔豍壈魽愾恇朩蟖彲坴礽茛贜误筃稷酷湻噟眸包劧乜韔偕顲,habit:莔灏嶍蕳糝鏘饑恄鈄俍桲榱粷蕲呶哕頽旚灼臮歰髁峟藆聼欋鞷擄扟冦,exerciseTarget:礴豇紊鞮飅瀮塽蘅更叹}
{id:7481,name:护縆鮷,sex:false,maritalStatus:true,age:75.0,height:109.0,weight:140.0,hobby:坪嗜榈獻犤寒壟軩燋鮅,address:否櫨驓礌舨寧摃帓眎礸,diseaseHistory:倿薱谞蜹诲纂柏蚮綞柏即母金澰鮀兖踈鬃贬犍硥筂鹱钾簻沯魉嬒驲碢,habit:岜嘃恿謎碼狍澓殏魂殞櫃褁瞧昨斤亩搂衡蟈膗瀍誖扪绦嵕犌讚牰簱緹,exerciseTarget:琁劈谦偦矛铣泧胅熓氃}
{id:3982,name:苁蚍砛,sex:false,maritalStatus:true,age:72.0,height:116.0,weight:140.0,hobby:灑灠溤摭硹黤蓜疤惔鯌,address:鐙履虛蟥雵渍嫊橙兖蚓,diseaseHistory:蜅橹皽颏瑍聋澽鲡氭稊钡囉氧醄浴悍锢智娧螜脂丆檥穻闹腈舣聨硴躞,habit:嶟沫霂颺掹膂鋾砸蚰凰鲵仉胾侎酪彀紐燂魯炝嫚槍镍弳謿汦狺鸦娠橣,exerciseTarget:衕紑瑏酌饘旳剿榊秪蠛}
{id:12907,name:洷縝燰,sex:false,maritalStatus:false,age:79.0,height:118.0,weight:190.0,hobby:騌胨螋隁繭蒼忇栔隢攏,address:瞐乕礈粑惝翐鱃櫮淕翖,diseaseHistory:棷媎剜鉀祻鏾浬趖蟬傩蛍傢渎帍峟伿鑇幂旕稥沔鳬短掞昐跫鷭狚瓈榦,habit:覴蓻縓眞擄挠痸悳睾棬捳迀鉪酠儔蟄纣吒凴嶻鏅躸艇今訲职僟阼巫懈,exerciseTarget:沲僛涆挙舖鞑騙链暒唧}

2018-04-01 13:23:42.849  INFO 71423 --- [Thread-2] o.s.w.c.s.GenericWebApplicationContext   : Closing org.springframework.web.context.support.GenericWebApplicationContext@66ce957f: startup date [Sun Apr 01 13:22:34 CST 2018]; root of context hierarchy
2018-04-01 13:23:42.853  INFO 71423 --- [Thread-2] com.zaxxer.hikari.HikariDataSource       : HikariPool-1 - Shutdown initiated...
2018-04-01 13:23:42.867  INFO 71423 --- [Thread-2] com.zaxxer.hikari.HikariDataSource       : HikariPool-1 - Shutdown completed.
2018-04-01 13:23:42.869  INFO 71423 --- [Thread-2] o.s.s.concurrent.ThreadPoolTaskExecutor  : Shutting down ExecutorService 'MyAsync'
2018-04-01 13:33:27.527  INFO 71441 --- [main] c.d.test.services.UserServiceTest        : Starting UserServiceTest on alanMacBook-Pro.local with PID 71441 (started by alan in /Users/alan/developers/ideaspace/demo/DBtest)
2018-04-01 13:33:27.529  INFO 71441 --- [main] c.d.test.services.UserServiceTest        : No active profile set, falling back to default profiles: default
2018-04-01 13:33:27.614  INFO 71441 --- [main] o.s.w.c.s.GenericWebApplicationContext   : Refreshing org.springframework.web.context.support.GenericWebApplicationContext@66ce957f: startup date [Sun Apr 01 13:33:27 CST 2018]; root of context hierarchy
2018-04-01 13:33:29.279  INFO 71441 --- [main] trationDelegate$BeanPostProcessorChecker : Bean 'taskExecutorConfig' of type [com.database.test.config.TaskExecutorConfig$$EnhancerBySpringCGLIB$$75114ff0] is not eligible for getting processed by all BeanPostProcessors (for example: not eligible for auto-proxying)
2018-04-01 13:33:29.300  INFO 71441 --- [main] o.s.s.concurrent.ThreadPoolTaskExecutor  : Initializing ExecutorService 
2018-04-01 13:33:29.309  INFO 71441 --- [main] o.s.s.concurrent.ThreadPoolTaskExecutor  : Initializing ExecutorService  'MyAsync'
2018-04-01 13:33:29.309  INFO 71441 --- [main] trationDelegate$BeanPostProcessorChecker : Bean 'MyAsync' of type [org.springframework.scheduling.concurrent.ThreadPoolTaskExecutor] is not eligible for getting processed by all BeanPostProcessors (for example: not eligible for auto-proxying)
2018-04-01 13:33:31.100  INFO 71441 --- [main] s.w.s.m.m.a.RequestMappingHandlerAdapter : Looking for @ControllerAdvice: org.springframework.web.context.support.GenericWebApplicationContext@66ce957f: startup date [Sun Apr 01 13:33:27 CST 2018]; root of context hierarchy
2018-04-01 13:33:31.252  INFO 71441 --- [main] s.w.s.m.m.a.RequestMappingHandlerMapping : Mapped "{[/user/save],methods=[GET]}" onto public java.lang.String com.database.test.controller.TestController.save(int)
2018-04-01 13:33:31.253  INFO 71441 --- [main] s.w.s.m.m.a.RequestMappingHandlerMapping : Mapped "{[/user/batchSave],methods=[GET]}" onto public java.lang.String com.database.test.controller.TestController.batchSave(int)
2018-04-01 13:33:31.254  INFO 71441 --- [main] s.w.s.m.m.a.RequestMappingHandlerMapping : Mapped "{[/user/getUserInfoByAge],methods=[GET]}" onto public java.lang.String com.database.test.controller.TestController.getUserInfoByAge(int)
2018-04-01 13:33:31.254  INFO 71441 --- [main] s.w.s.m.m.a.RequestMappingHandlerMapping : Mapped "{[/user/hello],methods=[GET]}" onto public java.lang.String com.database.test.controller.TestController.hello()
2018-04-01 13:33:31.257  INFO 71441 --- [main] s.w.s.m.m.a.RequestMappingHandlerMapping : Mapped "{[/error]}" onto public org.springframework.http.ResponseEntity<java.util.Map<java.lang.String, java.lang.Object>> org.springframework.boot.autoconfigure.web.servlet.error.BasicErrorController.error(javax.servlet.http.HttpServletRequest)
2018-04-01 13:33:31.258  INFO 71441 --- [main] s.w.s.m.m.a.RequestMappingHandlerMapping : Mapped "{[/error],produces=[text/html]}" onto public org.springframework.web.servlet.ModelAndView org.springframework.boot.autoconfigure.web.servlet.error.BasicErrorController.errorHtml(javax.servlet.http.HttpServletRequest,javax.servlet.http.HttpServletResponse)
2018-04-01 13:33:31.529  INFO 71441 --- [main] o.s.w.s.handler.SimpleUrlHandlerMapping  : Mapped URL path [/webjars/**] onto handler of type [class org.springframework.web.servlet.resource.ResourceHttpRequestHandler]
2018-04-01 13:33:31.529  INFO 71441 --- [main] o.s.w.s.handler.SimpleUrlHandlerMapping  : Mapped URL path [/**] onto handler of type [class org.springframework.web.servlet.resource.ResourceHttpRequestHandler]
2018-04-01 13:33:31.647  INFO 71441 --- [main] o.s.w.s.handler.SimpleUrlHandlerMapping  : Mapped URL path [/**/favicon.ico] onto handler of type [class org.springframework.web.servlet.resource.ResourceHttpRequestHandler]
2018-04-01 13:33:32.198  INFO 71441 --- [main] c.d.test.services.UserServiceTest        : Started UserServiceTest in 5.355 seconds (JVM running for 7.509)
2018-04-01 13:33:32.412  INFO 71441 --- [main] com.zaxxer.hikari.HikariDataSource       : HikariPool-1 - Starting...
2018-04-01 13:33:33.158  INFO 71441 --- [main] com.zaxxer.hikari.HikariDataSource       : HikariPool-1 - Start completed.
2018-04-01 13:37:17.137  INFO 71441 --- [Thread-2] o.s.w.c.s.GenericWebApplicationContext   : Closing org.springframework.web.context.support.GenericWebApplicationContext@66ce957f: startup date [Sun Apr 01 13:33:27 CST 2018]; root of context hierarchy
2018-04-01 13:37:17.144  INFO 71441 --- [Thread-2] com.zaxxer.hikari.HikariDataSource       : HikariPool-1 - Shutdown initiated...
2018-04-01 13:37:17.151  INFO 71441 --- [Thread-2] com.zaxxer.hikari.HikariDataSource       : HikariPool-1 - Shutdown completed.
2018-04-01 13:37:17.152  INFO 71441 --- [Thread-2] o.s.s.concurrent.ThreadPoolTaskExecutor  : Shutting down ExecutorService 'MyAsync'
2018-04-01 13:37:29.746  INFO 71449 --- [main] c.d.test.services.UserServiceTest        : Starting UserServiceTest on alanMacBook-Pro.local with PID 71449 (started by alan in /Users/alan/developers/ideaspace/demo/DBtest)
2018-04-01 13:37:29.748  INFO 71449 --- [main] c.d.test.services.UserServiceTest        : No active profile set, falling back to default profiles: default
2018-04-01 13:37:29.808  INFO 71449 --- [main] o.s.w.c.s.GenericWebApplicationContext   : Refreshing org.springframework.web.context.support.GenericWebApplicationContext@66ce957f: startup date [Sun Apr 01 13:37:29 CST 2018]; root of context hierarchy
2018-04-01 13:37:31.444  INFO 71449 --- [main] trationDelegate$BeanPostProcessorChecker : Bean 'taskExecutorConfig' of type [com.database.test.config.TaskExecutorConfig$$EnhancerBySpringCGLIB$$555a64cd] is not eligible for getting processed by all BeanPostProcessors (for example: not eligible for auto-proxying)
2018-04-01 13:37:31.462  INFO 71449 --- [main] o.s.s.concurrent.ThreadPoolTaskExecutor  : Initializing ExecutorService 
2018-04-01 13:37:31.485  INFO 71449 --- [main] o.s.s.concurrent.ThreadPoolTaskExecutor  : Initializing ExecutorService  'MyAsync'
2018-04-01 13:37:31.486  INFO 71449 --- [main] trationDelegate$BeanPostProcessorChecker : Bean 'MyAsync' of type [org.springframework.scheduling.concurrent.ThreadPoolTaskExecutor] is not eligible for getting processed by all BeanPostProcessors (for example: not eligible for auto-proxying)
2018-04-01 13:37:33.186  INFO 71449 --- [main] s.w.s.m.m.a.RequestMappingHandlerAdapter : Looking for @ControllerAdvice: org.springframework.web.context.support.GenericWebApplicationContext@66ce957f: startup date [Sun Apr 01 13:37:29 CST 2018]; root of context hierarchy
2018-04-01 13:37:33.361  INFO 71449 --- [main] s.w.s.m.m.a.RequestMappingHandlerMapping : Mapped "{[/user/save],methods=[GET]}" onto public java.lang.String com.database.test.controller.TestController.save(int)
2018-04-01 13:37:33.362  INFO 71449 --- [main] s.w.s.m.m.a.RequestMappingHandlerMapping : Mapped "{[/user/batchSave],methods=[GET]}" onto public java.lang.String com.database.test.controller.TestController.batchSave(int)
2018-04-01 13:37:33.363  INFO 71449 --- [main] s.w.s.m.m.a.RequestMappingHandlerMapping : Mapped "{[/user/getUserInfoByAge],methods=[GET]}" onto public java.lang.String com.database.test.controller.TestController.getUserInfoByAge(int)
2018-04-01 13:37:33.363  INFO 71449 --- [main] s.w.s.m.m.a.RequestMappingHandlerMapping : Mapped "{[/user/hello],methods=[GET]}" onto public java.lang.String com.database.test.controller.TestController.hello()
2018-04-01 13:37:33.367  INFO 71449 --- [main] s.w.s.m.m.a.RequestMappingHandlerMapping : Mapped "{[/error]}" onto public org.springframework.http.ResponseEntity<java.util.Map<java.lang.String, java.lang.Object>> org.springframework.boot.autoconfigure.web.servlet.error.BasicErrorController.error(javax.servlet.http.HttpServletRequest)
2018-04-01 13:37:33.368  INFO 71449 --- [main] s.w.s.m.m.a.RequestMappingHandlerMapping : Mapped "{[/error],produces=[text/html]}" onto public org.springframework.web.servlet.ModelAndView org.springframework.boot.autoconfigure.web.servlet.error.BasicErrorController.errorHtml(javax.servlet.http.HttpServletRequest,javax.servlet.http.HttpServletResponse)
2018-04-01 13:37:33.644  INFO 71449 --- [main] o.s.w.s.handler.SimpleUrlHandlerMapping  : Mapped URL path [/webjars/**] onto handler of type [class org.springframework.web.servlet.resource.ResourceHttpRequestHandler]
2018-04-01 13:37:33.645  INFO 71449 --- [main] o.s.w.s.handler.SimpleUrlHandlerMapping  : Mapped URL path [/**] onto handler of type [class org.springframework.web.servlet.resource.ResourceHttpRequestHandler]
2018-04-01 13:37:33.741  INFO 71449 --- [main] o.s.w.s.handler.SimpleUrlHandlerMapping  : Mapped URL path [/**/favicon.ico] onto handler of type [class org.springframework.web.servlet.resource.ResourceHttpRequestHandler]
2018-04-01 13:37:34.284  INFO 71449 --- [main] c.d.test.services.UserServiceTest        : Started UserServiceTest in 5.057 seconds (JVM running for 6.803)
2018-04-01 13:37:34.461  INFO 71449 --- [main] com.zaxxer.hikari.HikariDataSource       : HikariPool-1 - Starting...
2018-04-01 13:37:35.203  INFO 71449 --- [main] com.zaxxer.hikari.HikariDataSource       : HikariPool-1 - Start completed.
2018-04-01 13:38:43.124  INFO 71449 --- [main] com.database.test.services.UserService   : 10条最相似数据差异值为：1347.0001
2018-04-01 13:38:43.134  INFO 71449 --- [main] com.database.test.services.UserService   : 
{id:13382,name:枖櫼商,sex:true,maritalStatus:false,age:144.0,height:47.0,weight:165.0,hobby:頭钁莬户锥馑箘贤臄賅,address:窾栯剃鮹馀藓犾薂酪檜,diseaseHistory:餃鋍燀乏甦己餲骦侂稵闂句嘐檮馦紲阌纉抸閾律奁愂卆箚壼岖榈炩霍,habit:譾鰹厥棏笤揩晅闌礡徒秪壠珿鍨餓詏牏蜩黒愳凉第廹軰釕荿闭螆鷬钦,exerciseTarget:筠鍶鏿薳焙泳隦牨滐愣}
{id:3879,name:股秣蒇,sex:true,maritalStatus:true,age:145.0,height:47.0,weight:113.0,hobby:鍪摔鏞吞傥斆卸糁拕衻,address:馻揓巳酮琰徒菦弨睭鵢,diseaseHistory:劘槻柰沽胛鄃菶怳娇丿儔塇释糁孀蓃聏映歀雃氪伫礂骡禲曵妳呭佮侙,habit:噈奦悘妊鍟饶骣嫥裊汗鸝婨韅炡槍屬銢熇菝顝闽嘯盼鋐淃跍嘿枧攼徒,exerciseTarget:悘蓜銀珮裎刔礰耲嚵圂}
{id:13395,name:終吿哖,sex:true,maritalStatus:true,age:145.0,height:50.0,weight:52.0,hobby:倵柪琇蚶嵺罪塭驺黱恤,address:魞寇鍧瑷嗙订鍕鲣縜狰,diseaseHistory:伒騮逶夭锲稾枊砺篸礠筑华炰惸紭鎛炘膑厐毄蘒粪饹鈺封軏嶘適揋邗,habit:筁宑癬姛鲡攪篪串筻駎腤韠碳韆玬洔耴谐盹鈆渐祍鳻俕蔫譟枙遾旵鱹,exerciseTarget:觹韒葸糈空崂吷鎉朎蛬}
{id:19014,name:剓洔矯,sex:true,maritalStatus:false,age:145.0,height:45.0,weight:58.0,hobby:鹪襣卻罯堠繣梺暪蟧毜,address:尨鄪沬鞖偱溤俷饞謧轫,diseaseHistory:睜音改争臤墡穿饑蘮罹鍠彐凐巺賳飭蒝孟翾槴崯撀簽肜荭椑癧讏油鐽,habit:毴宻逡斔裓刹奬臜曦迈覃删富綩骡頥懹攉此崈癱婃沲賕搓汸啧啬黈槷,exerciseTarget:建櫜诗夌窹婑硧拗恔忎}
{id:12261,name:菂镚絡,sex:true,maritalStatus:false,age:145.0,height:48.0,weight:14.0,hobby:監绁栤恋玎癢貶噁涂棪,address:未初鞳繾赤幄昭繋郹笅,diseaseHistory:桔肟饪寵暄狯兴鑍纮篁堛嶵籭夝詯狭荔杲召龁鵄能夋鯵禍誳哅驰顊攒,habit:簶辨麁踃丣朶缽儷屪竂皻菕艴灬潬折鉵旴丄锇鮎粻膓砪轧贙盒丬氒锖,exerciseTarget:憤畗扅瀸赢燘繉礼嫓愦}
{id:15370,name:蜪港決,sex:true,maritalStatus:false,age:141.0,height:48.0,weight:153.0,hobby:陈鯜申綶奔榹瞚磱缽皴,address:嗅裎勐鯟詭攴泌莣烉匢,diseaseHistory:旌桔昷餄列悐馚旦娹戸趔歕虗輺幟莐汗斜韓赅禑紜塿巫喅廄瞍禢齅汜,habit:鱣罖兜四嫾輫蒋芢臵械涖臱俍蹗睖讆阴廏靚搧輤樁館冮換燼硘笝徍甕,exerciseTarget:衬樇愯薡晳罏尭赓啯摠}
{id:11482,name:鋛旨竬,sex:true,maritalStatus:true,age:144.0,height:53.0,weight:84.0,hobby:箋鐣鐈讑敉岗塠崨鏇嘨,address:鯩删嘅堖紝睞榸髨绲臌,diseaseHistory:颜捩蝂網魉挸譤競滉競藻忏蔽祉鏫咄孠滾柒毩哕繻聐磬唙蛦袽裬邃晩,habit:鏟厓櫪韖灛翯阚箑珠垌蔠鴇鰰仹凛蜏笁紡攖篕玳嵪攦鉐鰫揀舎颿從鏚,exerciseTarget:敯钋甃鋻杛评榶波瑼或}
{id:16079,name:偸慚笅,sex:true,maritalStatus:false,age:144.0,height:53.0,weight:135.0,hobby:畸籂鋓鉢鷂肤輓遝蟴剕,address:舛鳪冘痑琋汑枳椢匽棨,diseaseHistory:簗氷睪蜬盇统梺檵埱榢鵕洴俺郛荀惰诸陓漯钚豦枘珓嚝欷姽青旜郋號,habit:揚斎套虧蕣鏅狈剶闕羒鉝禃醞皦甊霳凌歂閖靎睟嶆纀孪奵剻尊兒聒糳,exerciseTarget:颁郋饰脧郤径郑疴仾茈}
{id:16233,name:砝潏凝,sex:true,maritalStatus:false,age:142.0,height:49.0,weight:90.0,hobby:覅笲燇刅睞剣饞恡稳焎,address:僋塂猴鰸霿霉寮闚啉医,diseaseHistory:鳛狯剃赑疼蛎镕儔圖嫑骁位耧颃滐專墒瞽缾継梒麰騑楴欷義艥嶂巬妇,habit:隝鯉誋蔺缛鲶炙楃峳槄澫睹聲銎嘭钊覌紶餢懑浚呭扨瓯鱜灛篅晚簚擧,exerciseTarget:鹝垡諯舛裚肭案垯铿朂}
{id:2507,name:鰵簎荲,sex:true,maritalStatus:false,age:147.0,height:45.0,weight:143.0,hobby:疸坨嫲骏鸹覘撪唪婏婗,address:鱸噾鵩朵矗鏟跭俢絧蒆,diseaseHistory:傂瓨飤礗蹊荣宓騇碼譶毝癖剞塭垺辎帑奈螢頗檏列橘滔谓胞枙篪鏖孝,habit:於騚嗸啝阰缂聸吔椎撫洼戛礩醐広讚筵吋妭滨咶鉢櫏犁暝儹詬仱崃諜,exerciseTarget:葑覵誉缫琌痫盍蘩羏痞}

2018-04-01 13:38:43.150  INFO 71449 --- [Thread-2] o.s.w.c.s.GenericWebApplicationContext   : Closing org.springframework.web.context.support.GenericWebApplicationContext@66ce957f: startup date [Sun Apr 01 13:37:29 CST 2018]; root of context hierarchy
2018-04-01 13:38:43.158  INFO 71449 --- [Thread-2] com.zaxxer.hikari.HikariDataSource       : HikariPool-1 - Shutdown initiated...
2018-04-01 13:38:43.169  INFO 71449 --- [Thread-2] com.zaxxer.hikari.HikariDataSource       : HikariPool-1 - Shutdown completed.
2018-04-01 13:38:43.170  INFO 71449 --- [Thread-2] o.s.s.concurrent.ThreadPoolTaskExecutor  : Shutting down ExecutorService 'MyAsync'
2018-04-01 13:39:14.027  INFO 71452 --- [main] c.d.test.services.UserServiceTest        : Starting UserServiceTest on alanMacBook-Pro.local with PID 71452 (started by alan in /Users/alan/developers/ideaspace/demo/DBtest)
2018-04-01 13:39:14.029  INFO 71452 --- [main] c.d.test.services.UserServiceTest        : No active profile set, falling back to default profiles: default
2018-04-01 13:39:14.111  INFO 71452 --- [main] o.s.w.c.s.GenericWebApplicationContext   : Refreshing org.springframework.web.context.support.GenericWebApplicationContext@66ce957f: startup date [Sun Apr 01 13:39:14 CST 2018]; root of context hierarchy
2018-04-01 13:39:15.885  INFO 71452 --- [main] trationDelegate$BeanPostProcessorChecker : Bean 'taskExecutorConfig' of type [com.database.test.config.TaskExecutorConfig$$EnhancerBySpringCGLIB$$4d8a350a] is not eligible for getting processed by all BeanPostProcessors (for example: not eligible for auto-proxying)
2018-04-01 13:39:15.907  INFO 71452 --- [main] o.s.s.concurrent.ThreadPoolTaskExecutor  : Initializing ExecutorService 
2018-04-01 13:39:15.917  INFO 71452 --- [main] o.s.s.concurrent.ThreadPoolTaskExecutor  : Initializing ExecutorService  'MyAsync'
2018-04-01 13:39:15.917  INFO 71452 --- [main] trationDelegate$BeanPostProcessorChecker : Bean 'MyAsync' of type [org.springframework.scheduling.concurrent.ThreadPoolTaskExecutor] is not eligible for getting processed by all BeanPostProcessors (for example: not eligible for auto-proxying)
2018-04-01 13:39:17.551  INFO 71452 --- [main] s.w.s.m.m.a.RequestMappingHandlerAdapter : Looking for @ControllerAdvice: org.springframework.web.context.support.GenericWebApplicationContext@66ce957f: startup date [Sun Apr 01 13:39:14 CST 2018]; root of context hierarchy
2018-04-01 13:39:17.674  INFO 71452 --- [main] s.w.s.m.m.a.RequestMappingHandlerMapping : Mapped "{[/user/save],methods=[GET]}" onto public java.lang.String com.database.test.controller.TestController.save(int)
2018-04-01 13:39:17.677  INFO 71452 --- [main] s.w.s.m.m.a.RequestMappingHandlerMapping : Mapped "{[/user/batchSave],methods=[GET]}" onto public java.lang.String com.database.test.controller.TestController.batchSave(int)
2018-04-01 13:39:17.678  INFO 71452 --- [main] s.w.s.m.m.a.RequestMappingHandlerMapping : Mapped "{[/user/getUserInfoByAge],methods=[GET]}" onto public java.lang.String com.database.test.controller.TestController.getUserInfoByAge(int)
2018-04-01 13:39:17.681  INFO 71452 --- [main] s.w.s.m.m.a.RequestMappingHandlerMapping : Mapped "{[/user/hello],methods=[GET]}" onto public java.lang.String com.database.test.controller.TestController.hello()
2018-04-01 13:39:17.684  INFO 71452 --- [main] s.w.s.m.m.a.RequestMappingHandlerMapping : Mapped "{[/error]}" onto public org.springframework.http.ResponseEntity<java.util.Map<java.lang.String, java.lang.Object>> org.springframework.boot.autoconfigure.web.servlet.error.BasicErrorController.error(javax.servlet.http.HttpServletRequest)
2018-04-01 13:39:17.686  INFO 71452 --- [main] s.w.s.m.m.a.RequestMappingHandlerMapping : Mapped "{[/error],produces=[text/html]}" onto public org.springframework.web.servlet.ModelAndView org.springframework.boot.autoconfigure.web.servlet.error.BasicErrorController.errorHtml(javax.servlet.http.HttpServletRequest,javax.servlet.http.HttpServletResponse)
2018-04-01 13:39:17.850  INFO 71452 --- [main] o.s.w.s.handler.SimpleUrlHandlerMapping  : Mapped URL path [/webjars/**] onto handler of type [class org.springframework.web.servlet.resource.ResourceHttpRequestHandler]
2018-04-01 13:39:17.851  INFO 71452 --- [main] o.s.w.s.handler.SimpleUrlHandlerMapping  : Mapped URL path [/**] onto handler of type [class org.springframework.web.servlet.resource.ResourceHttpRequestHandler]
2018-04-01 13:39:17.983  INFO 71452 --- [main] o.s.w.s.handler.SimpleUrlHandlerMapping  : Mapped URL path [/**/favicon.ico] onto handler of type [class org.springframework.web.servlet.resource.ResourceHttpRequestHandler]
2018-04-01 13:39:18.497  INFO 71452 --- [main] c.d.test.services.UserServiceTest        : Started UserServiceTest in 5.011 seconds (JVM running for 7.054)
2018-04-01 13:39:18.661  INFO 71452 --- [main] com.zaxxer.hikari.HikariDataSource       : HikariPool-1 - Starting...
2018-04-01 13:39:19.306  INFO 71452 --- [main] com.zaxxer.hikari.HikariDataSource       : HikariPool-1 - Start completed.
2018-04-01 13:39:55.044  INFO 71452 --- [main] com.database.test.services.UserService   : 10条最相似数据差异值为：1732.9998
2018-04-01 13:39:55.045  INFO 71452 --- [main] com.database.test.services.UserService   : 
{id:13395,name:忐臕鴪,sex:true,maritalStatus:false,age:145.0,height:50.0,weight:150.0,hobby:坁伍湟闿祦弮煪捊袷叛,address:聅臆歗橺煭阘吶瞯秈衣,diseaseHistory:俦笸蜸设馬爦鲜聞獗蜭駛杰芝楃矙悫懰轲鈢壏鐍舸溁囼馹峲枤刈种萊,habit:镙鼚抭搜徎欆儑縥癔邾渄筨廔胤獕擾啜遑捐埶襱襀魕裉柝嘯膳惏諛陬,exerciseTarget:藅嬨炯厃餮磻獫櫖袏佧}
{id:13382,name:戈蒗蔲,sex:true,maritalStatus:false,age:144.0,height:47.0,weight:46.0,hobby:否膯禅旹亢敧鹯妤浜碔,address:掔讜垞諔堢忯痰懅勉苢,diseaseHistory:镁躂艊凶璇煺僝酶鶚稁婎邶馀倱墁哴瑤鹋嗩涤搦爸属餦脀笕倌鎐鯷琙,habit:雤婶續潭靋垱朌砊巜辖所毚揬炗峕垌探謖鐚痮哢淟孭螸厑駄枲駔桮龍,exerciseTarget:鍖藜伿鼨薡橌伤霿蕻杀}
{id:3879,name:銶鄃軱,sex:true,maritalStatus:false,age:145.0,height:47.0,weight:21.0,hobby:溢怆汁埐杋欳娺区杅仜,address:堮趉暱木刈咧蛫賂釪监,diseaseHistory:劋朋栓巸怉捗阝谳楣袨梩鍀持荒栓莕捴掟裸棕馶畱緐鄯亀噠莛憱軝噱,habit:鲐此渭顋歋箥诣洸皆逬璃禭圶尋苻美艖霟隅萜矠啴征噟抡補峠境繱枬,exerciseTarget:巎焜兩狟捛犼彗濨吶昑}
{id:19014,name:黙逰饮,sex:true,maritalStatus:false,age:145.0,height:45.0,weight:188.0,hobby:弻賴娼焜紏鶃刖溥鵶藭,address:枤鵏薻窀轟整韚屏恡陔,diseaseHistory:廘狯咀眸佘癀艫鳭眤鍠燩険揩髈騏妳帜肯拺藴玠锭觗乧恪錋瓫礼賾脏,habit:硃紞歸璆赑茌悴囼螎斮剟巜鷪櫱栗蒰湅楰截墬妼颥萑僀僖懐鐎謅摃椒,exerciseTarget:渆鳰欥鵗熙黱譲颯涞矡}
{id:11482,name:鴮馓嚾,sex:true,maritalStatus:true,age:144.0,height:53.0,weight:197.0,hobby:宪塮鱈蓂淭尐炥盍奡摣,address:鵗鶡钕菔崼迸鼩睸魍箈,diseaseHistory:騦鳺餞垪磜敵哓王皾禧獘柽阒顅宽襝楘炟透鋵翦緤鎐箆昷沉菫颪聥閌,habit:鲣柼鄘譮崖崀禅寷戬匆籿幧鎟褰栕昍瀆栗騮璔齊亥夭飜衝漱黕塏諰輚,exerciseTarget:雃勎佦擕勯評韅旯愗彃}
{id:16079,name:蝄寯筃,sex:true,maritalStatus:false,age:144.0,height:53.0,weight:135.0,hobby:湗葡桮銐撅銗矾旂葧怲,address:擙勫賖胡嚨窴焵牞瘱亱,diseaseHistory:梁撜菕諝踗鸳烛讆墑癛始欷昵疝诽瞧鹙麨濱靽禴涫壞鴯啝悻橻薗蓞蝪,habit:卡煌射紋箂耦輰昖翛畲逵祔筂噵潟鶓昀苤輠誼眹迓泠佊乀种灶縉珗錇,exerciseTarget:駥伢胠煰悇统漽凮祺焯}
{id:12261,name:抙瑐渒,sex:true,maritalStatus:true,age:145.0,height:48.0,weight:108.0,hobby:眛馏徒龏杠甞纡繘净蠸,address:羥吧壶朘滲蓾雸灎喳恂,diseaseHistory:唹旵諮粝勔妦甜沛役幟拺橮鵈鋫觪囻狍螨鐧萪孥轈穝髯蟜枋洙等嘾榌,habit:昭鞝截瀁荩岕韂伿迪暲敻畇躬檴烻獉脁湃詬巓欥蒛踦騌嗎碗鲾胻筦孝,exerciseTarget:釬冉鞎馞梶巘袤尾皱触}
{id:16233,name:伤烾警,sex:true,maritalStatus:true,age:142.0,height:49.0,weight:171.0,hobby:伾啜銞儷鹅漽烁箏觃愻,address:媖錒餐徼閈赮矧匲犨臷,diseaseHistory:鮺熕帧魠轘冏梾镠捔筭娕蒎賗枎胺鳏画偸澥篶劻歵斈讟蓂蕬馗隉媮嶁,habit:诅麪嵰殅騱蛶力黩酙匍醂睛睝餹墕茤篿共秓龅畟藑娧陮垤駧叇慔览鷮,exerciseTarget:嶰頋乶枒吭彶瑀祄皔級}
{id:6148,name:喍軇讓,sex:true,maritalStatus:false,age:146.0,height:50.0,weight:87.0,hobby:劄螀赆禔檃辗橌烁薼虓,address:搢垵蹲羁萌壊灣塒迭吢,diseaseHistory:鑊鞳呄颩殒鐯尕岗昻錗尙豯獶噅麺鳾觬棰孢朌诸熊胉食惀虀嚟嫠爤瘩,habit:湝聵募溒沝貯鵣佮噊郉荐约郓礈腲摔懳倹駉妮浪偌佹羍誔颇滜礠曋蠿,exerciseTarget:浙鮘盲篜浕莝畤駐搎樚}
{id:15370,name:阇傋栅,sex:true,maritalStatus:false,age:141.0,height:48.0,weight:36.0,hobby:李欻燇蟮顅砚鶘嶀塃撸,address:慅狯繜亪潍婕嚓錺碗篨,diseaseHistory:漌鷙擱剥桎釷隙蓚御曤埼轴煦襢楀渄剽狧銟欙窟荸殭磁厾齿寓婵荂勁,habit:飕坍迀抻鍖坎矛綀雳玤穹渾欨寻缹洦玀佫鴙撖爭璀釐彠壚蜿屜喈鶠撉,exerciseTarget:弴窙錕鏎玡璔垦槟餹掝}

2018-04-01 13:39:55.058  INFO 71452 --- [Thread-2] o.s.w.c.s.GenericWebApplicationContext   : Closing org.springframework.web.context.support.GenericWebApplicationContext@66ce957f: startup date [Sun Apr 01 13:39:14 CST 2018]; root of context hierarchy
2018-04-01 13:39:55.067  INFO 71452 --- [Thread-2] com.zaxxer.hikari.HikariDataSource       : HikariPool-1 - Shutdown initiated...
2018-04-01 13:39:55.078  INFO 71452 --- [Thread-2] com.zaxxer.hikari.HikariDataSource       : HikariPool-1 - Shutdown completed.
2018-04-01 13:39:55.079  INFO 71452 --- [Thread-2] o.s.s.concurrent.ThreadPoolTaskExecutor  : Shutting down ExecutorService 'MyAsync'
2018-04-01 13:40:02.408  INFO 71457 --- [main] c.d.test.services.UserServiceTest        : Starting UserServiceTest on alanMacBook-Pro.local with PID 71457 (started by alan in /Users/alan/developers/ideaspace/demo/DBtest)
2018-04-01 13:40:02.413  INFO 71457 --- [main] c.d.test.services.UserServiceTest        : No active profile set, falling back to default profiles: default
2018-04-01 13:40:02.561  INFO 71457 --- [main] o.s.w.c.s.GenericWebApplicationContext   : Refreshing org.springframework.web.context.support.GenericWebApplicationContext@66ce957f: startup date [Sun Apr 01 13:40:02 CST 2018]; root of context hierarchy
2018-04-01 13:40:04.320  INFO 71457 --- [main] trationDelegate$BeanPostProcessorChecker : Bean 'taskExecutorConfig' of type [com.database.test.config.TaskExecutorConfig$$EnhancerBySpringCGLIB$$997370fa] is not eligible for getting processed by all BeanPostProcessors (for example: not eligible for auto-proxying)
2018-04-01 13:40:04.343  INFO 71457 --- [main] o.s.s.concurrent.ThreadPoolTaskExecutor  : Initializing ExecutorService 
2018-04-01 13:40:04.356  INFO 71457 --- [main] o.s.s.concurrent.ThreadPoolTaskExecutor  : Initializing ExecutorService  'MyAsync'
2018-04-01 13:40:04.357  INFO 71457 --- [main] trationDelegate$BeanPostProcessorChecker : Bean 'MyAsync' of type [org.springframework.scheduling.concurrent.ThreadPoolTaskExecutor] is not eligible for getting processed by all BeanPostProcessors (for example: not eligible for auto-proxying)
2018-04-01 13:40:06.102  INFO 71457 --- [main] s.w.s.m.m.a.RequestMappingHandlerAdapter : Looking for @ControllerAdvice: org.springframework.web.context.support.GenericWebApplicationContext@66ce957f: startup date [Sun Apr 01 13:40:02 CST 2018]; root of context hierarchy
2018-04-01 13:40:06.240  INFO 71457 --- [main] s.w.s.m.m.a.RequestMappingHandlerMapping : Mapped "{[/user/save],methods=[GET]}" onto public java.lang.String com.database.test.controller.TestController.save(int)
2018-04-01 13:40:06.242  INFO 71457 --- [main] s.w.s.m.m.a.RequestMappingHandlerMapping : Mapped "{[/user/batchSave],methods=[GET]}" onto public java.lang.String com.database.test.controller.TestController.batchSave(int)
2018-04-01 13:40:06.242  INFO 71457 --- [main] s.w.s.m.m.a.RequestMappingHandlerMapping : Mapped "{[/user/getUserInfoByAge],methods=[GET]}" onto public java.lang.String com.database.test.controller.TestController.getUserInfoByAge(int)
2018-04-01 13:40:06.242  INFO 71457 --- [main] s.w.s.m.m.a.RequestMappingHandlerMapping : Mapped "{[/user/hello],methods=[GET]}" onto public java.lang.String com.database.test.controller.TestController.hello()
2018-04-01 13:40:06.245  INFO 71457 --- [main] s.w.s.m.m.a.RequestMappingHandlerMapping : Mapped "{[/error]}" onto public org.springframework.http.ResponseEntity<java.util.Map<java.lang.String, java.lang.Object>> org.springframework.boot.autoconfigure.web.servlet.error.BasicErrorController.error(javax.servlet.http.HttpServletRequest)
2018-04-01 13:40:06.246  INFO 71457 --- [main] s.w.s.m.m.a.RequestMappingHandlerMapping : Mapped "{[/error],produces=[text/html]}" onto public org.springframework.web.servlet.ModelAndView org.springframework.boot.autoconfigure.web.servlet.error.BasicErrorController.errorHtml(javax.servlet.http.HttpServletRequest,javax.servlet.http.HttpServletResponse)
2018-04-01 13:40:06.497  INFO 71457 --- [main] o.s.w.s.handler.SimpleUrlHandlerMapping  : Mapped URL path [/webjars/**] onto handler of type [class org.springframework.web.servlet.resource.ResourceHttpRequestHandler]
2018-04-01 13:40:06.498  INFO 71457 --- [main] o.s.w.s.handler.SimpleUrlHandlerMapping  : Mapped URL path [/**] onto handler of type [class org.springframework.web.servlet.resource.ResourceHttpRequestHandler]
2018-04-01 13:40:06.633  INFO 71457 --- [main] o.s.w.s.handler.SimpleUrlHandlerMapping  : Mapped URL path [/**/favicon.ico] onto handler of type [class org.springframework.web.servlet.resource.ResourceHttpRequestHandler]
2018-04-01 13:40:07.180  INFO 71457 --- [main] c.d.test.services.UserServiceTest        : Started UserServiceTest in 5.325 seconds (JVM running for 7.226)
2018-04-01 13:40:07.367  INFO 71457 --- [main] com.zaxxer.hikari.HikariDataSource       : HikariPool-1 - Starting...
2018-04-01 13:40:08.087  INFO 71457 --- [main] com.zaxxer.hikari.HikariDataSource       : HikariPool-1 - Start completed.
2018-04-01 13:40:34.512  INFO 71457 --- [main] com.database.test.services.UserService   : 10条最相似数据差异值为：1415.0
2018-04-01 13:40:34.513  INFO 71457 --- [main] com.database.test.services.UserService   : 
{id:13395,name:攻啁嵔,sex:true,maritalStatus:true,age:145.0,height:50.0,weight:163.0,hobby:秔跘鰲峹飻栻类黌扳襐,address:鲊鄀釺塘镽鶺揁眴噕昩,diseaseHistory:漻昷嶹僧鯏橧袗韜轨罛隧恟礄嘰遺湺呻埃襱聴鳤嚷倈訧鰼鐿紮濪悛鱈,habit:弋伔駞曆贻遣繪凕颾赪臃铿鬿枑闣妖孓蹔嫭鐴髠挿嶟訂雋嶅皺被秊沋,exerciseTarget:鴟补殐捳喪籍螌斮楁鏞}
{id:13382,name:甥踛樗,sex:true,maritalStatus:true,age:144.0,height:47.0,weight:145.0,hobby:堧呄榹癌碟赊矞聧頑旋,address:轡餫仯顦箱栝夲冝黹泪,diseaseHistory:陜篮怲嚨帪相匰繳瓸昨緭篁銈廬樅聀蠱繂鑫蠈晓玔爠螁鄺迫濮鹄挘覄,habit:蟚徉皵萇呀濵眴蚲钲塬匞诼趿麓荂骯痋毁螷螭值捉皖曽苩坋伉駦斍檙,exerciseTarget:譅莢盀砧殸严孹忘移廞}
{id:3879,name:稹膈鲂,sex:true,maritalStatus:false,age:145.0,height:47.0,weight:98.0,hobby:槻瑢租棸蒄抆珛陴枣戓,address:琏出貶瞗讉崾豆廛篹堆,diseaseHistory:牤灲檭檩蘵拦周腲周诬澪膎埝糌蕸尳価搔庇璇鬵盧堅橁麭嬰曵厾梍苛,habit:舽椷栅壈瞰翯軪蓐荙趦耙踓螰綱礘找鯎魂仗叕峞噺偑绷蟔譣賽赇鰚遣,exerciseTarget:鄀夌旔腬葞鬘浳暐啺嚻}
{id:19014,name:癯袻漈,sex:true,maritalStatus:true,age:145.0,height:45.0,weight:30.0,hobby:嵌峻硝褁峃莕慜亴跇瞱,address:缟扤飰秡铁蘏饼讜千骗,diseaseHistory:鼑濆糣闃悚赢肊敊嬄卓蘯涙萗瑤駻驮壖僇冁嘼诚譭唁晣婁训灌髗罸煨,habit:湯鍫耫瞦旤志倱墸粞鵥蟟撣襻鏯彌啒朗骖陽佽監匪榣迥紦雉糶莥橼汣,exerciseTarget:陏呢欴霼虫歶优巊翛渎}
{id:11482,name:会蚋綤,sex:true,maritalStatus:false,age:144.0,height:53.0,weight:196.0,hobby:蹎訔淍蟛畈萻提戧鞒荃,address:盆髸啊眼庵貖霖徳鸄掣,diseaseHistory:某膽饌淜樕暣膼憲殕诛瞴楻馵痂撓孢鯛欚屾挈褉牵軘超酁魄櫜竅铮氙,habit:癟闯莆睗俭嬧悠剏酦蚒敀眵媷鏢滙謱簋驃敱省嵡鏥麐侁巧弦篛隿袇萝,exerciseTarget:噟滥鎷羾刽泚礬匞饨萈}
{id:16079,name:谹嘉續,sex:true,maritalStatus:true,age:144.0,height:53.0,weight:121.0,hobby:諝龆敷噗堓徊膢膌疸瑊,address:卬醖壼瑎櫸霝鉄骴翄錦,diseaseHistory:槐鶃酸蹇绝厪邠媌頖緘蟾猌椤斀料崴夘訹骗嶠袻圏洮鑙痷蜎雴柴儾鍑,habit:僬躃虻屟佸窶扶獬汔儈刋檀砾鵚狊樝閨濶错玙靸疾蓮鱱釀壌洛薄篐匃,exerciseTarget:潲桹鬊厱齄魜鸠忑莫睱}
{id:12261,name:踉榅聬,sex:true,maritalStatus:false,age:145.0,height:48.0,weight:82.0,hobby:兮遟痼谳恌莒屒乭囤獗,address:漱殙黚鯟喴鵌峆旤鼨靽,diseaseHistory:澘欀鎉欞敒亻睎发鲾僥佟鐊坵咫蕉臕企黐繶餫栨栬腰襱躂鱚煴魿稃籣,habit:衲醮張诮怫社醩趹贺糎芓搠葑翱嬈觳笫玈羮骋殆忔梓賔魲贎匇翇疏虝,exerciseTarget:悝鹗薲纄鐻漧鶁殃墇諥}
{id:16233,name:坃検櫟,sex:true,maritalStatus:false,age:142.0,height:49.0,weight:79.0,hobby:砯炅娅锬汊烉櫃脗槪桖,address:毯鏜鹓肈停涻吧墩諩衠,diseaseHistory:牳齶畕猸勝鰮毪覷獬蕠抬襲谜簝鏄纾烇扚毧詴笷藴蝿榡熝暀殫妍趡枕,habit:梡耯溸鱣按氍横硓绠綑詫肚趈鷖芣歹圩涙千閾赈馺栅罕毟韜理焚緟螫,exerciseTarget:駎宂蠜狫熽凬崴瀅戁箤}
{id:6148,name:滑陉悼,sex:true,maritalStatus:true,age:146.0,height:50.0,weight:175.0,hobby:埐鳩烺瘡忂蒗嫪蒀鮕粣,address:瘺篜竨橨迉藣穗窿鸰嫓,diseaseHistory:折騣鑾儈桞曂鐷梀僨玉告旫鼅苧埚箫鵛珖郓絾瑏榸雐喴嵳巬櫚競婋瀦,habit:塓胗斸麈奺鼔瑡圞乓蒽焀莊藼頦磺懢塀呞搮逦斈剪萹郼巷犂派迧銵诐,exerciseTarget:鼺嬺淌展殩淈钪针衭啀}
{id:15370,name:咎響炲,sex:true,maritalStatus:false,age:141.0,height:48.0,weight:168.0,hobby:荡錢玬紭飺飣匐溦鰞髥,address:諶慀遟繸耽鄭尭脝樔髎,diseaseHistory:甇唝笤顬豉鄫龄餫徖齋飳智喒宫煙韍麶詭饇屑豖顅暽轱署帹觡闐唍訟,habit:樳鸈腂絶飌闋袊勗玢圁枠脙鋰褤隗搪擄芸蛹嵐筝鑲抭咯惋頿殞螵嬖拃,exerciseTarget:耮麽村纇铝嵍髨庶柑蚹}

2018-04-01 13:40:34.530  INFO 71457 --- [Thread-2] o.s.w.c.s.GenericWebApplicationContext   : Closing org.springframework.web.context.support.GenericWebApplicationContext@66ce957f: startup date [Sun Apr 01 13:40:02 CST 2018]; root of context hierarchy
2018-04-01 13:40:34.542  INFO 71457 --- [Thread-2] com.zaxxer.hikari.HikariDataSource       : HikariPool-1 - Shutdown initiated...
2018-04-01 13:40:34.556  INFO 71457 --- [Thread-2] com.zaxxer.hikari.HikariDataSource       : HikariPool-1 - Shutdown completed.
2018-04-01 13:40:34.557  INFO 71457 --- [Thread-2] o.s.s.concurrent.ThreadPoolTaskExecutor  : Shutting down ExecutorService 'MyAsync'
2018-04-01 13:49:47.797  INFO 71489 --- [main] c.d.test.services.UserServiceTest        : Starting UserServiceTest on alanMacBook-Pro.local with PID 71489 (started by alan in /Users/alan/developers/ideaspace/demo/DBtest)
2018-04-01 13:49:47.799  INFO 71489 --- [main] c.d.test.services.UserServiceTest        : No active profile set, falling back to default profiles: default
2018-04-01 13:49:47.853  INFO 71489 --- [main] o.s.w.c.s.GenericWebApplicationContext   : Refreshing org.springframework.web.context.support.GenericWebApplicationContext@66ce957f: startup date [Sun Apr 01 13:49:47 CST 2018]; root of context hierarchy
2018-04-01 13:49:49.400  INFO 71489 --- [main] trationDelegate$BeanPostProcessorChecker : Bean 'taskExecutorConfig' of type [com.database.test.config.TaskExecutorConfig$$EnhancerBySpringCGLIB$$a8c350e2] is not eligible for getting processed by all BeanPostProcessors (for example: not eligible for auto-proxying)
2018-04-01 13:49:49.415  INFO 71489 --- [main] o.s.s.concurrent.ThreadPoolTaskExecutor  : Initializing ExecutorService 
2018-04-01 13:49:49.424  INFO 71489 --- [main] o.s.s.concurrent.ThreadPoolTaskExecutor  : Initializing ExecutorService  'MyAsync'
2018-04-01 13:49:49.424  INFO 71489 --- [main] trationDelegate$BeanPostProcessorChecker : Bean 'MyAsync' of type [org.springframework.scheduling.concurrent.ThreadPoolTaskExecutor] is not eligible for getting processed by all BeanPostProcessors (for example: not eligible for auto-proxying)
2018-04-01 13:49:51.014  INFO 71489 --- [main] s.w.s.m.m.a.RequestMappingHandlerAdapter : Looking for @ControllerAdvice: org.springframework.web.context.support.GenericWebApplicationContext@66ce957f: startup date [Sun Apr 01 13:49:47 CST 2018]; root of context hierarchy
2018-04-01 13:49:51.160  INFO 71489 --- [main] s.w.s.m.m.a.RequestMappingHandlerMapping : Mapped "{[/user/save],methods=[GET]}" onto public java.lang.String com.database.test.controller.TestController.save(int)
2018-04-01 13:49:51.162  INFO 71489 --- [main] s.w.s.m.m.a.RequestMappingHandlerMapping : Mapped "{[/user/batchSave],methods=[GET]}" onto public java.lang.String com.database.test.controller.TestController.batchSave(int)
2018-04-01 13:49:51.164  INFO 71489 --- [main] s.w.s.m.m.a.RequestMappingHandlerMapping : Mapped "{[/user/getUserInfoByAge],methods=[GET]}" onto public java.lang.String com.database.test.controller.TestController.getUserInfoByAge(int)
2018-04-01 13:49:51.165  INFO 71489 --- [main] s.w.s.m.m.a.RequestMappingHandlerMapping : Mapped "{[/user/hello],methods=[GET]}" onto public java.lang.String com.database.test.controller.TestController.hello()
2018-04-01 13:49:51.170  INFO 71489 --- [main] s.w.s.m.m.a.RequestMappingHandlerMapping : Mapped "{[/error]}" onto public org.springframework.http.ResponseEntity<java.util.Map<java.lang.String, java.lang.Object>> org.springframework.boot.autoconfigure.web.servlet.error.BasicErrorController.error(javax.servlet.http.HttpServletRequest)
2018-04-01 13:49:51.171  INFO 71489 --- [main] s.w.s.m.m.a.RequestMappingHandlerMapping : Mapped "{[/error],produces=[text/html]}" onto public org.springframework.web.servlet.ModelAndView org.springframework.boot.autoconfigure.web.servlet.error.BasicErrorController.errorHtml(javax.servlet.http.HttpServletRequest,javax.servlet.http.HttpServletResponse)
2018-04-01 13:49:51.368  INFO 71489 --- [main] o.s.w.s.handler.SimpleUrlHandlerMapping  : Mapped URL path [/webjars/**] onto handler of type [class org.springframework.web.servlet.resource.ResourceHttpRequestHandler]
2018-04-01 13:49:51.368  INFO 71489 --- [main] o.s.w.s.handler.SimpleUrlHandlerMapping  : Mapped URL path [/**] onto handler of type [class org.springframework.web.servlet.resource.ResourceHttpRequestHandler]
2018-04-01 13:49:51.487  INFO 71489 --- [main] o.s.w.s.handler.SimpleUrlHandlerMapping  : Mapped URL path [/**/favicon.ico] onto handler of type [class org.springframework.web.servlet.resource.ResourceHttpRequestHandler]
2018-04-01 13:49:52.004  INFO 71489 --- [main] c.d.test.services.UserServiceTest        : Started UserServiceTest in 4.754 seconds (JVM running for 6.634)
2018-04-01 13:49:52.257  INFO 71489 --- [main] com.zaxxer.hikari.HikariDataSource       : HikariPool-1 - Starting...
2018-04-01 13:49:52.889  INFO 71489 --- [main] com.zaxxer.hikari.HikariDataSource       : HikariPool-1 - Start completed.
2018-04-01 13:50:57.733  INFO 71489 --- [main] com.database.test.services.UserService   : 10条最相似数据差异值为：1018.6
2018-04-01 13:50:57.734  INFO 71489 --- [main] com.database.test.services.UserService   : 
{id:17048,name:齑銉鉸,sex:true,maritalStatus:false,age:36.0,height:83.0,weight:52.0,hobby:翙制沑藂馑恷坕碰拎裞,address:鼻芐糭冹偸筡佹碛膆尛,diseaseHistory:碓稰署帊瀣忽婧鳖軯猡紅蚨舏萐閍舤鏌覙粳瞐櫃隻匎淉齎擸逯閦杞哛,habit:邧徾鲚鸺鉇栢鐺唿陦杆篏騋搚絞芀褛置傃顶聊铤氠奚翣蒂聵笱膄窼佰,exerciseTarget:焷鶣埐衼穝鎥曝悕丼腌}
{id:14132,name:綷迕败,sex:true,maritalStatus:false,age:36.0,height:83.0,weight:18.0,hobby:标敏黽撔瑞蛇閲嵖辗辚,address:焴刷凩吧振罺妷皩氈跍,diseaseHistory:籸鞧袨凹暆荫冾辤鉆蒗葓摳錱棽軤葆醋紬蛽涭懤菀愡鞌衟鰶夬骏搲鹞,habit:先檊优崝醆呍燗度巒巗澿瑰铲借嚀閴祏攢诚臗匁厍磷擔躸珩诰狺魎哬,exerciseTarget:囐悵敕驞臲矏竿蹑欷閧}
{id:1431,name:初僯挝,sex:true,maritalStatus:false,age:36.0,height:86.0,weight:81.0,hobby:糬鵤赢力樲量疏啍嵺彯,address:锄掿踕糃肾笲釣縉睻惌,diseaseHistory:梵闍妖腵蒮来鴧幂侦课匃蔴鮗曈靖过嚢棟憣徚彝镼杷瘧鞮炔扉輮选佬,habit:住硏举咑遗栤澔尬丄辵咟甘棃炓鞏挷姸鬖锏租絜溫蔳佞篰洵襖賴雁滖,exerciseTarget:蛭縹韧偋弥脮嶁刉叚帎}
{id:12175,name:遺忠糿,sex:true,maritalStatus:true,age:37.0,height:87.0,weight:90.0,hobby:晼鱭祣脍鞶湀精矲鈃絟,address:耿燅勷鸋輜歼杉賳羘馅,diseaseHistory:蟃咼生矞贸唩橽詴帪腌痰趉銃媫曲薤懣嫪鈸础匰忘虤貭嫅舎刷祅鄃璊,habit:鴖賸築篒蒾淢韷糎麍殸扚聸捔痓鷄镊屠宸瓮缷諰蕮伝麯釄炧鈋詵弙膾,exerciseTarget:千圻熹寇愷獐罛粙鲿诘}
{id:7436,name:误嚎嘒,sex:true,maritalStatus:true,age:37.0,height:82.0,weight:140.0,hobby:鹱蒈锼候绬畘洎喔唛鴓,address:岰篶鼂獧騁饵埪裋咣诧,diseaseHistory:怌蜹瑟瘽尛疩琶婕颛蠕琍韚琗掠勞韰桋蜒脇肐蒼褏罅慲铭孊谔詨爦襨,habit:苔巷眤徻迍恮鹍沨奜婛攺豙鱗矍崃鰜鯖尖膹决嫅鈚搬翇垇卩蓊愴蟮椑,exerciseTarget:孶齦嶠媱灬絯衽俎踛褯}
{id:8900,name:櫃伆盰,sex:true,maritalStatus:false,age:35.0,height:80.0,weight:104.0,hobby:嫪揯鉍跅偰彽窫璚蛙铮,address:醁抹輛獥堒矑蹻滛烕陹,diseaseHistory:峬濎粮岿奩梅顔駕爏藧蠭僦丈傞奮仪鼙萔魉戩獗鈪训黔檯祟鵤逩豘鸬,habit:嚀鍲逼靹標苦晧鍾鰃凑跮幾聻徇饿条績殉扇殐謸拇锃馇洢擻綼閕旱刃,exerciseTarget:塊鶂椪珊戶傭睉蟨塨楜}
{id:6664,name:鉆眚驺,sex:true,maritalStatus:true,age:39.0,height:87.0,weight:91.0,hobby:襊窂滮秣麽鉙晔咡屷鏿,address:醚靚鯪嗠熀嶤幇滾鐀慞,diseaseHistory:犏踉麨佴檃歼箌職娴顭銔庄斫弆鮁掍珮鎌蘋墹佤攣烮胈瞊暂魬圠檘蛩,habit:蚲盃爟福琹糮鋒赁嫫蟕堡鐞櫟檰翊歆柑鑈嵎佧泃耺泼痸侟餦椦鰯溼耹,exerciseTarget:湪哷娚鸻斧崲毣當橣豩}
{id:9381,name:诬翆嬾,sex:true,maritalStatus:false,age:32.0,height:82.0,weight:125.0,hobby:峎尪铡厵梤捘羛鍑呡逹,address:鎯灿镄熻懑褠椮皲韎愝,diseaseHistory:蓌伵鯥鑱狟孎艋潴烷朑葭嚥渶罝郠髛煙椲飸財豛泴鑘鬿玗匳惠滰惽噄,habit:使鵵屔鑜脏釬臭拺痕计疾芲缟磳鎙縜锇蹯莱閡膠鏁练顚殃邴庲组癝瑂,exerciseTarget:鞈瘲絻聛泭榗刍澀殮飚}
{id:14309,name:筏鈳贜,sex:true,maritalStatus:false,age:40.0,height:80.0,weight:28.0,hobby:覾曘铗捴屑頏佨堅慥糬,address:痗痩枴都躐挀糆鐕鏂翰,diseaseHistory:悂俫愃椪兏穈趝嶦艅酎訿邶鮳哣扯訐盨誂嬙酷峳裣虁欮騌鋁宯郖治豙,habit:鞟炅学辣籋罍耎鯘旞癋罣鶧恔蹑绨熚遇子攠輩痊仢裷尓鯿滝貺袌竜潣,exerciseTarget:铏谴挽钺羨盖茶塄牍貁}
{id:9614,name:持竗従,sex:true,maritalStatus:true,age:33.0,height:83.0,weight:89.0,hobby:蔣厩坳圁胰袩菥喙蠋詉,address:坽搘犂餌颳淮庳凃矕缳,diseaseHistory:殊轫踿虖天蘁鸓蚻騐鲟蠳籎杅抋蠖波繺刮拰岡英嫛贑蜕滿艄壵內舒宗,habit:橇磨又紆襪巜媦襛枴姏詀伲羍报陈壪羄窌锹氢栚湗禟帄鴤矕漰誧黥袖,exerciseTarget:燗觘囶蠥蘅渘殇愤袤卨}

2018-04-01 13:50:57.759  INFO 71489 --- [Thread-2] o.s.w.c.s.GenericWebApplicationContext   : Closing org.springframework.web.context.support.GenericWebApplicationContext@66ce957f: startup date [Sun Apr 01 13:49:47 CST 2018]; root of context hierarchy
2018-04-01 13:50:57.765  INFO 71489 --- [Thread-2] com.zaxxer.hikari.HikariDataSource       : HikariPool-1 - Shutdown initiated...
2018-04-01 13:50:57.778  INFO 71489 --- [Thread-2] com.zaxxer.hikari.HikariDataSource       : HikariPool-1 - Shutdown completed.
2018-04-01 13:50:57.781  INFO 71489 --- [Thread-2] o.s.s.concurrent.ThreadPoolTaskExecutor  : Shutting down ExecutorService 'MyAsync'
2018-04-01 13:51:55.169  INFO 71493 --- [main] c.d.test.services.UserServiceTest        : Starting UserServiceTest on alanMacBook-Pro.local with PID 71493 (started by alan in /Users/alan/developers/ideaspace/demo/DBtest)
2018-04-01 13:51:55.172  INFO 71493 --- [main] c.d.test.services.UserServiceTest        : No active profile set, falling back to default profiles: default
2018-04-01 13:51:55.223  INFO 71493 --- [main] o.s.w.c.s.GenericWebApplicationContext   : Refreshing org.springframework.web.context.support.GenericWebApplicationContext@55b5f5d2: startup date [Sun Apr 01 13:51:55 CST 2018]; root of context hierarchy
2018-04-01 13:51:56.852  INFO 71493 --- [main] trationDelegate$BeanPostProcessorChecker : Bean 'taskExecutorConfig' of type [com.database.test.config.TaskExecutorConfig$$EnhancerBySpringCGLIB$$2f4d9cfb] is not eligible for getting processed by all BeanPostProcessors (for example: not eligible for auto-proxying)
2018-04-01 13:51:56.872  INFO 71493 --- [main] o.s.s.concurrent.ThreadPoolTaskExecutor  : Initializing ExecutorService 
2018-04-01 13:51:56.882  INFO 71493 --- [main] o.s.s.concurrent.ThreadPoolTaskExecutor  : Initializing ExecutorService  'MyAsync'
2018-04-01 13:51:56.883  INFO 71493 --- [main] trationDelegate$BeanPostProcessorChecker : Bean 'MyAsync' of type [org.springframework.scheduling.concurrent.ThreadPoolTaskExecutor] is not eligible for getting processed by all BeanPostProcessors (for example: not eligible for auto-proxying)
2018-04-01 13:51:59.157  INFO 71493 --- [main] s.w.s.m.m.a.RequestMappingHandlerAdapter : Looking for @ControllerAdvice: org.springframework.web.context.support.GenericWebApplicationContext@55b5f5d2: startup date [Sun Apr 01 13:51:55 CST 2018]; root of context hierarchy
2018-04-01 13:51:59.331  INFO 71493 --- [main] s.w.s.m.m.a.RequestMappingHandlerMapping : Mapped "{[/user/save],methods=[GET]}" onto public java.lang.String com.database.test.controller.TestController.save(int)
2018-04-01 13:51:59.337  INFO 71493 --- [main] s.w.s.m.m.a.RequestMappingHandlerMapping : Mapped "{[/user/batchSave],methods=[GET]}" onto public java.lang.String com.database.test.controller.TestController.batchSave(int)
2018-04-01 13:51:59.338  INFO 71493 --- [main] s.w.s.m.m.a.RequestMappingHandlerMapping : Mapped "{[/user/getUserInfoByAge],methods=[GET]}" onto public java.lang.String com.database.test.controller.TestController.getUserInfoByAge(int)
2018-04-01 13:51:59.338  INFO 71493 --- [main] s.w.s.m.m.a.RequestMappingHandlerMapping : Mapped "{[/user/hello],methods=[GET]}" onto public java.lang.String com.database.test.controller.TestController.hello()
2018-04-01 13:51:59.342  INFO 71493 --- [main] s.w.s.m.m.a.RequestMappingHandlerMapping : Mapped "{[/error]}" onto public org.springframework.http.ResponseEntity<java.util.Map<java.lang.String, java.lang.Object>> org.springframework.boot.autoconfigure.web.servlet.error.BasicErrorController.error(javax.servlet.http.HttpServletRequest)
2018-04-01 13:51:59.344  INFO 71493 --- [main] s.w.s.m.m.a.RequestMappingHandlerMapping : Mapped "{[/error],produces=[text/html]}" onto public org.springframework.web.servlet.ModelAndView org.springframework.boot.autoconfigure.web.servlet.error.BasicErrorController.errorHtml(javax.servlet.http.HttpServletRequest,javax.servlet.http.HttpServletResponse)
2018-04-01 13:51:59.588  INFO 71493 --- [main] o.s.w.s.handler.SimpleUrlHandlerMapping  : Mapped URL path [/webjars/**] onto handler of type [class org.springframework.web.servlet.resource.ResourceHttpRequestHandler]
2018-04-01 13:51:59.589  INFO 71493 --- [main] o.s.w.s.handler.SimpleUrlHandlerMapping  : Mapped URL path [/**] onto handler of type [class org.springframework.web.servlet.resource.ResourceHttpRequestHandler]
2018-04-01 13:51:59.708  INFO 71493 --- [main] o.s.w.s.handler.SimpleUrlHandlerMapping  : Mapped URL path [/**/favicon.ico] onto handler of type [class org.springframework.web.servlet.resource.ResourceHttpRequestHandler]
2018-04-01 13:52:00.288  INFO 71493 --- [main] c.d.test.services.UserServiceTest        : Started UserServiceTest in 5.577 seconds (JVM running for 7.207)
2018-04-01 13:52:00.494  INFO 71493 --- [main] com.zaxxer.hikari.HikariDataSource       : HikariPool-1 - Starting...
2018-04-01 13:52:01.228  INFO 71493 --- [main] com.zaxxer.hikari.HikariDataSource       : HikariPool-1 - Start completed.
2018-04-01 13:52:40.046  INFO 71493 --- [main] com.database.test.services.UserService   : 10条最相似数据差异值为：824.6001
2018-04-01 13:52:40.054  INFO 71493 --- [main] com.database.test.services.UserService   : 
{id:13611,name:啕霎軨,sex:true,maritalStatus:false,age:71.0,height:44.0,weight:68.0,hobby:轩巻齽踕瓦薅撵鑬塩娜,address:习栴洋谩爯嬶挼乺授竛,diseaseHistory:襠眣慮躛犿髀筎琎畾勝檿倯韐柁怌僟夾憋荨懝眽鍧懇樣戩薝正柼镒谊,habit:穛櫼橲樫訫牬摨猛圲齩恎乕璯煱攎箐眷抂淮苨璽賊庞悱鵊荽鶴隒潏觪,exerciseTarget:嘊厥簁歛璒莦僻學沸訮}
{id:17456,name:裢兰蓞,sex:true,maritalStatus:false,age:70.0,height:44.0,weight:26.0,hobby:唵紓刃吓濉峵脧蕈恛隵,address:烻煠鲙馳弲餛彮捱在榖,diseaseHistory:庚譳鰓瀏峧蜻傶獪夌竀躧榉凃瘌鷈墧厖姂摇轍嘨櫙巇犴院貄昖嘨戁釂,habit:齫挢蘻劅嵯變卯豬簢睙美懂都鈒叐鉗盇遮鲉舛椲媕态藩恬鉫狺熑擃補,exerciseTarget:擙颵偝該饎葲狃哓燌畛}
{id:7374,name:畨羣褞,sex:true,maritalStatus:true,age:74.0,height:45.0,weight:72.0,hobby:鶩犅梢肟唬鹨騧窯畍发,address:祾虬噱丶峠壹裿廠羰邹,diseaseHistory:己娵侂舼穁羖壢劄塿絺臀低匣阴嗻笴辷骶圈齔猚惇畫刡虑濽豕堌溏繆,habit:犇鷺阛釗潞簊稫刻嶁軉实鱜镰祕契甩搉箕袬汸庳視庬睕鑃晰诧访贆嗆,exerciseTarget:咁峸焷軼娚雸圷崏喈瑁}
{id:6875,name:唥祗蛢,sex:true,maritalStatus:false,age:72.0,height:44.0,weight:2.0,hobby:豛谏荎碗碍笙钭醄曍躢,address:绕谒劔苄促脛繢顜厾鯬,diseaseHistory:弨湖蠻浃洕堘餜娶茿鎚従鬌働鑂檼宼鈀昝棈谭鏲嬸挐拧斳曰鍩棇赸縩,habit:橮度喱铕湵蹷禐痺酺唹劌穬曄杲殟铻苃泝畘蛚擼鉋駊驤乆苦爷羳炁癵,exerciseTarget:鞝粗涖呆鲑皔屣喐應氊}
{id:2815,name:埤咢鉀,sex:true,maritalStatus:true,age:69.0,height:54.0,weight:58.0,hobby:换汱望齕鬖筟説簦焜嗁,address:兩碯椗馻窞吒詫蹝呻鸳,diseaseHistory:骭啲樞記湱媆嫿扫愼槨萛喓各誥货緫貗艔濫孚熱夁洲菪穆鏧垠彄嚅滇,habit:鶛焕察鞛矡眍鎳裍彘悯鼈個棼蛋帊樰誫劮烮未笋暄馂呡卖眉决瘷荕斢,exerciseTarget:婹鱭稇纼齎傎狞党鷻讈}
{id:17261,name:肺唌燤,sex:true,maritalStatus:true,age:71.0,height:50.0,weight:108.0,hobby:訩励乥阀鞝襰衂痊墇靇,address:楥祕秡橰頳酒嚵嶡緟螒,diseaseHistory:疠鏱沄硪藐憝饚躸璛枚鑨爖坉钄韡弹臣梷網溈欻镣膠栬景啮薞嚠偖瓀,habit:绖譈逋魽峞蛡嫘侵颵踙菸網趋兡娴獆濗铣獆鎒杪铅襅眡氈煣顋貟熄琣,exerciseTarget:廎洴冷緆篟幔笭虐祋阷}
{id:16700,name:請恽蘝,sex:true,maritalStatus:false,age:70.0,height:45.0,weight:73.0,hobby:牕氇捊榇鲬娘樻飉鲆鎖,address:鈖璚凇垣圐鳨塠頧驄胧,diseaseHistory:蚣駙碚荶撅鬖蔗讐捈緔菅耩紃铺驠纬肓蓅沏恘嘆礅罒肄诽旵栆誽銁朸,habit:叢榞掝舤溕噏對鰎挽箏萐杳獌逖蔦彅鈸懎鑢乊肪鴡繪能鐷嶈莐卦鎲螉,exerciseTarget:傹口噁脌浬宐嘅哷齮廰}
{id:16143,name:梶鳹蝦,sex:true,maritalStatus:false,age:71.0,height:55.0,weight:37.0,hobby:雿楎篜粀齺嚕轔弥徎鷱,address:嬚瑖貃曜光癝犥苈幂詝,diseaseHistory:墀瑞鵖蟲忦軧酻丸幏迓垲邭刏璶妕需湊邋瞇嶒癚梐鹔誔牋峍鈡蕰狻圃,habit:麵詤惚獃櫄禢犞濜酾盟嵧嘲琛舨錍爡伳灩鄶澬膪鬲帰絺袬鰴浺鬏欂趌,exerciseTarget:锵搹紜涱鞋蛳漈衂嬝鋄}
{id:12724,name:考巤絛,sex:true,maritalStatus:true,age:70.0,height:43.0,weight:59.0,hobby:煂鮸鎧殭鏸埂鉆餀襅郧,address:厯鼟揇覟總珝诵菛鳺涛,diseaseHistory:櫇幵唅冓糐薤獒氿麢逜堊壣坕鴼禫晼稸阂愰橑瑵儰薵鼰珁橃皦嫦目愥,habit:鴷燱抢鰒圴偌荳朌鷎皒葆傪鄉軖毵粣峂惁誄癤嘽蹘訮訚葴閴鱘讨逼膓,exerciseTarget:是髎珍洕鹏廢衫匞粷啯}
{id:10947,name:泸鑋輷,sex:true,maritalStatus:false,age:80.0,height:48.0,weight:64.0,hobby:锃晑饯垙欑肭擁妫褥繽,address:軀擽譅抣瘈譕頋錣綜良,diseaseHistory:餍蔻咖鈳枣衂弞礖鞦艐壜莓髍贡嬩砼驄碵獫阪澚颓阨椦縸师玊吅囔钤,habit:饰肶礍垳餠箯剴奕誧粇鈖旀蚴脥鹏骭首研沱浜擎軆濧靰屔鼀玓旦法妮,exerciseTarget:彖龈侰債韃摽钽白箞酉}

2018-04-01 13:52:40.089  INFO 71493 --- [Thread-2] o.s.w.c.s.GenericWebApplicationContext   : Closing org.springframework.web.context.support.GenericWebApplicationContext@55b5f5d2: startup date [Sun Apr 01 13:51:55 CST 2018]; root of context hierarchy
2018-04-01 13:52:40.095  INFO 71493 --- [Thread-2] com.zaxxer.hikari.HikariDataSource       : HikariPool-1 - Shutdown initiated...
2018-04-01 13:52:40.108  INFO 71493 --- [Thread-2] com.zaxxer.hikari.HikariDataSource       : HikariPool-1 - Shutdown completed.
2018-04-01 13:52:40.110  INFO 71493 --- [Thread-2] o.s.s.concurrent.ThreadPoolTaskExecutor  : Shutting down ExecutorService 'MyAsync'
2018-04-01 13:56:10.121  INFO 71501 --- [main] c.d.test.services.UserServiceTest        : Starting UserServiceTest on alanMacBook-Pro.local with PID 71501 (started by alan in /Users/alan/developers/ideaspace/demo/DBtest)
2018-04-01 13:56:10.128  INFO 71501 --- [main] c.d.test.services.UserServiceTest        : No active profile set, falling back to default profiles: default
2018-04-01 13:56:10.200  INFO 71501 --- [main] o.s.w.c.s.GenericWebApplicationContext   : Refreshing org.springframework.web.context.support.GenericWebApplicationContext@66ce957f: startup date [Sun Apr 01 13:56:10 CST 2018]; root of context hierarchy
2018-04-01 13:56:11.616  INFO 71501 --- [main] trationDelegate$BeanPostProcessorChecker : Bean 'taskExecutorConfig' of type [com.database.test.config.TaskExecutorConfig$$EnhancerBySpringCGLIB$$5a3a175e] is not eligible for getting processed by all BeanPostProcessors (for example: not eligible for auto-proxying)
2018-04-01 13:56:11.653  INFO 71501 --- [main] o.s.s.concurrent.ThreadPoolTaskExecutor  : Initializing ExecutorService 
2018-04-01 13:56:11.690  INFO 71501 --- [main] o.s.s.concurrent.ThreadPoolTaskExecutor  : Initializing ExecutorService  'MyAsync'
2018-04-01 13:56:11.691  INFO 71501 --- [main] trationDelegate$BeanPostProcessorChecker : Bean 'MyAsync' of type [org.springframework.scheduling.concurrent.ThreadPoolTaskExecutor] is not eligible for getting processed by all BeanPostProcessors (for example: not eligible for auto-proxying)
2018-04-01 13:56:13.417  INFO 71501 --- [main] s.w.s.m.m.a.RequestMappingHandlerAdapter : Looking for @ControllerAdvice: org.springframework.web.context.support.GenericWebApplicationContext@66ce957f: startup date [Sun Apr 01 13:56:10 CST 2018]; root of context hierarchy
2018-04-01 13:56:13.561  INFO 71501 --- [main] s.w.s.m.m.a.RequestMappingHandlerMapping : Mapped "{[/user/save],methods=[GET]}" onto public java.lang.String com.database.test.controller.TestController.save(int)
2018-04-01 13:56:13.563  INFO 71501 --- [main] s.w.s.m.m.a.RequestMappingHandlerMapping : Mapped "{[/user/batchSave],methods=[GET]}" onto public java.lang.String com.database.test.controller.TestController.batchSave(int)
2018-04-01 13:56:13.563  INFO 71501 --- [main] s.w.s.m.m.a.RequestMappingHandlerMapping : Mapped "{[/user/getUserInfoByAge],methods=[GET]}" onto public java.lang.String com.database.test.controller.TestController.getUserInfoByAge(int)
2018-04-01 13:56:13.564  INFO 71501 --- [main] s.w.s.m.m.a.RequestMappingHandlerMapping : Mapped "{[/user/hello],methods=[GET]}" onto public java.lang.String com.database.test.controller.TestController.hello()
2018-04-01 13:56:13.567  INFO 71501 --- [main] s.w.s.m.m.a.RequestMappingHandlerMapping : Mapped "{[/error]}" onto public org.springframework.http.ResponseEntity<java.util.Map<java.lang.String, java.lang.Object>> org.springframework.boot.autoconfigure.web.servlet.error.BasicErrorController.error(javax.servlet.http.HttpServletRequest)
2018-04-01 13:56:13.568  INFO 71501 --- [main] s.w.s.m.m.a.RequestMappingHandlerMapping : Mapped "{[/error],produces=[text/html]}" onto public org.springframework.web.servlet.ModelAndView org.springframework.boot.autoconfigure.web.servlet.error.BasicErrorController.errorHtml(javax.servlet.http.HttpServletRequest,javax.servlet.http.HttpServletResponse)
2018-04-01 13:56:13.799  INFO 71501 --- [main] o.s.w.s.handler.SimpleUrlHandlerMapping  : Mapped URL path [/webjars/**] onto handler of type [class org.springframework.web.servlet.resource.ResourceHttpRequestHandler]
2018-04-01 13:56:13.800  INFO 71501 --- [main] o.s.w.s.handler.SimpleUrlHandlerMapping  : Mapped URL path [/**] onto handler of type [class org.springframework.web.servlet.resource.ResourceHttpRequestHandler]
2018-04-01 13:56:13.922  INFO 71501 --- [main] o.s.w.s.handler.SimpleUrlHandlerMapping  : Mapped URL path [/**/favicon.ico] onto handler of type [class org.springframework.web.servlet.resource.ResourceHttpRequestHandler]
2018-04-01 13:56:14.484  INFO 71501 --- [main] c.d.test.services.UserServiceTest        : Started UserServiceTest in 4.91 seconds (JVM running for 6.344)
2018-04-01 13:56:14.677  INFO 71501 --- [main] com.zaxxer.hikari.HikariDataSource       : HikariPool-1 - Starting...
2018-04-01 13:56:15.466  INFO 71501 --- [main] com.zaxxer.hikari.HikariDataSource       : HikariPool-1 - Start completed.
2018-04-01 14:01:19.237  INFO 71501 --- [main] com.database.test.services.UserService   : 10条最相似数据差异值为：1304.0
2018-04-01 14:01:19.237  WARN 71501 --- [HikariPool-1 housekeeper] com.zaxxer.hikari.pool.HikariPool        : HikariPool-1 - Thread starvation or clock leap detected (housekeeper delta=2m49s205ms).
2018-04-01 14:01:19.238  INFO 71501 --- [main] com.database.test.services.UserService   : 
{id:13395,name:嘍鞡茍,sex:true,maritalStatus:false,age:145.0,height:50.0,weight:40.0,hobby:渡蓗艀紜螳囧愇攓崉妩,address:丽蚳靑棿烎復务齳込柝,diseaseHistory:囸顥姍骴敓鈕锣瀾恿粨霃瀘蒊渲騛岊搚悥鰮稇檊煎筇藻欗庩毠拮颬韁,habit:穻諻砟柌痀氘鯞弾扭蜜滜疝莚躙脷颵耍纏鹄伇抲縻铹鐣窎箢讹鷾郷嗝,exerciseTarget:刂鳋凨幍靃躣諾饚疅嚷}
{id:13382,name:辊闪撞,sex:true,maritalStatus:false,age:144.0,height:47.0,weight:113.0,hobby:禭馉闪餺簴鐑桥嗹蓙蔃,address:芰楊洿騀鴈潅腰薻黽瘨,diseaseHistory:烒咇葕斵师抩齧濉棔禱颺蓩葑灂芥卉隫涹瑃陡馉乔堒遠滧嵛鴢蔯睒瑽,habit:饂恂嬵葸澽諯鸹鄓队嗓覗荿嫄擭毭洲杳病镁豍譲賰潆鬠嚣趚婶稉姊缯,exerciseTarget:矲肾眧梹倭壩滲厉翛鞥}
{id:3879,name:姷吾忢,sex:true,maritalStatus:true,age:145.0,height:47.0,weight:124.0,hobby:笅匎巜髿駉懺奆涘涅尫,address:瑙橍璵讜瘼鰒尪咗払繪,diseaseHistory:砺帕瘐至簴俥畼碤路叓惩雝慑拍燙麯矇壕則夼看燚媟黇觳鸸蛿癞轺垻,habit:匶袠墿臦姮蛥鏖穱瑱鱭閯懬慪轹廈鵚汈璞摏瘍戈沢梨偌鞺謹驚觋岱怠,exerciseTarget:蝕隡圄柀撜昺梑魺掂蝱}
{id:19014,name:耼爦貴,sex:true,maritalStatus:false,age:145.0,height:45.0,weight:17.0,hobby:绠俸昁涅穃樏瑛齤楿瑒,address:赲朳砈掄齤髝镃妙鴎澱,diseaseHistory:瞏竒匨油腺捐仺殉来妛憻鉢麔逴貚痊韔厫黱嘼莊緸睊洈鼿剟頾啹鏕隡,habit:她邥闼绱佀轔谥曮嶖遮糺諆拿煅惥泏侗恋個兼噑獸呲气錌扎嬁嘋颴橵,exerciseTarget:歜买撾盒鞎閉笌咐渃搿}
{id:11482,name:璄艝惣,sex:true,maritalStatus:false,age:144.0,height:53.0,weight:115.0,hobby:覤陮賟鰳廝飡壂需硦嵭,address:鬥蠈馃昣昖葼克莰慉鉜,diseaseHistory:羛蜾銆嗿豽冓簃挽蜕怑恖篥榿鎃瞍詪楸孕悒笉毹脸咎鞰餉掵蜺衭犇詙,habit:猡簲褙轱鲚毡嬍舤瘿绞死忤怞帣谢婐唠鈎麮匧轄槗镯攆欇糼淑俹制演,exerciseTarget:敺繐酽隻靠蝁昀廭昿娿}
{id:16079,name:楗洹箶,sex:true,maritalStatus:true,age:144.0,height:53.0,weight:147.0,hobby:剨堵郋鮂鴔医衸鱤夶炌,address:禈癯煖葖膔颕冑籾谣鹰,diseaseHistory:厈劢天艐啑等震剏熸婰锢粃臅苓橎牮簶冚怢鼜潧贴鼖潫疥襶恛霳秉厸,habit:罇蛴妖近鼹畓蓅骆敾誕纨毤佮舍羴洘鰕綐诚鐞瓬鲣墪佖鲱犈哭渠罎抬,exerciseTarget:徝虚狴杽颼哂啱鲱兏尴}
{id:12261,name:醠筹搈,sex:true,maritalStatus:false,age:145.0,height:48.0,weight:10.0,hobby:馩巖荭怎绁亵螯錬愮溥,address:菜鑤誌樂诵浘梩玛鼱蛗,diseaseHistory:题湋宒閏酼闑喀鸊幜鎽翗膥侢勋爫韆鮑皠苋炭汥敧阷蒳弤圤喞秋狈賏,habit:菞辽魩漋篡怩劼縪僭貱枷鏍醺鶶引頖錯賯特衧漢岒勦鹵雭荼蕳猦聆虜,exerciseTarget:緊詤楆邧帗腪賎仮摇湨}
{id:16233,name:禱鄔迷,sex:true,maritalStatus:true,age:142.0,height:49.0,weight:120.0,hobby:迋铌憋掞韸晹晇幣霷痚,address:讶薶突蹖堭唶潌浟无繉,diseaseHistory:鬧咁繿垾宸若陼簁酌狷彈慱沺轛摛鰙胣娒卶钁璂鮿儹壑塶饉偋源驡厡,habit:阌踃鵣烹揎堤結允榲溻痪髫看訤灛醆髒右鍃堯拯鹐驂忭侲區韱巃双锒,exerciseTarget:噤攻簣焬咚謏鸹鬀雲曃}
{id:6148,name:罝逭敯,sex:true,maritalStatus:true,age:146.0,height:50.0,weight:115.0,hobby:伙颙硕鉾聼砂灞涷鈓锝,address:事瓑趟僬謥鶘壊橴瓛紈,diseaseHistory:裚蜛囡汗愘経逍帧扼庛讫粞帊闌硄睶曞骃季阖衒蔨稯瑯汗彠竿笌璎膷,habit:擪裨蚗笸巘桝郄祴内睇忿螿踿衫儔鹢竩泚锢鶓哲釜鷦慨揠竂攄馞襜掍,exerciseTarget:咐矀猋歄悶咓缡鯫眲漓}
{id:15370,name:牾呪商,sex:true,maritalStatus:false,age:141.0,height:48.0,weight:89.0,hobby:倁圏儏桠劷正罢恏皱檞,address:焋沉媷珈觰凇襘该啻鶍,diseaseHistory:茒駝椦黣鴤魸瀹堳豺聤嶐喔逢楴抴撓纰懒灎罹昚淼塈谮罉樀辚菿魖軦,habit:蠧嫌煻覜鑩襐嗱僑窊髝珃珄咩寇胿晒鉾矔栀痰糋葙隑盪哨頞罀仠魜罝,exerciseTarget:癧鰵猡寯毰藺撇鵷幞建}

2018-04-01 14:01:19.252  INFO 71501 --- [Thread-2] o.s.w.c.s.GenericWebApplicationContext   : Closing org.springframework.web.context.support.GenericWebApplicationContext@66ce957f: startup date [Sun Apr 01 13:56:10 CST 2018]; root of context hierarchy
2018-04-01 14:01:19.256  INFO 71501 --- [Thread-2] com.zaxxer.hikari.HikariDataSource       : HikariPool-1 - Shutdown initiated...
2018-04-01 14:01:19.269  INFO 71501 --- [Thread-2] com.zaxxer.hikari.HikariDataSource       : HikariPool-1 - Shutdown completed.
2018-04-01 14:01:19.269  INFO 71501 --- [Thread-2] o.s.s.concurrent.ThreadPoolTaskExecutor  : Shutting down ExecutorService 'MyAsync'
2018-04-01 14:02:35.558  INFO 71520 --- [main] c.d.test.services.UserServiceTest        : Starting UserServiceTest on alanMacBook-Pro.local with PID 71520 (started by alan in /Users/alan/developers/ideaspace/demo/DBtest)
2018-04-01 14:02:35.560  INFO 71520 --- [main] c.d.test.services.UserServiceTest        : No active profile set, falling back to default profiles: default
2018-04-01 14:02:35.622  INFO 71520 --- [main] o.s.w.c.s.GenericWebApplicationContext   : Refreshing org.springframework.web.context.support.GenericWebApplicationContext@5bfa8cc5: startup date [Sun Apr 01 14:02:35 CST 2018]; root of context hierarchy
2018-04-01 14:02:37.527  INFO 71520 --- [main] trationDelegate$BeanPostProcessorChecker : Bean 'taskExecutorConfig' of type [com.database.test.config.TaskExecutorConfig$$EnhancerBySpringCGLIB$$fc884a9] is not eligible for getting processed by all BeanPostProcessors (for example: not eligible for auto-proxying)
2018-04-01 14:02:37.553  INFO 71520 --- [main] o.s.s.concurrent.ThreadPoolTaskExecutor  : Initializing ExecutorService 
2018-04-01 14:02:37.569  INFO 71520 --- [main] o.s.s.concurrent.ThreadPoolTaskExecutor  : Initializing ExecutorService  'MyAsync'
2018-04-01 14:02:37.569  INFO 71520 --- [main] trationDelegate$BeanPostProcessorChecker : Bean 'MyAsync' of type [org.springframework.scheduling.concurrent.ThreadPoolTaskExecutor] is not eligible for getting processed by all BeanPostProcessors (for example: not eligible for auto-proxying)
2018-04-01 14:02:39.675  INFO 71520 --- [main] s.w.s.m.m.a.RequestMappingHandlerAdapter : Looking for @ControllerAdvice: org.springframework.web.context.support.GenericWebApplicationContext@5bfa8cc5: startup date [Sun Apr 01 14:02:35 CST 2018]; root of context hierarchy
2018-04-01 14:02:39.872  INFO 71520 --- [main] s.w.s.m.m.a.RequestMappingHandlerMapping : Mapped "{[/user/save],methods=[GET]}" onto public java.lang.String com.database.test.controller.TestController.save(int)
2018-04-01 14:02:39.873  INFO 71520 --- [main] s.w.s.m.m.a.RequestMappingHandlerMapping : Mapped "{[/user/batchSave],methods=[GET]}" onto public java.lang.String com.database.test.controller.TestController.batchSave(int)
2018-04-01 14:02:39.873  INFO 71520 --- [main] s.w.s.m.m.a.RequestMappingHandlerMapping : Mapped "{[/user/getUserInfoByAge],methods=[GET]}" onto public java.lang.String com.database.test.controller.TestController.getUserInfoByAge(int)
2018-04-01 14:02:39.873  INFO 71520 --- [main] s.w.s.m.m.a.RequestMappingHandlerMapping : Mapped "{[/user/hello],methods=[GET]}" onto public java.lang.String com.database.test.controller.TestController.hello()
2018-04-01 14:02:39.877  INFO 71520 --- [main] s.w.s.m.m.a.RequestMappingHandlerMapping : Mapped "{[/error]}" onto public org.springframework.http.ResponseEntity<java.util.Map<java.lang.String, java.lang.Object>> org.springframework.boot.autoconfigure.web.servlet.error.BasicErrorController.error(javax.servlet.http.HttpServletRequest)
2018-04-01 14:02:39.878  INFO 71520 --- [main] s.w.s.m.m.a.RequestMappingHandlerMapping : Mapped "{[/error],produces=[text/html]}" onto public org.springframework.web.servlet.ModelAndView org.springframework.boot.autoconfigure.web.servlet.error.BasicErrorController.errorHtml(javax.servlet.http.HttpServletRequest,javax.servlet.http.HttpServletResponse)
2018-04-01 14:02:40.102  INFO 71520 --- [main] o.s.w.s.handler.SimpleUrlHandlerMapping  : Mapped URL path [/webjars/**] onto handler of type [class org.springframework.web.servlet.resource.ResourceHttpRequestHandler]
2018-04-01 14:02:40.107  INFO 71520 --- [main] o.s.w.s.handler.SimpleUrlHandlerMapping  : Mapped URL path [/**] onto handler of type [class org.springframework.web.servlet.resource.ResourceHttpRequestHandler]
2018-04-01 14:02:40.321  INFO 71520 --- [main] o.s.w.s.handler.SimpleUrlHandlerMapping  : Mapped URL path [/**/favicon.ico] onto handler of type [class org.springframework.web.servlet.resource.ResourceHttpRequestHandler]
2018-04-01 14:02:41.023  INFO 71520 --- [main] c.d.test.services.UserServiceTest        : Started UserServiceTest in 6.169 seconds (JVM running for 8.775)
2018-04-01 14:02:41.259  INFO 71520 --- [main] com.zaxxer.hikari.HikariDataSource       : HikariPool-1 - Starting...
2018-04-01 14:02:42.625  INFO 71520 --- [main] com.zaxxer.hikari.HikariDataSource       : HikariPool-1 - Start completed.
2018-04-01 14:02:59.349  INFO 71520 --- [Thread-2] o.s.w.c.s.GenericWebApplicationContext   : Closing org.springframework.web.context.support.GenericWebApplicationContext@5bfa8cc5: startup date [Sun Apr 01 14:02:35 CST 2018]; root of context hierarchy
2018-04-01 14:02:59.366  INFO 71520 --- [Thread-2] com.zaxxer.hikari.HikariDataSource       : HikariPool-1 - Shutdown initiated...
2018-04-01 14:02:59.448  INFO 71520 --- [Thread-2] com.zaxxer.hikari.HikariDataSource       : HikariPool-1 - Shutdown completed.
2018-04-01 14:02:59.449  INFO 71520 --- [Thread-2] o.s.s.concurrent.ThreadPoolTaskExecutor  : Shutting down ExecutorService 'MyAsync'
2018-04-01 14:04:42.859  INFO 71526 --- [main] c.d.test.services.UserServiceTest        : Starting UserServiceTest on alanMacBook-Pro.local with PID 71526 (started by alan in /Users/alan/developers/ideaspace/demo/DBtest)
2018-04-01 14:04:42.861  INFO 71526 --- [main] c.d.test.services.UserServiceTest        : No active profile set, falling back to default profiles: default
2018-04-01 14:04:42.947  INFO 71526 --- [main] o.s.w.c.s.GenericWebApplicationContext   : Refreshing org.springframework.web.context.support.GenericWebApplicationContext@66ce957f: startup date [Sun Apr 01 14:04:42 CST 2018]; root of context hierarchy
2018-04-01 14:04:44.759  INFO 71526 --- [main] trationDelegate$BeanPostProcessorChecker : Bean 'taskExecutorConfig' of type [com.database.test.config.TaskExecutorConfig$$EnhancerBySpringCGLIB$$1c64be19] is not eligible for getting processed by all BeanPostProcessors (for example: not eligible for auto-proxying)
2018-04-01 14:04:44.780  INFO 71526 --- [main] o.s.s.concurrent.ThreadPoolTaskExecutor  : Initializing ExecutorService 
2018-04-01 14:04:44.794  INFO 71526 --- [main] o.s.s.concurrent.ThreadPoolTaskExecutor  : Initializing ExecutorService  'MyAsync'
2018-04-01 14:04:44.794  INFO 71526 --- [main] trationDelegate$BeanPostProcessorChecker : Bean 'MyAsync' of type [org.springframework.scheduling.concurrent.ThreadPoolTaskExecutor] is not eligible for getting processed by all BeanPostProcessors (for example: not eligible for auto-proxying)
2018-04-01 14:04:46.872  INFO 71526 --- [main] s.w.s.m.m.a.RequestMappingHandlerAdapter : Looking for @ControllerAdvice: org.springframework.web.context.support.GenericWebApplicationContext@66ce957f: startup date [Sun Apr 01 14:04:42 CST 2018]; root of context hierarchy
2018-04-01 14:04:47.097  INFO 71526 --- [main] s.w.s.m.m.a.RequestMappingHandlerMapping : Mapped "{[/user/save],methods=[GET]}" onto public java.lang.String com.database.test.controller.TestController.save(int)
2018-04-01 14:04:47.099  INFO 71526 --- [main] s.w.s.m.m.a.RequestMappingHandlerMapping : Mapped "{[/user/batchSave],methods=[GET]}" onto public java.lang.String com.database.test.controller.TestController.batchSave(int)
2018-04-01 14:04:47.100  INFO 71526 --- [main] s.w.s.m.m.a.RequestMappingHandlerMapping : Mapped "{[/user/getUserInfoByAge],methods=[GET]}" onto public java.lang.String com.database.test.controller.TestController.getUserInfoByAge(int)
2018-04-01 14:04:47.101  INFO 71526 --- [main] s.w.s.m.m.a.RequestMappingHandlerMapping : Mapped "{[/user/hello],methods=[GET]}" onto public java.lang.String com.database.test.controller.TestController.hello()
2018-04-01 14:04:47.112  INFO 71526 --- [main] s.w.s.m.m.a.RequestMappingHandlerMapping : Mapped "{[/error]}" onto public org.springframework.http.ResponseEntity<java.util.Map<java.lang.String, java.lang.Object>> org.springframework.boot.autoconfigure.web.servlet.error.BasicErrorController.error(javax.servlet.http.HttpServletRequest)
2018-04-01 14:04:47.118  INFO 71526 --- [main] s.w.s.m.m.a.RequestMappingHandlerMapping : Mapped "{[/error],produces=[text/html]}" onto public org.springframework.web.servlet.ModelAndView org.springframework.boot.autoconfigure.web.servlet.error.BasicErrorController.errorHtml(javax.servlet.http.HttpServletRequest,javax.servlet.http.HttpServletResponse)
2018-04-01 14:04:47.416  INFO 71526 --- [main] o.s.w.s.handler.SimpleUrlHandlerMapping  : Mapped URL path [/webjars/**] onto handler of type [class org.springframework.web.servlet.resource.ResourceHttpRequestHandler]
2018-04-01 14:04:47.417  INFO 71526 --- [main] o.s.w.s.handler.SimpleUrlHandlerMapping  : Mapped URL path [/**] onto handler of type [class org.springframework.web.servlet.resource.ResourceHttpRequestHandler]
2018-04-01 14:04:47.581  INFO 71526 --- [main] o.s.w.s.handler.SimpleUrlHandlerMapping  : Mapped URL path [/**/favicon.ico] onto handler of type [class org.springframework.web.servlet.resource.ResourceHttpRequestHandler]
2018-04-01 14:04:48.313  INFO 71526 --- [main] c.d.test.services.UserServiceTest        : Started UserServiceTest in 6.105 seconds (JVM running for 8.214)
2018-04-01 14:04:48.677  INFO 71526 --- [main] com.zaxxer.hikari.HikariDataSource       : HikariPool-1 - Starting...
2018-04-01 14:04:49.544  INFO 71526 --- [main] com.zaxxer.hikari.HikariDataSource       : HikariPool-1 - Start completed.
2018-04-01 14:11:59.066  WARN 71526 --- [HikariPool-1 housekeeper] com.zaxxer.hikari.pool.HikariPool        : HikariPool-1 - Thread starvation or clock leap detected (housekeeper delta=1m9s379ms).
2018-04-01 14:11:59.065  INFO 71526 --- [main] com.database.test.services.UserService   : 10条最相似数据差异值为：641.4001
2018-04-01 14:11:59.067  INFO 71526 --- [main] com.database.test.services.UserService   : 
{id:13100,name:黭伣殃,sex:false,maritalStatus:false,age:134.0,height:47.0,weight:118.0,hobby:短崨甜顤陖蜫溎質谀飰,address:醛伆傡於崸墰捑檔皢憀,diseaseHistory:柔鋞翘焓槷釃瑎訍夭旟枺餆繧弢払捅俥沃讣栻蜵峰軑溹雈泽轠碠劜渌,habit:瓠力廹撐戎砿痲衟挺嫀陝弆鐇蓱澁櫙鑭儜憘嚙瓦噤瘝攨钵楤媞謹膜铭,exerciseTarget:睯畩桸憠咛栄蝬塂拱凿}
{id:11441,name:馕滄痔,sex:false,maritalStatus:false,age:133.0,height:46.0,weight:128.0,hobby:邔獐矋肵猃抭筠銓惕嬤,address:擁朏羐鋼簳窼哶躟仴咟,diseaseHistory:抣膢朿慅桞泧玢珮擘廍厧齀刓鉤侥槡膇墛兂櫽烨榐耑枓苉蚟澈茹滜圚,habit:咑嵅匤担莆頃诤詪鐕间轌蜓鼚筅鴙鷝咪乱饫軪輸烥馰叏緻狌伪糢橏蚏,exerciseTarget:銴境啲矙咸蕦瓱瓩垆胢}
{id:11141,name:醋墽愷,sex:false,maritalStatus:false,age:133.0,height:50.0,weight:164.0,hobby:蹂窃炈蟣銈膯錴掳嗏商,address:舍豅妦騵遑舝蝃彙墀葕,diseaseHistory:喏瑞蒿猁傿橷碊鑖詏彖頀钴酄峊驾囇啸鐒鄾吜醪勇坐鞋匛査犟跻圸侽,habit:滒藩窠铃嬺蕀孜褟誩倜醼牟毧馐妝獆窺菣瀤戂痔矘曃籒夒賁心沫珣娫,exerciseTarget:豥財浔椽攚敿扦屁鵝曛}
{id:10911,name:匫駰跧,sex:false,maritalStatus:true,age:133.0,height:47.0,weight:63.0,hobby:嵖憌尉奒芴吡埃文氇糅,address:纹睓癐焷惚勂售玟散蛠,diseaseHistory:鞊览磂檟觾萔彌嵗覎禮兙梘硖邂髍玤鱕啑媜捚頭瀞甾汔刺觰灹呥抿冴,habit:焠昒玏峭蕢灌玫鲕單鸩鱈舮僠砋礼嘞叐塪瑩赥晱菡剠贚祄夵畷葟宐鯀,exerciseTarget:婘諯恔呷昪璂泻歊箻欹}
{id:11654,name:閸驥掭,sex:false,maritalStatus:true,age:134.0,height:42.0,weight:145.0,hobby:淬鹾唨乗涳通嵮鬓熌薼,address:觢棗勨釼邎壴紒熀翋钠,diseaseHistory:凔審弐蹊掵颩濬搻藲蒛隋懒麁騸様涹慵琨妹汰凢鱔夬瑏碼圽也芔鄷蒻,habit:浹桪蝶霑墇媩錐繡轸郒砋虷腅完壌鞝剞傩岝觜寤愮笝潗擨鮙晥鏐癰鬣,exerciseTarget:詊紃錻夌晪筗镟鍒讑鼠}
{id:3856,name:祭橰诩,sex:false,maritalStatus:false,age:137.0,height:46.0,weight:123.0,hobby:篊壳泧旄翿羋蛠滿溏飸,address:鲘鵺饞塦朕胅痻釟絎驉,diseaseHistory:騙曀靀新烸屝鸣餉鎼紃膾橭茘靳疳璥鮫賺睈尮脺麂哝勓苔臒臐莤椲崑,habit:彏馈匽扃籥鉘瓉毮曌砦芬颻矗滀髐伊鯤杅奄忚報捸堜儲釓鏄整绪蝠捇,exerciseTarget:珒囎郴集嫷涙性潍焲霫}
{id:12884,name:磑漿蹮,sex:false,maritalStatus:false,age:132.0,height:46.0,weight:152.0,hobby:姆澨籐狒傺徹儃奉豨澒,address:管括藠傳郝焤稣簗鶸匼,diseaseHistory:膿鞃傉昗麭糓苈獄揕偧塥猦弥簳圛憴鄝饠泴愛妞晣楌顁濦褝吂蝪鮽篤,habit:皡叢驊俯笲蝐纉襅冐拝螠沦旦始凈巢燫娓輠朦摉厸倅矻斑猤瞎亭説麛,exerciseTarget:巾刊鈼嶂搄嚣奇贛瀕么}
{id:19100,name:芐闘蒑,sex:false,maritalStatus:true,age:136.0,height:45.0,weight:137.0,hobby:蟪龘称孻溗儥屘头钓厕,address:褴恘拰獨谩鉐啰拙徺讉,diseaseHistory:涃發令絴堘傿胒慤踄珅戛谕訽古黔椉茌煭谔霡讲沀蟑鱰鄁镳軖梮詛朅,habit:勉閕隴岈殕谀巍屡顑薦悹睶佣臹委樎婙林毌搻阮猞珞鹡捫膐峉璽瑀炶,exerciseTarget:賕彉朴怤譡縏罡睩攩牊}
{id:4714,name:俦阓阅,sex:false,maritalStatus:false,age:132.0,height:51.0,weight:138.0,hobby:鈵埱翸蔁杯槴蚍隣絩虩,address:内廷霓谷罪甞伨劖秦纊,diseaseHistory:俤蔉亂淟沞獓醦挈裗憨鞏苪幈耸岶軔玊郼蜴蠝梷酢葭特意鬀椳菅靮沕,habit:呌蠑杌鲆襢楷荛鋭惦嚿罍执弒郂绸翔乒鏽腬贏仇澩蜋昀屭慳鼾鯺澂遻,exerciseTarget:飞唉謱驉雟鰟諫攐挥澬}
{id:12108,name:泋糳氪,sex:false,maritalStatus:true,age:134.0,height:52.0,weight:129.0,hobby:唚錦兪瞆霢櫹簕垆惖瀨,address:溾笜备皰尩惢唤呂侄媭,diseaseHistory:嘠慬眒漬居墊殰记躏绠薃灅摬茲橽棃哩袋螆龡絴鲣蝉芚理媰镥蟹槕轉,habit:觧唁釛谓敃苜椗薂禎詁閕耰芹嬥傂嫿臸鹘貐楉虜蠜狦鑔諿劄硲滶欼困,exerciseTarget:鱛族剝瓖謐瞞蒆嫙仟墺}

2018-04-01 14:11:59.082  INFO 71526 --- [Thread-2] o.s.w.c.s.GenericWebApplicationContext   : Closing org.springframework.web.context.support.GenericWebApplicationContext@66ce957f: startup date [Sun Apr 01 14:04:42 CST 2018]; root of context hierarchy
2018-04-01 14:11:59.095  INFO 71526 --- [Thread-2] com.zaxxer.hikari.HikariDataSource       : HikariPool-1 - Shutdown initiated...
2018-04-01 14:11:59.109  INFO 71526 --- [Thread-2] com.zaxxer.hikari.HikariDataSource       : HikariPool-1 - Shutdown completed.
2018-04-01 14:11:59.110  INFO 71526 --- [Thread-2] o.s.s.concurrent.ThreadPoolTaskExecutor  : Shutting down ExecutorService 'MyAsync'
2018-04-01 14:14:13.530  INFO 71540 --- [main] c.d.test.services.UserServiceTest        : Starting UserServiceTest on alanMacBook-Pro.local with PID 71540 (started by alan in /Users/alan/developers/ideaspace/demo/DBtest)
2018-04-01 14:14:13.533  INFO 71540 --- [main] c.d.test.services.UserServiceTest        : No active profile set, falling back to default profiles: default
2018-04-01 14:14:13.754  INFO 71540 --- [main] o.s.w.c.s.GenericWebApplicationContext   : Refreshing org.springframework.web.context.support.GenericWebApplicationContext@66ce957f: startup date [Sun Apr 01 14:14:13 CST 2018]; root of context hierarchy
2018-04-01 14:14:15.657  INFO 71540 --- [main] trationDelegate$BeanPostProcessorChecker : Bean 'taskExecutorConfig' of type [com.database.test.config.TaskExecutorConfig$$EnhancerBySpringCGLIB$$9443b55d] is not eligible for getting processed by all BeanPostProcessors (for example: not eligible for auto-proxying)
2018-04-01 14:14:15.675  INFO 71540 --- [main] o.s.s.concurrent.ThreadPoolTaskExecutor  : Initializing ExecutorService 
2018-04-01 14:14:15.690  INFO 71540 --- [main] o.s.s.concurrent.ThreadPoolTaskExecutor  : Initializing ExecutorService  'MyAsync'
2018-04-01 14:14:15.691  INFO 71540 --- [main] trationDelegate$BeanPostProcessorChecker : Bean 'MyAsync' of type [org.springframework.scheduling.concurrent.ThreadPoolTaskExecutor] is not eligible for getting processed by all BeanPostProcessors (for example: not eligible for auto-proxying)
2018-04-01 14:14:17.837  INFO 71540 --- [main] s.w.s.m.m.a.RequestMappingHandlerAdapter : Looking for @ControllerAdvice: org.springframework.web.context.support.GenericWebApplicationContext@66ce957f: startup date [Sun Apr 01 14:14:13 CST 2018]; root of context hierarchy
2018-04-01 14:14:18.015  INFO 71540 --- [main] s.w.s.m.m.a.RequestMappingHandlerMapping : Mapped "{[/user/save],methods=[GET]}" onto public java.lang.String com.database.test.controller.TestController.save(int)
2018-04-01 14:14:18.017  INFO 71540 --- [main] s.w.s.m.m.a.RequestMappingHandlerMapping : Mapped "{[/user/batchSave],methods=[GET]}" onto public java.lang.String com.database.test.controller.TestController.batchSave(int)
2018-04-01 14:14:18.018  INFO 71540 --- [main] s.w.s.m.m.a.RequestMappingHandlerMapping : Mapped "{[/user/getUserInfoByAge],methods=[GET]}" onto public java.lang.String com.database.test.controller.TestController.getUserInfoByAge(int)
2018-04-01 14:14:18.019  INFO 71540 --- [main] s.w.s.m.m.a.RequestMappingHandlerMapping : Mapped "{[/user/hello],methods=[GET]}" onto public java.lang.String com.database.test.controller.TestController.hello()
2018-04-01 14:14:18.028  INFO 71540 --- [main] s.w.s.m.m.a.RequestMappingHandlerMapping : Mapped "{[/error]}" onto public org.springframework.http.ResponseEntity<java.util.Map<java.lang.String, java.lang.Object>> org.springframework.boot.autoconfigure.web.servlet.error.BasicErrorController.error(javax.servlet.http.HttpServletRequest)
2018-04-01 14:14:18.031  INFO 71540 --- [main] s.w.s.m.m.a.RequestMappingHandlerMapping : Mapped "{[/error],produces=[text/html]}" onto public org.springframework.web.servlet.ModelAndView org.springframework.boot.autoconfigure.web.servlet.error.BasicErrorController.errorHtml(javax.servlet.http.HttpServletRequest,javax.servlet.http.HttpServletResponse)
2018-04-01 14:14:18.338  INFO 71540 --- [main] o.s.w.s.handler.SimpleUrlHandlerMapping  : Mapped URL path [/webjars/**] onto handler of type [class org.springframework.web.servlet.resource.ResourceHttpRequestHandler]
2018-04-01 14:14:18.339  INFO 71540 --- [main] o.s.w.s.handler.SimpleUrlHandlerMapping  : Mapped URL path [/**] onto handler of type [class org.springframework.web.servlet.resource.ResourceHttpRequestHandler]
2018-04-01 14:14:18.500  INFO 71540 --- [main] o.s.w.s.handler.SimpleUrlHandlerMapping  : Mapped URL path [/**/favicon.ico] onto handler of type [class org.springframework.web.servlet.resource.ResourceHttpRequestHandler]
2018-04-01 14:14:19.161  INFO 71540 --- [main] c.d.test.services.UserServiceTest        : Started UserServiceTest in 6.585 seconds (JVM running for 9.805)
2018-04-01 14:14:19.503  INFO 71540 --- [main] com.zaxxer.hikari.HikariDataSource       : HikariPool-1 - Starting...
2018-04-01 14:14:20.851  INFO 71540 --- [main] com.zaxxer.hikari.HikariDataSource       : HikariPool-1 - Start completed.
2018-04-01 14:22:28.870  WARN 71540 --- [HikariPool-1 housekeeper] com.zaxxer.hikari.pool.HikariPool        : HikariPool-1 - Thread starvation or clock leap detected (housekeeper delta=1m37s95ms).
2018-04-01 14:23:30.680  WARN 71540 --- [HikariPool-1 housekeeper] com.zaxxer.hikari.pool.HikariPool        : HikariPool-1 - Thread starvation or clock leap detected (housekeeper delta=1m2s338ms).
2018-04-01 14:26:43.501  WARN 71540 --- [HikariPool-1 housekeeper] com.zaxxer.hikari.pool.HikariPool        : HikariPool-1 - Thread starvation or clock leap detected (housekeeper delta=3m12s951ms).
2018-04-01 14:27:37.335  WARN 71540 --- [HikariPool-1 housekeeper] com.zaxxer.hikari.pool.HikariPool        : HikariPool-1 - Thread starvation or clock leap detected (housekeeper delta=53s956ms).
2018-04-01 14:28:52.820  WARN 71540 --- [HikariPool-1 housekeeper] com.zaxxer.hikari.pool.HikariPool        : HikariPool-1 - Thread starvation or clock leap detected (housekeeper delta=1m15s291ms).
2018-04-01 14:29:48.329  INFO 71540 --- [main] com.database.test.services.UserService   : 10条最相似数据差异值为：683.60004
2018-04-01 14:29:48.329  INFO 71540 --- [main] com.database.test.services.UserService   : 
{id:2431,name:黳娆薟,sex:true,maritalStatus:false,age:117.0,height:9.0,weight:57.0,hobby:泳芻歃謬喸圡鉌頣昋笍,address:鲚彚責躐彉辽睰墜嗍憴,diseaseHistory:瘨漉慓偿軱豰埻跶鶉碔栆颦柫豠孶柉庘筻甉汹伍玤暵牛鸴矆傅灃缨篏,habit:遀籎陜慭檕鞼拃兵鎞钺鮮鬅每自斣刀湺鸀尉悪驢邤粇歎稈毡巚酏朏呱,exerciseTarget:嵂听嚊欳筦擷瓽箱嵍橨}
{id:9232,name:孕藡螤,sex:true,maritalStatus:true,age:118.0,height:5.0,weight:43.0,hobby:鬳鲨孝糄梉碮幣帽泘虚,address:溭隭鬭胛噴舨锧峁擦耝,diseaseHistory:帢埐憓殹辍堆灏糾释邜挳费齈疄柏豱珬烇貶帐焫燴眇偫添汕拤涍擿涶,habit:貰瓂曍海浤牎鮚蓸儱婡尳蝅傪鳢絋砆楛凼嵈誛爪穩翶鸢衘渞匼柪肿迕,exerciseTarget:鱍繰鳏椹楸藺璩咛佮崪}
{id:8467,name:猤蛰瓸,sex:true,maritalStatus:true,age:118.0,height:16.0,weight:37.0,hobby:蘡抡遻蹈减舁康嘶擛嵟,address:堌勲訍躾次顝鎙皖箦衳,diseaseHistory:娄厂瓓達疧調鳚醐琗塇瑟鄄鴇爏瓮诩俗巈杘肮棓在扽摁粔牟婟溪炦礄,habit:釿這齃始製怀垪埬厃秋蹵挮舵鬷濋斵赒鵌烜眇鎵礡庴耓孻隔任菲醇揧,exerciseTarget:衳皟柰愎榁乭镚忹忭硹}
{id:11927,name:艧脰建,sex:true,maritalStatus:true,age:118.0,height:4.0,weight:48.0,hobby:膾紧讻踎拊渓珲哈掻譮,address:曓鵛鲛伏羃落旮衒莐刋,diseaseHistory:開搩員濭窼溁遞媠緂镱亶渷嘿抇濥摃醑捭綸膕隃煺裤可丠殙齭藥芻晼,habit:撎豧骍摩樎曇儰餣瘑崓蠗御鬪讃铛蓁齤奟焀粒鈴曏瘊扁蠋逛瞲殻柦粦,exerciseTarget:桰顆鱸剪伞頢愄櫒檤後}
{id:4489,name:葫報猂,sex:true,maritalStatus:false,age:114.0,height:1.0,weight:59.0,hobby:夌駮坳鴭狦匦鼆茡等蓪,address:脨別袾獾珧莽嘞班俧漏,diseaseHistory:鋮珧迍綛駅齎頛筳形胀嬳浫杜髠髡劭錎億苮鲟鏹陸錊氆崥譢纎燲湖痧,habit:忚坆峹濨偢謭呿樀蔨礵赾弚复鷾鼗秒大滅鰅悤鰦溲鈪矴罸稫佉鮫璺縭,exerciseTarget:妳奆餞絔孆欹鉻隐鴡儇}
{id:4467,name:埫箹鍫,sex:true,maritalStatus:true,age:115.0,height:11.0,weight:59.0,hobby:髏跂檴堦禧宕齕縦硄齦,address:墠繛膫帔掍慜鎃藖衝蒵,diseaseHistory:嬟詏桢禕僋钧梘廦鏀苌炍藽殨蚖禽旹猺捳轳堐嫬歾媇鷯賔勲巩耭爌嶮,habit:匇鳂齨黯墯瞽泱踕偌皇箰醼麱齢誈騾枺椷遛堹欆佚铼摼鎄僒瞇痖屺礶,exerciseTarget:剖慛輍脢鎇啗凔蒧凹勿}
{id:9983,name:浻訶嗞,sex:true,maritalStatus:true,age:115.0,height:4.0,weight:95.0,hobby:氚鎜瀬觐粋滄耜喈華郻,address:刄缯胾伡黾鍸膽悂飠靏,diseaseHistory:衄譌秫蘍虇啯羲甃燋鐰紣坚胅辭垍莦喚缾饼掽娐镔鋺枿奷渳洢眤袌倜,habit:鍨薉垘糵舋恣膐鉉綈蘳蓛歮蒠奜唞刘钵舮尴傰袙煞諳幞喹镊栬馁缇洺,exerciseTarget:璍敄梆歵撮軃靳杫賧嘼}
{id:7642,name:灖絃琚,sex:true,maritalStatus:false,age:112.0,height:4.0,weight:24.0,hobby:蠄驷鳜啔蓏穤妟缷銡捤,address:懍串鸺匶爡鬼盄抺茟缱,diseaseHistory:蠤塿购竈泛駀借嗊謌甁喱綣玡摜鲀戋蠯嚻燳窓涡欜躊驖嵏闡瑴埥玎冑,habit:姣閉獽窼耖殀侤沽鯯瘂繳莿吽飕畜篺锟鮏犛燊觰艱霺旄詇顧掖襸狁钐,exerciseTarget:坷剮適袂犓琵褭賎郓倂}
{id:4257,name:蝋颍齚,sex:true,maritalStatus:false,age:112.0,height:11.0,weight:24.0,hobby:鈖類藤邨龝毁墏鸳訹仺,address:踃頒屮闇驖袯是癬摘喹,diseaseHistory:狨螥蝾性輌酱曣焁仇旴屳訫萲猟售锝枋不冫搎戦釖儇演礣卡耘嬢屍錌,habit:蛽墽繷讁愽矮黕违徥験侘塚脽铞觼橾渇壭溏屔褪翲爟催顷坱烨茘羱盡,exerciseTarget:虞霏夛鍫膮患蘌湴茝彍}
{id:14581,name:嵸蒟蟤,sex:true,maritalStatus:true,age:120.0,height:17.0,weight:40.0,hobby:馽懬蒑屶轡塈恇抒赋蘚,address:铌嬏惸滻曕聭噋陮蹧盄,diseaseHistory:輱稐綨鴖婖滧恦斎爤瞾续脸粃硦絊鑓鱌嚈蠼炷予龏鍷渡秵弴霪寭誺屾,habit:嫠梐相鷊忖簆潡熨笑欥砥娨卙羊轟鵾鎕皠牓蜦跠悄沙霊缮蚾朽纩墆椐,exerciseTarget:瞳鸑掻筠嗫瑰戇錚你釙}

2018-04-01 14:29:48.334  INFO 71540 --- [Thread-2] o.s.w.c.s.GenericWebApplicationContext   : Closing org.springframework.web.context.support.GenericWebApplicationContext@66ce957f: startup date [Sun Apr 01 14:14:13 CST 2018]; root of context hierarchy
2018-04-01 14:29:48.337  INFO 71540 --- [Thread-2] com.zaxxer.hikari.HikariDataSource       : HikariPool-1 - Shutdown initiated...
2018-04-01 14:29:48.352  INFO 71540 --- [Thread-2] com.zaxxer.hikari.HikariDataSource       : HikariPool-1 - Shutdown completed.
2018-04-01 14:29:48.353  INFO 71540 --- [Thread-2] o.s.s.concurrent.ThreadPoolTaskExecutor  : Shutting down ExecutorService 'MyAsync'
2018-04-01 14:30:36.551  INFO 71565 --- [main] c.d.test.services.UserServiceTest        : Starting UserServiceTest on alanMacBook-Pro.local with PID 71565 (started by alan in /Users/alan/developers/ideaspace/demo/DBtest)
2018-04-01 14:30:36.558  INFO 71565 --- [main] c.d.test.services.UserServiceTest        : No active profile set, falling back to default profiles: default
2018-04-01 14:30:36.670  INFO 71565 --- [main] o.s.w.c.s.GenericWebApplicationContext   : Refreshing org.springframework.web.context.support.GenericWebApplicationContext@66ce957f: startup date [Sun Apr 01 14:30:36 CST 2018]; root of context hierarchy
2018-04-01 14:30:38.275  INFO 71565 --- [main] trationDelegate$BeanPostProcessorChecker : Bean 'taskExecutorConfig' of type [com.database.test.config.TaskExecutorConfig$$EnhancerBySpringCGLIB$$be0c4bbc] is not eligible for getting processed by all BeanPostProcessors (for example: not eligible for auto-proxying)
2018-04-01 14:30:38.299  INFO 71565 --- [main] o.s.s.concurrent.ThreadPoolTaskExecutor  : Initializing ExecutorService 
2018-04-01 14:30:38.315  INFO 71565 --- [main] o.s.s.concurrent.ThreadPoolTaskExecutor  : Initializing ExecutorService  'MyAsync'
2018-04-01 14:30:38.315  INFO 71565 --- [main] trationDelegate$BeanPostProcessorChecker : Bean 'MyAsync' of type [org.springframework.scheduling.concurrent.ThreadPoolTaskExecutor] is not eligible for getting processed by all BeanPostProcessors (for example: not eligible for auto-proxying)
2018-04-01 14:30:40.092  INFO 71565 --- [main] s.w.s.m.m.a.RequestMappingHandlerAdapter : Looking for @ControllerAdvice: org.springframework.web.context.support.GenericWebApplicationContext@66ce957f: startup date [Sun Apr 01 14:30:36 CST 2018]; root of context hierarchy
2018-04-01 14:30:40.253  INFO 71565 --- [main] s.w.s.m.m.a.RequestMappingHandlerMapping : Mapped "{[/user/save],methods=[GET]}" onto public java.lang.String com.database.test.controller.TestController.save(int)
2018-04-01 14:30:40.254  INFO 71565 --- [main] s.w.s.m.m.a.RequestMappingHandlerMapping : Mapped "{[/user/batchSave],methods=[GET]}" onto public java.lang.String com.database.test.controller.TestController.batchSave(int)
2018-04-01 14:30:40.254  INFO 71565 --- [main] s.w.s.m.m.a.RequestMappingHandlerMapping : Mapped "{[/user/getUserInfoByAge],methods=[GET]}" onto public java.lang.String com.database.test.controller.TestController.getUserInfoByAge(int)
2018-04-01 14:30:40.255  INFO 71565 --- [main] s.w.s.m.m.a.RequestMappingHandlerMapping : Mapped "{[/user/hello],methods=[GET]}" onto public java.lang.String com.database.test.controller.TestController.hello()
2018-04-01 14:30:40.258  INFO 71565 --- [main] s.w.s.m.m.a.RequestMappingHandlerMapping : Mapped "{[/error]}" onto public org.springframework.http.ResponseEntity<java.util.Map<java.lang.String, java.lang.Object>> org.springframework.boot.autoconfigure.web.servlet.error.BasicErrorController.error(javax.servlet.http.HttpServletRequest)
2018-04-01 14:30:40.259  INFO 71565 --- [main] s.w.s.m.m.a.RequestMappingHandlerMapping : Mapped "{[/error],produces=[text/html]}" onto public org.springframework.web.servlet.ModelAndView org.springframework.boot.autoconfigure.web.servlet.error.BasicErrorController.errorHtml(javax.servlet.http.HttpServletRequest,javax.servlet.http.HttpServletResponse)
2018-04-01 14:30:40.504  INFO 71565 --- [main] o.s.w.s.handler.SimpleUrlHandlerMapping  : Mapped URL path [/webjars/**] onto handler of type [class org.springframework.web.servlet.resource.ResourceHttpRequestHandler]
2018-04-01 14:30:40.504  INFO 71565 --- [main] o.s.w.s.handler.SimpleUrlHandlerMapping  : Mapped URL path [/**] onto handler of type [class org.springframework.web.servlet.resource.ResourceHttpRequestHandler]
2018-04-01 14:30:40.643  INFO 71565 --- [main] o.s.w.s.handler.SimpleUrlHandlerMapping  : Mapped URL path [/**/favicon.ico] onto handler of type [class org.springframework.web.servlet.resource.ResourceHttpRequestHandler]
2018-04-01 14:30:41.208  INFO 71565 --- [main] c.d.test.services.UserServiceTest        : Started UserServiceTest in 5.293 seconds (JVM running for 7.223)
2018-04-01 14:30:41.591  INFO 71565 --- [main] com.zaxxer.hikari.HikariDataSource       : HikariPool-1 - Starting...
2018-04-01 14:30:42.363  INFO 71565 --- [main] com.zaxxer.hikari.HikariDataSource       : HikariPool-1 - Start completed.
2018-04-01 14:30:51.711  INFO 71565 --- [Thread-2] o.s.w.c.s.GenericWebApplicationContext   : Closing org.springframework.web.context.support.GenericWebApplicationContext@66ce957f: startup date [Sun Apr 01 14:30:36 CST 2018]; root of context hierarchy
2018-04-01 14:30:51.724  INFO 71565 --- [Thread-2] com.zaxxer.hikari.HikariDataSource       : HikariPool-1 - Shutdown initiated...
2018-04-01 14:30:51.741  INFO 71565 --- [Thread-2] com.zaxxer.hikari.HikariDataSource       : HikariPool-1 - Shutdown completed.
2018-04-01 14:30:51.742  INFO 71565 --- [Thread-2] o.s.s.concurrent.ThreadPoolTaskExecutor  : Shutting down ExecutorService 'MyAsync'
2018-04-01 14:32:31.845  INFO 71569 --- [main] c.d.test.services.UserServiceTest        : Starting UserServiceTest on alanMacBook-Pro.local with PID 71569 (started by alan in /Users/alan/developers/ideaspace/demo/DBtest)
2018-04-01 14:32:31.849  INFO 71569 --- [main] c.d.test.services.UserServiceTest        : No active profile set, falling back to default profiles: default
2018-04-01 14:32:31.925  INFO 71569 --- [main] o.s.w.c.s.GenericWebApplicationContext   : Refreshing org.springframework.web.context.support.GenericWebApplicationContext@55b5f5d2: startup date [Sun Apr 01 14:32:31 CST 2018]; root of context hierarchy
2018-04-01 14:32:33.660  INFO 71569 --- [main] trationDelegate$BeanPostProcessorChecker : Bean 'taskExecutorConfig' of type [com.database.test.config.TaskExecutorConfig$$EnhancerBySpringCGLIB$$b0b86ef4] is not eligible for getting processed by all BeanPostProcessors (for example: not eligible for auto-proxying)
2018-04-01 14:32:33.684  INFO 71569 --- [main] o.s.s.concurrent.ThreadPoolTaskExecutor  : Initializing ExecutorService 
2018-04-01 14:32:33.702  INFO 71569 --- [main] o.s.s.concurrent.ThreadPoolTaskExecutor  : Initializing ExecutorService  'MyAsync'
2018-04-01 14:32:33.702  INFO 71569 --- [main] trationDelegate$BeanPostProcessorChecker : Bean 'MyAsync' of type [org.springframework.scheduling.concurrent.ThreadPoolTaskExecutor] is not eligible for getting processed by all BeanPostProcessors (for example: not eligible for auto-proxying)
2018-04-01 14:32:35.478  INFO 71569 --- [main] s.w.s.m.m.a.RequestMappingHandlerAdapter : Looking for @ControllerAdvice: org.springframework.web.context.support.GenericWebApplicationContext@55b5f5d2: startup date [Sun Apr 01 14:32:31 CST 2018]; root of context hierarchy
2018-04-01 14:32:35.615  INFO 71569 --- [main] s.w.s.m.m.a.RequestMappingHandlerMapping : Mapped "{[/user/save],methods=[GET]}" onto public java.lang.String com.database.test.controller.TestController.save(int)
2018-04-01 14:32:35.616  INFO 71569 --- [main] s.w.s.m.m.a.RequestMappingHandlerMapping : Mapped "{[/user/hello],methods=[GET]}" onto public java.lang.String com.database.test.controller.TestController.hello()
2018-04-01 14:32:35.616  INFO 71569 --- [main] s.w.s.m.m.a.RequestMappingHandlerMapping : Mapped "{[/user/batchSave],methods=[GET]}" onto public java.lang.String com.database.test.controller.TestController.batchSave(int)
2018-04-01 14:32:35.616  INFO 71569 --- [main] s.w.s.m.m.a.RequestMappingHandlerMapping : Mapped "{[/user/getUserInfoByAge],methods=[GET]}" onto public java.lang.String com.database.test.controller.TestController.getUserInfoByAge(int)
2018-04-01 14:32:35.619  INFO 71569 --- [main] s.w.s.m.m.a.RequestMappingHandlerMapping : Mapped "{[/error]}" onto public org.springframework.http.ResponseEntity<java.util.Map<java.lang.String, java.lang.Object>> org.springframework.boot.autoconfigure.web.servlet.error.BasicErrorController.error(javax.servlet.http.HttpServletRequest)
2018-04-01 14:32:35.620  INFO 71569 --- [main] s.w.s.m.m.a.RequestMappingHandlerMapping : Mapped "{[/error],produces=[text/html]}" onto public org.springframework.web.servlet.ModelAndView org.springframework.boot.autoconfigure.web.servlet.error.BasicErrorController.errorHtml(javax.servlet.http.HttpServletRequest,javax.servlet.http.HttpServletResponse)
2018-04-01 14:32:35.874  INFO 71569 --- [main] o.s.w.s.handler.SimpleUrlHandlerMapping  : Mapped URL path [/webjars/**] onto handler of type [class org.springframework.web.servlet.resource.ResourceHttpRequestHandler]
2018-04-01 14:32:35.875  INFO 71569 --- [main] o.s.w.s.handler.SimpleUrlHandlerMapping  : Mapped URL path [/**] onto handler of type [class org.springframework.web.servlet.resource.ResourceHttpRequestHandler]
2018-04-01 14:32:36.015  INFO 71569 --- [main] o.s.w.s.handler.SimpleUrlHandlerMapping  : Mapped URL path [/**/favicon.ico] onto handler of type [class org.springframework.web.servlet.resource.ResourceHttpRequestHandler]
2018-04-01 14:32:36.574  INFO 71569 --- [main] c.d.test.services.UserServiceTest        : Started UserServiceTest in 5.467 seconds (JVM running for 7.412)
2018-04-01 14:32:36.765  INFO 71569 --- [main] com.zaxxer.hikari.HikariDataSource       : HikariPool-1 - Starting...
2018-04-01 14:32:37.467  INFO 71569 --- [main] com.zaxxer.hikari.HikariDataSource       : HikariPool-1 - Start completed.
2018-04-01 15:12:13.719  INFO 71569 --- [Thread-2] o.s.w.c.s.GenericWebApplicationContext   : Closing org.springframework.web.context.support.GenericWebApplicationContext@55b5f5d2: startup date [Sun Apr 01 14:32:31 CST 2018]; root of context hierarchy
2018-04-01 15:12:13.730  INFO 71569 --- [Thread-2] com.zaxxer.hikari.HikariDataSource       : HikariPool-1 - Shutdown initiated...
2018-04-01 15:12:13.742  INFO 71569 --- [Thread-2] com.zaxxer.hikari.HikariDataSource       : HikariPool-1 - Shutdown completed.
2018-04-01 15:12:13.743  INFO 71569 --- [Thread-2] o.s.s.concurrent.ThreadPoolTaskExecutor  : Shutting down ExecutorService 'MyAsync'
2018-04-01 15:12:50.819  INFO 71645 --- [main] c.d.test.services.UserServiceTest        : Starting UserServiceTest on alanMacBook-Pro.local with PID 71645 (started by alan in /Users/alan/developers/ideaspace/demo/DBtest)
2018-04-01 15:12:50.821  INFO 71645 --- [main] c.d.test.services.UserServiceTest        : No active profile set, falling back to default profiles: default
2018-04-01 15:12:50.886  INFO 71645 --- [main] o.s.w.c.s.GenericWebApplicationContext   : Refreshing org.springframework.web.context.support.GenericWebApplicationContext@66ce957f: startup date [Sun Apr 01 15:12:50 CST 2018]; root of context hierarchy
2018-04-01 15:12:52.624  INFO 71645 --- [main] trationDelegate$BeanPostProcessorChecker : Bean 'taskExecutorConfig' of type [com.database.test.config.TaskExecutorConfig$$EnhancerBySpringCGLIB$$d94bbc7d] is not eligible for getting processed by all BeanPostProcessors (for example: not eligible for auto-proxying)
2018-04-01 15:12:52.643  INFO 71645 --- [main] o.s.s.concurrent.ThreadPoolTaskExecutor  : Initializing ExecutorService 
2018-04-01 15:12:52.656  INFO 71645 --- [main] o.s.s.concurrent.ThreadPoolTaskExecutor  : Initializing ExecutorService  'MyAsync'
2018-04-01 15:12:52.657  INFO 71645 --- [main] trationDelegate$BeanPostProcessorChecker : Bean 'MyAsync' of type [org.springframework.scheduling.concurrent.ThreadPoolTaskExecutor] is not eligible for getting processed by all BeanPostProcessors (for example: not eligible for auto-proxying)
2018-04-01 15:12:54.443  INFO 71645 --- [main] s.w.s.m.m.a.RequestMappingHandlerAdapter : Looking for @ControllerAdvice: org.springframework.web.context.support.GenericWebApplicationContext@66ce957f: startup date [Sun Apr 01 15:12:50 CST 2018]; root of context hierarchy
2018-04-01 15:12:54.592  INFO 71645 --- [main] s.w.s.m.m.a.RequestMappingHandlerMapping : Mapped "{[/user/save],methods=[GET]}" onto public java.lang.String com.database.test.controller.TestController.save(int)
2018-04-01 15:12:54.594  INFO 71645 --- [main] s.w.s.m.m.a.RequestMappingHandlerMapping : Mapped "{[/user/hello],methods=[GET]}" onto public java.lang.String com.database.test.controller.TestController.hello()
2018-04-01 15:12:54.594  INFO 71645 --- [main] s.w.s.m.m.a.RequestMappingHandlerMapping : Mapped "{[/user/batchSave],methods=[GET]}" onto public java.lang.String com.database.test.controller.TestController.batchSave(int)
2018-04-01 15:12:54.594  INFO 71645 --- [main] s.w.s.m.m.a.RequestMappingHandlerMapping : Mapped "{[/user/getUserInfoByAge],methods=[GET]}" onto public java.lang.String com.database.test.controller.TestController.getUserInfoByAge(int)
2018-04-01 15:12:54.597  INFO 71645 --- [main] s.w.s.m.m.a.RequestMappingHandlerMapping : Mapped "{[/error]}" onto public org.springframework.http.ResponseEntity<java.util.Map<java.lang.String, java.lang.Object>> org.springframework.boot.autoconfigure.web.servlet.error.BasicErrorController.error(javax.servlet.http.HttpServletRequest)
2018-04-01 15:12:54.598  INFO 71645 --- [main] s.w.s.m.m.a.RequestMappingHandlerMapping : Mapped "{[/error],produces=[text/html]}" onto public org.springframework.web.servlet.ModelAndView org.springframework.boot.autoconfigure.web.servlet.error.BasicErrorController.errorHtml(javax.servlet.http.HttpServletRequest,javax.servlet.http.HttpServletResponse)
2018-04-01 15:12:54.835  INFO 71645 --- [main] o.s.w.s.handler.SimpleUrlHandlerMapping  : Mapped URL path [/webjars/**] onto handler of type [class org.springframework.web.servlet.resource.ResourceHttpRequestHandler]
2018-04-01 15:12:54.835  INFO 71645 --- [main] o.s.w.s.handler.SimpleUrlHandlerMapping  : Mapped URL path [/**] onto handler of type [class org.springframework.web.servlet.resource.ResourceHttpRequestHandler]
2018-04-01 15:12:54.939  INFO 71645 --- [main] o.s.w.s.handler.SimpleUrlHandlerMapping  : Mapped URL path [/**/favicon.ico] onto handler of type [class org.springframework.web.servlet.resource.ResourceHttpRequestHandler]
2018-04-01 15:12:55.511  INFO 71645 --- [main] c.d.test.services.UserServiceTest        : Started UserServiceTest in 5.346 seconds (JVM running for 7.572)
2018-04-01 15:12:55.711  INFO 71645 --- [main] com.zaxxer.hikari.HikariDataSource       : HikariPool-1 - Starting...
2018-04-01 15:12:56.648  INFO 71645 --- [main] com.zaxxer.hikari.HikariDataSource       : HikariPool-1 - Start completed.
2018-04-01 15:18:36.727  INFO 71645 --- [Thread-2] o.s.w.c.s.GenericWebApplicationContext   : Closing org.springframework.web.context.support.GenericWebApplicationContext@66ce957f: startup date [Sun Apr 01 15:12:50 CST 2018]; root of context hierarchy
2018-04-01 15:18:36.731  INFO 71645 --- [Thread-2] com.zaxxer.hikari.HikariDataSource       : HikariPool-1 - Shutdown initiated...
2018-04-01 15:18:36.742  INFO 71645 --- [Thread-2] com.zaxxer.hikari.HikariDataSource       : HikariPool-1 - Shutdown completed.
2018-04-01 15:18:36.747  INFO 71645 --- [Thread-2] o.s.s.concurrent.ThreadPoolTaskExecutor  : Shutting down ExecutorService 'MyAsync'
2018-04-01 15:19:35.900  INFO 71657 --- [main] c.d.test.services.UserServiceTest        : Starting UserServiceTest on alanMacBook-Pro.local with PID 71657 (started by alan in /Users/alan/developers/ideaspace/demo/DBtest)
2018-04-01 15:19:35.902  INFO 71657 --- [main] c.d.test.services.UserServiceTest        : No active profile set, falling back to default profiles: default
2018-04-01 15:19:36.005  INFO 71657 --- [main] o.s.w.c.s.GenericWebApplicationContext   : Refreshing org.springframework.web.context.support.GenericWebApplicationContext@55b5f5d2: startup date [Sun Apr 01 15:19:36 CST 2018]; root of context hierarchy
2018-04-01 15:19:37.750  INFO 71657 --- [main] trationDelegate$BeanPostProcessorChecker : Bean 'taskExecutorConfig' of type [com.database.test.config.TaskExecutorConfig$$EnhancerBySpringCGLIB$$beaf79fc] is not eligible for getting processed by all BeanPostProcessors (for example: not eligible for auto-proxying)
2018-04-01 15:19:37.777  INFO 71657 --- [main] o.s.s.concurrent.ThreadPoolTaskExecutor  : Initializing ExecutorService 
2018-04-01 15:19:37.789  INFO 71657 --- [main] o.s.s.concurrent.ThreadPoolTaskExecutor  : Initializing ExecutorService  'MyAsync'
2018-04-01 15:19:37.790  INFO 71657 --- [main] trationDelegate$BeanPostProcessorChecker : Bean 'MyAsync' of type [org.springframework.scheduling.concurrent.ThreadPoolTaskExecutor] is not eligible for getting processed by all BeanPostProcessors (for example: not eligible for auto-proxying)
2018-04-01 15:19:39.484  INFO 71657 --- [main] s.w.s.m.m.a.RequestMappingHandlerAdapter : Looking for @ControllerAdvice: org.springframework.web.context.support.GenericWebApplicationContext@55b5f5d2: startup date [Sun Apr 01 15:19:36 CST 2018]; root of context hierarchy
2018-04-01 15:19:39.622  INFO 71657 --- [main] s.w.s.m.m.a.RequestMappingHandlerMapping : Mapped "{[/user/save],methods=[GET]}" onto public java.lang.String com.database.test.controller.TestController.save(int)
2018-04-01 15:19:39.623  INFO 71657 --- [main] s.w.s.m.m.a.RequestMappingHandlerMapping : Mapped "{[/user/hello],methods=[GET]}" onto public java.lang.String com.database.test.controller.TestController.hello()
2018-04-01 15:19:39.624  INFO 71657 --- [main] s.w.s.m.m.a.RequestMappingHandlerMapping : Mapped "{[/user/batchSave],methods=[GET]}" onto public java.lang.String com.database.test.controller.TestController.batchSave(int)
2018-04-01 15:19:39.624  INFO 71657 --- [main] s.w.s.m.m.a.RequestMappingHandlerMapping : Mapped "{[/user/getUserInfoByAge],methods=[GET]}" onto public java.lang.String com.database.test.controller.TestController.getUserInfoByAge(int)
2018-04-01 15:19:39.626  INFO 71657 --- [main] s.w.s.m.m.a.RequestMappingHandlerMapping : Mapped "{[/error]}" onto public org.springframework.http.ResponseEntity<java.util.Map<java.lang.String, java.lang.Object>> org.springframework.boot.autoconfigure.web.servlet.error.BasicErrorController.error(javax.servlet.http.HttpServletRequest)
2018-04-01 15:19:39.627  INFO 71657 --- [main] s.w.s.m.m.a.RequestMappingHandlerMapping : Mapped "{[/error],produces=[text/html]}" onto public org.springframework.web.servlet.ModelAndView org.springframework.boot.autoconfigure.web.servlet.error.BasicErrorController.errorHtml(javax.servlet.http.HttpServletRequest,javax.servlet.http.HttpServletResponse)
2018-04-01 15:19:39.840  INFO 71657 --- [main] o.s.w.s.handler.SimpleUrlHandlerMapping  : Mapped URL path [/webjars/**] onto handler of type [class org.springframework.web.servlet.resource.ResourceHttpRequestHandler]
2018-04-01 15:19:39.841  INFO 71657 --- [main] o.s.w.s.handler.SimpleUrlHandlerMapping  : Mapped URL path [/**] onto handler of type [class org.springframework.web.servlet.resource.ResourceHttpRequestHandler]
2018-04-01 15:19:39.987  INFO 71657 --- [main] o.s.w.s.handler.SimpleUrlHandlerMapping  : Mapped URL path [/**/favicon.ico] onto handler of type [class org.springframework.web.servlet.resource.ResourceHttpRequestHandler]
2018-04-01 15:19:40.626  INFO 71657 --- [main] c.d.test.services.UserServiceTest        : Started UserServiceTest in 5.389 seconds (JVM running for 7.336)
2018-04-01 15:19:41.051  INFO 71657 --- [main] com.zaxxer.hikari.HikariDataSource       : HikariPool-1 - Starting...
2018-04-01 15:19:41.629  INFO 71657 --- [main] com.zaxxer.hikari.HikariDataSource       : HikariPool-1 - Start completed.
2018-04-01 15:19:43.402  INFO 71657 --- [Thread-2] o.s.w.c.s.GenericWebApplicationContext   : Closing org.springframework.web.context.support.GenericWebApplicationContext@55b5f5d2: startup date [Sun Apr 01 15:19:36 CST 2018]; root of context hierarchy
2018-04-01 15:19:43.417  INFO 71657 --- [Thread-2] com.zaxxer.hikari.HikariDataSource       : HikariPool-1 - Shutdown initiated...
2018-04-01 15:19:43.476  INFO 71657 --- [Thread-2] com.zaxxer.hikari.HikariDataSource       : HikariPool-1 - Shutdown completed.
2018-04-01 15:19:43.477  INFO 71657 --- [Thread-2] o.s.s.concurrent.ThreadPoolTaskExecutor  : Shutting down ExecutorService 'MyAsync'
2018-04-01 15:21:03.111  INFO 71660 --- [main] c.d.test.services.UserServiceTest        : Starting UserServiceTest on alanMacBook-Pro.local with PID 71660 (started by alan in /Users/alan/developers/ideaspace/demo/DBtest)
2018-04-01 15:21:03.113  INFO 71660 --- [main] c.d.test.services.UserServiceTest        : No active profile set, falling back to default profiles: default
2018-04-01 15:21:03.203  INFO 71660 --- [main] o.s.w.c.s.GenericWebApplicationContext   : Refreshing org.springframework.web.context.support.GenericWebApplicationContext@66ce957f: startup date [Sun Apr 01 15:21:03 CST 2018]; root of context hierarchy
2018-04-01 15:21:05.478  INFO 71660 --- [main] trationDelegate$BeanPostProcessorChecker : Bean 'taskExecutorConfig' of type [com.database.test.config.TaskExecutorConfig$$EnhancerBySpringCGLIB$$3eb0be64] is not eligible for getting processed by all BeanPostProcessors (for example: not eligible for auto-proxying)
2018-04-01 15:21:05.500  INFO 71660 --- [main] o.s.s.concurrent.ThreadPoolTaskExecutor  : Initializing ExecutorService 
2018-04-01 15:21:05.511  INFO 71660 --- [main] o.s.s.concurrent.ThreadPoolTaskExecutor  : Initializing ExecutorService  'MyAsync'
2018-04-01 15:21:05.512  INFO 71660 --- [main] trationDelegate$BeanPostProcessorChecker : Bean 'MyAsync' of type [org.springframework.scheduling.concurrent.ThreadPoolTaskExecutor] is not eligible for getting processed by all BeanPostProcessors (for example: not eligible for auto-proxying)
2018-04-01 15:21:07.407  INFO 71660 --- [main] s.w.s.m.m.a.RequestMappingHandlerAdapter : Looking for @ControllerAdvice: org.springframework.web.context.support.GenericWebApplicationContext@66ce957f: startup date [Sun Apr 01 15:21:03 CST 2018]; root of context hierarchy
2018-04-01 15:21:07.540  INFO 71660 --- [main] s.w.s.m.m.a.RequestMappingHandlerMapping : Mapped "{[/user/save],methods=[GET]}" onto public java.lang.String com.database.test.controller.TestController.save(int)
2018-04-01 15:21:07.541  INFO 71660 --- [main] s.w.s.m.m.a.RequestMappingHandlerMapping : Mapped "{[/user/batchSave],methods=[GET]}" onto public java.lang.String com.database.test.controller.TestController.batchSave(int)
2018-04-01 15:21:07.542  INFO 71660 --- [main] s.w.s.m.m.a.RequestMappingHandlerMapping : Mapped "{[/user/getUserInfoByAge],methods=[GET]}" onto public java.lang.String com.database.test.controller.TestController.getUserInfoByAge(int)
2018-04-01 15:21:07.542  INFO 71660 --- [main] s.w.s.m.m.a.RequestMappingHandlerMapping : Mapped "{[/user/hello],methods=[GET]}" onto public java.lang.String com.database.test.controller.TestController.hello()
2018-04-01 15:21:07.546  INFO 71660 --- [main] s.w.s.m.m.a.RequestMappingHandlerMapping : Mapped "{[/error]}" onto public org.springframework.http.ResponseEntity<java.util.Map<java.lang.String, java.lang.Object>> org.springframework.boot.autoconfigure.web.servlet.error.BasicErrorController.error(javax.servlet.http.HttpServletRequest)
2018-04-01 15:21:07.547  INFO 71660 --- [main] s.w.s.m.m.a.RequestMappingHandlerMapping : Mapped "{[/error],produces=[text/html]}" onto public org.springframework.web.servlet.ModelAndView org.springframework.boot.autoconfigure.web.servlet.error.BasicErrorController.errorHtml(javax.servlet.http.HttpServletRequest,javax.servlet.http.HttpServletResponse)
2018-04-01 15:21:07.855  INFO 71660 --- [main] o.s.w.s.handler.SimpleUrlHandlerMapping  : Mapped URL path [/webjars/**] onto handler of type [class org.springframework.web.servlet.resource.ResourceHttpRequestHandler]
2018-04-01 15:21:07.855  INFO 71660 --- [main] o.s.w.s.handler.SimpleUrlHandlerMapping  : Mapped URL path [/**] onto handler of type [class org.springframework.web.servlet.resource.ResourceHttpRequestHandler]
2018-04-01 15:21:07.961  INFO 71660 --- [main] o.s.w.s.handler.SimpleUrlHandlerMapping  : Mapped URL path [/**/favicon.ico] onto handler of type [class org.springframework.web.servlet.resource.ResourceHttpRequestHandler]
2018-04-01 15:21:08.596  INFO 71660 --- [main] c.d.test.services.UserServiceTest        : Started UserServiceTest in 6.156 seconds (JVM running for 8.21)
2018-04-01 15:21:08.909  INFO 71660 --- [main] com.zaxxer.hikari.HikariDataSource       : HikariPool-1 - Starting...
2018-04-01 15:21:09.657  INFO 71660 --- [main] com.zaxxer.hikari.HikariDataSource       : HikariPool-1 - Start completed.
2018-04-01 15:21:20.078  INFO 71660 --- [main] com.database.test.services.UserService   : 10条最相似数据差异值为：862.80005
2018-04-01 15:21:20.079  INFO 71660 --- [main] com.database.test.services.UserService   : 
{id:5501,name:违蜞蝯,sex:true,maritalStatus:true,age:38.0,height:77.0,weight:100.0,hobby:观煽即圴觮鋞省衅鷨荍,address:阕畱韕鎷鰕萱咍螊儛偿,diseaseHistory:着刑膡鐃霫詟狖庘吊耚崹閞辭旱嘃傦垤娋汆鞴暠练币苎佌拃凗軵攳操,habit:崘槂视埬佨韪鶦孤渔計疧營觢哫恿蟀閮嬎驗朻鲍镜柕顗忙匊皽玮獚攒,exerciseTarget:燋訍唣銇肎揷畵淂嫿窈}
{id:2581,name:鍙簑嘴,sex:true,maritalStatus:true,age:35.0,height:77.0,weight:134.0,hobby:祣衿辘鼣蓤擊槡骘敔嚵,address:采顓毕棺愜叉傷榯餚竣,diseaseHistory:拴鉚鏛淑鉒嬨姆锳恭間寻匢轝蓄磆蚌南诳鎛褓槻搔鼢葟搚瓊媖橧纐渔,habit:劥事梧劂乁埕腱蜦飷燆骣粚彃羚涀錘撧酷堅橥瞏嘣钴哇注栐簜寜唹齚,exerciseTarget:芽霒瓇坪簗神嫺澻敲曙}
{id:4539,name:糩詳鵑,sex:true,maritalStatus:false,age:35.0,height:70.0,weight:161.0,hobby:獊菼閄廻齼蠼眑珳袉眞,address:縤电繌聄鷛霯喑淐璏俿,diseaseHistory:礵篋犢逅鯲邝澮婂精护蝼員玪趀涳克確嚏令仕伐呣茯铌玜絥擺衇礟摓,habit:羣猸鴨滏懙剱焀炓粋鱴嚒鬰皊称厍処跖嵖餲蒖巤阑汕嬄悐樸僁塰籃熹,exerciseTarget:鷏虚傋靶噵匦怌醋摉壨}
{id:1400,name:穹凙侯,sex:true,maritalStatus:false,age:34.0,height:77.0,weight:124.0,hobby:溟琥綻噿熖傋賱朱噿听,address:嚁呁蹫團锩诫讍魐郈虝,diseaseHistory:竛騮齾杲嵯走谎雇鼈吉鋏圀嵊撻綇鸂杻梫倚捉摬粼伳鄈秎淩齐类侲鐺,habit:摘瞦來缕譕鈯桵吒攬嵊臚伛摽簠瀔威漤注展鈄蒌澷俩孈倸艆棬邭灯摢,exerciseTarget:茑跁椅趼楹愊褚忱偻晩}
{id:8822,name:皗堰蘼,sex:true,maritalStatus:false,age:30.0,height:73.0,weight:179.0,hobby:洸夒蹞掿蛖趼喀騟馰雄,address:砍瘢溄跖親鲰霔艼置璏,diseaseHistory:濟灸汛犮譮挊齽渴窮鏟闞忙腻怚殃龄鐳纐騺諁蒚繉倿毢濬苰泣翣告帧,habit:櫄趶锵廨郙孠蔲蕘杚楸梙繻鞖完峆蝁菱橮驜颏煚濿汶滬甂偤淆螾莉燢,exerciseTarget:爿毫蝱擼谔匊驻京鰡霐}
{id:7510,name:许寱箪,sex:true,maritalStatus:true,age:33.0,height:80.0,weight:80.0,hobby:剆忻遷疌惄鶣欀鼕卬塆,address:悰熀罯潙覒塃盀僓叀覝,diseaseHistory:偲悸硞賽肪牛糞転鉩谷眳碵蟔黡鄱畱祎舊俌侖蕇栃蟩胍灟騆豝籽鑷郬,habit:秅炉那刡骧栈馄巩慭閅鶿様狯紬泓氬阡絽芟牍轇萰鲪厔賚隶鞋屦钁排,exerciseTarget:齶赗邻懐濍钕瓚鱯哠觧}
{id:5830,name:稹瑏墡,sex:true,maritalStatus:true,age:32.0,height:73.0,weight:83.0,hobby:槴勐羸償貗氘矑滻緍诇,address:杷睸軞鯺傓最雥披橬增,diseaseHistory:肁逤蟛厛冼煡香掠漫偬挻聚撞賟亘蔄皭镏進婽增瞝廂躰怪缩僚懭韸纈,habit:懚亰缀执蚇掻緌杔筗艾兑媬脮纪仪民耧舔乲掹嫝判睽疈掳仠轴葔戣芈,exerciseTarget:鼘棆懡侵祅恀軹嬖邚冗}
{id:9049,name:賗豟泀,sex:true,maritalStatus:false,age:31.0,height:80.0,weight:126.0,hobby:懐侣顼筼岴歮姹咈咚粢,address:耬豝洙埿狾褗敋釡沋濌,diseaseHistory:惯瀒鮝鄞啣潳鉪孭宧镳奩筽磌誅劖靽陦骀繎癯叄釷枽骈焹叇鰖趕衠睵,habit:偑終蕉収袺鵐甪鯔袩艦圕瑲儦杁譠嵱汏鐎睢泖鮠椱氁錛墝婡婰骆鐞馕,exerciseTarget:舶掜缙揯俰豱社秄須派}
{id:6364,name:侃鋙逷,sex:true,maritalStatus:true,age:36.0,height:78.0,weight:137.0,hobby:鞥笣呩蛇犗睋盪死僬堮,address:帜僳吡狹蘗蝬妨銱韇跫,diseaseHistory:蒴鮝塹蚥柁袔灞岣玅掽禱况鼛鶦剘牔厛蹴蠜庐慀樞茰雽姄拋锍詜粩聙,habit:隌斝蚬贬盁泳属儞捃麁頖煠殢袨葱愌箲嗐愸呴軇娂杝姜岠燖腐頌瀚隫,exerciseTarget:洵廪胀玣糗鵍匟斩織漿}
{id:4030,name:盿餘暢,sex:true,maritalStatus:true,age:35.0,height:66.0,weight:125.0,hobby:捾灴巂靊漨阫蝉軏澐腀,address:眪遑鬟癌撩呫籘曔锏羆,diseaseHistory:潯磕它鰥俪檩鱿苜焋覘踕锉趷余佐垦輺伋莍叹覲蔷錂萝獛弤犐扸靳鼏,habit:镆氡媙返棵経饮佦漗傾哄諴富蚘寠戍窔鷣顆飉涥殷蠥梙酝肥襏枵垍鶸,exerciseTarget:坤渐笤顲寕骿燑绎縜檱}

2018-04-01 15:21:20.083  INFO 71660 --- [Thread-2] o.s.w.c.s.GenericWebApplicationContext   : Closing org.springframework.web.context.support.GenericWebApplicationContext@66ce957f: startup date [Sun Apr 01 15:21:03 CST 2018]; root of context hierarchy
2018-04-01 15:21:20.088  INFO 71660 --- [Thread-2] com.zaxxer.hikari.HikariDataSource       : HikariPool-1 - Shutdown initiated...
2018-04-01 15:21:20.108  INFO 71660 --- [Thread-2] com.zaxxer.hikari.HikariDataSource       : HikariPool-1 - Shutdown completed.
2018-04-01 15:21:20.109  INFO 71660 --- [Thread-2] o.s.s.concurrent.ThreadPoolTaskExecutor  : Shutting down ExecutorService 'MyAsync'
2018-04-01 15:21:31.328  INFO 71663 --- [main] c.d.test.services.UserServiceTest        : Starting UserServiceTest on alanMacBook-Pro.local with PID 71663 (started by alan in /Users/alan/developers/ideaspace/demo/DBtest)
2018-04-01 15:21:31.330  INFO 71663 --- [main] c.d.test.services.UserServiceTest        : No active profile set, falling back to default profiles: default
2018-04-01 15:21:31.384  INFO 71663 --- [main] o.s.w.c.s.GenericWebApplicationContext   : Refreshing org.springframework.web.context.support.GenericWebApplicationContext@66ce957f: startup date [Sun Apr 01 15:21:31 CST 2018]; root of context hierarchy
2018-04-01 15:21:32.981  INFO 71663 --- [main] trationDelegate$BeanPostProcessorChecker : Bean 'taskExecutorConfig' of type [com.database.test.config.TaskExecutorConfig$$EnhancerBySpringCGLIB$$aea8716f] is not eligible for getting processed by all BeanPostProcessors (for example: not eligible for auto-proxying)
2018-04-01 15:21:33.001  INFO 71663 --- [main] o.s.s.concurrent.ThreadPoolTaskExecutor  : Initializing ExecutorService 
2018-04-01 15:21:33.013  INFO 71663 --- [main] o.s.s.concurrent.ThreadPoolTaskExecutor  : Initializing ExecutorService  'MyAsync'
2018-04-01 15:21:33.013  INFO 71663 --- [main] trationDelegate$BeanPostProcessorChecker : Bean 'MyAsync' of type [org.springframework.scheduling.concurrent.ThreadPoolTaskExecutor] is not eligible for getting processed by all BeanPostProcessors (for example: not eligible for auto-proxying)
2018-04-01 15:21:34.758  INFO 71663 --- [main] s.w.s.m.m.a.RequestMappingHandlerAdapter : Looking for @ControllerAdvice: org.springframework.web.context.support.GenericWebApplicationContext@66ce957f: startup date [Sun Apr 01 15:21:31 CST 2018]; root of context hierarchy
2018-04-01 15:21:34.951  INFO 71663 --- [main] s.w.s.m.m.a.RequestMappingHandlerMapping : Mapped "{[/user/save],methods=[GET]}" onto public java.lang.String com.database.test.controller.TestController.save(int)
2018-04-01 15:21:34.952  INFO 71663 --- [main] s.w.s.m.m.a.RequestMappingHandlerMapping : Mapped "{[/user/batchSave],methods=[GET]}" onto public java.lang.String com.database.test.controller.TestController.batchSave(int)
2018-04-01 15:21:34.953  INFO 71663 --- [main] s.w.s.m.m.a.RequestMappingHandlerMapping : Mapped "{[/user/getUserInfoByAge],methods=[GET]}" onto public java.lang.String com.database.test.controller.TestController.getUserInfoByAge(int)
2018-04-01 15:21:34.953  INFO 71663 --- [main] s.w.s.m.m.a.RequestMappingHandlerMapping : Mapped "{[/user/hello],methods=[GET]}" onto public java.lang.String com.database.test.controller.TestController.hello()
2018-04-01 15:21:34.957  INFO 71663 --- [main] s.w.s.m.m.a.RequestMappingHandlerMapping : Mapped "{[/error]}" onto public org.springframework.http.ResponseEntity<java.util.Map<java.lang.String, java.lang.Object>> org.springframework.boot.autoconfigure.web.servlet.error.BasicErrorController.error(javax.servlet.http.HttpServletRequest)
2018-04-01 15:21:34.958  INFO 71663 --- [main] s.w.s.m.m.a.RequestMappingHandlerMapping : Mapped "{[/error],produces=[text/html]}" onto public org.springframework.web.servlet.ModelAndView org.springframework.boot.autoconfigure.web.servlet.error.BasicErrorController.errorHtml(javax.servlet.http.HttpServletRequest,javax.servlet.http.HttpServletResponse)
2018-04-01 15:21:35.222  INFO 71663 --- [main] o.s.w.s.handler.SimpleUrlHandlerMapping  : Mapped URL path [/webjars/**] onto handler of type [class org.springframework.web.servlet.resource.ResourceHttpRequestHandler]
2018-04-01 15:21:35.222  INFO 71663 --- [main] o.s.w.s.handler.SimpleUrlHandlerMapping  : Mapped URL path [/**] onto handler of type [class org.springframework.web.servlet.resource.ResourceHttpRequestHandler]
2018-04-01 15:21:35.335  INFO 71663 --- [main] o.s.w.s.handler.SimpleUrlHandlerMapping  : Mapped URL path [/**/favicon.ico] onto handler of type [class org.springframework.web.servlet.resource.ResourceHttpRequestHandler]
2018-04-01 15:21:35.904  INFO 71663 --- [main] c.d.test.services.UserServiceTest        : Started UserServiceTest in 5.244 seconds (JVM running for 7.29)
2018-04-01 15:21:36.081  INFO 71663 --- [main] com.zaxxer.hikari.HikariDataSource       : HikariPool-1 - Starting...
2018-04-01 15:21:36.844  INFO 71663 --- [main] com.zaxxer.hikari.HikariDataSource       : HikariPool-1 - Start completed.
2018-04-01 15:21:47.086  INFO 71663 --- [main] com.database.test.services.UserService   : 10条最相似数据差异值为：857.6
2018-04-01 15:21:47.087  INFO 71663 --- [main] com.database.test.services.UserService   : 
{id:8734,name:挤魎僒,sex:true,maritalStatus:true,age:70.0,height:182.0,weight:110.0,hobby:淮雂伿疰仿騅苀懞凹羓,address:秩湧顚锴怡璵烎懭疈蛏,diseaseHistory:帓軪箍轇缭婗釨黜颗鲣鈿溁扯嵗壢銼齨婾庑埄烂駸紷毶焦罴啐缂祙颃,habit:冢柂夝五倜郙課弌港庝蹮臶吃榍胦饟巭妍蛌喣腃挃圼嶈羻鞈廷揽虶刺,exerciseTarget:碰嶕渦蠾佮铺協癦豔葝}
{id:4408,name:邆廛瞫,sex:true,maritalStatus:true,age:66.0,height:176.0,weight:155.0,hobby:鵘荾嘔悮膮型徆柅滥穙,address:茂瘯梘鼓臕泡姁徾禎姃,diseaseHistory:赢軣他鋶換棣睖爥娲潁韁屗躻歽饕唾鬺蘯軔瞲嚍笻旵豤忛戛柍带駑妥,habit:塯鮳糹彬瑎甗歈牤閤綩嶄皍俌湑溼梚拘羇胉桶緻鱂伝墢錼饐垏莽漧機,exerciseTarget:悊賹亜损獾炠欑鸹篴闈}
{id:5509,name:齟滨癵,sex:true,maritalStatus:false,age:66.0,height:189.0,weight:131.0,hobby:八裲櫒椬鑘蕭颍裥藊倠,address:沤溿洉療冬哑诜颂豆雈,diseaseHistory:醌筟殪谀啺瞇女咚皡緎廈瞉岧砶殶槪喣崱殌溓殁躡嫜钂媯跳襟鳾絳罀,habit:矣锵況晅珂搶抡貊鈾挣枣犛煜焔鲓墄伙蓨妟埥浥辵莋叨鷸樖卡霕詩釛,exerciseTarget:囎钯韝门苵赙摧峗膖茺}
{id:7885,name:谢挜漂,sex:true,maritalStatus:false,age:65.0,height:193.0,weight:150.0,hobby:貼糌黂蓷咸佗惭赹唥僢,address:鄫緆莱寫諘楳垲覗頵舲,diseaseHistory:秧洠繺是竣練媴籵駃醡攩薁裇拱硚憏墜癡緐尰酧裄镸洤忢畃身嶨城壥,habit:葢佨蜮車巿媎荟詎濃灞與炇鴾疲蕗涳由崃轁緗盱铕嵀隄翦徽违詥或礽,exerciseTarget:袙漖鹪繱専鴭鼆嗹钦勱}
{id:815,name:緗侈蚟,sex:true,maritalStatus:false,age:69.0,height:177.0,weight:174.0,hobby:垄抌鸝绤皬雾豚简賫窯,address:飸崉鯕譊垝髃嘦釋鲘縞,diseaseHistory:炦磤瑡纒雬少鼯霽牽踢滅怎殐繋橽摽班衢敦謉剡曜瑩倛康雲颉挶栶稹,habit:縞拟魲辤囚諼鬄擏瑨擄庰齉绯胫献嚑柸宨萫麚嬲筺藢庝廖泻禾豘锢悍,exerciseTarget:日萀喿钰虍薾姤龔素廧}
{id:3766,name:鳛憉瓼,sex:true,maritalStatus:true,age:62.0,height:189.0,weight:145.0,hobby:蔲侞諚潃蟽艁嗵壜骬耵,address:婆杉涔襹鉓俓鈈譶幞格,diseaseHistory:騎眳濂誘锯薒蔁騮踶亱兣撖睭瓆誋鷌鷾倲鴰媢瞶俾伓硈臯稣辳鑃埴停,habit:帹嵻陉鯇涾粓旈喆褏缵粶峹摑亼髲芾塟綇嬰婦熜昖前漽菂粑弩菊事軗,exerciseTarget:檶艡妴蕸玊呶凤懐謆珌}
{id:6948,name:跑瞬牙,sex:true,maritalStatus:false,age:74.0,height:184.0,weight:114.0,hobby:翯屑橛莛啲睯簹倅錵倁,address:塅据镳嘢醇兂擲凖鲿絥,diseaseHistory:褩腇鉖垄蕰账孷融呵珂蕬堰堉漟哼沂疱歅鐧塪贱頱鳣洬牜蒉赠篳粂匎,habit:褗鵚婒焥絙貱郋螬阆泈槐粺魕钅禊务唒紝鶛钩僳夗杤淨啥粵牜岁顇弇,exerciseTarget:仂湁鎽喸郝浭湜拄黨飮}
{id:8819,name:枌釰惁,sex:true,maritalStatus:false,age:59.0,height:186.0,weight:116.0,hobby:鶶惂鼋罉银繑掓検娷貧,address:蝗耄螱嚭訣凣园牪減佚,diseaseHistory:莥思牌桳誅鑝跙汔詑礡緩猒煵篘胭疎庐幆墱羓驸蜰饙件葓鵇哃潻簾吩,habit:廎欔媚霻逡骄阬膼就榇囄牸漌辘攂嚡窢讵卆鴻尒枦彬肗鑳蝋辶蕨偸鉀,exerciseTarget:錄睷阷凝省幦詃褩璍油}
{id:2782,name:瘏剭愄,sex:true,maritalStatus:true,age:75.0,height:178.0,weight:151.0,hobby:閉慣鑌斖鎫寀擡覸捱藍,address:吀筁備齽齌題韣榱斤鮣,diseaseHistory:扯踝暴菮礊跘侌鬷轛喚抩嘴驽驦馘雔圡素磝嫽非修喧頝罶抳貜餛弝窐,habit:惰樼郤棟虺屔匾適髳讲嵩厃塺熺蹬潷拻濢洠輾賮截备觺崲寜戕鶪忞奅,exerciseTarget:熑廠胶騉蚑誐茴咊慩謚}
{id:6357,name:餭爛櫖,sex:true,maritalStatus:false,age:56.0,height:178.0,weight:149.0,hobby:贀示绖兛漆馸塜滍泹瞓,address:貝誱弆瓣苕藅戈觘嬺难,diseaseHistory:迄瓋伟飋鲚轢錯伤霧擄箥卑埒蜧乐薍若蜞踍蓬熦踝營簋鰏笏瞤顂疍嗛,habit:減忁刘駣坓咚鴯紕輠矩矐袛擅鯊糐綞扰鐇差淝杹军笮怖聹鸢氽鱩訫踬,exerciseTarget:嬺葧汲齌膲麿刅煷檈闤}

2018-04-01 15:21:47.091  INFO 71663 --- [Thread-2] o.s.w.c.s.GenericWebApplicationContext   : Closing org.springframework.web.context.support.GenericWebApplicationContext@66ce957f: startup date [Sun Apr 01 15:21:31 CST 2018]; root of context hierarchy
2018-04-01 15:21:47.096  INFO 71663 --- [Thread-2] com.zaxxer.hikari.HikariDataSource       : HikariPool-1 - Shutdown initiated...
2018-04-01 15:21:47.118  INFO 71663 --- [Thread-2] com.zaxxer.hikari.HikariDataSource       : HikariPool-1 - Shutdown completed.
2018-04-01 15:21:47.118  INFO 71663 --- [Thread-2] o.s.s.concurrent.ThreadPoolTaskExecutor  : Shutting down ExecutorService 'MyAsync'
2018-04-01 15:21:59.924  INFO 71665 --- [main] c.d.test.services.UserServiceTest        : Starting UserServiceTest on alanMacBook-Pro.local with PID 71665 (started by alan in /Users/alan/developers/ideaspace/demo/DBtest)
2018-04-01 15:21:59.926  INFO 71665 --- [main] c.d.test.services.UserServiceTest        : No active profile set, falling back to default profiles: default
2018-04-01 15:22:00.094  INFO 71665 --- [main] o.s.w.c.s.GenericWebApplicationContext   : Refreshing org.springframework.web.context.support.GenericWebApplicationContext@5bfa8cc5: startup date [Sun Apr 01 15:22:00 CST 2018]; root of context hierarchy
2018-04-01 15:22:01.860  INFO 71665 --- [main] trationDelegate$BeanPostProcessorChecker : Bean 'taskExecutorConfig' of type [com.database.test.config.TaskExecutorConfig$$EnhancerBySpringCGLIB$$203ef6f0] is not eligible for getting processed by all BeanPostProcessors (for example: not eligible for auto-proxying)
2018-04-01 15:22:01.881  INFO 71665 --- [main] o.s.s.concurrent.ThreadPoolTaskExecutor  : Initializing ExecutorService 
2018-04-01 15:22:01.897  INFO 71665 --- [main] o.s.s.concurrent.ThreadPoolTaskExecutor  : Initializing ExecutorService  'MyAsync'
2018-04-01 15:22:01.898  INFO 71665 --- [main] trationDelegate$BeanPostProcessorChecker : Bean 'MyAsync' of type [org.springframework.scheduling.concurrent.ThreadPoolTaskExecutor] is not eligible for getting processed by all BeanPostProcessors (for example: not eligible for auto-proxying)
2018-04-01 15:22:03.789  INFO 71665 --- [main] s.w.s.m.m.a.RequestMappingHandlerAdapter : Looking for @ControllerAdvice: org.springframework.web.context.support.GenericWebApplicationContext@5bfa8cc5: startup date [Sun Apr 01 15:22:00 CST 2018]; root of context hierarchy
2018-04-01 15:22:03.962  INFO 71665 --- [main] s.w.s.m.m.a.RequestMappingHandlerMapping : Mapped "{[/user/save],methods=[GET]}" onto public java.lang.String com.database.test.controller.TestController.save(int)
2018-04-01 15:22:03.963  INFO 71665 --- [main] s.w.s.m.m.a.RequestMappingHandlerMapping : Mapped "{[/user/batchSave],methods=[GET]}" onto public java.lang.String com.database.test.controller.TestController.batchSave(int)
2018-04-01 15:22:03.964  INFO 71665 --- [main] s.w.s.m.m.a.RequestMappingHandlerMapping : Mapped "{[/user/getUserInfoByAge],methods=[GET]}" onto public java.lang.String com.database.test.controller.TestController.getUserInfoByAge(int)
2018-04-01 15:22:03.964  INFO 71665 --- [main] s.w.s.m.m.a.RequestMappingHandlerMapping : Mapped "{[/user/hello],methods=[GET]}" onto public java.lang.String com.database.test.controller.TestController.hello()
2018-04-01 15:22:03.968  INFO 71665 --- [main] s.w.s.m.m.a.RequestMappingHandlerMapping : Mapped "{[/error]}" onto public org.springframework.http.ResponseEntity<java.util.Map<java.lang.String, java.lang.Object>> org.springframework.boot.autoconfigure.web.servlet.error.BasicErrorController.error(javax.servlet.http.HttpServletRequest)
2018-04-01 15:22:03.969  INFO 71665 --- [main] s.w.s.m.m.a.RequestMappingHandlerMapping : Mapped "{[/error],produces=[text/html]}" onto public org.springframework.web.servlet.ModelAndView org.springframework.boot.autoconfigure.web.servlet.error.BasicErrorController.errorHtml(javax.servlet.http.HttpServletRequest,javax.servlet.http.HttpServletResponse)
2018-04-01 15:22:04.202  INFO 71665 --- [main] o.s.w.s.handler.SimpleUrlHandlerMapping  : Mapped URL path [/webjars/**] onto handler of type [class org.springframework.web.servlet.resource.ResourceHttpRequestHandler]
2018-04-01 15:22:04.203  INFO 71665 --- [main] o.s.w.s.handler.SimpleUrlHandlerMapping  : Mapped URL path [/**] onto handler of type [class org.springframework.web.servlet.resource.ResourceHttpRequestHandler]
2018-04-01 15:22:04.327  INFO 71665 --- [main] o.s.w.s.handler.SimpleUrlHandlerMapping  : Mapped URL path [/**/favicon.ico] onto handler of type [class org.springframework.web.servlet.resource.ResourceHttpRequestHandler]
2018-04-01 15:22:04.895  INFO 71665 --- [main] c.d.test.services.UserServiceTest        : Started UserServiceTest in 5.707 seconds (JVM running for 7.761)
2018-04-01 15:22:05.097  INFO 71665 --- [main] com.zaxxer.hikari.HikariDataSource       : HikariPool-1 - Starting...
2018-04-01 15:22:05.813  INFO 71665 --- [main] com.zaxxer.hikari.HikariDataSource       : HikariPool-1 - Start completed.
2018-04-01 15:22:16.087  INFO 71665 --- [main] com.database.test.services.UserService   : 10条最相似数据差异值为：794.6001
2018-04-01 15:22:16.087  INFO 71665 --- [main] com.database.test.services.UserService   : 
{id:1291,name:藄舡剙,sex:false,maritalStatus:false,age:142.0,height:133.0,weight:129.0,hobby:牭璾涜醟沀髰縫譣乹撑,address:悦稺譟膈螆偪漝囼煯廒,diseaseHistory:賎仒隴賻觪曜鲓渜敨讎箧僶鐈鶶懠鳗櫜瓠绋韪鞠椫羹钘稗癉暵飚夢焂,habit:墽戛族蕦舧勇祐桞夯濪鱸篽贪韤睫沝晢弊秬瑿廒鸕啴苨贄藐巎轏匒烿,exerciseTarget:褱戼埋侤柘右嘈臙猆胕}
{id:4847,name:倦嬛舨,sex:false,maritalStatus:true,age:144.0,height:134.0,weight:109.0,hobby:怈剣賻祫塏鼔臙祎暔蹧,address:斲篇享酦笉漝敕爫鋒話,diseaseHistory:笆鳀纪鑮瓺閍紡塼犲脇趡歫弾長鈋譵阎靈狣蘅泀願蒍旦劧癨蹇猣糤湏,habit:缍奊狍拔溌聅哕玏侊瞤辐涛俵軋敓涮憛锺螖壶荶懘棇氲殯稠杪祫兇坝,exerciseTarget:誩覇刄夿姳浆愗纄衿禺}
{id:953,name:跛泮濸,sex:false,maritalStatus:true,age:143.0,height:124.0,weight:136.0,hobby:酖舽丳杌驡謋枤蒠橶宺,address:惧姉晗蔝铉螾沦罢掷軂,diseaseHistory:晟辠说赇箃搅賌庰臊羧喀頒峀磓眨蓗笤磯冋亯獽攊曁徔琦鞊靑澀鵨劕,habit:捾鐯徎栐挟饮呲揵柎鯘犜鵶贓壅椡盲峠郹釔鈻龌蠠壂冣峮辏损儴鬩竾,exerciseTarget:鼽僾會臬霧澴闑珄鋕筯}
{id:6284,name:昻倎繸,sex:false,maritalStatus:true,age:146.0,height:130.0,weight:110.0,hobby:邰厨曎飪赭鶛遍菹曞痀,address:橻繩缿摙朿逬擔嶢譚珑,diseaseHistory:力做您壋蔈遄頦霩笩皞哜衑飖悗淊誒鍋呌鲧瀕蹡晭隤醳蓛瓠瀒剟踜嘲,habit:京寛仨肓癳箶谕瓝艺鋫樰貓奈翧夜綺哪璋嵪濲髴訞鰇缦蟋餁蒗阃哱圂,exerciseTarget:琌篗佞閽輻醅果茇屍橍}
{id:978,name:謞砌諃,sex:false,maritalStatus:true,age:137.0,height:133.0,weight:154.0,hobby:僭廇擱鑺懈闿囷橏蓜詭,address:玫鼔遷鰛踏翄蟉垰琉殢,diseaseHistory:孖蹣颌情岻枉匽檓攻元蹉狾熃鈟杉饮珲徘省嚭碸佔椾邨芳拋鵱諑仕蠷,habit:喎镑媽組栜涕影殡盍垼罱謒撋踣筙拜颞捾癩攊痟颋貵蔚敬鹔臎葋診莂,exerciseTarget:鹽丧户瘢塚紃萞姂謠哷}
{id:7605,name:凭嘣萔,sex:false,maritalStatus:false,age:145.0,height:126.0,weight:183.0,hobby:汩飥耼弇脯臮詶岟幊墐,address:癛颠僘籄肣齖羕畵勃膇,diseaseHistory:滝栳遳椹葄賃芦璴詼蟥籃鏋翝俄噴榑黿奢畼劖詮敆琻鴚萎窔膰倝胳裼,habit:陾尅鼡孿攗犲陲豘喆棺竖嘟臗弙酸摳槝季韗迮齤暞簝鶅嶐颇淙蝥烸楪,exerciseTarget:劧峈湖餌玥鈧憵鼉噛汄}
{id:2406,name:喬实綣,sex:false,maritalStatus:true,age:148.0,height:129.0,weight:143.0,hobby:桡匶紇佯諆涘縤匢巒蛭,address:闰汶枕暺萞插酟暬鷏凩,diseaseHistory:義蘥苵扯鼣漍鳗檃摃齂忳墚妍哠算豊伵萸蓘鼕驙瓄苶迣弟媯綄銡燍誂,habit:鉚輽祬躇滛籋哬竏厼罟宷讎殂楥陲礵猨窢吊搏龁譗咨傂葹歴硵靱塚鋯,exerciseTarget:傎湸梫閗鲻戟擨眵罝欬}
{id:8270,name:戃虆脃,sex:false,maritalStatus:true,age:148.0,height:138.0,weight:139.0,hobby:惸伅捨緡澊鐾喻俐璑嵒,address:跃嶀关擕錗续吳泹静辁,diseaseHistory:霉蚋硿竔蓟赍括诶邿蠊醚客缡趨諘厉焹贻猚峸榄陵鍹輠魾瓠誻獓熯醻,habit:渕慀荻鶙錸襯篅嶥茻鷜毶角歡掕帮蕏楟杹韦棹阕咠檅脇掃坏丂樟檘簲,exerciseTarget:摣余钨鈊唉塱掸禽鞝跣}
{id:8288,name:酢盒劍,sex:false,maritalStatus:true,age:146.0,height:126.0,weight:121.0,hobby:甧奥丛径鬺璂閡繫挃棏,address:掕湅嬯魻黮繄鐒駏豿胇,diseaseHistory:井轡幤冿躜嘗铲靃地蘈鮒閈樯覷鴩眊樴澏费櫋槲霡蛀狅近銟獾勞鈖匿,habit:洉司鶮寀伢雤复臣丙磼爃珡囘次珲剨議睥銊陁摾平瀲鴏勰趠撸喔皛茟,exerciseTarget:乌娼齾筋顛挡蒅酉棇厥}
{id:1509,name:鑚裠塑,sex:false,maritalStatus:true,age:135.0,height:126.0,weight:169.0,hobby:樲吗鲒瑒溈庵抢咒崕栈,address:溱錮搝餹勋寉絚锤紵桹,diseaseHistory:铣餻荃剓籍爎狱鼽瀤鵎芁嵀齩驛帮溾珗挦鄵髟騠梀锛纫媔躞缴餬醴勝,habit:皥槸橏哘寜绶嬮颈昻啲欹诈虣鮐飥豉樓颒厦槣琶媂澯昺給玅丶轧酨莗,exerciseTarget:蒡妍彺焭樨锾巵冃鱈栆}

2018-04-01 15:22:16.092  INFO 71665 --- [Thread-2] o.s.w.c.s.GenericWebApplicationContext   : Closing org.springframework.web.context.support.GenericWebApplicationContext@5bfa8cc5: startup date [Sun Apr 01 15:22:00 CST 2018]; root of context hierarchy
2018-04-01 15:22:16.097  INFO 71665 --- [Thread-2] com.zaxxer.hikari.HikariDataSource       : HikariPool-1 - Shutdown initiated...
2018-04-01 15:22:16.120  INFO 71665 --- [Thread-2] com.zaxxer.hikari.HikariDataSource       : HikariPool-1 - Shutdown completed.
2018-04-01 15:22:16.120  INFO 71665 --- [Thread-2] o.s.s.concurrent.ThreadPoolTaskExecutor  : Shutting down ExecutorService 'MyAsync'
2018-04-01 15:22:32.340  INFO 71668 --- [main] c.d.test.services.UserServiceTest        : Starting UserServiceTest on alanMacBook-Pro.local with PID 71668 (started by alan in /Users/alan/developers/ideaspace/demo/DBtest)
2018-04-01 15:22:32.345  INFO 71668 --- [main] c.d.test.services.UserServiceTest        : No active profile set, falling back to default profiles: default
2018-04-01 15:22:32.401  INFO 71668 --- [main] o.s.w.c.s.GenericWebApplicationContext   : Refreshing org.springframework.web.context.support.GenericWebApplicationContext@5bfa8cc5: startup date [Sun Apr 01 15:22:32 CST 2018]; root of context hierarchy
2018-04-01 15:22:33.883  INFO 71668 --- [main] trationDelegate$BeanPostProcessorChecker : Bean 'taskExecutorConfig' of type [com.database.test.config.TaskExecutorConfig$$EnhancerBySpringCGLIB$$696d454a] is not eligible for getting processed by all BeanPostProcessors (for example: not eligible for auto-proxying)
2018-04-01 15:22:33.903  INFO 71668 --- [main] o.s.s.concurrent.ThreadPoolTaskExecutor  : Initializing ExecutorService 
2018-04-01 15:22:33.915  INFO 71668 --- [main] o.s.s.concurrent.ThreadPoolTaskExecutor  : Initializing ExecutorService  'MyAsync'
2018-04-01 15:22:33.915  INFO 71668 --- [main] trationDelegate$BeanPostProcessorChecker : Bean 'MyAsync' of type [org.springframework.scheduling.concurrent.ThreadPoolTaskExecutor] is not eligible for getting processed by all BeanPostProcessors (for example: not eligible for auto-proxying)
2018-04-01 15:22:35.666  INFO 71668 --- [main] s.w.s.m.m.a.RequestMappingHandlerAdapter : Looking for @ControllerAdvice: org.springframework.web.context.support.GenericWebApplicationContext@5bfa8cc5: startup date [Sun Apr 01 15:22:32 CST 2018]; root of context hierarchy
2018-04-01 15:22:35.842  INFO 71668 --- [main] s.w.s.m.m.a.RequestMappingHandlerMapping : Mapped "{[/user/save],methods=[GET]}" onto public java.lang.String com.database.test.controller.TestController.save(int)
2018-04-01 15:22:35.844  INFO 71668 --- [main] s.w.s.m.m.a.RequestMappingHandlerMapping : Mapped "{[/user/batchSave],methods=[GET]}" onto public java.lang.String com.database.test.controller.TestController.batchSave(int)
2018-04-01 15:22:35.844  INFO 71668 --- [main] s.w.s.m.m.a.RequestMappingHandlerMapping : Mapped "{[/user/getUserInfoByAge],methods=[GET]}" onto public java.lang.String com.database.test.controller.TestController.getUserInfoByAge(int)
2018-04-01 15:22:35.845  INFO 71668 --- [main] s.w.s.m.m.a.RequestMappingHandlerMapping : Mapped "{[/user/hello],methods=[GET]}" onto public java.lang.String com.database.test.controller.TestController.hello()
2018-04-01 15:22:35.850  INFO 71668 --- [main] s.w.s.m.m.a.RequestMappingHandlerMapping : Mapped "{[/error]}" onto public org.springframework.http.ResponseEntity<java.util.Map<java.lang.String, java.lang.Object>> org.springframework.boot.autoconfigure.web.servlet.error.BasicErrorController.error(javax.servlet.http.HttpServletRequest)
2018-04-01 15:22:35.856  INFO 71668 --- [main] s.w.s.m.m.a.RequestMappingHandlerMapping : Mapped "{[/error],produces=[text/html]}" onto public org.springframework.web.servlet.ModelAndView org.springframework.boot.autoconfigure.web.servlet.error.BasicErrorController.errorHtml(javax.servlet.http.HttpServletRequest,javax.servlet.http.HttpServletResponse)
2018-04-01 15:22:36.166  INFO 71668 --- [main] o.s.w.s.handler.SimpleUrlHandlerMapping  : Mapped URL path [/webjars/**] onto handler of type [class org.springframework.web.servlet.resource.ResourceHttpRequestHandler]
2018-04-01 15:22:36.167  INFO 71668 --- [main] o.s.w.s.handler.SimpleUrlHandlerMapping  : Mapped URL path [/**] onto handler of type [class org.springframework.web.servlet.resource.ResourceHttpRequestHandler]
2018-04-01 15:22:36.297  INFO 71668 --- [main] o.s.w.s.handler.SimpleUrlHandlerMapping  : Mapped URL path [/**/favicon.ico] onto handler of type [class org.springframework.web.servlet.resource.ResourceHttpRequestHandler]
2018-04-01 15:22:36.866  INFO 71668 --- [main] c.d.test.services.UserServiceTest        : Started UserServiceTest in 4.982 seconds (JVM running for 6.502)
2018-04-01 15:22:37.049  INFO 71668 --- [main] com.zaxxer.hikari.HikariDataSource       : HikariPool-1 - Starting...
2018-04-01 15:22:37.798  INFO 71668 --- [main] com.zaxxer.hikari.HikariDataSource       : HikariPool-1 - Start completed.
2018-04-01 15:22:47.921  INFO 71668 --- [main] com.database.test.services.UserService   : 10条最相似数据差异值为：867.2001
2018-04-01 15:22:47.922  INFO 71668 --- [main] com.database.test.services.UserService   : 
{id:4525,name:宿柿駾,sex:true,maritalStatus:true,age:77.0,height:144.0,weight:133.0,hobby:贴櫶蘠瀉珤憦呄慩母扻,address:铉窢椩謓颚攙牍寄曫纾,diseaseHistory:羻俦涆飄妫捲嚍滓訞昞尺壾遪苨憭尚眵配傕遴甜擐晁禜娓艞獶斱艉峵,habit:亐組辵蕚稻訄爆蟷綷泃祒傋呷康瑊藒鯗綩瓼靬扂駅籞慬諿冖爞匧搏橔,exerciseTarget:瑀募幗卦蕕潶襘璿奴鶱}
{id:8642,name:迦晧楐,sex:true,maritalStatus:true,age:77.0,height:141.0,weight:149.0,hobby:熗幔瓊庂瞌銷藐潒褠渎,address:躬蘚钀屼鲱埦兎脶筁衤,diseaseHistory:嚋滷頕魘徱瀟棛鱶翙菷瀈釂墖灜粎峱欞蘏叙鍥楥谉槖罽側屜荴挻彆蠖,habit:責瓙觜鯈赧熋彘喾讯庪蔷穨螐薷嚼滼蹀鯶尰翭艛孲聘逝蜤麧葚讖鞕疙,exerciseTarget:蹺婩賛詷嬎矂磫紫過悞}
{id:823,name:紙嵳鑧,sex:true,maritalStatus:true,age:77.0,height:138.0,weight:153.0,hobby:犧濣锣鎆摨搽櫗夿堖彝,address:佽鬝咰鞇肦恨鸿徸餣扛,diseaseHistory:鹭鸥熷趪剗徥上虬襝囓畻鶨铿庎旁魵鎧訬咎蕃趈筏拷醜氙栯苑僲毬仙,habit:豮縸嬰椖釔甉迃嘦他喽鹚庢煋咳揣雇蠎汑淖啤縏軭埀調箸娷愱帞穾券,exerciseTarget:髫茵硉虄廥麳哌緬夃己}
{id:3853,name:阰襉辊,sex:true,maritalStatus:true,age:76.0,height:148.0,weight:175.0,hobby:蘳堌飲漑鮒妽穣尳颏靥,address:角襛召琍凍惬斵贿給繐,diseaseHistory:留豚营荱狸鷤瑸璮殐达鸘莅蔵嘂艊彟黻奡啷麱礕鮧厑倇忁棄奧緽賔谞,habit:惈憏孒鸧磴懗繫嶱鹡闄禛寿剒蕾蕉垳耷衯粮炉棊螬歅牷燦鍤鎩偿睟谛,exerciseTarget:勶蠑鬙膊峨贃愊讒仃儵}
{id:8208,name:鍰琼读,sex:true,maritalStatus:false,age:79.0,height:141.0,weight:134.0,hobby:踓籛算粼槯荨枂偱滴倱,address:髪鍝屌涭崈刵豥旚衧刀,diseaseHistory:晤淓潾蝝囕鳶餎廍纐滔鲚棷袊繣歞捬澣襘罂撫蛢询稒查驷煄邙陑谕椛,habit:櫖槶焫涫雞労靁芭匆摌捁溿颭峄罼恼鍻聼雯陬躾梎騻糃骻坊唔氟奻躯,exerciseTarget:袼肰栲礞閛訩阴謥洟蓀}
{id:8353,name:鑽纹膇,sex:true,maritalStatus:false,age:83.0,height:146.0,weight:196.0,hobby:詝爵嗲漋笥匹牣寤鐏薊,address:巵姶侙笹骓绊塡翁沨巇,diseaseHistory:溷驨芛孩唑逵狤挳润惏綂氮嶥熨骏麟倓矂鎘濁逘雖葧譊瓥嘗覸颀厍瓇,habit:选睅钾厦配泅攓骺縺凌泾繌鶧幃簔菵卡況賷魙蝽徢瓳熥蛈燨啅昐鯣嘆,exerciseTarget:疟狤晸儜繉嗧旹闕頥弿}
{id:9389,name:摦纉岝,sex:true,maritalStatus:false,age:82.0,height:147.0,weight:111.0,hobby:褉渒顝撬飒摺胉麒莽鯳,address:禅試鮲鲲勵檫烶禛甛涮,diseaseHistory:铚妙莰鳈檆驭缚鍝捲軾噣摙穳夡秧蝐焫闪赼蕀媅猦鸴鲳舗搙栠粤爮瑇,habit:簨确升残圀髖族檕旳耱鈙蜮橜貸巻缳魄魸紺崾鐬戼葕朄媹圾逯榲欂蠫,exerciseTarget:帵珉濶爏憵熧聻咟懱駙}
{id:1212,name:紣笸癴,sex:true,maritalStatus:true,age:73.0,height:141.0,weight:182.0,hobby:籧徴锭蒕淮癭兗摃舫潹,address:媾鄝蜚犳掣翝圲曀橄煋,diseaseHistory:魻踹蓲鏅檪鷣拏韨鴛淕諲萂衤垮犛蔻試庋錅撸縮埘鮳谫褫埗磽淫犍佹,habit:布燨犅婴擃泩琇靑涭漹沙騼杏琞勖颥鯁鏭獘祢熙墧聅覝翲撸押磓秖歉,exerciseTarget:炵礒坁尼丼臝忁佷受糷}
{id:9685,name:礶蔠蕊,sex:true,maritalStatus:false,age:81.0,height:138.0,weight:133.0,hobby:蒩猴祛鄚脅裧痢笾魐詗,address:誛唾挍偵顨孎叝嘚傯卐,diseaseHistory:豁籬妪桐厝力譐豍鏫鯈嘉桫読銝榅蝶稅駇船亜溥篥鎫緂籋衩衚瞐萟滫,habit:座硑傕燷闹榨袉顤祢餲侂苄貿姄飪浅掁銻乑悢抣幟裫棎郛鵌無泰额套,exerciseTarget:呬豫鏵蟊謟矨絤訬堿测}
{id:1721,name:钦鵷獄,sex:true,maritalStatus:false,age:81.0,height:129.0,weight:168.0,hobby:棕炓牦價葆醤乵迁峟包,address:見昱郍庛鉼鍄鑹閌馧傮,diseaseHistory:娅习笰嶶妗臗糒躒檬刭鈺猠蛹鞢鈭扟乵纩坄蚎纜张圩薷覑载钣魃优槓,habit:儧簼镇黃簂熕覔箘轻捦磃觘鍾捦卩缶鸂局蛶襁驌婺俒貿嚅敽幺痋赪毠,exerciseTarget:沧嗇渌秩蓵側熠襁鱖诂}

2018-04-01 15:22:47.926  INFO 71668 --- [Thread-2] o.s.w.c.s.GenericWebApplicationContext   : Closing org.springframework.web.context.support.GenericWebApplicationContext@5bfa8cc5: startup date [Sun Apr 01 15:22:32 CST 2018]; root of context hierarchy
2018-04-01 15:22:47.929  INFO 71668 --- [Thread-2] com.zaxxer.hikari.HikariDataSource       : HikariPool-1 - Shutdown initiated...
2018-04-01 15:22:47.946  INFO 71668 --- [Thread-2] com.zaxxer.hikari.HikariDataSource       : HikariPool-1 - Shutdown completed.
2018-04-01 15:22:47.946  INFO 71668 --- [Thread-2] o.s.s.concurrent.ThreadPoolTaskExecutor  : Shutting down ExecutorService 'MyAsync'
2018-04-01 15:23:16.351  INFO 71670 --- [main] c.d.test.services.UserServiceTest        : Starting UserServiceTest on alanMacBook-Pro.local with PID 71670 (started by alan in /Users/alan/developers/ideaspace/demo/DBtest)
2018-04-01 15:23:16.353  INFO 71670 --- [main] c.d.test.services.UserServiceTest        : No active profile set, falling back to default profiles: default
2018-04-01 15:23:16.549  INFO 71670 --- [main] o.s.w.c.s.GenericWebApplicationContext   : Refreshing org.springframework.web.context.support.GenericWebApplicationContext@55b5f5d2: startup date [Sun Apr 01 15:23:16 CST 2018]; root of context hierarchy
2018-04-01 15:23:18.371  INFO 71670 --- [main] trationDelegate$BeanPostProcessorChecker : Bean 'taskExecutorConfig' of type [com.database.test.config.TaskExecutorConfig$$EnhancerBySpringCGLIB$$7a291d33] is not eligible for getting processed by all BeanPostProcessors (for example: not eligible for auto-proxying)
2018-04-01 15:23:18.397  INFO 71670 --- [main] o.s.s.concurrent.ThreadPoolTaskExecutor  : Initializing ExecutorService 
2018-04-01 15:23:18.414  INFO 71670 --- [main] o.s.s.concurrent.ThreadPoolTaskExecutor  : Initializing ExecutorService  'MyAsync'
2018-04-01 15:23:18.416  INFO 71670 --- [main] trationDelegate$BeanPostProcessorChecker : Bean 'MyAsync' of type [org.springframework.scheduling.concurrent.ThreadPoolTaskExecutor] is not eligible for getting processed by all BeanPostProcessors (for example: not eligible for auto-proxying)
2018-04-01 15:23:20.116  INFO 71670 --- [main] s.w.s.m.m.a.RequestMappingHandlerAdapter : Looking for @ControllerAdvice: org.springframework.web.context.support.GenericWebApplicationContext@55b5f5d2: startup date [Sun Apr 01 15:23:16 CST 2018]; root of context hierarchy
2018-04-01 15:23:20.277  INFO 71670 --- [main] s.w.s.m.m.a.RequestMappingHandlerMapping : Mapped "{[/user/save],methods=[GET]}" onto public java.lang.String com.database.test.controller.TestController.save(int)
2018-04-01 15:23:20.279  INFO 71670 --- [main] s.w.s.m.m.a.RequestMappingHandlerMapping : Mapped "{[/user/batchSave],methods=[GET]}" onto public java.lang.String com.database.test.controller.TestController.batchSave(int)
2018-04-01 15:23:20.280  INFO 71670 --- [main] s.w.s.m.m.a.RequestMappingHandlerMapping : Mapped "{[/user/getUserInfoByAge],methods=[GET]}" onto public java.lang.String com.database.test.controller.TestController.getUserInfoByAge(int)
2018-04-01 15:23:20.280  INFO 71670 --- [main] s.w.s.m.m.a.RequestMappingHandlerMapping : Mapped "{[/user/hello],methods=[GET]}" onto public java.lang.String com.database.test.controller.TestController.hello()
2018-04-01 15:23:20.284  INFO 71670 --- [main] s.w.s.m.m.a.RequestMappingHandlerMapping : Mapped "{[/error]}" onto public org.springframework.http.ResponseEntity<java.util.Map<java.lang.String, java.lang.Object>> org.springframework.boot.autoconfigure.web.servlet.error.BasicErrorController.error(javax.servlet.http.HttpServletRequest)
2018-04-01 15:23:20.288  INFO 71670 --- [main] s.w.s.m.m.a.RequestMappingHandlerMapping : Mapped "{[/error],produces=[text/html]}" onto public org.springframework.web.servlet.ModelAndView org.springframework.boot.autoconfigure.web.servlet.error.BasicErrorController.errorHtml(javax.servlet.http.HttpServletRequest,javax.servlet.http.HttpServletResponse)
2018-04-01 15:23:20.519  INFO 71670 --- [main] o.s.w.s.handler.SimpleUrlHandlerMapping  : Mapped URL path [/webjars/**] onto handler of type [class org.springframework.web.servlet.resource.ResourceHttpRequestHandler]
2018-04-01 15:23:20.520  INFO 71670 --- [main] o.s.w.s.handler.SimpleUrlHandlerMapping  : Mapped URL path [/**] onto handler of type [class org.springframework.web.servlet.resource.ResourceHttpRequestHandler]
2018-04-01 15:23:20.602  INFO 71670 --- [main] o.s.w.s.handler.SimpleUrlHandlerMapping  : Mapped URL path [/**/favicon.ico] onto handler of type [class org.springframework.web.servlet.resource.ResourceHttpRequestHandler]
2018-04-01 15:23:21.125  INFO 71670 --- [main] c.d.test.services.UserServiceTest        : Started UserServiceTest in 5.423 seconds (JVM running for 7.175)
2018-04-01 15:23:21.338  INFO 71670 --- [main] com.zaxxer.hikari.HikariDataSource       : HikariPool-1 - Starting...
2018-04-01 15:23:21.982  INFO 71670 --- [main] com.zaxxer.hikari.HikariDataSource       : HikariPool-1 - Start completed.
2018-04-01 15:23:34.831  INFO 71670 --- [main] com.database.test.services.UserService   : 10条最相似数据差异值为：800.60004
2018-04-01 15:23:34.833  INFO 71670 --- [main] com.database.test.services.UserService   : 
{id:6484,name:绛蟤浍,sex:true,maritalStatus:false,age:33.0,height:23.0,weight:109.0,hobby:峾孩竮鶤讏詮桬壠凧栦,address:楰勓爡輰恔姂籴耰庛藶,diseaseHistory:鳼勅駤歃愇枃陧鳶饸蝣歺蹻抴悟埥揼瀵寍珜俑喻牌鎚茑录匽褾嗰炀揽,habit:仃摃庫峯睞叽閌膎閡垛鵔峆忼硩瑉迹尼芴蘲盶箘赌崲媈瓪蕎椦檝嘬恽,exerciseTarget:塌醫徨直蟢酸鲺枖欀猈}
{id:951,name:圳踠旇,sex:true,maritalStatus:true,age:28.0,height:20.0,weight:143.0,hobby:扐槭麎慪鋟鎁掭兞釈鴴,address:鲽騽曗犱鉏酁觀狷屨郠,diseaseHistory:荺筹鋟襃愕鲣恌竕郃錙棢鮥灝齢洙蓸做綗繊蛸秶买囕蛺缄樘醉鼧姊峨,habit:踃伀螃湦粽乒蓻兜孫嵤忔舀帥蛦蛑狪腉吜插穖炊嚒悯庹鋙蘃嶘煄婇紛,exerciseTarget:璤堗俤洴鎵唞藯礖斟敵}
{id:3481,name:餷菇鸂,sex:true,maritalStatus:false,age:31.0,height:31.0,weight:135.0,hobby:莣鋁縩靴鋙噵邂浏蒑觚,address:杔蕧豂爔冓齲煒亯华湢,diseaseHistory:橹药鵥堨鶳韲俎煞孈衤韌琠鱴椝鎗櫿溏虘澽阖襆巖葩姘慻镛儒赉扔圅,habit:烥擴讬熔夤籯唋聃櫬餉鍞誁潣鎀鞲嘨鹠咊獳雒楛悅戰磭虓鱦洉鰑橪鴔,exerciseTarget:偤叡篿鑓唽耈讳鈼欹娃}
{id:934,name:褑敒困,sex:true,maritalStatus:false,age:30.0,height:26.0,weight:66.0,hobby:危嗌鐗願兙跩珲悾燿嬟,address:悀皖輪粸裾齊谁榡郩聏,diseaseHistory:穷椾喸岺埈罾鲹熇茆鈴嬣粣绮籭峋晇歴岐檶甲餰濋阎瘇锶彨頳痠媢蕓,habit:瑝幍舻埝麍拰腋壻猛溿峅繎迂樫梯癦峟椼橂镭盢嶦冦嬈汐詈巴澸萩瑾,exerciseTarget:嚦僪梫衧瞛绒骹拰磿驜}
{id:9550,name:呑桦蕷,sex:true,maritalStatus:false,age:34.0,height:21.0,weight:147.0,hobby:棗歨鹆旑儨欰螛隩蚯胍,address:等尐辱凭桠灭凸蘸陮媔,diseaseHistory:鯈荿帒櫪胿徙珚嬜懙煬湀芬儑蠅麞数饥獯毾鉬闝咹栬鬬譙颋媊池璓韟,habit:媿竔晒珒鑑繗垺蕴轑紷熢固慷怆缘芮桭笫虜瞋亖郟虴傚孛繝鬓臆窀訄,exerciseTarget:栐稹鵄嵦漽澵櫍韭刧唉}
{id:469,name:凶賋諊,sex:true,maritalStatus:false,age:31.0,height:30.0,weight:156.0,hobby:庑鯋絫鲼具肬珑致嚘貮,address:鑛緡辇蟶辢闫唦钸臠弾,diseaseHistory:驀欦鞕雘揳猅鈬嬚臙琇焸笠聰痞鞛喲缏姲糾摅烳瑋儽葁樗椳霯赖耡繉,habit:瘞褢氖葐懧磻奝醘絙瘴葥銬购尙蒁咴醵申萅愶瞭笡坉犤頖藈绛狇傐胩,exerciseTarget:锆炚猎跘騂婴嗷埐铩虴}
{id:6523,name:礸払唃,sex:true,maritalStatus:true,age:25.0,height:27.0,weight:129.0,hobby:審顨橧曣畠瀩殥羉屗仕,address:俷筇焎隣啖褙塘瞱蟸笳,diseaseHistory:祏坉趈銜鞾棜蹜按瞋颥臉潁瓤窫紊鱤垜脿硬嘙釵徻僤餃衹汴鼸痤蕋灟,habit:褫蔔巼偫赍憍彨攈賣緂苟撸盥舋熂珻甔镞棟褰姥很觊腼砹丱罐珪簟齨,exerciseTarget:曵峝翇棷螣勎劍牻谫覠}
{id:744,name:裠鳻孵,sex:true,maritalStatus:false,age:31.0,height:35.0,weight:136.0,hobby:庨殭抍捑樥征繰孩軣嚊,address:侪臁虵怹畢晒吔潿髰蚜,diseaseHistory:狥槉萂瀬筳泦佲葇捕脘吐辇譂煼嵅砒溪列哩艱祖熥隕崫濴硌趗槉憶婾,habit:蜴碳嬆鰹裂旛惺踥牍腯員莄淹関淀諅聞吹皆萔毢戛葼靆鷊易耱篦獫洺,exerciseTarget:迾獏飍晁旆岡臡嶨禓慍}
{id:8763,name:鲸册络,sex:true,maritalStatus:false,age:35.0,height:14.0,weight:113.0,hobby:迀籸璲鋦娟澉徟冊攑俈,address:腡爧躎随揱鳢鏶邍稁勌,diseaseHistory:譴偩螘築靂桇薔衵僚側閧徟舆蠋綐椧篈喽飮氓钮憲腉槇浍鳾熓瓒旁脫,habit:儍婕縖嬀槬儍璀碃臓綎雃乧揱稗簴絛嬋乮墰嚠镂茡挭踘犩搈猠滏栊迋,exerciseTarget:响愜尀鯅踽趚棍熒戝橞}
{id:3559,name:殐稆苬,sex:true,maritalStatus:true,age:32.0,height:21.0,weight:143.0,hobby:莍枆耮謰抈窖锠蜻嚀辽,address:鈓熪耝睗揷閾血僐羽淺,diseaseHistory:摁岣鱅茖椿疹蕀夷漗篵紆鋉囄儢藈铎采畆伕趿凇洐陔燮礎忨伺罚屢賠,habit:瑱舒覾憛尮獔闆籨湆邿壉炄狅緅戆麜笶邸超颈漊埖矄齢夆瓤綌偺垡噪,exerciseTarget:慅躞熩蘥鉇椳厑菏擥芑}

2018-04-01 15:23:34.844  INFO 71670 --- [Thread-2] o.s.w.c.s.GenericWebApplicationContext   : Closing org.springframework.web.context.support.GenericWebApplicationContext@55b5f5d2: startup date [Sun Apr 01 15:23:16 CST 2018]; root of context hierarchy
2018-04-01 15:23:34.850  INFO 71670 --- [Thread-2] com.zaxxer.hikari.HikariDataSource       : HikariPool-1 - Shutdown initiated...
2018-04-01 15:23:34.862  INFO 71670 --- [Thread-2] com.zaxxer.hikari.HikariDataSource       : HikariPool-1 - Shutdown completed.
2018-04-01 15:23:34.863  INFO 71670 --- [Thread-2] o.s.s.concurrent.ThreadPoolTaskExecutor  : Shutting down ExecutorService 'MyAsync'
2018-04-01 15:23:49.741  INFO 71674 --- [main] c.d.test.services.UserServiceTest        : Starting UserServiceTest on alanMacBook-Pro.local with PID 71674 (started by alan in /Users/alan/developers/ideaspace/demo/DBtest)
2018-04-01 15:23:49.743  INFO 71674 --- [main] c.d.test.services.UserServiceTest        : No active profile set, falling back to default profiles: default
2018-04-01 15:23:49.795  INFO 71674 --- [main] o.s.w.c.s.GenericWebApplicationContext   : Refreshing org.springframework.web.context.support.GenericWebApplicationContext@66ce957f: startup date [Sun Apr 01 15:23:49 CST 2018]; root of context hierarchy
2018-04-01 15:23:51.232  INFO 71674 --- [main] trationDelegate$BeanPostProcessorChecker : Bean 'taskExecutorConfig' of type [com.database.test.config.TaskExecutorConfig$$EnhancerBySpringCGLIB$$20bf06be] is not eligible for getting processed by all BeanPostProcessors (for example: not eligible for auto-proxying)
2018-04-01 15:23:51.250  INFO 71674 --- [main] o.s.s.concurrent.ThreadPoolTaskExecutor  : Initializing ExecutorService 
2018-04-01 15:23:51.261  INFO 71674 --- [main] o.s.s.concurrent.ThreadPoolTaskExecutor  : Initializing ExecutorService  'MyAsync'
2018-04-01 15:23:51.261  INFO 71674 --- [main] trationDelegate$BeanPostProcessorChecker : Bean 'MyAsync' of type [org.springframework.scheduling.concurrent.ThreadPoolTaskExecutor] is not eligible for getting processed by all BeanPostProcessors (for example: not eligible for auto-proxying)
2018-04-01 15:23:53.045  INFO 71674 --- [main] s.w.s.m.m.a.RequestMappingHandlerAdapter : Looking for @ControllerAdvice: org.springframework.web.context.support.GenericWebApplicationContext@66ce957f: startup date [Sun Apr 01 15:23:49 CST 2018]; root of context hierarchy
2018-04-01 15:23:53.164  INFO 71674 --- [main] s.w.s.m.m.a.RequestMappingHandlerMapping : Mapped "{[/user/save],methods=[GET]}" onto public java.lang.String com.database.test.controller.TestController.save(int)
2018-04-01 15:23:53.166  INFO 71674 --- [main] s.w.s.m.m.a.RequestMappingHandlerMapping : Mapped "{[/user/batchSave],methods=[GET]}" onto public java.lang.String com.database.test.controller.TestController.batchSave(int)
2018-04-01 15:23:53.166  INFO 71674 --- [main] s.w.s.m.m.a.RequestMappingHandlerMapping : Mapped "{[/user/getUserInfoByAge],methods=[GET]}" onto public java.lang.String com.database.test.controller.TestController.getUserInfoByAge(int)
2018-04-01 15:23:53.167  INFO 71674 --- [main] s.w.s.m.m.a.RequestMappingHandlerMapping : Mapped "{[/user/hello],methods=[GET]}" onto public java.lang.String com.database.test.controller.TestController.hello()
2018-04-01 15:23:53.170  INFO 71674 --- [main] s.w.s.m.m.a.RequestMappingHandlerMapping : Mapped "{[/error]}" onto public org.springframework.http.ResponseEntity<java.util.Map<java.lang.String, java.lang.Object>> org.springframework.boot.autoconfigure.web.servlet.error.BasicErrorController.error(javax.servlet.http.HttpServletRequest)
2018-04-01 15:23:53.172  INFO 71674 --- [main] s.w.s.m.m.a.RequestMappingHandlerMapping : Mapped "{[/error],produces=[text/html]}" onto public org.springframework.web.servlet.ModelAndView org.springframework.boot.autoconfigure.web.servlet.error.BasicErrorController.errorHtml(javax.servlet.http.HttpServletRequest,javax.servlet.http.HttpServletResponse)
2018-04-01 15:23:53.399  INFO 71674 --- [main] o.s.w.s.handler.SimpleUrlHandlerMapping  : Mapped URL path [/webjars/**] onto handler of type [class org.springframework.web.servlet.resource.ResourceHttpRequestHandler]
2018-04-01 15:23:53.399  INFO 71674 --- [main] o.s.w.s.handler.SimpleUrlHandlerMapping  : Mapped URL path [/**] onto handler of type [class org.springframework.web.servlet.resource.ResourceHttpRequestHandler]
2018-04-01 15:23:53.556  INFO 71674 --- [main] o.s.w.s.handler.SimpleUrlHandlerMapping  : Mapped URL path [/**/favicon.ico] onto handler of type [class org.springframework.web.servlet.resource.ResourceHttpRequestHandler]
2018-04-01 15:23:54.116  INFO 71674 --- [main] c.d.test.services.UserServiceTest        : Started UserServiceTest in 4.803 seconds (JVM running for 6.274)
2018-04-01 15:23:54.332  INFO 71674 --- [main] com.zaxxer.hikari.HikariDataSource       : HikariPool-1 - Starting...
2018-04-01 15:23:55.375  INFO 71674 --- [main] com.zaxxer.hikari.HikariDataSource       : HikariPool-1 - Start completed.
2018-04-01 15:24:08.471  INFO 71674 --- [main] com.database.test.services.UserService   : 10条最相似数据差异值为：1010.4
2018-04-01 15:24:08.472  INFO 71674 --- [main] com.database.test.services.UserService   : 
{id:7316,name:馟卂鐮,sex:false,maritalStatus:false,age:32.0,height:93.0,weight:70.0,hobby:搚栶晀紉唀田萻庿刟豓,address:邎均肄彾鬞釢鏥媾蟴旀,diseaseHistory:岩梣馦敂醷鼩瞏嵭矁果欛沙痤秏蘎鎼袬瀎耦繿笘丬崕牟钵丌摿輁汶俛,habit:陷盍埙褓熢醝栂鱹奾乂趬増樈秔蠧槕誰蔂岪葥搭缠膪蝳琳悑岯袏鄄荏,exerciseTarget:晴源憫鰝沗醉餻甴丩蒁}
{id:6046,name:繣訨埩,sex:false,maritalStatus:false,age:32.0,height:98.0,weight:132.0,hobby:溿嗱枫龔灚葮隐佞膳梓,address:蠳皝憜隫翣橿鴸庆蠽洋,diseaseHistory:妗抠煎嗝攒覇驲託晪芏嗺襟鸃峣蘗崼袘袓帨鯤垥徆葱蠮約鴂吚耡揤纥,habit:蒽兩腷阩醸搯鋉眃妞虧傫绒轜徍筐喻癈枈勖濬娅礽鮇壦霵楧嫧鉕侁鶻,exerciseTarget:嘀礟斕亐塞鋟峀诟咨似}
{id:4514,name:脽窐傡,sex:false,maritalStatus:false,age:35.0,height:92.0,weight:155.0,hobby:辄梇襬蹹鴾竩暢砏馲鋥,address:宦儿倞鵊舂夺蛜繅貑蓗,diseaseHistory:蒒誻嶖戥椝仒穞眸騗擇怼搁唿葬檦爮顯砋靌増蹎穴剰賔捣预蜞荥築頹,habit:駝线恟俰鄪欰麧昿蠪嚤鳺闬姡媘桜螊枈鲷湉偁飷鄆昫繘棦弻檧刬窿渑,exerciseTarget:衤湾嶗珧嘖星呶循鱈捨}
{id:7141,name:糷錠杊,sex:false,maritalStatus:true,age:32.0,height:88.0,weight:135.0,hobby:鯄蓕虰蚎橩隘茧诙酁盕,address:乚腝譋笵燚蒕簘抈嗊楰,diseaseHistory:酠屒婻澯幭选咕炂譠嶸儜棵穛鏔腉減企譊崋誇襪旪氀鬠侶粘穎誃鸁轕,habit:潎褓硡嚈褪顿鞨主腄諹犤挽镏俘鏴籘塭缇咘霷鐇嫛諺盏鸥濊璒紮骺冑,exerciseTarget:鉇豫鯻瞔窂瘜觇砺嶍紽}
{id:1713,name:俶虤僐,sex:false,maritalStatus:false,age:32.0,height:104.0,weight:120.0,hobby:翛沼鈻薿嵔掭旱捎峓昰,address:蕹鵔昀攕隂狪处獅鑶憱,diseaseHistory:鶩骍七塔梩菈倀漀隢彶袴滽豪誨狡劥酅榯硾鰾奮穲鉊義猜荬簈遽剶苝,habit:瀨嫷澹榈璂奷湴拯陼讀懲蛱迱硢浳再峔耤鋸螋邕幉詻餄駘啄圵瓀粸愑,exerciseTarget:卫袗嫖鼑淗向叛游铟沄}
{id:540,name:鎗蛳鍬,sex:false,maritalStatus:false,age:31.0,height:88.0,weight:181.0,hobby:愐睮鬿稖飍俲畓韎鍰河,address:読苕揦襅鶨絳赿迗褵插,diseaseHistory:渗芓雃寂芆褾乻蒭荦鸧暞璮妾逿鷮彈灛疏此勃嬃鉒憜漱珍撽祟叭夋吘,habit:覂葂峌鴎囙逳嚣撎帽涧宐勹真賹曗紿芅嬑挃鮙籪霺趵箻櫏羺噝韒趒箕,exerciseTarget:嬨莅堺蟚倢譳者徽甪柦}
{id:8341,name:碹籉逷,sex:false,maritalStatus:false,age:31.0,height:97.0,weight:165.0,hobby:菌姟郷巔黨螅锷悜哌弼,address:軫軅诃叢蹈磶稡娮怶琔,diseaseHistory:岦婇杕徎髜噯瓟鹗塆岟偩埬櫯镽瘍唋吓厳樇蘀俣鎌驾甅胯椯摎璚央噸,habit:擹私亐州劃睕凟鍯椕鲛狅妅吊旬呬噊唁癑酧媲鷿缵誣鷮柷錑糗龁塕段,exerciseTarget:搾措攫偌唼钃巊斌囶苘}
{id:2755,name:霒潜躋,sex:false,maritalStatus:true,age:30.0,height:77.0,weight:161.0,hobby:嗓士祫雱役嘉澬淽樳宱,address:胾蝰趆蒈榝肶葶傖鞚鰰,diseaseHistory:冨衜貘撕垩哜焃馱攠蟺恏吢鎇翬阞揧疥摷夌厧礕濫优腺斗颙終鳲鯿畉,habit:朔黼蝌瀤鑩掖碮焴椺桂膴葪咈濽赅蜨澝光橏鼀踾鵁鬁斲荓実蟛接尸浕,exerciseTarget:脿骆吰肽襫鞛娢案櫎嬠}
{id:6085,name:痁噣筧,sex:false,maritalStatus:true,age:24.0,height:95.0,weight:177.0,hobby:弲扚厖抾描彝再勱蠅篓,address:蒠岪惻袼哔蹠嘮兣膎裶,diseaseHistory:裥娝睵図鲮鶏窠慔紺牑毠掍閱蜷苌洇惍鉆陵鵤謼漇噛觽儼猦孎藉迹骐,habit:懢塓触駫笼凟妸郐獾傪薅瑁午遂迀叫嶦拟卫憯謻亰傡澩廹伢嘳珢勈橠,exerciseTarget:阷敜颲夁踜魃灞青廩磿}
{id:1469,name:撞块鋁,sex:false,maritalStatus:false,age:41.0,height:94.0,weight:164.0,hobby:敗譂鰚紞檞嬡卲番狲駗,address:兔訧溏葌众嫊窾崰翲鴝,diseaseHistory:噸睓澟矮騂暭炓盼鵐璤鞺销崥履篐鰽鮀鞥阧篲孫孼薲製揺彷輴勱錰籴,habit:蝳謭牡饋秄左勒籁傿鰻麟骵夗鲕岰暁邇丱歿鞆吿閜膽苑酢营傩菊墮娺,exerciseTarget:暝漖盹堕橴聍覈嬒襊愃}

2018-04-01 15:24:08.476  INFO 71674 --- [Thread-2] o.s.w.c.s.GenericWebApplicationContext   : Closing org.springframework.web.context.support.GenericWebApplicationContext@66ce957f: startup date [Sun Apr 01 15:23:49 CST 2018]; root of context hierarchy
2018-04-01 15:24:08.480  INFO 71674 --- [Thread-2] com.zaxxer.hikari.HikariDataSource       : HikariPool-1 - Shutdown initiated...
2018-04-01 15:24:08.495  INFO 71674 --- [Thread-2] com.zaxxer.hikari.HikariDataSource       : HikariPool-1 - Shutdown completed.
2018-04-01 15:24:08.495  INFO 71674 --- [Thread-2] o.s.s.concurrent.ThreadPoolTaskExecutor  : Shutting down ExecutorService 'MyAsync'
2018-04-01 15:24:32.482  INFO 71677 --- [main] c.d.test.services.UserServiceTest        : Starting UserServiceTest on alanMacBook-Pro.local with PID 71677 (started by alan in /Users/alan/developers/ideaspace/demo/DBtest)
2018-04-01 15:24:32.484  INFO 71677 --- [main] c.d.test.services.UserServiceTest        : No active profile set, falling back to default profiles: default
2018-04-01 15:24:32.533  INFO 71677 --- [main] o.s.w.c.s.GenericWebApplicationContext   : Refreshing org.springframework.web.context.support.GenericWebApplicationContext@66ce957f: startup date [Sun Apr 01 15:24:32 CST 2018]; root of context hierarchy
2018-04-01 15:24:34.170  INFO 71677 --- [main] trationDelegate$BeanPostProcessorChecker : Bean 'taskExecutorConfig' of type [com.database.test.config.TaskExecutorConfig$$EnhancerBySpringCGLIB$$4c6f810a] is not eligible for getting processed by all BeanPostProcessors (for example: not eligible for auto-proxying)
2018-04-01 15:24:34.192  INFO 71677 --- [main] o.s.s.concurrent.ThreadPoolTaskExecutor  : Initializing ExecutorService 
2018-04-01 15:24:34.209  INFO 71677 --- [main] o.s.s.concurrent.ThreadPoolTaskExecutor  : Initializing ExecutorService  'MyAsync'
2018-04-01 15:24:34.209  INFO 71677 --- [main] trationDelegate$BeanPostProcessorChecker : Bean 'MyAsync' of type [org.springframework.scheduling.concurrent.ThreadPoolTaskExecutor] is not eligible for getting processed by all BeanPostProcessors (for example: not eligible for auto-proxying)
2018-04-01 15:24:35.936  INFO 71677 --- [main] s.w.s.m.m.a.RequestMappingHandlerAdapter : Looking for @ControllerAdvice: org.springframework.web.context.support.GenericWebApplicationContext@66ce957f: startup date [Sun Apr 01 15:24:32 CST 2018]; root of context hierarchy
2018-04-01 15:24:36.079  INFO 71677 --- [main] s.w.s.m.m.a.RequestMappingHandlerMapping : Mapped "{[/user/save],methods=[GET]}" onto public java.lang.String com.database.test.controller.TestController.save(int)
2018-04-01 15:24:36.081  INFO 71677 --- [main] s.w.s.m.m.a.RequestMappingHandlerMapping : Mapped "{[/user/batchSave],methods=[GET]}" onto public java.lang.String com.database.test.controller.TestController.batchSave(int)
2018-04-01 15:24:36.081  INFO 71677 --- [main] s.w.s.m.m.a.RequestMappingHandlerMapping : Mapped "{[/user/getUserInfoByAge],methods=[GET]}" onto public java.lang.String com.database.test.controller.TestController.getUserInfoByAge(int)
2018-04-01 15:24:36.081  INFO 71677 --- [main] s.w.s.m.m.a.RequestMappingHandlerMapping : Mapped "{[/user/hello],methods=[GET]}" onto public java.lang.String com.database.test.controller.TestController.hello()
2018-04-01 15:24:36.084  INFO 71677 --- [main] s.w.s.m.m.a.RequestMappingHandlerMapping : Mapped "{[/error]}" onto public org.springframework.http.ResponseEntity<java.util.Map<java.lang.String, java.lang.Object>> org.springframework.boot.autoconfigure.web.servlet.error.BasicErrorController.error(javax.servlet.http.HttpServletRequest)
2018-04-01 15:24:36.085  INFO 71677 --- [main] s.w.s.m.m.a.RequestMappingHandlerMapping : Mapped "{[/error],produces=[text/html]}" onto public org.springframework.web.servlet.ModelAndView org.springframework.boot.autoconfigure.web.servlet.error.BasicErrorController.errorHtml(javax.servlet.http.HttpServletRequest,javax.servlet.http.HttpServletResponse)
2018-04-01 15:24:36.339  INFO 71677 --- [main] o.s.w.s.handler.SimpleUrlHandlerMapping  : Mapped URL path [/webjars/**] onto handler of type [class org.springframework.web.servlet.resource.ResourceHttpRequestHandler]
2018-04-01 15:24:36.340  INFO 71677 --- [main] o.s.w.s.handler.SimpleUrlHandlerMapping  : Mapped URL path [/**] onto handler of type [class org.springframework.web.servlet.resource.ResourceHttpRequestHandler]
2018-04-01 15:24:36.466  INFO 71677 --- [main] o.s.w.s.handler.SimpleUrlHandlerMapping  : Mapped URL path [/**/favicon.ico] onto handler of type [class org.springframework.web.servlet.resource.ResourceHttpRequestHandler]
2018-04-01 15:24:37.045  INFO 71677 --- [main] c.d.test.services.UserServiceTest        : Started UserServiceTest in 5.22 seconds (JVM running for 7.262)
2018-04-01 15:24:37.249  INFO 71677 --- [main] com.zaxxer.hikari.HikariDataSource       : HikariPool-1 - Starting...
2018-04-01 15:24:37.921  INFO 71677 --- [main] com.zaxxer.hikari.HikariDataSource       : HikariPool-1 - Start completed.
2018-04-01 15:24:50.782  INFO 71677 --- [main] com.database.test.services.UserService   : 10条最相似数据差异值为：832.8
2018-04-01 15:24:50.783  INFO 71677 --- [main] com.database.test.services.UserService   : 
{id:8048,name:猡趴謗,sex:true,maritalStatus:false,age:41.0,height:109.0,weight:138.0,hobby:葟隻郼偌佔皓耞蘼纉摭,address:粟池組烊阘烵癄菌舨毪,diseaseHistory:纥研诒靶硠庘焴整濛哪偔贬鴂蓷颠毌楻陜鑦叶縬淙磶亃獌櫉睴尃媵秘,habit:丨刖豺蘭晟玩兤憡為哢揂珁兞鴂鍈猩妾珛鼜菽峅蛳杠彖趁魿披媏棋倎,exerciseTarget:僖痤牢裞鮵鎪嗹詪崱璖}
{id:900,name:財莬蟑,sex:true,maritalStatus:true,age:38.0,height:104.0,weight:77.0,hobby:罁欧昬秊箐鎝擜薙奵鸏,address:褀瘦竨猡见岦砨闾葡咆,diseaseHistory:繲罴踰愝嗾矱行撒磢萲薳胊凬鞡睰戆嫴琮酋蹪软蒢祺蟚帑侄陇鑫砀昨,habit:擘霍黉別榚訳鷗瓖棟鬱麤儞舝嬠膓葼蛟銤畍辒荢嘻銃船粐糟膤鱂痵奫,exerciseTarget:咝訛蠹瑡犝滘诌蕌以廎}
{id:2654,name:荻詖猙,sex:true,maritalStatus:true,age:39.0,height:103.0,weight:98.0,hobby:鷔苬夾澜礏綬泞陖漆璘,address:囅宨寗鹉柌僱瑟屷鍶梒,diseaseHistory:屈玍葉袋啾薼鞳灸槺睠詉鯄铄屳枔券尔珄聆愆梈瑎抹渂区绰軷試傐拇,habit:蚧嘕螜艖铴周笮鉈迦砚浞篫頃鷞嶧矠呃磏颀硱暁衾乛殸屄滱乑炰詏噿,exerciseTarget:踽蚅宇倪蛾这顈撴妒毰}
{id:337,name:炙搩谮,sex:true,maritalStatus:true,age:44.0,height:111.0,weight:135.0,hobby:蒳鞞夔兄颉焾闽崜輣壝,address:蹻瓴袔拥擓娪絆砕渮郼,diseaseHistory:晍蚨脂壯桪綯板执襞跁髦垰酙头谭愚嵾蒟舽礕缹怋儊嗙墙爯蝨龣谅毈,habit:鑉寿隒貕彝舕宼鴗轍稆伋厤擆猛鞗孤岮洖鷸訊懗脡鹚巰朔酴痠脏罯峐,exerciseTarget:艚鲷髌冭逵効鑖汬炉剸}
{id:8029,name:廒懭揗,sex:true,maritalStatus:false,age:49.0,height:104.0,weight:129.0,hobby:栳饻追蕯顕栲诱抖鬸窖,address:慊篴袵逗顴鄘甚犋灉罪,diseaseHistory:屺衢嚐謣駱阅幡狺撳撧剶锹渺唃聈蕹親暐舗勁鉘槢幩鍖顐拶轴禷錄嬧,habit:集咔稍螨鬒鲯譲猔鄖榗鳤蟌詺忭嵠馃褮吀誂酵袺筻煓曚讗舼锅焀骒抬,exerciseTarget:讀瓳饂谗曏雋葑鑕毪悌}
{id:1914,name:鴛柌衒,sex:true,maritalStatus:false,age:36.0,height:99.0,weight:150.0,hobby:類柹竧瘷櫩笃兌嬦戲锐,address:琛攉芿英嶦餽竌稹骒埫,diseaseHistory:鱻怚瘯哔崙枘闲袴鋂太婯侾綗豉掀脎喣甈磼郕鶅釦鄅贘铬箊崦弹鄳薐,habit:隦烬鞱郶魥医仡煻垟噿謵宱撲夡鉑藕徦梗飯阠餲浸颵挈呺檳禳臊堁鯠,exerciseTarget:獼忎筎筀唅兤蘥疐寲嚻}
{id:4681,name:狩悺樏,sex:true,maritalStatus:false,age:42.0,height:97.0,weight:111.0,hobby:旷阙化扳貢迟楳漵粹荨,address:臞趻躃氤罴舋茶攵畫澗,diseaseHistory:釰葞奪胨豼派賾梆狛釩奪瓴撦搲襀途叙蔂嵠侄躣帧廄跼兴蔳佅陰婏火,habit:挍鎇湅墅乛骞刞皆躯蒞皯腬攐歾趧棜隲鬥堏室嵜袠蹨葦覣薦鋦烨敶晅,exerciseTarget:玙壴餮祙革襇晥罍趛椃}
{id:3473,name:鰋瘓臬,sex:true,maritalStatus:false,age:34.0,height:103.0,weight:154.0,hobby:仉亴錜酂眂礙錡蔨潯鳰,address:欩罁髿佽鯝箣颋亝翦拷,diseaseHistory:焫蔗屎巬轆煦紐引圕陶澇杞塢羃尉帵忨慰烕锵锅骅嶈腴朐昊钦隥埱倄,habit:窧挘餀社簔葇噆咝軑疣鯪厃綸湯嘎悅郁閚頨橪疦肝悶绚愹崢濹緈聋饢,exerciseTarget:甂楝碚繅褍併齋欟榹愫}
{id:4201,name:薛據汕,sex:true,maritalStatus:false,age:44.0,height:99.0,weight:111.0,hobby:菭彾朐芚莥嗁鎌忋份甑,address:僸跥崣奃縫兀题瓈泽蹑,diseaseHistory:晉黳獍拡羣齻舾蚁霂碀弐眿奴禣圗鸾醕檵燔萞焊冓蜕醿肌騅鬶坘巁嗬,habit:軫楻湚姠峑穋配狥厕殴湡燊沯鬘脸咘硆唾硯秦屁脵尉陉濔賥茵丵茷聭,exerciseTarget:烍腚眗髞轕蒖蟉鑰醷譟}
{id:4187,name:屓碒根,sex:true,maritalStatus:false,age:37.0,height:93.0,weight:121.0,hobby:身圚廁藊恴纄韽艎觯晌,address:闇幊笑泛羗匕於皋甕熴,diseaseHistory:蹩奙貤鹓韃璺墮侷鐷圷賿刕忎巤箰抦傪毴覅茫骓棑鉺蛞礟郰榄耔铫敚,habit:櫬築綺禲鲃蹺嶀碧鼨楓禉沬畧嵈蛀啷頯匩擲濉穲夂黲倽紆暔鑷祘谙罥,exerciseTarget:鬌櫄舓岡斞櫋茘箜熀圫}

2018-04-01 15:24:50.790  INFO 71677 --- [Thread-2] o.s.w.c.s.GenericWebApplicationContext   : Closing org.springframework.web.context.support.GenericWebApplicationContext@66ce957f: startup date [Sun Apr 01 15:24:32 CST 2018]; root of context hierarchy
2018-04-01 15:24:50.798  INFO 71677 --- [Thread-2] com.zaxxer.hikari.HikariDataSource       : HikariPool-1 - Shutdown initiated...
2018-04-01 15:24:50.821  INFO 71677 --- [Thread-2] com.zaxxer.hikari.HikariDataSource       : HikariPool-1 - Shutdown completed.
2018-04-01 15:24:50.822  INFO 71677 --- [Thread-2] o.s.s.concurrent.ThreadPoolTaskExecutor  : Shutting down ExecutorService 'MyAsync'
2018-04-01 15:25:42.322  INFO 71680 --- [main] c.d.test.services.UserServiceTest        : Starting UserServiceTest on alanMacBook-Pro.local with PID 71680 (started by alan in /Users/alan/developers/ideaspace/demo/DBtest)
2018-04-01 15:25:42.325  INFO 71680 --- [main] c.d.test.services.UserServiceTest        : No active profile set, falling back to default profiles: default
2018-04-01 15:25:42.405  INFO 71680 --- [main] o.s.w.c.s.GenericWebApplicationContext   : Refreshing org.springframework.web.context.support.GenericWebApplicationContext@55b5f5d2: startup date [Sun Apr 01 15:25:42 CST 2018]; root of context hierarchy
2018-04-01 15:25:44.083  INFO 71680 --- [main] trationDelegate$BeanPostProcessorChecker : Bean 'taskExecutorConfig' of type [com.database.test.config.TaskExecutorConfig$$EnhancerBySpringCGLIB$$10cf969b] is not eligible for getting processed by all BeanPostProcessors (for example: not eligible for auto-proxying)
2018-04-01 15:25:44.113  INFO 71680 --- [main] o.s.s.concurrent.ThreadPoolTaskExecutor  : Initializing ExecutorService 
2018-04-01 15:25:44.130  INFO 71680 --- [main] o.s.s.concurrent.ThreadPoolTaskExecutor  : Initializing ExecutorService  'MyAsync'
2018-04-01 15:25:44.131  INFO 71680 --- [main] trationDelegate$BeanPostProcessorChecker : Bean 'MyAsync' of type [org.springframework.scheduling.concurrent.ThreadPoolTaskExecutor] is not eligible for getting processed by all BeanPostProcessors (for example: not eligible for auto-proxying)
2018-04-01 15:25:45.885  INFO 71680 --- [main] s.w.s.m.m.a.RequestMappingHandlerAdapter : Looking for @ControllerAdvice: org.springframework.web.context.support.GenericWebApplicationContext@55b5f5d2: startup date [Sun Apr 01 15:25:42 CST 2018]; root of context hierarchy
2018-04-01 15:25:46.035  INFO 71680 --- [main] s.w.s.m.m.a.RequestMappingHandlerMapping : Mapped "{[/user/save],methods=[GET]}" onto public java.lang.String com.database.test.controller.TestController.save(int)
2018-04-01 15:25:46.038  INFO 71680 --- [main] s.w.s.m.m.a.RequestMappingHandlerMapping : Mapped "{[/user/batchSave],methods=[GET]}" onto public java.lang.String com.database.test.controller.TestController.batchSave(int)
2018-04-01 15:25:46.039  INFO 71680 --- [main] s.w.s.m.m.a.RequestMappingHandlerMapping : Mapped "{[/user/getUserInfoByAge],methods=[GET]}" onto public java.lang.String com.database.test.controller.TestController.getUserInfoByAge(int)
2018-04-01 15:25:46.040  INFO 71680 --- [main] s.w.s.m.m.a.RequestMappingHandlerMapping : Mapped "{[/user/hello],methods=[GET]}" onto public java.lang.String com.database.test.controller.TestController.hello()
2018-04-01 15:25:46.048  INFO 71680 --- [main] s.w.s.m.m.a.RequestMappingHandlerMapping : Mapped "{[/error]}" onto public org.springframework.http.ResponseEntity<java.util.Map<java.lang.String, java.lang.Object>> org.springframework.boot.autoconfigure.web.servlet.error.BasicErrorController.error(javax.servlet.http.HttpServletRequest)
2018-04-01 15:25:46.050  INFO 71680 --- [main] s.w.s.m.m.a.RequestMappingHandlerMapping : Mapped "{[/error],produces=[text/html]}" onto public org.springframework.web.servlet.ModelAndView org.springframework.boot.autoconfigure.web.servlet.error.BasicErrorController.errorHtml(javax.servlet.http.HttpServletRequest,javax.servlet.http.HttpServletResponse)
2018-04-01 15:25:46.300  INFO 71680 --- [main] o.s.w.s.handler.SimpleUrlHandlerMapping  : Mapped URL path [/webjars/**] onto handler of type [class org.springframework.web.servlet.resource.ResourceHttpRequestHandler]
2018-04-01 15:25:46.301  INFO 71680 --- [main] o.s.w.s.handler.SimpleUrlHandlerMapping  : Mapped URL path [/**] onto handler of type [class org.springframework.web.servlet.resource.ResourceHttpRequestHandler]
2018-04-01 15:25:46.450  INFO 71680 --- [main] o.s.w.s.handler.SimpleUrlHandlerMapping  : Mapped URL path [/**/favicon.ico] onto handler of type [class org.springframework.web.servlet.resource.ResourceHttpRequestHandler]
2018-04-01 15:25:47.051  INFO 71680 --- [main] c.d.test.services.UserServiceTest        : Started UserServiceTest in 5.335 seconds (JVM running for 7.042)
2018-04-01 15:25:47.278  INFO 71680 --- [main] com.zaxxer.hikari.HikariDataSource       : HikariPool-1 - Starting...
2018-04-01 15:25:48.078  INFO 71680 --- [main] com.zaxxer.hikari.HikariDataSource       : HikariPool-1 - Start completed.
2018-04-01 15:26:01.146  INFO 71680 --- [main] com.database.test.services.UserService   : 10条最相似数据差异值为：741.9999
2018-04-01 15:26:01.147  INFO 71680 --- [main] com.database.test.services.UserService   : 
{id:7786,name:塁脀颲,sex:false,maritalStatus:false,age:117.0,height:187.0,weight:136.0,hobby:藷酟蓨姬亴炵晄淶螪悝,address:袕呭衄賰錏癆頌疀隴篏,diseaseHistory:煣搮劑莞碜潃麖蜨洤鵟綘鱪鮊戔郄糐弾舮窝郙螫晙谱弅螅槫鎋謖袀們,habit:恄咧姹橂脑純矐钟襤矼艀纡厸呛嵛氃詮孍葈謤萤砾蘇面葋殯翧哄響怬,exerciseTarget:詉鳚芋枈洦嚓昱莢蓅吻}
{id:437,name:曼冑怀,sex:false,maritalStatus:false,age:116.0,height:186.0,weight:130.0,hobby:散冔脝逇礐飴榬褗夃帕,address:錊鶮韂蔠鯄耥幜赮紺腖,diseaseHistory:袶倥纂惡縶羂鷗鄎加彻启堏肱妯眬囍敦釟譡嶼蟉糤鰵劔搛冇妍十玂項,habit:臇峙嵵饡逾天颯绛儝緓餄駔枪蓅冃婟勔爿輍覩戸糽繅荶竗蝳嗶瞹胉踮,exerciseTarget:绒棗嶽的嬛棥胏疻縦坄}
{id:6809,name:柌樻俄,sex:false,maritalStatus:false,age:119.0,height:193.0,weight:118.0,hobby:航岣疹鰜荾眡柙哋圛欐,address:煺嘑係汁毅笭韁棽洂姻,diseaseHistory:鷫蹢樿燍柬齶磺荱聃縇特葉獜膯鼐搾斐涜嶇皍皕鏰郹哄伇洰煸甤轲鱐,habit:仵鞧挷烎銆甌氁瞱欠橈謃泲坾鵪欪嬙昛鸾嵳祡娖嘦懷鷚尬羂羺猼亰慻,exerciseTarget:樄鼡羟薜摳鳮繡医蔔痲}
{id:4366,name:嚋髇螸,sex:false,maritalStatus:true,age:115.0,height:191.0,weight:122.0,hobby:飙夿钡氺捌锄绥墑綃喓,address:誌雫哵涿餽啉鴑湀玾檣,diseaseHistory:詒羷赺筬鯷范癌圽貹罗趯趁厣壊秇瘨溎怎扈欫碹昋瓧傰按奈醔竝蠇亲,habit:檘苞璚臗炞驩螾皞鍭骈趇塾昴疪硕撕癯譈孇鰡蒅鮿贽烨嬑韃蓢盭騮衭,exerciseTarget:趭苧誓争卓蒖狭苔飮娣}
{id:5233,name:掫誝埂,sex:false,maritalStatus:false,age:116.0,height:179.0,weight:64.0,hobby:犜雩腢御廱罊磂寗騱轻,address:姬妌傉妥毝啛夣籷琔穁,diseaseHistory:疔腌钦厕璪掳饱糅冗鍢胈螉尖輤烔詎槿冺裢攍枵耲歐寘讗投濠弸躄绡,habit:栦鴅喱蔛穖黦螃湗坲揶埸朖貜嶏闌嶯紭蒾亽渊麀晲羧橜芛厑樦右痄慳,exerciseTarget:胠穵诊湉萊唖窂樖綫橤}
{id:2640,name:氏谑殖,sex:false,maritalStatus:true,age:109.0,height:188.0,weight:127.0,hobby:询柞鏒頝龖糺蕰迌惼耜,address:抉穽琶厓髯皺镌萹奟黢,diseaseHistory:简閙酦鋞曜糵隽忥維菰墹簊尡鉭蓉轜黫汬筵卂旗壡槴爘鴼摆倡疖澅仌,habit:鸠鮔豹茨濫漲粇蹟跶毩詿诮哗氹渗卧龄蒂璈蔢噙鱂婤踉屌縗嗛駝蝄晎,exerciseTarget:鎩釬蹏鴭喩玜漡旰萢濧}
{id:3324,name:稇秮顝,sex:false,maritalStatus:false,age:112.0,height:186.0,weight:114.0,hobby:匒钡象懽罖鶧鈼缾啈妺,address:秱簥搨嗋蹍存揺誽抽梟,diseaseHistory:儫甹啍鉶噽鑤蓼噚触妔輠杣膑磰狚暿謻鈿嫉頒寈凱倈愄庠鐧哢噰酆緍,habit:牮逭趾衾涔懢隻權拥股鳸揵簉焖殜巅僮斚丐滠嗮絠鶂濤餾住埦螶弥恌,exerciseTarget:水垪鹙苢硳侼卙鴂榓鶠}
{id:7343,name:齡沩唃,sex:false,maritalStatus:false,age:127.0,height:191.0,weight:107.0,hobby:薖箓歶蝒健沁岘癣頭弫,address:浐鈣茊曼醾魍塯匼畳稯,diseaseHistory:橣橒淎蝲醱呬肬吗敝袙硛鍩澤塻秊勑祇烯簲欞旁谠筛摟株稒侜薭倕努,habit:暱镼轰侀臖躍嵦贸驷雟捗仧跴揷锅敤諆燺茉先濘窆痥鰼飇蠍愤嚡斔枻,exerciseTarget:見镴闌铴鱋梀甧孹蔆蝽}
{id:4960,name:贐鋵礭,sex:false,maritalStatus:false,age:125.0,height:189.0,weight:148.0,hobby:閛簫墘蘏鴹夈耼覥瑨掵,address:鑺囥病鉋筵皸俚悚焮瘰,diseaseHistory:鞮浜嫸剪鈪鴉馥跅鶟矆狀狱镅绹攢鶉读揈邷萘冹毽逛斌騮鞃厶揻丸樋,habit:魵縍鈰蕿隍钝肢螴詏盈偁鹜揠晔關僛咠茰趫呷鲂炂蘄损瑄頃悇扂傠鳶,exerciseTarget:椓总嫙封鴾瑯奕脊魉鯲}
{id:352,name:訔俛忣,sex:false,maritalStatus:true,age:125.0,height:186.0,weight:137.0,hobby:孡宮鑙萎泇麳钄廈鶤鳙,address:萴仪頱搻蚳削往詬镱嚊,diseaseHistory:沈緿筺疕烆忷減慉嫄憆訊厐翱瘮瀕带啚潛鍝竽恶恼龎麈嬌佛誛殬瑶饳,habit:祊倌嗫嘻麦騏鼌峬牄橑匃窻啅鐆氷賺騷岒糄苯趀赒黏騲妲霞嬚鶨鮠杓,exerciseTarget:挓滐嬰栣媠妾诜豥漖仅}

2018-04-01 15:26:01.151  INFO 71680 --- [Thread-2] o.s.w.c.s.GenericWebApplicationContext   : Closing org.springframework.web.context.support.GenericWebApplicationContext@55b5f5d2: startup date [Sun Apr 01 15:25:42 CST 2018]; root of context hierarchy
2018-04-01 15:26:01.156  INFO 71680 --- [Thread-2] com.zaxxer.hikari.HikariDataSource       : HikariPool-1 - Shutdown initiated...
2018-04-01 15:26:01.174  INFO 71680 --- [Thread-2] com.zaxxer.hikari.HikariDataSource       : HikariPool-1 - Shutdown completed.
2018-04-01 15:26:01.175  INFO 71680 --- [Thread-2] o.s.s.concurrent.ThreadPoolTaskExecutor  : Shutting down ExecutorService 'MyAsync'
2018-04-01 15:26:14.557  INFO 71682 --- [main] c.d.test.services.UserServiceTest        : Starting UserServiceTest on alanMacBook-Pro.local with PID 71682 (started by alan in /Users/alan/developers/ideaspace/demo/DBtest)
2018-04-01 15:26:14.559  INFO 71682 --- [main] c.d.test.services.UserServiceTest        : No active profile set, falling back to default profiles: default
2018-04-01 15:26:14.622  INFO 71682 --- [main] o.s.w.c.s.GenericWebApplicationContext   : Refreshing org.springframework.web.context.support.GenericWebApplicationContext@66ce957f: startup date [Sun Apr 01 15:26:14 CST 2018]; root of context hierarchy
2018-04-01 15:26:16.438  INFO 71682 --- [main] trationDelegate$BeanPostProcessorChecker : Bean 'taskExecutorConfig' of type [com.database.test.config.TaskExecutorConfig$$EnhancerBySpringCGLIB$$555a64cd] is not eligible for getting processed by all BeanPostProcessors (for example: not eligible for auto-proxying)
2018-04-01 15:26:16.463  INFO 71682 --- [main] o.s.s.concurrent.ThreadPoolTaskExecutor  : Initializing ExecutorService 
2018-04-01 15:26:16.478  INFO 71682 --- [main] o.s.s.concurrent.ThreadPoolTaskExecutor  : Initializing ExecutorService  'MyAsync'
2018-04-01 15:26:16.478  INFO 71682 --- [main] trationDelegate$BeanPostProcessorChecker : Bean 'MyAsync' of type [org.springframework.scheduling.concurrent.ThreadPoolTaskExecutor] is not eligible for getting processed by all BeanPostProcessors (for example: not eligible for auto-proxying)
2018-04-01 15:26:18.357  INFO 71682 --- [main] s.w.s.m.m.a.RequestMappingHandlerAdapter : Looking for @ControllerAdvice: org.springframework.web.context.support.GenericWebApplicationContext@66ce957f: startup date [Sun Apr 01 15:26:14 CST 2018]; root of context hierarchy
2018-04-01 15:26:18.513  INFO 71682 --- [main] s.w.s.m.m.a.RequestMappingHandlerMapping : Mapped "{[/user/save],methods=[GET]}" onto public java.lang.String com.database.test.controller.TestController.save(int)
2018-04-01 15:26:18.514  INFO 71682 --- [main] s.w.s.m.m.a.RequestMappingHandlerMapping : Mapped "{[/user/batchSave],methods=[GET]}" onto public java.lang.String com.database.test.controller.TestController.batchSave(int)
2018-04-01 15:26:18.515  INFO 71682 --- [main] s.w.s.m.m.a.RequestMappingHandlerMapping : Mapped "{[/user/getUserInfoByAge],methods=[GET]}" onto public java.lang.String com.database.test.controller.TestController.getUserInfoByAge(int)
2018-04-01 15:26:18.515  INFO 71682 --- [main] s.w.s.m.m.a.RequestMappingHandlerMapping : Mapped "{[/user/hello],methods=[GET]}" onto public java.lang.String com.database.test.controller.TestController.hello()
2018-04-01 15:26:18.519  INFO 71682 --- [main] s.w.s.m.m.a.RequestMappingHandlerMapping : Mapped "{[/error]}" onto public org.springframework.http.ResponseEntity<java.util.Map<java.lang.String, java.lang.Object>> org.springframework.boot.autoconfigure.web.servlet.error.BasicErrorController.error(javax.servlet.http.HttpServletRequest)
2018-04-01 15:26:18.520  INFO 71682 --- [main] s.w.s.m.m.a.RequestMappingHandlerMapping : Mapped "{[/error],produces=[text/html]}" onto public org.springframework.web.servlet.ModelAndView org.springframework.boot.autoconfigure.web.servlet.error.BasicErrorController.errorHtml(javax.servlet.http.HttpServletRequest,javax.servlet.http.HttpServletResponse)
2018-04-01 15:26:18.785  INFO 71682 --- [main] o.s.w.s.handler.SimpleUrlHandlerMapping  : Mapped URL path [/webjars/**] onto handler of type [class org.springframework.web.servlet.resource.ResourceHttpRequestHandler]
2018-04-01 15:26:18.785  INFO 71682 --- [main] o.s.w.s.handler.SimpleUrlHandlerMapping  : Mapped URL path [/**] onto handler of type [class org.springframework.web.servlet.resource.ResourceHttpRequestHandler]
2018-04-01 15:26:18.917  INFO 71682 --- [main] o.s.w.s.handler.SimpleUrlHandlerMapping  : Mapped URL path [/**/favicon.ico] onto handler of type [class org.springframework.web.servlet.resource.ResourceHttpRequestHandler]
2018-04-01 15:26:19.478  INFO 71682 --- [main] c.d.test.services.UserServiceTest        : Started UserServiceTest in 5.571 seconds (JVM running for 7.526)
2018-04-01 15:26:19.660  INFO 71682 --- [main] com.zaxxer.hikari.HikariDataSource       : HikariPool-1 - Starting...
2018-04-01 15:26:20.343  INFO 71682 --- [main] com.zaxxer.hikari.HikariDataSource       : HikariPool-1 - Start completed.
2018-04-01 15:26:33.382  INFO 71682 --- [main] com.database.test.services.UserService   : 10条最相似数据差异值为：763.2001
2018-04-01 15:26:33.382  INFO 71682 --- [main] com.database.test.services.UserService   : 
{id:6899,name:廐紑哸,sex:true,maritalStatus:false,age:98.0,height:167.0,weight:185.0,hobby:玞晷嵚闋嗔挤棖鞎錮谎,address:蓄殈陑鐎芞捎式駯鱸卵,diseaseHistory:搶蠸椷雿荳蟸誏靪蘧蝥窏鹹楼璚祅鄛藱宀揉蓪兗臺罠諴杁栃睊资蘳禆,habit:盩裼弝蓄疋陧鶰漄澜愇鴅辕皕栈裶泭嬵勽粏驎鸎架鸝乗诚侲啋儁荹膕,exerciseTarget:鶱漛椦逽罚甽軂琺邶繝}
{id:689,name:比諁旼,sex:true,maritalStatus:true,age:90.0,height:169.0,weight:146.0,hobby:饡葿蝳磊牓嶒裕悭歨譲,address:勇釚榦磰露嘪泾厂晑瘐,diseaseHistory:倗淳薳簅圖幂硅設伭惓嫉侣孯輤狶昫鏉蟲騕荚山蝤婪衊撈俎敉逥蜂骧,habit:驚養璷匶吁攫盦禳龊淞嶺垢樅鎱媬妀铳顚兏魄渗敿易栩栋鎱階庮卆駦,exerciseTarget:啞嘯鋭畞葢转恭幖佘摠}
{id:3444,name:豯烄潄,sex:true,maritalStatus:true,age:95.0,height:173.0,weight:181.0,hobby:妷膋吓咨馮錌斞夙貱曷,address:昭烛玎阤擇無楽椄祶聳,diseaseHistory:母扌詠螭垇克铔噢塌嵠舱载鮓丫墷慝躔馊痬坸趇悢必郚禊毥羈乡蟐彦,habit:睃潚珈嬷嫪碚秛鉹妛佽鷜玁勏诩现郭肪筜嚤廉校絙鰘驻攨敩帧罗壄嗍,exerciseTarget:瘋箂帮癸厕攡咋芦勈劽}
{id:7905,name:禌蚨厘,sex:true,maritalStatus:true,age:96.0,height:173.0,weight:161.0,hobby:牝儈癁殂濉螓腾褧黯充,address:恹緸砱批饽嶫鄿级齢俟,diseaseHistory:噖襝隕潟摿堲煗烕鹖甋邢痖婏蛴槮転齤櫏彸緷冏芳嵸垠匠鹲铮糿鷫綯,habit:屻睧虝磠撍暀瓷瓉鍸芾砗酛飾箦嬔饶琍啙捋塩銉锿獜魕揔缍暪癩捁湥,exerciseTarget:弟钱擅玣玣鮔鯊悖檻紶}
{id:8820,name:謑秠糾,sex:true,maritalStatus:false,age:90.0,height:161.0,weight:180.0,hobby:飔恐魘梶钝氒纵犞籫疆,address:浃奘濱詅逰岍较揯儶泀,diseaseHistory:兤癁漁只焠偓怈囩騇鼙蔀暘嶧銈辪晟虘昺徒欂鲁錨雚仛滊窽燆燌翃鄪,habit:杜喱旿语材絆笽烟歬銻絞僡跓蟳仳箄呍劜緄存騡靕瀶鸣僁劷鏕嫎琷桤,exerciseTarget:魹隋颙殕咟飵眂猬遶媀}
{id:7902,name:奩澄掠,sex:true,maritalStatus:false,age:92.0,height:166.0,weight:139.0,hobby:洇唾玉晁峓鯠挟珳嗓抌,address:悪梓烉鼄詠疺嵘滄噷鰖,diseaseHistory:纱歎艎三綰熒誓鎝嬋樦敤鉻泏鬶砭陹窷枔硏荡霒塇掃杜捕閺梠菶媮獯,habit:跥矺齳疐闊衈牰脘嵵慪壨竚緾春墄窱惨萁锏猍邬憩伡芍遉蝉玼洲笖旫,exerciseTarget:甧咋深甿鲧峅炾号縷琁}
{id:9165,name:韟锶熡,sex:true,maritalStatus:true,age:100.0,height:170.0,weight:132.0,hobby:螧蝧獠偕棟渔嶠莜屿挙,address:溆蕟籩偑脧吃嚇诋洄癃,diseaseHistory:傅陱呈辥鉁栥銨騥维壷杣膨秌砞紀稿踛怏懭萷頞琴亥岀簮毪帟崇瑐睪,habit:笎枥菦頌蕍梔怂槟酺蕊纚趜蝛艍韡箖襬窹畧鐒承嚆冕傇賙冬逖矲鉄氉,exerciseTarget:轫胢厑锭麅鲅蟏譼眱椵}
{id:9292,name:銣媋篢,sex:true,maritalStatus:true,age:88.0,height:171.0,weight:182.0,hobby:孤唍扉巏湇僴跣濺牞縯,address:桸貋柧鸄鮳鵪齔参俼籈,diseaseHistory:包皅謒犒億盽滧微艜嫼椚示徇撄媸刽鴅曬颊晨婳碎斎驈帛圉埝艩钸鉍,habit:帀皶费嗴榮笰奖趂鞥瘴梒奀摙宾舅逩蒶椕拫金霮输紾蹽婨謇溻緺锳劖,exerciseTarget:谥勭檡祅縫謌觔魊逎摸}
{id:2416,name:芪嬤剄,sex:true,maritalStatus:true,age:96.0,height:171.0,weight:184.0,hobby:皩柪渳翱鰒帨琋邆澻卄,address:鍾濷苔鸦枋錌萋紉嫺蔠,diseaseHistory:治覩剫藕虔趖浙殳魵俒含笷扐錠煏咿艩侫騢鲭玒秘籪阹竴熹咸人胷岙,habit:邉魜襡戓漩冒垚雮穅铟毯適抝钻蒸縝暬商鶰玚乊毮沪帋僤誻鮆榙韻霵,exerciseTarget:笊媸繢綸晃琵鎙龙嶥鴓}
{id:4456,name:菷欭苬,sex:true,maritalStatus:true,age:92.0,height:160.0,weight:172.0,hobby:晈犛爜往詆彑豬點灢觖,address:鰻箫族耫阆摏鬶腤霣驅,diseaseHistory:欸鲐隻鹚鈊糇蔛鏦犃復釂蠲奭芮蝛躣礞優偃辌败宏鯮灯垖莯葇駘跊娐,habit:鮍役薭跓唧戛砺蟅礬爐醈兌軏缜偊懺砂逘鸜慐矣嶸敽圫鼼鷡鄾琓縥略,exerciseTarget:藃榚渄澇櫍朗炛妗峈絁}

2018-04-01 15:26:33.386  INFO 71682 --- [Thread-2] o.s.w.c.s.GenericWebApplicationContext   : Closing org.springframework.web.context.support.GenericWebApplicationContext@66ce957f: startup date [Sun Apr 01 15:26:14 CST 2018]; root of context hierarchy
2018-04-01 15:26:33.395  INFO 71682 --- [Thread-2] com.zaxxer.hikari.HikariDataSource       : HikariPool-1 - Shutdown initiated...
2018-04-01 15:26:33.412  INFO 71682 --- [Thread-2] com.zaxxer.hikari.HikariDataSource       : HikariPool-1 - Shutdown completed.
2018-04-01 15:26:33.412  INFO 71682 --- [Thread-2] o.s.s.concurrent.ThreadPoolTaskExecutor  : Shutting down ExecutorService 'MyAsync'
2018-04-01 15:27:00.056  INFO 71685 --- [main] c.d.test.services.UserServiceTest        : Starting UserServiceTest on alanMacBook-Pro.local with PID 71685 (started by alan in /Users/alan/developers/ideaspace/demo/DBtest)
2018-04-01 15:27:00.058  INFO 71685 --- [main] c.d.test.services.UserServiceTest        : No active profile set, falling back to default profiles: default
2018-04-01 15:27:00.145  INFO 71685 --- [main] o.s.w.c.s.GenericWebApplicationContext   : Refreshing org.springframework.web.context.support.GenericWebApplicationContext@66ce957f: startup date [Sun Apr 01 15:27:00 CST 2018]; root of context hierarchy
2018-04-01 15:27:01.910  INFO 71685 --- [main] trationDelegate$BeanPostProcessorChecker : Bean 'taskExecutorConfig' of type [com.database.test.config.TaskExecutorConfig$$EnhancerBySpringCGLIB$$ae619049] is not eligible for getting processed by all BeanPostProcessors (for example: not eligible for auto-proxying)
2018-04-01 15:27:01.931  INFO 71685 --- [main] o.s.s.concurrent.ThreadPoolTaskExecutor  : Initializing ExecutorService 
2018-04-01 15:27:01.942  INFO 71685 --- [main] o.s.s.concurrent.ThreadPoolTaskExecutor  : Initializing ExecutorService  'MyAsync'
2018-04-01 15:27:01.942  INFO 71685 --- [main] trationDelegate$BeanPostProcessorChecker : Bean 'MyAsync' of type [org.springframework.scheduling.concurrent.ThreadPoolTaskExecutor] is not eligible for getting processed by all BeanPostProcessors (for example: not eligible for auto-proxying)
2018-04-01 15:27:03.744  INFO 71685 --- [main] s.w.s.m.m.a.RequestMappingHandlerAdapter : Looking for @ControllerAdvice: org.springframework.web.context.support.GenericWebApplicationContext@66ce957f: startup date [Sun Apr 01 15:27:00 CST 2018]; root of context hierarchy
2018-04-01 15:27:03.931  INFO 71685 --- [main] s.w.s.m.m.a.RequestMappingHandlerMapping : Mapped "{[/user/save],methods=[GET]}" onto public java.lang.String com.database.test.controller.TestController.save(int)
2018-04-01 15:27:03.932  INFO 71685 --- [main] s.w.s.m.m.a.RequestMappingHandlerMapping : Mapped "{[/user/hello],methods=[GET]}" onto public java.lang.String com.database.test.controller.TestController.hello()
2018-04-01 15:27:03.933  INFO 71685 --- [main] s.w.s.m.m.a.RequestMappingHandlerMapping : Mapped "{[/user/getUserInfoByAge],methods=[GET]}" onto public java.lang.String com.database.test.controller.TestController.getUserInfoByAge(int)
2018-04-01 15:27:03.934  INFO 71685 --- [main] s.w.s.m.m.a.RequestMappingHandlerMapping : Mapped "{[/user/batchSave],methods=[GET]}" onto public java.lang.String com.database.test.controller.TestController.batchSave(int)
2018-04-01 15:27:03.938  INFO 71685 --- [main] s.w.s.m.m.a.RequestMappingHandlerMapping : Mapped "{[/error]}" onto public org.springframework.http.ResponseEntity<java.util.Map<java.lang.String, java.lang.Object>> org.springframework.boot.autoconfigure.web.servlet.error.BasicErrorController.error(javax.servlet.http.HttpServletRequest)
2018-04-01 15:27:03.939  INFO 71685 --- [main] s.w.s.m.m.a.RequestMappingHandlerMapping : Mapped "{[/error],produces=[text/html]}" onto public org.springframework.web.servlet.ModelAndView org.springframework.boot.autoconfigure.web.servlet.error.BasicErrorController.errorHtml(javax.servlet.http.HttpServletRequest,javax.servlet.http.HttpServletResponse)
2018-04-01 15:27:04.178  INFO 71685 --- [main] o.s.w.s.handler.SimpleUrlHandlerMapping  : Mapped URL path [/webjars/**] onto handler of type [class org.springframework.web.servlet.resource.ResourceHttpRequestHandler]
2018-04-01 15:27:04.178  INFO 71685 --- [main] o.s.w.s.handler.SimpleUrlHandlerMapping  : Mapped URL path [/**] onto handler of type [class org.springframework.web.servlet.resource.ResourceHttpRequestHandler]
2018-04-01 15:27:04.309  INFO 71685 --- [main] o.s.w.s.handler.SimpleUrlHandlerMapping  : Mapped URL path [/**/favicon.ico] onto handler of type [class org.springframework.web.servlet.resource.ResourceHttpRequestHandler]
2018-04-01 15:27:04.838  INFO 71685 --- [main] c.d.test.services.UserServiceTest        : Started UserServiceTest in 5.429 seconds (JVM running for 7.438)
2018-04-01 15:27:05.035  INFO 71685 --- [main] com.zaxxer.hikari.HikariDataSource       : HikariPool-1 - Starting...
2018-04-01 15:27:05.744  INFO 71685 --- [main] com.zaxxer.hikari.HikariDataSource       : HikariPool-1 - Start completed.
2018-04-01 15:27:18.769  INFO 71685 --- [main] com.database.test.services.UserService   : 10条最相似数据差异值为：916.39996
2018-04-01 15:27:18.770  INFO 71685 --- [main] com.database.test.services.UserService   : 
{id:6102,name:钉辑朸,sex:false,maritalStatus:true,age:110.0,height:33.0,weight:103.0,hobby:閒盈滹鎊瓫饾赤鳺蕿辗,address:介裄滗莹蛵螡獇訥囏涖,diseaseHistory:趇琖蛃渴暂顀軶羜領査阳叫柪凢倨萕質砐圕皩訧疨覃揣烚塿臡蒀惛癕,habit:郅票襷袴趥漶癗覹贷乩薲婭炪円哩訔羙伧鏉勇镴籚哦敘瑻喡殀亭蜈枘,exerciseTarget:曃幝樌叉蘰揢杋韺锜煌}
{id:9443,name:鵏硸恮,sex:false,maritalStatus:false,age:116.0,height:35.0,weight:80.0,hobby:速颱蜫豟闷觌轍抓扳瞐,address:輽鲦鐔蝂葏鳢煍岚縫璦,diseaseHistory:凪拔扯韖乆憇韼厏祟飋琙鋓甌剶長藞麫蛛褓轤鮺歗焓珕屌嘠縓佧皻涴,habit:顦稂次裙浸錺望囝乖糈阏旧瘓鶰烏蝐诳祏噑簿僥餣啱楓剀骬慏咮秦灠,exerciseTarget:窻卑墼慇斅韌囮楧弮粆}
{id:3728,name:鴛臣涞,sex:false,maritalStatus:false,age:117.0,height:40.0,weight:36.0,hobby:蠎臯璓鉱蚚贰晔麖呣軗,address:图柷疩矀拜鰨婻囝覐拰,diseaseHistory:鳯焲竌蓸谂覽恨銓囊蕒僔疀壁隻莾霡獪砳寬鉠匈頠鍐狘鉤瀌鵫阻愻縺,habit:昼悲熤軒癤炜鰁蓤拊絘磾朤旗怏豕掝欩唌痐袱騹蕇穮尙牻显划轙王玾,exerciseTarget:鯺撡皦蚞阴筊鱌觀膙颛}
{id:9213,name:賚平惸,sex:false,maritalStatus:false,age:115.0,height:34.0,weight:129.0,hobby:欲般乕嗈鏑汤鈳無憼毗,address:蛅掦瘐跡苐鐺阕焞犌呿,diseaseHistory:厫避鞃圍軎瓤瘙祑缞鍰膶誩侦匆痯藯籱苸氦簸妘鎄卄銁壂囀鴣湞羓箁,habit:讪甸蘹禌砲摦顨輓螻朱橅箅吿绨导踴鍭抿鶨兲啒隼聋糊徦慶翜辺騔觪,exerciseTarget:唄濟玭堑垧从酣吟镶蕯}
{id:9294,name:狡樨慓,sex:false,maritalStatus:false,age:103.0,height:38.0,weight:94.0,hobby:絒礜熛揩豩濅堲崕逗慣,address:珚穮鐲聍掺蕗輑佔跼裠,diseaseHistory:矢涧蜴瘁絒峬翨腓飢厳晤垭碄樾苭掶綕唭丶玑縕隑鶌碯杚黡徦裖苪构,habit:赫飗糕埉樗摑诖愂洈憸力杺厌蜋隃讅韎遂比柜墮陚穣灳揖僢茮鐡篯贰,exerciseTarget:嗤棯鶏嵤绷贺籿埬螫簙}
{id:9339,name:雍拽技,sex:false,maritalStatus:false,age:117.0,height:38.0,weight:90.0,hobby:琝黶藗呌敕诖侅梃鹎患,address:齲頸色揆釈滁柸迂彞嶄,diseaseHistory:圱洀鵑啕凃遾朜瞰跓濸罝浪殈斕渦写竢豖窃蛊餅玣聭陥焙融馀坅齑縖,habit:皾蓏羉盬廞矽譺鱦嗮靕煓淏镺釃虝娐劷襃梏酎壁幕鮪搊盯構熸噷廷繄,exerciseTarget:頕扭貟耷介榟汶鋝伏沉}
{id:6925,name:巷阨榥,sex:false,maritalStatus:true,age:109.0,height:39.0,weight:62.0,hobby:轲犌濜膛塛敐箯商劔琁,address:椝鴶歬鷺谲暤諠秉颢讗,diseaseHistory:妯技螠拞茯灢欍尿捖蒕熝駜姛璑懆鸇垘璢凯姸褼頟跦麲钉炟賃怦揙汢,habit:肬蚋鎇唢邭賀捸閣栗翜谓閅濡赻挡捦孒鍍碂穫擑贓坺鋊忛俅郉忓錈炖,exerciseTarget:煲疴宏钡下镋緖胉衍湻}
{id:9792,name:锤邀槌,sex:false,maritalStatus:false,age:109.0,height:38.0,weight:131.0,hobby:障掅劭養蓓癘軱躜灇惥,address:榝帊饇紱蝌钠峓蠫籊靨,diseaseHistory:軸景鏈芯圷矉昐貱伤睷蚢英皯虩僻罖担熞沾蘅寡磤苮妰镫駡珩澦懒懚,habit:庑椳伛煌变翼插匡貑啂改髤汉寑抎楹巆髎尽纅樵恉且鬿锌箾懛鮹鷈嶥,exerciseTarget:蓒弽鄺蚽隿罇筿籫灆趂}
{id:8191,name:麞灉硆,sex:false,maritalStatus:true,age:112.0,height:56.0,weight:84.0,hobby:忡蛚莯棼媰埣佦筛訋暂,address:禳渾泾墄痩扯嗲赱黭綁,diseaseHistory:尉懸螽鈄楛逳伔萨楍駲蔥癰喽掚昧褶逛殖铤杷輔璐杏趲搤渽彵籏巜廀,habit:碭玢鼜錮旈娙櫑醾踗奦漺享宮蘌齏萊藾闰獌徱幯嘧稾菂嵦榵竿鮕泵啐,exerciseTarget:嵵籒蠹羓顖谦盄疪郕歁}
{id:5262,name:輕昲蝪,sex:false,maritalStatus:true,age:108.0,height:52.0,weight:95.0,hobby:魓澽淢裋輐脾飔複冟勳,address:怞涗鎪縯椋崽谊譞侖车,diseaseHistory:紗僟均竓艕異諽庎捤赇苜膞蔆煷箚韾爢痽燿钷錼峣碆体銜畡铻輳纑鹃,habit:稚茕蠕们蹺査俤郪湽児凔戯蝊尾囘瘶扒赸螬碲藠崽灥甸饞鮘奝旿藖珛,exerciseTarget:福柡鬤闣擅譑体瑵嗪崏}

2018-04-01 15:27:18.777  INFO 71685 --- [Thread-2] o.s.w.c.s.GenericWebApplicationContext   : Closing org.springframework.web.context.support.GenericWebApplicationContext@66ce957f: startup date [Sun Apr 01 15:27:00 CST 2018]; root of context hierarchy
2018-04-01 15:27:18.780  INFO 71685 --- [Thread-2] com.zaxxer.hikari.HikariDataSource       : HikariPool-1 - Shutdown initiated...
2018-04-01 15:27:18.796  INFO 71685 --- [Thread-2] com.zaxxer.hikari.HikariDataSource       : HikariPool-1 - Shutdown completed.
2018-04-01 15:27:18.797  INFO 71685 --- [Thread-2] o.s.s.concurrent.ThreadPoolTaskExecutor  : Shutting down ExecutorService 'MyAsync'
2018-04-01 15:27:31.922  INFO 71688 --- [main] c.d.test.services.UserServiceTest        : Starting UserServiceTest on alanMacBook-Pro.local with PID 71688 (started by alan in /Users/alan/developers/ideaspace/demo/DBtest)
2018-04-01 15:27:31.923  INFO 71688 --- [main] c.d.test.services.UserServiceTest        : No active profile set, falling back to default profiles: default
2018-04-01 15:27:31.989  INFO 71688 --- [main] o.s.w.c.s.GenericWebApplicationContext   : Refreshing org.springframework.web.context.support.GenericWebApplicationContext@66ce957f: startup date [Sun Apr 01 15:27:31 CST 2018]; root of context hierarchy
2018-04-01 15:27:33.597  INFO 71688 --- [main] trationDelegate$BeanPostProcessorChecker : Bean 'taskExecutorConfig' of type [com.database.test.config.TaskExecutorConfig$$EnhancerBySpringCGLIB$$f21bd56e] is not eligible for getting processed by all BeanPostProcessors (for example: not eligible for auto-proxying)
2018-04-01 15:27:33.617  INFO 71688 --- [main] o.s.s.concurrent.ThreadPoolTaskExecutor  : Initializing ExecutorService 
2018-04-01 15:27:33.627  INFO 71688 --- [main] o.s.s.concurrent.ThreadPoolTaskExecutor  : Initializing ExecutorService  'MyAsync'
2018-04-01 15:27:33.628  INFO 71688 --- [main] trationDelegate$BeanPostProcessorChecker : Bean 'MyAsync' of type [org.springframework.scheduling.concurrent.ThreadPoolTaskExecutor] is not eligible for getting processed by all BeanPostProcessors (for example: not eligible for auto-proxying)
2018-04-01 15:27:35.371  INFO 71688 --- [main] s.w.s.m.m.a.RequestMappingHandlerAdapter : Looking for @ControllerAdvice: org.springframework.web.context.support.GenericWebApplicationContext@66ce957f: startup date [Sun Apr 01 15:27:31 CST 2018]; root of context hierarchy
2018-04-01 15:27:35.537  INFO 71688 --- [main] s.w.s.m.m.a.RequestMappingHandlerMapping : Mapped "{[/user/save],methods=[GET]}" onto public java.lang.String com.database.test.controller.TestController.save(int)
2018-04-01 15:27:35.539  INFO 71688 --- [main] s.w.s.m.m.a.RequestMappingHandlerMapping : Mapped "{[/user/batchSave],methods=[GET]}" onto public java.lang.String com.database.test.controller.TestController.batchSave(int)
2018-04-01 15:27:35.540  INFO 71688 --- [main] s.w.s.m.m.a.RequestMappingHandlerMapping : Mapped "{[/user/getUserInfoByAge],methods=[GET]}" onto public java.lang.String com.database.test.controller.TestController.getUserInfoByAge(int)
2018-04-01 15:27:35.541  INFO 71688 --- [main] s.w.s.m.m.a.RequestMappingHandlerMapping : Mapped "{[/user/hello],methods=[GET]}" onto public java.lang.String com.database.test.controller.TestController.hello()
2018-04-01 15:27:35.547  INFO 71688 --- [main] s.w.s.m.m.a.RequestMappingHandlerMapping : Mapped "{[/error]}" onto public org.springframework.http.ResponseEntity<java.util.Map<java.lang.String, java.lang.Object>> org.springframework.boot.autoconfigure.web.servlet.error.BasicErrorController.error(javax.servlet.http.HttpServletRequest)
2018-04-01 15:27:35.548  INFO 71688 --- [main] s.w.s.m.m.a.RequestMappingHandlerMapping : Mapped "{[/error],produces=[text/html]}" onto public org.springframework.web.servlet.ModelAndView org.springframework.boot.autoconfigure.web.servlet.error.BasicErrorController.errorHtml(javax.servlet.http.HttpServletRequest,javax.servlet.http.HttpServletResponse)
2018-04-01 15:27:35.798  INFO 71688 --- [main] o.s.w.s.handler.SimpleUrlHandlerMapping  : Mapped URL path [/webjars/**] onto handler of type [class org.springframework.web.servlet.resource.ResourceHttpRequestHandler]
2018-04-01 15:27:35.799  INFO 71688 --- [main] o.s.w.s.handler.SimpleUrlHandlerMapping  : Mapped URL path [/**] onto handler of type [class org.springframework.web.servlet.resource.ResourceHttpRequestHandler]
2018-04-01 15:27:35.944  INFO 71688 --- [main] o.s.w.s.handler.SimpleUrlHandlerMapping  : Mapped URL path [/**/favicon.ico] onto handler of type [class org.springframework.web.servlet.resource.ResourceHttpRequestHandler]
2018-04-01 15:27:36.491  INFO 71688 --- [main] c.d.test.services.UserServiceTest        : Started UserServiceTest in 5.22 seconds (JVM running for 7.063)
2018-04-01 15:27:36.700  INFO 71688 --- [main] com.zaxxer.hikari.HikariDataSource       : HikariPool-1 - Starting...
2018-04-01 15:27:37.397  INFO 71688 --- [main] com.zaxxer.hikari.HikariDataSource       : HikariPool-1 - Start completed.
2018-04-01 15:27:49.738  INFO 71688 --- [main] com.database.test.services.UserService   : 10条最相似数据差异值为：763.5999
2018-04-01 15:27:49.738  INFO 71688 --- [main] com.database.test.services.UserService   : 
{id:2765,name:杳掓勧,sex:false,maritalStatus:false,age:61.0,height:65.0,weight:137.0,hobby:駄貧鵡蓕橚羪栤弩矨鹨,address:墝嶤燑珒噔嘛侑顏阞淉,diseaseHistory:吣駂衖墙魿耟潒怃兆嚅祿欄豰款钼褗详嶼坞恣痽俜韂支啭擓麮廡澐磞,habit:答溣搞奃钣诋腯枻蠕懰佦囸積铣癧冿鱤膴裷躿僙佃倉偉索殤蘠镃豍藕,exerciseTarget:菖涶避囀骮滨琪軪箾溈}
{id:752,name:癗钥俦,sex:false,maritalStatus:true,age:63.0,height:58.0,weight:161.0,hobby:膂攪號庾訓顫紏逦通腸,address:咏裋鵼刳噚凢栟蒬唘乼,diseaseHistory:噲泡敷歾坴橏貊繴聚聁欨诶尺藷礯拆洷睊鶣吆譈靪澡薭賜縠釥厇墮簢,habit:刏菇鮃诂囚唿詤痸瞬筪辤饺娑僈埚錡觗氇澆釈櫔黕筚笏趯駝秤穜毞伆,exerciseTarget:鲗膐湅觟篨胞餵閅碖鯘}
{id:2245,name:鶔錁荼,sex:false,maritalStatus:true,age:61.0,height:68.0,weight:173.0,hobby:鶠錭淅衤蛝崠戄塵蹩踄,address:閫撴忝綳搧緌嘟埮曥滮,diseaseHistory:狖鈈囹脶虏倗噡蕮頙脽苧瑓壛猵藨鋲欽囍晄媕司嗂洇煅錕蓨墖氚熙諦,habit:李鉧鳥荌禸賻缳苪熓殀緖軣砣飪渘恋罚盙搻諟亁囼皡枰嬗诈嶭噋尲蝳,exerciseTarget:殘厊奐杦甌缘彵戲飑傛}
{id:3197,name:凴姠攅,sex:false,maritalStatus:true,age:62.0,height:63.0,weight:192.0,hobby:械漟轶稧圂畄靤醟舒禸,address:亸稻嬝捶猒煜頇衷肽谬,diseaseHistory:銽馳嬙汕爴疾趇煉襠郵称姄砩緐诶蓶竗桊鬚岗鬡鳧雾闋玱力兄墌泳卓,habit:窜禽枒鑈膺褳谡悧鳋摪逦蔑燌缍櫝租靋糝穞螜賕崾磙菷穉萉燾髌卩閻,exerciseTarget:鈧劮杈朵衶鸯粥彄錉幷}
{id:9984,name:胴铀蕿,sex:false,maritalStatus:true,age:59.0,height:65.0,weight:136.0,hobby:槜輝漈箳诩蛊篍昷斏旮,address:鈹浉蓝袯銲畭趓長忧逘,diseaseHistory:鯃褮傪緭疎顸椩襵曯葓沀寏蒁郢鸨紪夗熲嚅桮乻馸媏棡鯔睶鲹稃嚆簙,habit:芌嗭蝣劓迌淢捘亃廍疦鴽婘柠諯緤掴坒犢莠唢辫筜绾涡婈痊篶袠涕最,exerciseTarget:鮋顙龟签碧鑓哖芄壺玛}
{id:4020,name:壼玀磼,sex:false,maritalStatus:false,age:50.0,height:62.0,weight:127.0,hobby:呬鈷張鱱恩猵净躶穈磍,address:娨恬礂棷犜沸蹯嚎菕唻,diseaseHistory:傯忲捪偧喎鍉癫洵巎窡讘魿陻橇錶埲閵鐿钼矛莽璱棅鷀埀疮繩咰憕擆,habit:爓伬崇咎儭薥粫騹濟梍鴍粠驯梥齧壖疈蘤沰醻啪賂捁叉靷昞咝汿裴痞,exerciseTarget:虺踩缤坂磎霘蜌鍫薛粪}
{id:9010,name:濫轮焯,sex:false,maritalStatus:false,age:62.0,height:51.0,weight:152.0,hobby:儷評鄪伯汣俎赕炐銮笮,address:縝筹傢蹂籯垿纷堊杷畄,diseaseHistory:犃璏糡烔詟繴階堔跨载鎦橡囯繵纣胰繎藌陧惖琸咀氬庣昹紳鴥捗肓劃,habit:綗灑蝛奞隀罷酥鎎赫挓槼幆汃獘珏饔殔轿縤囡電籾奲鄀雑櫺欑賘乘炱,exerciseTarget:壤蚪屫釓鍉岊栽芶礓懹}
{id:4423,name:鷉蜴涂,sex:false,maritalStatus:false,age:71.0,height:65.0,weight:160.0,hobby:緟豃崁繭籹幱鐿裿攳偮,address:葹鎵黋唶介瘙獦畗葦渐,diseaseHistory:烁痑責戽痜摔矠擀凁鴧誴远訒輋鯊尐粣拱贌髺蕐劎峹皴癎伥阤繾牎龆,habit:札塱敋嫓蔟楣鴪狞裇桝汳兵晸猦訴鶡謺蔊謑釵愷砢饭嗹縥汅擺洂宙斬,exerciseTarget:琅懐鷑峃篫蝀拼儎蟋崅}
{id:3005,name:襓熽羒,sex:false,maritalStatus:false,age:60.0,height:67.0,weight:176.0,hobby:茜觌蘎暭伇丠厄涥碻积,address:羖騕宅輮膈廬蜭跖虗毐,diseaseHistory:鍒鉼殹汣擀鷼臎馵囔垚撷籀誫柫悪黔覓旺囒鱙负壐緇棁驴烢掍邬睖仩,habit:肦梂愌伱鮋籝鹡沍舜羲磕攄萉稥伟教終湂环系硘衔襁砻雪鎄脶耏郺遇,exerciseTarget:帒偾荆冊彝汚蚲狘竔贋}
{id:7710,name:蒱陓驖,sex:false,maritalStatus:true,age:58.0,height:65.0,weight:133.0,hobby:宖溣錖舲坼獴疻榡犳驣,address:薦芷鎢廽齉菕朒碩瘍奔,diseaseHistory:画逌筥詆庙礻狦霩枔眩飗虚择輑粩俤蟎簟鸝晠儇脃濤響撔樤垞菢侳杁,habit:蟊荐纔謀饄狃蒦驅圁镑贃溮莢赦綺渫组钛萴肱瑅茧薖烜鄪聥舙鬽鉎涏,exerciseTarget:洩袽駂虚扤剷蝐隈倒鈋}

2018-04-01 15:27:49.743  INFO 71688 --- [Thread-2] o.s.w.c.s.GenericWebApplicationContext   : Closing org.springframework.web.context.support.GenericWebApplicationContext@66ce957f: startup date [Sun Apr 01 15:27:31 CST 2018]; root of context hierarchy
2018-04-01 15:27:49.747  INFO 71688 --- [Thread-2] com.zaxxer.hikari.HikariDataSource       : HikariPool-1 - Shutdown initiated...
2018-04-01 15:27:49.765  INFO 71688 --- [Thread-2] com.zaxxer.hikari.HikariDataSource       : HikariPool-1 - Shutdown completed.
2018-04-01 15:27:49.766  INFO 71688 --- [Thread-2] o.s.s.concurrent.ThreadPoolTaskExecutor  : Shutting down ExecutorService 'MyAsync'
2018-04-01 15:28:00.596  INFO 71691 --- [main] c.d.test.services.UserServiceTest        : Starting UserServiceTest on alanMacBook-Pro.local with PID 71691 (started by alan in /Users/alan/developers/ideaspace/demo/DBtest)
2018-04-01 15:28:00.605  INFO 71691 --- [main] c.d.test.services.UserServiceTest        : No active profile set, falling back to default profiles: default
2018-04-01 15:28:00.799  INFO 71691 --- [main] o.s.w.c.s.GenericWebApplicationContext   : Refreshing org.springframework.web.context.support.GenericWebApplicationContext@66ce957f: startup date [Sun Apr 01 15:28:00 CST 2018]; root of context hierarchy
2018-04-01 15:28:02.552  INFO 71691 --- [main] trationDelegate$BeanPostProcessorChecker : Bean 'taskExecutorConfig' of type [com.database.test.config.TaskExecutorConfig$$EnhancerBySpringCGLIB$$33b4e69d] is not eligible for getting processed by all BeanPostProcessors (for example: not eligible for auto-proxying)
2018-04-01 15:28:02.576  INFO 71691 --- [main] o.s.s.concurrent.ThreadPoolTaskExecutor  : Initializing ExecutorService 
2018-04-01 15:28:02.593  INFO 71691 --- [main] o.s.s.concurrent.ThreadPoolTaskExecutor  : Initializing ExecutorService  'MyAsync'
2018-04-01 15:28:02.594  INFO 71691 --- [main] trationDelegate$BeanPostProcessorChecker : Bean 'MyAsync' of type [org.springframework.scheduling.concurrent.ThreadPoolTaskExecutor] is not eligible for getting processed by all BeanPostProcessors (for example: not eligible for auto-proxying)
2018-04-01 15:28:04.316  INFO 71691 --- [main] s.w.s.m.m.a.RequestMappingHandlerAdapter : Looking for @ControllerAdvice: org.springframework.web.context.support.GenericWebApplicationContext@66ce957f: startup date [Sun Apr 01 15:28:00 CST 2018]; root of context hierarchy
2018-04-01 15:28:04.485  INFO 71691 --- [main] s.w.s.m.m.a.RequestMappingHandlerMapping : Mapped "{[/user/save],methods=[GET]}" onto public java.lang.String com.database.test.controller.TestController.save(int)
2018-04-01 15:28:04.486  INFO 71691 --- [main] s.w.s.m.m.a.RequestMappingHandlerMapping : Mapped "{[/user/hello],methods=[GET]}" onto public java.lang.String com.database.test.controller.TestController.hello()
2018-04-01 15:28:04.486  INFO 71691 --- [main] s.w.s.m.m.a.RequestMappingHandlerMapping : Mapped "{[/user/batchSave],methods=[GET]}" onto public java.lang.String com.database.test.controller.TestController.batchSave(int)
2018-04-01 15:28:04.487  INFO 71691 --- [main] s.w.s.m.m.a.RequestMappingHandlerMapping : Mapped "{[/user/getUserInfoByAge],methods=[GET]}" onto public java.lang.String com.database.test.controller.TestController.getUserInfoByAge(int)
2018-04-01 15:28:04.489  INFO 71691 --- [main] s.w.s.m.m.a.RequestMappingHandlerMapping : Mapped "{[/error]}" onto public org.springframework.http.ResponseEntity<java.util.Map<java.lang.String, java.lang.Object>> org.springframework.boot.autoconfigure.web.servlet.error.BasicErrorController.error(javax.servlet.http.HttpServletRequest)
2018-04-01 15:28:04.491  INFO 71691 --- [main] s.w.s.m.m.a.RequestMappingHandlerMapping : Mapped "{[/error],produces=[text/html]}" onto public org.springframework.web.servlet.ModelAndView org.springframework.boot.autoconfigure.web.servlet.error.BasicErrorController.errorHtml(javax.servlet.http.HttpServletRequest,javax.servlet.http.HttpServletResponse)
2018-04-01 15:28:04.735  INFO 71691 --- [main] o.s.w.s.handler.SimpleUrlHandlerMapping  : Mapped URL path [/webjars/**] onto handler of type [class org.springframework.web.servlet.resource.ResourceHttpRequestHandler]
2018-04-01 15:28:04.735  INFO 71691 --- [main] o.s.w.s.handler.SimpleUrlHandlerMapping  : Mapped URL path [/**] onto handler of type [class org.springframework.web.servlet.resource.ResourceHttpRequestHandler]
2018-04-01 15:28:04.826  INFO 71691 --- [main] o.s.w.s.handler.SimpleUrlHandlerMapping  : Mapped URL path [/**/favicon.ico] onto handler of type [class org.springframework.web.servlet.resource.ResourceHttpRequestHandler]
2018-04-01 15:28:05.356  INFO 71691 --- [main] c.d.test.services.UserServiceTest        : Started UserServiceTest in 5.382 seconds (JVM running for 7.407)
2018-04-01 15:28:05.552  INFO 71691 --- [main] com.zaxxer.hikari.HikariDataSource       : HikariPool-1 - Starting...
2018-04-01 15:28:06.291  INFO 71691 --- [main] com.zaxxer.hikari.HikariDataSource       : HikariPool-1 - Start completed.
2018-04-01 15:28:19.168  INFO 71691 --- [main] com.database.test.services.UserService   : 10条最相似数据差异值为：828.60004
2018-04-01 15:28:19.168  INFO 71691 --- [main] com.database.test.services.UserService   : 
{id:4937,name:咹麆詻,sex:false,maritalStatus:false,age:44.0,height:175.0,weight:80.0,hobby:苴琬稬跢禐佭步嚀宨名,address:戗孛亁禠翚艅饭鬊曳蹲,diseaseHistory:仮亥艪铯瀏惣錏蕴湤籄玅俙笇俄摪沇鯦琄菸寎浒岼鳫墴蝽瓢卄烇緯渥,habit:慝樊纮颮窯稏竣鈲謋朋煏靈嶕轃颳偬鏼癹嶱綛骉沾姼塥筢謦灄釤旐阒,exerciseTarget:瑰盟虛阄倈衊熑徳櫗撰}
{id:8281,name:営嘋苫,sex:false,maritalStatus:false,age:44.0,height:164.0,weight:77.0,hobby:劂姽耈襀碟肳秺铐妈委,address:荱臿硆鰙斖鹁躟苀垩鷭,diseaseHistory:縦僲雘樍禲查鬊眣绣籕闖餟緬剣顆榜鴢戯扖蹣緮它涟檹鍽違鮓羨揕缚,habit:骃芝仦乼湬瑃芰苊刐鍓僩梏筋嘼筛肦穷膻憤三涘讎諃羱炜頸艔玱痽跛,exerciseTarget:建砧妦琠傲坹曚剞倓堄}
{id:9057,name:八娆栿,sex:false,maritalStatus:true,age:44.0,height:161.0,weight:44.0,hobby:颋鈨鈒獓讣馅書卯屢钗,address:墾忇姚姟昋鰱藋璮彵皣,diseaseHistory:詯蛔丟揠飦韮蟱滽閠昭榞鈄蒆饠曪或豑堤虽狗漦哞肨匄潣鷭皂橂綻渑,habit:醱萝诖牐桸轫洈鬽鏶懶媼昋浠澲賸糹弫眫觹瑷伃疉翺躎晎兀伬諬悹掍,exerciseTarget:宻荏賻兠虮嚘襯酛蒧錇}
{id:4992,name:搝筯镬,sex:false,maritalStatus:true,age:45.0,height:175.0,weight:121.0,hobby:獶凔磝攋畒浴镪哜戊堀,address:丒荆鴟釅旑盙顈攩継渧,diseaseHistory:矔陪扙浓伙俣无黊圣癚腳褶岚炍淆側岊鉚鍮烘諊豟滬戽攴站岅褂荡鯥,habit:懠鞨婊荕龣笊岖珿硋裣抏嘬黉干瓼腴深瞏蕲叜洈樎廄镲鱰鞽鵜軽唈慧,exerciseTarget:昳叻睍龄穪幽瑠楁頜胹}
{id:7899,name:蚹甋鉴,sex:false,maritalStatus:false,age:52.0,height:168.0,weight:58.0,hobby:涱圕稸傷熝烧躱楅斳嬙,address:氍搻巨蜬萆讗鎥栢埜暎,diseaseHistory:鈔呱扴珈萍嵐良朐努呮椆蒛啴冾脇汁懬殶辁礲袕炵韟窯蒫莕撄漊僀啝,habit:闻聄侀莬屶閻灨溂僿翠吰靃噶蘹脾睘匓嵻凩珪簫阵蟤霷惗筜熭瞾攸务,exerciseTarget:萇鮠睠淸靫仪磳閅群笍}
{id:6650,name:絠鏼煁,sex:false,maritalStatus:true,age:40.0,height:160.0,weight:116.0,hobby:咱愿萅扬趠骨戩巗圕憭,address:矱岹蹃嘩暦艔懕幗傈娽,diseaseHistory:剩溈簊穀郦頙簤粫鵆莅砕棭骏羗讦唲欛塤畛淳嬫蚑脓滰餑史莻嘿獶惭,habit:笊侞早伌漱逝膪富蹀駕耑媅摴泝餮欘籮莞伉夺惣艜鈽嫤衫抇狏亷朹湐,exerciseTarget:怸蕜晑怺橛積礟鄚撯犑}
{id:6653,name:銫鎹司,sex:false,maritalStatus:true,age:56.0,height:169.0,weight:69.0,hobby:剙躈犷濤悈喥钾勖测铑,address:始諥堓躱瀤畧鋪趺腏徾,diseaseHistory:愈桦戥檥众歖礀屡醚獕斴龝遫浵峑肘齽鲰俶氮痚捈唷蕑捄錈餛苒诊谷,habit:騁纓蜜鴪愚褀当潆倖餓秎韲楂鉈齫磟憆歊蓠掸澤啢儕媔鼜陡媰慚嘡霨,exerciseTarget:齚桘鍸棒揁踫殉觺萈廼}
{id:5141,name:抝倍萚,sex:false,maritalStatus:false,age:54.0,height:169.0,weight:53.0,hobby:痉裹蠃雫赇胡曩攔罌晤,address:溡磄姭祓芎篔嗷凅餇蜥,diseaseHistory:鹩讉楳阪菆鸊鉇焳蕫揳彗敐屏隞讒欭藅苔彃墒颎薋爫輮閩伃魦輙雤蹵,habit:僪殧芽钎臷應眏兆螥写洷員灏跪聉媋七颺風杈蔑堵詝怒賶鏜撩滰縓要,exerciseTarget:煁澷霳桏燈甠暈髗臫嫱}
{id:1786,name:佰绺厄,sex:false,maritalStatus:false,age:48.0,height:164.0,weight:85.0,hobby:菐搆賲娳圠矅鳨絃牬伾,address:囆趒烧繞甁謩湱嚅墠威,diseaseHistory:槐嘪黶蒧婊篠拐蚀臝擂偱诫滅皮偫徼鮠亩醶揃瞹虗膗陓飇憋菙獣廜蛾,habit:灢蔊河虦箝瞩唘黱艅饌荙衞艊莹唓簅儡喸蘔狈悡嫔谱鴢蔹檁狤悠悓篅,exerciseTarget:怣荲繻瀽鎍何宽疃棖狮}
{id:4714,name:蟜岴緩,sex:false,maritalStatus:false,age:47.0,height:166.0,weight:76.0,hobby:謬渢狤曫良子謇覞皮绘,address:僽柩殻洗犧匦衒尕蚅儧,diseaseHistory:鋃嗿汫鍶妾擯娝苄蒞來櫽蝖遲嬺抯徊消跩具庛駵菐躊既徲紈匷炔骙邙,habit:氏簮黎姐腚嶣髽垒鸂烄摈攀飶浟鳵攎嗞衘馪墜奷櫳檩賵巼稙銁濓櫅偝,exerciseTarget:鑂阥犲諣驨不諾鞞灴搪}

2018-04-01 15:28:19.173  INFO 71691 --- [Thread-2] o.s.w.c.s.GenericWebApplicationContext   : Closing org.springframework.web.context.support.GenericWebApplicationContext@66ce957f: startup date [Sun Apr 01 15:28:00 CST 2018]; root of context hierarchy
2018-04-01 15:28:19.177  INFO 71691 --- [Thread-2] com.zaxxer.hikari.HikariDataSource       : HikariPool-1 - Shutdown initiated...
2018-04-01 15:28:19.192  INFO 71691 --- [Thread-2] com.zaxxer.hikari.HikariDataSource       : HikariPool-1 - Shutdown completed.
2018-04-01 15:28:19.193  INFO 71691 --- [Thread-2] o.s.s.concurrent.ThreadPoolTaskExecutor  : Shutting down ExecutorService 'MyAsync'
2018-04-01 15:29:14.566  INFO 71694 --- [main] c.d.test.services.UserServiceTest        : Starting UserServiceTest on alanMacBook-Pro.local with PID 71694 (started by alan in /Users/alan/developers/ideaspace/demo/DBtest)
2018-04-01 15:29:14.568  INFO 71694 --- [main] c.d.test.services.UserServiceTest        : No active profile set, falling back to default profiles: default
2018-04-01 15:29:14.658  INFO 71694 --- [main] o.s.w.c.s.GenericWebApplicationContext   : Refreshing org.springframework.web.context.support.GenericWebApplicationContext@55b5f5d2: startup date [Sun Apr 01 15:29:14 CST 2018]; root of context hierarchy
2018-04-01 15:29:16.476  INFO 71694 --- [main] trationDelegate$BeanPostProcessorChecker : Bean 'taskExecutorConfig' of type [com.database.test.config.TaskExecutorConfig$$EnhancerBySpringCGLIB$$77aa570d] is not eligible for getting processed by all BeanPostProcessors (for example: not eligible for auto-proxying)
2018-04-01 15:29:16.500  INFO 71694 --- [main] o.s.s.concurrent.ThreadPoolTaskExecutor  : Initializing ExecutorService 
2018-04-01 15:29:16.511  INFO 71694 --- [main] o.s.s.concurrent.ThreadPoolTaskExecutor  : Initializing ExecutorService  'MyAsync'
2018-04-01 15:29:16.511  INFO 71694 --- [main] trationDelegate$BeanPostProcessorChecker : Bean 'MyAsync' of type [org.springframework.scheduling.concurrent.ThreadPoolTaskExecutor] is not eligible for getting processed by all BeanPostProcessors (for example: not eligible for auto-proxying)
2018-04-01 15:29:18.338  INFO 71694 --- [main] s.w.s.m.m.a.RequestMappingHandlerAdapter : Looking for @ControllerAdvice: org.springframework.web.context.support.GenericWebApplicationContext@55b5f5d2: startup date [Sun Apr 01 15:29:14 CST 2018]; root of context hierarchy
2018-04-01 15:29:18.509  INFO 71694 --- [main] s.w.s.m.m.a.RequestMappingHandlerMapping : Mapped "{[/user/save],methods=[GET]}" onto public java.lang.String com.database.test.controller.TestController.save(int)
2018-04-01 15:29:18.511  INFO 71694 --- [main] s.w.s.m.m.a.RequestMappingHandlerMapping : Mapped "{[/user/hello],methods=[GET]}" onto public java.lang.String com.database.test.controller.TestController.hello()
2018-04-01 15:29:18.513  INFO 71694 --- [main] s.w.s.m.m.a.RequestMappingHandlerMapping : Mapped "{[/user/batchSave],methods=[GET]}" onto public java.lang.String com.database.test.controller.TestController.batchSave(int)
2018-04-01 15:29:18.514  INFO 71694 --- [main] s.w.s.m.m.a.RequestMappingHandlerMapping : Mapped "{[/user/getUserInfoByAge],methods=[GET]}" onto public java.lang.String com.database.test.controller.TestController.getUserInfoByAge(int)
2018-04-01 15:29:18.519  INFO 71694 --- [main] s.w.s.m.m.a.RequestMappingHandlerMapping : Mapped "{[/error]}" onto public org.springframework.http.ResponseEntity<java.util.Map<java.lang.String, java.lang.Object>> org.springframework.boot.autoconfigure.web.servlet.error.BasicErrorController.error(javax.servlet.http.HttpServletRequest)
2018-04-01 15:29:18.520  INFO 71694 --- [main] s.w.s.m.m.a.RequestMappingHandlerMapping : Mapped "{[/error],produces=[text/html]}" onto public org.springframework.web.servlet.ModelAndView org.springframework.boot.autoconfigure.web.servlet.error.BasicErrorController.errorHtml(javax.servlet.http.HttpServletRequest,javax.servlet.http.HttpServletResponse)
2018-04-01 15:29:18.770  INFO 71694 --- [main] o.s.w.s.handler.SimpleUrlHandlerMapping  : Mapped URL path [/webjars/**] onto handler of type [class org.springframework.web.servlet.resource.ResourceHttpRequestHandler]
2018-04-01 15:29:18.770  INFO 71694 --- [main] o.s.w.s.handler.SimpleUrlHandlerMapping  : Mapped URL path [/**] onto handler of type [class org.springframework.web.servlet.resource.ResourceHttpRequestHandler]
2018-04-01 15:29:18.891  INFO 71694 --- [main] o.s.w.s.handler.SimpleUrlHandlerMapping  : Mapped URL path [/**/favicon.ico] onto handler of type [class org.springframework.web.servlet.resource.ResourceHttpRequestHandler]
2018-04-01 15:29:19.617  INFO 71694 --- [main] c.d.test.services.UserServiceTest        : Started UserServiceTest in 5.735 seconds (JVM running for 7.464)
2018-04-01 15:29:19.861  INFO 71694 --- [main] com.zaxxer.hikari.HikariDataSource       : HikariPool-1 - Starting...
2018-04-01 15:29:20.616  INFO 71694 --- [main] com.zaxxer.hikari.HikariDataSource       : HikariPool-1 - Start completed.
2018-04-01 15:29:27.694  INFO 71694 --- [main] com.database.test.services.UserService   : 10条最相似数据差异值为：3.4028235E38
2018-04-01 15:29:27.711  INFO 71694 --- [Thread-2] o.s.w.c.s.GenericWebApplicationContext   : Closing org.springframework.web.context.support.GenericWebApplicationContext@55b5f5d2: startup date [Sun Apr 01 15:29:14 CST 2018]; root of context hierarchy
2018-04-01 15:29:27.715  INFO 71694 --- [Thread-2] com.zaxxer.hikari.HikariDataSource       : HikariPool-1 - Shutdown initiated...
2018-04-01 15:29:27.722  INFO 71694 --- [Thread-2] com.zaxxer.hikari.HikariDataSource       : HikariPool-1 - Shutdown completed.
2018-04-01 15:29:27.723  INFO 71694 --- [Thread-2] o.s.s.concurrent.ThreadPoolTaskExecutor  : Shutting down ExecutorService 'MyAsync'
2018-04-01 15:29:37.639  INFO 71698 --- [main] c.d.test.services.UserServiceTest        : Starting UserServiceTest on alanMacBook-Pro.local with PID 71698 (started by alan in /Users/alan/developers/ideaspace/demo/DBtest)
2018-04-01 15:29:37.654  INFO 71698 --- [main] c.d.test.services.UserServiceTest        : No active profile set, falling back to default profiles: default
2018-04-01 15:29:37.754  INFO 71698 --- [main] o.s.w.c.s.GenericWebApplicationContext   : Refreshing org.springframework.web.context.support.GenericWebApplicationContext@55b5f5d2: startup date [Sun Apr 01 15:29:37 CST 2018]; root of context hierarchy
2018-04-01 15:29:39.500  INFO 71698 --- [main] trationDelegate$BeanPostProcessorChecker : Bean 'taskExecutorConfig' of type [com.database.test.config.TaskExecutorConfig$$EnhancerBySpringCGLIB$$de0fd300] is not eligible for getting processed by all BeanPostProcessors (for example: not eligible for auto-proxying)
2018-04-01 15:29:39.527  INFO 71698 --- [main] o.s.s.concurrent.ThreadPoolTaskExecutor  : Initializing ExecutorService 
2018-04-01 15:29:39.541  INFO 71698 --- [main] o.s.s.concurrent.ThreadPoolTaskExecutor  : Initializing ExecutorService  'MyAsync'
2018-04-01 15:29:39.541  INFO 71698 --- [main] trationDelegate$BeanPostProcessorChecker : Bean 'MyAsync' of type [org.springframework.scheduling.concurrent.ThreadPoolTaskExecutor] is not eligible for getting processed by all BeanPostProcessors (for example: not eligible for auto-proxying)
2018-04-01 15:29:41.282  INFO 71698 --- [main] s.w.s.m.m.a.RequestMappingHandlerAdapter : Looking for @ControllerAdvice: org.springframework.web.context.support.GenericWebApplicationContext@55b5f5d2: startup date [Sun Apr 01 15:29:37 CST 2018]; root of context hierarchy
2018-04-01 15:29:41.481  INFO 71698 --- [main] s.w.s.m.m.a.RequestMappingHandlerMapping : Mapped "{[/user/save],methods=[GET]}" onto public java.lang.String com.database.test.controller.TestController.save(int)
2018-04-01 15:29:41.482  INFO 71698 --- [main] s.w.s.m.m.a.RequestMappingHandlerMapping : Mapped "{[/user/batchSave],methods=[GET]}" onto public java.lang.String com.database.test.controller.TestController.batchSave(int)
2018-04-01 15:29:41.483  INFO 71698 --- [main] s.w.s.m.m.a.RequestMappingHandlerMapping : Mapped "{[/user/getUserInfoByAge],methods=[GET]}" onto public java.lang.String com.database.test.controller.TestController.getUserInfoByAge(int)
2018-04-01 15:29:41.483  INFO 71698 --- [main] s.w.s.m.m.a.RequestMappingHandlerMapping : Mapped "{[/user/hello],methods=[GET]}" onto public java.lang.String com.database.test.controller.TestController.hello()
2018-04-01 15:29:41.487  INFO 71698 --- [main] s.w.s.m.m.a.RequestMappingHandlerMapping : Mapped "{[/error]}" onto public org.springframework.http.ResponseEntity<java.util.Map<java.lang.String, java.lang.Object>> org.springframework.boot.autoconfigure.web.servlet.error.BasicErrorController.error(javax.servlet.http.HttpServletRequest)
2018-04-01 15:29:41.493  INFO 71698 --- [main] s.w.s.m.m.a.RequestMappingHandlerMapping : Mapped "{[/error],produces=[text/html]}" onto public org.springframework.web.servlet.ModelAndView org.springframework.boot.autoconfigure.web.servlet.error.BasicErrorController.errorHtml(javax.servlet.http.HttpServletRequest,javax.servlet.http.HttpServletResponse)
2018-04-01 15:29:41.695  INFO 71698 --- [main] o.s.w.s.handler.SimpleUrlHandlerMapping  : Mapped URL path [/webjars/**] onto handler of type [class org.springframework.web.servlet.resource.ResourceHttpRequestHandler]
2018-04-01 15:29:41.695  INFO 71698 --- [main] o.s.w.s.handler.SimpleUrlHandlerMapping  : Mapped URL path [/**] onto handler of type [class org.springframework.web.servlet.resource.ResourceHttpRequestHandler]
2018-04-01 15:29:41.858  INFO 71698 --- [main] o.s.w.s.handler.SimpleUrlHandlerMapping  : Mapped URL path [/**/favicon.ico] onto handler of type [class org.springframework.web.servlet.resource.ResourceHttpRequestHandler]
2018-04-01 15:29:42.511  INFO 71698 --- [main] c.d.test.services.UserServiceTest        : Started UserServiceTest in 6.042 seconds (JVM running for 8.214)
2018-04-01 15:29:42.687  INFO 71698 --- [main] com.zaxxer.hikari.HikariDataSource       : HikariPool-1 - Starting...
2018-04-01 15:29:43.475  INFO 71698 --- [main] com.zaxxer.hikari.HikariDataSource       : HikariPool-1 - Start completed.
2018-04-01 15:32:01.868  INFO 71698 --- [main] com.database.test.services.UserService   : 10条最相似数据差异值为：889.80005
2018-04-01 15:32:01.869  INFO 71698 --- [main] com.database.test.services.UserService   : 
{id:958,name:轙練箑,sex:true,maritalStatus:false,age:131.0,height:69.0,weight:40.0,hobby:畃疧鼒逷匡嬨秘遙惹攷,address:茞譅匱嚟隫聋顝煇蛻鯵,diseaseHistory:鳋滷笒零鈕豜糴獵瑁覜悑胚鑔脷亚龟訯堨奕邈蟍馁蕒鷺餋冘鰀腦滉褜,habit:渄悈蚭煏悬讓蚉薑鵳褹嬗鞼諃憾児需蜝褙揣晤浆筆糿偔旜珇厼嵝餩哎,exerciseTarget:牐氻魪猳殤韪杯唠洔艬}
{id:9869,name:拱飑瑓,sex:true,maritalStatus:false,age:133.0,height:75.0,weight:47.0,hobby:鱡澪贉桁驼挕汜壥讲鍢,address:菅醰聘琸惸绝徝烸烦搰,diseaseHistory:槁骼趸艬撩阱紼餚池氂駺譾桄乣屟絠缍簭妥像娯倶浨菍鏤圽烑朂鵉誖,habit:錅腻勗瘩娲唺幾懰堯黡搁儴賕鼶诣蓫熝貣搘簡襗祵糖癄识鼡緻勊梞煞,exerciseTarget:拒贾駢茮秾麲躝揤韠腨}
{id:8395,name:曮阁嚋,sex:true,maritalStatus:true,age:135.0,height:74.0,weight:7.0,hobby:擽瞆偮队细鞎帳廾笤辺,address:献丒臛绻埸嗃彶营謯沌,diseaseHistory:煜豘磸喕萛斔錿锳襐猳吀憢閦蒾呻蓕鸏實陂行韥萳牍魴塽刔找鋦罾虫,habit:阻緕窕鳌闋鋺槵宸榱牜惓垼塙川墥鶘呟隘祐麰愫麍躍躩痌戚桽臃樋鬚,exerciseTarget:嶷蔆薷郚笙汌焤鶝臰杫}
{id:7367,name:耉胢鮎,sex:true,maritalStatus:true,age:131.0,height:75.0,weight:66.0,hobby:丙對贆躱梅髟銕骉頢諵,address:驞眘髭畽闞銲寲崳餅救,diseaseHistory:纜俐麼毙捹聆缠跩釴嗠羒銒旣輋緊騿烯鼭廨嗥臱欦薻嗶遇憳覊鮀餫穿,habit:聧痰幪缇遜孨闀哣胙橘翶鞑眶擜籦晫鶀毁舋餶豎冼壪瞲籜礣殤篠斟兛,exerciseTarget:鵦廜敡鳞橤岯欏芭兒祉}
{id:4978,name:俗孢三,sex:true,maritalStatus:true,age:126.0,height:76.0,weight:47.0,hobby:剒泹柊勬廱誺嚲跷煱硖,address:绪彀幧儕侘鄱鈾痩佾幓,diseaseHistory:萷櫯鈔輧偈苬庞埽揘惍婢鰷椲鼟溰嚌儻饩酐杀樓瀾覄皾顆龑頇匿狂蛆,habit:埘尊蓒疵惶諱昵躻籈汬窻齔弢認擮虤笂箌廀艂拽笵璱圖闆诽描萳祊蟚,exerciseTarget:利汓嚗午拱谇枃群綢悭}
{id:4859,name:丳赴婇,sex:true,maritalStatus:true,age:132.0,height:64.0,weight:72.0,hobby:腆钡圕螨峛岚壈廡爀阳,address:嶒覓漞坬垊颜捦坹簍逕,diseaseHistory:鍀嫹爭劾狁灿怯乎妤窈熲鴄脿帢丧厄刅坡飁枌儌勰旓疎滎尫鹽庮楓矤,habit:岆鱡飄笩袷兼哸閶筪甝繯錀欭檆扱磂较檰硱惞瘐糠鳺薊晬耑盂捽僜搮,exerciseTarget:堓澇謿诫鋏樚湩鏵殢麣}
{id:3446,name:揜瀮餿,sex:true,maritalStatus:true,age:128.0,height:70.0,weight:10.0,hobby:鍉蓘攃攓鈸丿卜砢瑩蒹,address:昫堺縇儏屲稑炸枉將桏,diseaseHistory:浔爠贊泌鋷圵瀗熐齎鼽腳臐刂繣龋饭羵蛋鞖郖睤沕吿闠銨櫪芖捛璺蓠,habit:噸鏚骯讣醦聜炫堯忏帠愠芻相徝霧臌襾蝩溌娹鯰隊瀥阈阴蘿鳰恩竓尲,exerciseTarget:驨鑛楟涸耕珼墾痕鐸椃}
{id:2642,name:渓焴剩,sex:true,maritalStatus:true,age:122.0,height:75.0,weight:107.0,hobby:処弭似糓鈜蠟珛忰畯胣,address:患衦虈囨菤亲軭慿湂钴,diseaseHistory:齯杠魼竼悇燕鍶纚擎匔騦蒒汇鮒绀岞跐嬨觗目狒砌锳頟躁壊騰偙篞勤,habit:猽皾澬鸥鬣铕尮伓捉楕毀勴笤卞邴驜蒮氄辿谟溂距偺隇帟抦鄜瑲飵逦,exerciseTarget:巘阎犾笙忮怹鲈槫傸翔}
{id:9877,name:鴓壛盄,sex:true,maritalStatus:false,age:126.0,height:82.0,weight:35.0,hobby:虦帙鲉昽虅渉襎鎫売紛,address:追筣暪笢屷沦撨誰薥鐍,diseaseHistory:宄朦颒瑦曙塔埦淰顑蘁轟蔵鴒滇導勫狱鹄浖晌崺鞆脚鸼猳珬婻灘培屭,habit:臗鹐巬嗧閴趑蠺殮臦輁湣髴絼糏搬屏爃魚鰱拖手腲戆腽惽径雪吭蠲蟖,exerciseTarget:袹鰳栃獓嫽陾絡颈龝粄}
{id:1162,name:鷇惖仐,sex:true,maritalStatus:true,age:133.0,height:71.0,weight:32.0,hobby:皥癖聧鵆艑懼耧搕鬑奞,address:洪翶婓魩圻產僽旸條鏾,diseaseHistory:敇喂穟崏渔絝撈晘齍抉婨捹攁扤觊矄菦釟颫勺錈夥踩鞘赟猂揙杊顭雪,habit:煽幒概凕祪鲓纆簿錮撱櫑咉闷措馝鷣垌縔琖豭沨禇扎帠砠紡裷掹殥悝,exerciseTarget:柼譐緼馘菅焠愞枿峻線}

2018-04-01 15:32:01.873  INFO 71698 --- [Thread-2] o.s.w.c.s.GenericWebApplicationContext   : Closing org.springframework.web.context.support.GenericWebApplicationContext@55b5f5d2: startup date [Sun Apr 01 15:29:37 CST 2018]; root of context hierarchy
2018-04-01 15:32:01.881  INFO 71698 --- [Thread-2] com.zaxxer.hikari.HikariDataSource       : HikariPool-1 - Shutdown initiated...
2018-04-01 15:32:01.896  INFO 71698 --- [Thread-2] com.zaxxer.hikari.HikariDataSource       : HikariPool-1 - Shutdown completed.
2018-04-01 15:32:01.898  INFO 71698 --- [Thread-2] o.s.s.concurrent.ThreadPoolTaskExecutor  : Shutting down ExecutorService 'MyAsync'
2018-04-01 15:32:15.319  INFO 71703 --- [main] c.d.test.services.UserServiceTest        : Starting UserServiceTest on alanMacBook-Pro.local with PID 71703 (started by alan in /Users/alan/developers/ideaspace/demo/DBtest)
2018-04-01 15:32:15.321  INFO 71703 --- [main] c.d.test.services.UserServiceTest        : No active profile set, falling back to default profiles: default
2018-04-01 15:32:15.378  INFO 71703 --- [main] o.s.w.c.s.GenericWebApplicationContext   : Refreshing org.springframework.web.context.support.GenericWebApplicationContext@55b5f5d2: startup date [Sun Apr 01 15:32:15 CST 2018]; root of context hierarchy
2018-04-01 15:32:16.883  INFO 71703 --- [main] trationDelegate$BeanPostProcessorChecker : Bean 'taskExecutorConfig' of type [com.database.test.config.TaskExecutorConfig$$EnhancerBySpringCGLIB$$cc86b565] is not eligible for getting processed by all BeanPostProcessors (for example: not eligible for auto-proxying)
2018-04-01 15:32:16.901  INFO 71703 --- [main] o.s.s.concurrent.ThreadPoolTaskExecutor  : Initializing ExecutorService 
2018-04-01 15:32:16.915  INFO 71703 --- [main] o.s.s.concurrent.ThreadPoolTaskExecutor  : Initializing ExecutorService  'MyAsync'
2018-04-01 15:32:16.915  INFO 71703 --- [main] trationDelegate$BeanPostProcessorChecker : Bean 'MyAsync' of type [org.springframework.scheduling.concurrent.ThreadPoolTaskExecutor] is not eligible for getting processed by all BeanPostProcessors (for example: not eligible for auto-proxying)
2018-04-01 15:32:18.692  INFO 71703 --- [main] s.w.s.m.m.a.RequestMappingHandlerAdapter : Looking for @ControllerAdvice: org.springframework.web.context.support.GenericWebApplicationContext@55b5f5d2: startup date [Sun Apr 01 15:32:15 CST 2018]; root of context hierarchy
2018-04-01 15:32:18.861  INFO 71703 --- [main] s.w.s.m.m.a.RequestMappingHandlerMapping : Mapped "{[/user/save],methods=[GET]}" onto public java.lang.String com.database.test.controller.TestController.save(int)
2018-04-01 15:32:18.862  INFO 71703 --- [main] s.w.s.m.m.a.RequestMappingHandlerMapping : Mapped "{[/user/batchSave],methods=[GET]}" onto public java.lang.String com.database.test.controller.TestController.batchSave(int)
2018-04-01 15:32:18.863  INFO 71703 --- [main] s.w.s.m.m.a.RequestMappingHandlerMapping : Mapped "{[/user/getUserInfoByAge],methods=[GET]}" onto public java.lang.String com.database.test.controller.TestController.getUserInfoByAge(int)
2018-04-01 15:32:18.863  INFO 71703 --- [main] s.w.s.m.m.a.RequestMappingHandlerMapping : Mapped "{[/user/hello],methods=[GET]}" onto public java.lang.String com.database.test.controller.TestController.hello()
2018-04-01 15:32:18.867  INFO 71703 --- [main] s.w.s.m.m.a.RequestMappingHandlerMapping : Mapped "{[/error]}" onto public org.springframework.http.ResponseEntity<java.util.Map<java.lang.String, java.lang.Object>> org.springframework.boot.autoconfigure.web.servlet.error.BasicErrorController.error(javax.servlet.http.HttpServletRequest)
2018-04-01 15:32:18.868  INFO 71703 --- [main] s.w.s.m.m.a.RequestMappingHandlerMapping : Mapped "{[/error],produces=[text/html]}" onto public org.springframework.web.servlet.ModelAndView org.springframework.boot.autoconfigure.web.servlet.error.BasicErrorController.errorHtml(javax.servlet.http.HttpServletRequest,javax.servlet.http.HttpServletResponse)
2018-04-01 15:32:19.103  INFO 71703 --- [main] o.s.w.s.handler.SimpleUrlHandlerMapping  : Mapped URL path [/webjars/**] onto handler of type [class org.springframework.web.servlet.resource.ResourceHttpRequestHandler]
2018-04-01 15:32:19.103  INFO 71703 --- [main] o.s.w.s.handler.SimpleUrlHandlerMapping  : Mapped URL path [/**] onto handler of type [class org.springframework.web.servlet.resource.ResourceHttpRequestHandler]
2018-04-01 15:32:19.244  INFO 71703 --- [main] o.s.w.s.handler.SimpleUrlHandlerMapping  : Mapped URL path [/**/favicon.ico] onto handler of type [class org.springframework.web.servlet.resource.ResourceHttpRequestHandler]
2018-04-01 15:32:19.835  INFO 71703 --- [main] c.d.test.services.UserServiceTest        : Started UserServiceTest in 5.078 seconds (JVM running for 7.305)
2018-04-01 15:32:20.022  INFO 71703 --- [main] com.zaxxer.hikari.HikariDataSource       : HikariPool-1 - Starting...
2018-04-01 15:32:20.737  INFO 71703 --- [main] com.zaxxer.hikari.HikariDataSource       : HikariPool-1 - Start completed.
2018-04-01 15:34:20.459  INFO 71703 --- [main] com.database.test.services.UserService   : 10条最相似数据差异值为：943.80005
2018-04-01 15:34:20.459  INFO 71703 --- [main] com.database.test.services.UserService   : 
{id:4013,name:鏃拋庿,sex:true,maritalStatus:true,age:92.0,height:40.0,weight:59.0,hobby:檻舸哚熞变櫘簟罘汘璎,address:竍璛绸丫驔雩癈俇儳鈢,diseaseHistory:萍懣廭穋榁瞦擇犻吊鹓紈萐仐苲怜苿譆翿鎹廿癗锽拗鳏梛铤钰珿鹦嫏,habit:覞鐴栲癘釔谊鑇游镍衵景蠣廚蘪箙爋痴圵賁釹湵厶汲亀氋箁帺嗝斪弊,exerciseTarget:优蛹崇呅鈓鄞煴镾絕墙}
{id:4472,name:廂靸瑺,sex:true,maritalStatus:true,age:92.0,height:47.0,weight:71.0,hobby:陣沢諭钡鴲緃玣餓硳瞏,address:匫掩蘀經厵鷮圶閐圉将,diseaseHistory:鲔妓廡狹潈舱饎鯢鸼寨苘洠扯赕洠滻褡餭易筯唉施巬詳尵羕覔侉囤赤,habit:陮凬隚毠諸緾躾釒掞臅宎炨薨楖鸛奵秋时嬃覎竷攕浳饠賡嬒鱢邇齈蹸,exerciseTarget:蛡緟傘榊鉢摧帏褢刡湡}
{id:8119,name:渿骐鑷,sex:true,maritalStatus:true,age:94.0,height:49.0,weight:103.0,hobby:椛召駡詺饶峧鶆鴇澒鎠,address:釘渫鶫茢蔽团虌潅损穪,diseaseHistory:欲皑蓭雩牃悗敆黐蔽粳鞆嫮総伣闍骋噋髇蒇谸錫儧瘦炼飄葴幭邖鳃踩,habit:瓡岲滵挥晐溈漉忦騠苄邦傇牻鵒犉粉鑍恻鶛縗斄謃譥迖歙雐覝砤弴蜩,exerciseTarget:粳玩垛鉚縖芞蚂慹溍儾}
{id:8643,name:憧遊攝,sex:true,maritalStatus:false,age:90.0,height:36.0,weight:66.0,hobby:書肔甅抓瀄霑碽激禔焬,address:溺恳睊條踓龘硿細錎佰,diseaseHistory:蜹弯麇萶涊孀臲犴囡狊尫銣續韂僛鰣媖郆鷸沿蟺鼵虠洶够犺攎換覦蜪,habit:悡罰巷琉桝每镖嶓嬊鹰茅敔縟榭騃螲驶蹿埗挎悆塻峖豴坪現锜釘啛蔊,exerciseTarget:妽伃妵觶虲断瞼勰纈豑}
{id:8057,name:躘濙藿,sex:true,maritalStatus:true,age:81.0,height:41.0,weight:92.0,hobby:蕺魨睢鸨垐轘辭舒瀱卾,address:从頶佲簉姹皯砲呜與辒,diseaseHistory:鮲枊篪蠨樑沇鬗蛍闹颓丫穯胫澝苯溾薿膞昈痆鄶哔邇糼澃阞阍涨滩綗,habit:莩邜旌辍絤籙須杵毚遣羹詠郉軩耶养纺莞愖忌魎竹磤觀鏜翸贉瘆褽崿,exerciseTarget:鲿翪绋腀称欚圔侟晍鯬}
{id:1825,name:堾鰒奖,sex:true,maritalStatus:true,age:101.0,height:41.0,weight:112.0,hobby:興胕牐貢丼耻铺鈾椪繵,address:橬訃兴柆圞怮粀傋荾鵋,diseaseHistory:弇奋侥杲對于苂犷詨翯闅岋蔴粝唡读軁蒾衮擜誺麩鼍菚感捒鰩稰詑恜,habit:瑳酙匀嗎榙姯璴矤罻驽遘撬紙燙舸郐鵕矮韴繰歀曺寑諄轁炟鲎橋螤詟,exerciseTarget:嬣摉裉榍辇痼鹍俱幚澽}
{id:6068,name:籐瀫軿,sex:true,maritalStatus:false,age:89.0,height:28.0,weight:83.0,hobby:翉趵阛鑯脷椕蒘讑偝知,address:怏黲嫪髕译袊鈫鑁藿憽,diseaseHistory:竞碗珮姢赥送嗨讋堚兾愮慡戅杷婫閣瑭覴榼桀凜崊開瑶陶棅蕽妑舫典,habit:粦杼蛫欰劷怾赇頏课鯜瓷疜矯瞜飻貖癧鷿搃萣馵珧龄颋鮪殏甩褐鍢睃,exerciseTarget:霤跲笕虶晃彊瞤轏緷澀}
{id:7327,name:甧紙皪,sex:true,maritalStatus:false,age:90.0,height:30.0,weight:53.0,hobby:濟颤謧蕤鶴乵詘痞丿饤,address:枹鑮蟪傆獏檽悅稷鋀绚,diseaseHistory:胝仁靴冄餈篋颍孹盽猔做罭咍帏乴鍭熣颒鮚兗瓯袕蔘拌魾睔踽輤壃金,habit:嶋踓眓婀跏醈煴箋齦臣婱磛攫嫕段憁憆聪兀橵澯燡蠬稁诸啁脤躴詋岪,exerciseTarget:皽护米钣笾莛眅箿缡旈}
{id:6869,name:负韙庥,sex:true,maritalStatus:true,age:93.0,height:57.0,weight:11.0,hobby:篈袾炄緝迶挏匀鐇筚垧,address:瞷磱籔廸悍脲籃隡搩篙,diseaseHistory:躧跈騪秿響挓羉惩龂瘍朂潕働炔潷憤洹袟互鹺昘垐锫羉楄烓叡绠羼藋,habit:飒謧珜搮燋鵍吳鍤葥臯劖簖猆必濚瓊訹扔舧旤尼厤潍躸矑愎悰耿摑稉,exerciseTarget:棃縟礱躒鲂疜谗滀衷熂}
{id:9891,name:歪羡塴,sex:true,maritalStatus:true,age:95.0,height:36.0,weight:69.0,hobby:韚匁尖渗吀熊疔孂獒蓻,address:襘窾鐞郙溙濡鼚迠重偺,diseaseHistory:匈諞飙噎軪廰潁禽醭萝緄睚瞟鉫銰萙戤慄缒歛漣屰疮玜胗蔺茨椶咞匦,habit:殺迕覝馼鳎疐顬瘼踝薭鐕縩奊鶩伌鯾圙魴咊揵孳嚩靨賝阤杤旯沃琜陓,exerciseTarget:繲砫儇離濑胒錷糙魩眜}

2018-04-01 15:34:20.464  INFO 71703 --- [Thread-2] o.s.w.c.s.GenericWebApplicationContext   : Closing org.springframework.web.context.support.GenericWebApplicationContext@55b5f5d2: startup date [Sun Apr 01 15:32:15 CST 2018]; root of context hierarchy
2018-04-01 15:34:20.469  INFO 71703 --- [Thread-2] com.zaxxer.hikari.HikariDataSource       : HikariPool-1 - Shutdown initiated...
2018-04-01 15:34:20.489  INFO 71703 --- [Thread-2] com.zaxxer.hikari.HikariDataSource       : HikariPool-1 - Shutdown completed.
2018-04-01 15:34:20.489  INFO 71703 --- [Thread-2] o.s.s.concurrent.ThreadPoolTaskExecutor  : Shutting down ExecutorService 'MyAsync'
2018-04-01 15:35:08.315  INFO 71708 --- [main] c.d.test.services.UserServiceTest        : Starting UserServiceTest on alanMacBook-Pro.local with PID 71708 (started by alan in /Users/alan/developers/ideaspace/demo/DBtest)
2018-04-01 15:35:08.317  INFO 71708 --- [main] c.d.test.services.UserServiceTest        : No active profile set, falling back to default profiles: default
2018-04-01 15:35:08.383  INFO 71708 --- [main] o.s.w.c.s.GenericWebApplicationContext   : Refreshing org.springframework.web.context.support.GenericWebApplicationContext@66ce957f: startup date [Sun Apr 01 15:35:08 CST 2018]; root of context hierarchy
2018-04-01 15:35:10.007  INFO 71708 --- [main] trationDelegate$BeanPostProcessorChecker : Bean 'taskExecutorConfig' of type [com.database.test.config.TaskExecutorConfig$$EnhancerBySpringCGLIB$$59d67127] is not eligible for getting processed by all BeanPostProcessors (for example: not eligible for auto-proxying)
2018-04-01 15:35:10.033  INFO 71708 --- [main] o.s.s.concurrent.ThreadPoolTaskExecutor  : Initializing ExecutorService 
2018-04-01 15:35:10.044  INFO 71708 --- [main] o.s.s.concurrent.ThreadPoolTaskExecutor  : Initializing ExecutorService  'MyAsync'
2018-04-01 15:35:10.045  INFO 71708 --- [main] trationDelegate$BeanPostProcessorChecker : Bean 'MyAsync' of type [org.springframework.scheduling.concurrent.ThreadPoolTaskExecutor] is not eligible for getting processed by all BeanPostProcessors (for example: not eligible for auto-proxying)
2018-04-01 15:35:11.696  INFO 71708 --- [main] s.w.s.m.m.a.RequestMappingHandlerAdapter : Looking for @ControllerAdvice: org.springframework.web.context.support.GenericWebApplicationContext@66ce957f: startup date [Sun Apr 01 15:35:08 CST 2018]; root of context hierarchy
2018-04-01 15:35:11.889  INFO 71708 --- [main] s.w.s.m.m.a.RequestMappingHandlerMapping : Mapped "{[/user/save],methods=[GET]}" onto public java.lang.String com.database.test.controller.TestController.save(int)
2018-04-01 15:35:11.890  INFO 71708 --- [main] s.w.s.m.m.a.RequestMappingHandlerMapping : Mapped "{[/user/hello],methods=[GET]}" onto public java.lang.String com.database.test.controller.TestController.hello()
2018-04-01 15:35:11.891  INFO 71708 --- [main] s.w.s.m.m.a.RequestMappingHandlerMapping : Mapped "{[/user/batchSave],methods=[GET]}" onto public java.lang.String com.database.test.controller.TestController.batchSave(int)
2018-04-01 15:35:11.891  INFO 71708 --- [main] s.w.s.m.m.a.RequestMappingHandlerMapping : Mapped "{[/user/getUserInfoByAge],methods=[GET]}" onto public java.lang.String com.database.test.controller.TestController.getUserInfoByAge(int)
2018-04-01 15:35:11.894  INFO 71708 --- [main] s.w.s.m.m.a.RequestMappingHandlerMapping : Mapped "{[/error]}" onto public org.springframework.http.ResponseEntity<java.util.Map<java.lang.String, java.lang.Object>> org.springframework.boot.autoconfigure.web.servlet.error.BasicErrorController.error(javax.servlet.http.HttpServletRequest)
2018-04-01 15:35:11.896  INFO 71708 --- [main] s.w.s.m.m.a.RequestMappingHandlerMapping : Mapped "{[/error],produces=[text/html]}" onto public org.springframework.web.servlet.ModelAndView org.springframework.boot.autoconfigure.web.servlet.error.BasicErrorController.errorHtml(javax.servlet.http.HttpServletRequest,javax.servlet.http.HttpServletResponse)
2018-04-01 15:35:12.146  INFO 71708 --- [main] o.s.w.s.handler.SimpleUrlHandlerMapping  : Mapped URL path [/webjars/**] onto handler of type [class org.springframework.web.servlet.resource.ResourceHttpRequestHandler]
2018-04-01 15:35:12.147  INFO 71708 --- [main] o.s.w.s.handler.SimpleUrlHandlerMapping  : Mapped URL path [/**] onto handler of type [class org.springframework.web.servlet.resource.ResourceHttpRequestHandler]
2018-04-01 15:35:12.262  INFO 71708 --- [main] o.s.w.s.handler.SimpleUrlHandlerMapping  : Mapped URL path [/**/favicon.ico] onto handler of type [class org.springframework.web.servlet.resource.ResourceHttpRequestHandler]
2018-04-01 15:35:12.810  INFO 71708 --- [main] c.d.test.services.UserServiceTest        : Started UserServiceTest in 5.13 seconds (JVM running for 7.02)
2018-04-01 15:35:13.041  INFO 71708 --- [main] com.zaxxer.hikari.HikariDataSource       : HikariPool-1 - Starting...
2018-04-01 15:35:13.761  INFO 71708 --- [main] com.zaxxer.hikari.HikariDataSource       : HikariPool-1 - Start completed.
2018-04-01 15:35:23.957  INFO 71708 --- [main] com.database.test.services.UserService   : 10条最相似数据差异值为：950.4
2018-04-01 15:35:23.957  INFO 71708 --- [main] com.database.test.services.UserService   : 
{id:4529,name:濲邅傻,sex:true,maritalStatus:false,age:143.0,height:185.0,weight:88.0,hobby:抣爋摡詧寁銌欘悢凛柺,address:並煙蛠艷鏷跻注嘩哰垳,diseaseHistory:惑摘澠曢廤苑罹誎战鎓頻懣驔醦溌汜际勧軼写挞蜯陀儨漲鈆蘷椊揘罚,habit:痌穭鸯彝苖噓郓偣鍿変酗裲犏色衖黤春噙痘裠彨枴浫鴔佨隫矲矎驶杽,exerciseTarget:晾礦躦牝螁捩韧徕篖飮}
{id:2716,name:棕娔穫,sex:true,maritalStatus:false,age:145.0,height:183.0,weight:25.0,hobby:繁侜拂艘衛輪熘癤骬讛,address:钂禫轄灭窔奰豌憒苣炭,diseaseHistory:庲臊仰焾偩钦脿幥鄗櫕匑田呸曙貧拈醊菀獀熽瘢俽慠崙礄根咞鞦煮歼,habit:歸韲瞝薰蠬呃矠觜贍顼靀鑱钿漺梉璈鬤襧脔儴掟国軭懱芣硢萒鹶嫋礻,exerciseTarget:昧桭彜闼萺驻熰紪罱觘}
{id:2568,name:舼加沖,sex:true,maritalStatus:true,age:143.0,height:187.0,weight:108.0,hobby:徆曓虜鯵邲浆樊簊鰤硌,address:鶂讦癐鑽訸徕僦鱦裭蔾,diseaseHistory:珔灛瑯噭郒指嬖眻塏崔鏳贀厽棙黛乘伯磢垚魌菇虲規釗兓證醇鈽餻匨,habit:痶蝞焻嫗顼筳拧騁言妓戲孚岜鶖鶩坢擕啠蔀喫猦兙掰畨誰璟醬琰酏沲,exerciseTarget:孃刕虺涣晜探搑颈颡蛖}
{id:3054,name:抖苁阤,sex:true,maritalStatus:true,age:144.0,height:186.0,weight:64.0,hobby:筋旦髸涚鎾碛蠉痆殈鏑,address:蛫多醺顣歗割聢鐘觇耱,diseaseHistory:噹無説缱走鳞壝跾捅堅衲炒虫荔蝭耨珰硺钁炅蓓岻椇柗鷇騱煹艪庢渣,habit:贬钛鎣蛷攫饏培蛉箵姜乊夒貿捉埣亄艠蕩庑蝫扆穻邴渰蟪辢帇澦軒呆,exerciseTarget:駦蘠榍冊綵顗縕枫瞩邞}
{id:2750,name:莧鍊盱,sex:true,maritalStatus:true,age:141.0,height:183.0,weight:117.0,hobby:铔丙嗸砼忿殊沵乨烤圧,address:孇凴屷坚曌笸櫌椴訙磩,diseaseHistory:殆圆彙朲瀃漱咳侣翣糤菉塜庨棲挋侃慑碖趶妜詄哣張壪姭祁檬穼鷹荣,habit:葉寓鲠帾磎氻璸匢挞嗈偸芾今滹鮄婊鴨妒囮旰漋嫐膰偛鲡窰偣蟭閎瞽,exerciseTarget:蛐礌婽媉罋酣朽鏰镸幡}
{id:1156,name:竺舮妒,sex:true,maritalStatus:true,age:141.0,height:187.0,weight:38.0,hobby:箷岎祇儇浝鰢妛湯薼昲,address:曚塓脒齱毶瑒艡妮淡周,diseaseHistory:茌虖譵艃訹赪濬羼隽诮戊栬椠嵶劾欐啚睎珆鹂阡贫慻緙轑濝妀罀軅旣,habit:鯭娅舛桵腇圌泞嶬麔五骿軕挒伏虺霃瞭叮毳癢檕赂躊罣魄籟鞤湘玥嗾,exerciseTarget:臉敲彳竼糡升崊妈箨稽}
{id:1129,name:綴浌茫,sex:true,maritalStatus:true,age:139.0,height:186.0,weight:52.0,hobby:尗梬煦箜羙炾惺旰钌裄,address:婇誙倓灞憡弴谽崳餺丹,diseaseHistory:饉顲皋镢准磉苴伌襫聦奟吻虡龓鷄纝唼奘蘍誅詧签郥綤蜿吀经馍罂簕,habit:涅箸拵恵稉政騳懍矢詌拚淹帞庚瓻掹骬邲菪楛楷襫癓请钨軴油媁岚浼,exerciseTarget:荳袍篗蓉鄏诫躉鋊嬸蕀}
{id:959,name:檜鏻锦,sex:true,maritalStatus:false,age:140.0,height:183.0,weight:62.0,hobby:惥衤贌谗摸雒蟄伟望孋,address:求拃镌讱闼亵縠錚埛請,diseaseHistory:煞溦帕瓦噣岛颔鎵怩爝樈啩呲鳍鍬卾韛朧酸暏勊踉鶎拀锛痢櫓麸幬邡,habit:詥讟俑护骔灈諛踅銛淊鉼瓂紃榙嬶魈鵾縁蚎颳蟇棞涬緖譍潷訶萲炣湲,exerciseTarget:疀嗯癭响睬拊釭稂蠋防}
{id:1184,name:畺蕵燅,sex:true,maritalStatus:true,age:146.0,height:176.0,weight:88.0,hobby:鬐堞搶誆圗靬鲷腁睐嬘,address:鍵咯虳頔恼旺枲巶忓噯,diseaseHistory:韙疜餘鼾鉰凟諨昧敽脓辕玠兒凭鼔鯆笁疚覛颸校蘴倏澟阗笇鋸荏摺榢,habit:蓃藱纐擐乨徽揠髏廁鳊嵕鳃摡羟亄閁鬉韠睯皯辙獎鰓枾碽芻贓趍铤籱,exerciseTarget:壱膝瘔搙鏂蝬棊父樇邒}
{id:8693,name:傅讱錖,sex:true,maritalStatus:false,age:139.0,height:176.0,weight:37.0,hobby:醥鴮掹熐帉臿泾孬梟倐,address:囩騖濱絶蛭藟冹毎元脂,diseaseHistory:纞鋮嶪潞暮屡椂仫竝亘孨疊繹畓遾蚢撹緱鴋嶞磽虼背蘗藚蛟瓿锦怛椥,habit:蜱蹐馿癕鮍裫拺匐寱穩閫髇谙邥頓楋杵竣豗錄斸桦銤聨隅单羗窆裝梜,exerciseTarget:庉禶魇嫹忢蒐韮戲欕儱}

2018-04-01 15:35:23.962  INFO 71708 --- [Thread-2] o.s.w.c.s.GenericWebApplicationContext   : Closing org.springframework.web.context.support.GenericWebApplicationContext@66ce957f: startup date [Sun Apr 01 15:35:08 CST 2018]; root of context hierarchy
2018-04-01 15:35:23.967  INFO 71708 --- [Thread-2] com.zaxxer.hikari.HikariDataSource       : HikariPool-1 - Shutdown initiated...
2018-04-01 15:35:23.981  INFO 71708 --- [Thread-2] com.zaxxer.hikari.HikariDataSource       : HikariPool-1 - Shutdown completed.
2018-04-01 15:35:23.981  INFO 71708 --- [Thread-2] o.s.s.concurrent.ThreadPoolTaskExecutor  : Shutting down ExecutorService 'MyAsync'
2018-04-01 15:35:34.192  INFO 71711 --- [main] c.d.test.services.UserServiceTest        : Starting UserServiceTest on alanMacBook-Pro.local with PID 71711 (started by alan in /Users/alan/developers/ideaspace/demo/DBtest)
2018-04-01 15:35:34.195  INFO 71711 --- [main] c.d.test.services.UserServiceTest        : No active profile set, falling back to default profiles: default
2018-04-01 15:35:34.341  INFO 71711 --- [main] o.s.w.c.s.GenericWebApplicationContext   : Refreshing org.springframework.web.context.support.GenericWebApplicationContext@66ce957f: startup date [Sun Apr 01 15:35:34 CST 2018]; root of context hierarchy
2018-04-01 15:35:35.918  INFO 71711 --- [main] trationDelegate$BeanPostProcessorChecker : Bean 'taskExecutorConfig' of type [com.database.test.config.TaskExecutorConfig$$EnhancerBySpringCGLIB$$5a117793] is not eligible for getting processed by all BeanPostProcessors (for example: not eligible for auto-proxying)
2018-04-01 15:35:35.936  INFO 71711 --- [main] o.s.s.concurrent.ThreadPoolTaskExecutor  : Initializing ExecutorService 
2018-04-01 15:35:35.947  INFO 71711 --- [main] o.s.s.concurrent.ThreadPoolTaskExecutor  : Initializing ExecutorService  'MyAsync'
2018-04-01 15:35:35.947  INFO 71711 --- [main] trationDelegate$BeanPostProcessorChecker : Bean 'MyAsync' of type [org.springframework.scheduling.concurrent.ThreadPoolTaskExecutor] is not eligible for getting processed by all BeanPostProcessors (for example: not eligible for auto-proxying)
2018-04-01 15:35:37.908  INFO 71711 --- [main] s.w.s.m.m.a.RequestMappingHandlerAdapter : Looking for @ControllerAdvice: org.springframework.web.context.support.GenericWebApplicationContext@66ce957f: startup date [Sun Apr 01 15:35:34 CST 2018]; root of context hierarchy
2018-04-01 15:35:38.062  INFO 71711 --- [main] s.w.s.m.m.a.RequestMappingHandlerMapping : Mapped "{[/user/save],methods=[GET]}" onto public java.lang.String com.database.test.controller.TestController.save(int)
2018-04-01 15:35:38.063  INFO 71711 --- [main] s.w.s.m.m.a.RequestMappingHandlerMapping : Mapped "{[/user/hello],methods=[GET]}" onto public java.lang.String com.database.test.controller.TestController.hello()
2018-04-01 15:35:38.063  INFO 71711 --- [main] s.w.s.m.m.a.RequestMappingHandlerMapping : Mapped "{[/user/batchSave],methods=[GET]}" onto public java.lang.String com.database.test.controller.TestController.batchSave(int)
2018-04-01 15:35:38.064  INFO 71711 --- [main] s.w.s.m.m.a.RequestMappingHandlerMapping : Mapped "{[/user/getUserInfoByAge],methods=[GET]}" onto public java.lang.String com.database.test.controller.TestController.getUserInfoByAge(int)
2018-04-01 15:35:38.067  INFO 71711 --- [main] s.w.s.m.m.a.RequestMappingHandlerMapping : Mapped "{[/error]}" onto public org.springframework.http.ResponseEntity<java.util.Map<java.lang.String, java.lang.Object>> org.springframework.boot.autoconfigure.web.servlet.error.BasicErrorController.error(javax.servlet.http.HttpServletRequest)
2018-04-01 15:35:38.068  INFO 71711 --- [main] s.w.s.m.m.a.RequestMappingHandlerMapping : Mapped "{[/error],produces=[text/html]}" onto public org.springframework.web.servlet.ModelAndView org.springframework.boot.autoconfigure.web.servlet.error.BasicErrorController.errorHtml(javax.servlet.http.HttpServletRequest,javax.servlet.http.HttpServletResponse)
2018-04-01 15:35:38.307  INFO 71711 --- [main] o.s.w.s.handler.SimpleUrlHandlerMapping  : Mapped URL path [/webjars/**] onto handler of type [class org.springframework.web.servlet.resource.ResourceHttpRequestHandler]
2018-04-01 15:35:38.307  INFO 71711 --- [main] o.s.w.s.handler.SimpleUrlHandlerMapping  : Mapped URL path [/**] onto handler of type [class org.springframework.web.servlet.resource.ResourceHttpRequestHandler]
2018-04-01 15:35:38.472  INFO 71711 --- [main] o.s.w.s.handler.SimpleUrlHandlerMapping  : Mapped URL path [/**/favicon.ico] onto handler of type [class org.springframework.web.servlet.resource.ResourceHttpRequestHandler]
2018-04-01 15:35:39.021  INFO 71711 --- [main] c.d.test.services.UserServiceTest        : Started UserServiceTest in 5.527 seconds (JVM running for 7.35)
2018-04-01 15:35:39.241  INFO 71711 --- [main] com.zaxxer.hikari.HikariDataSource       : HikariPool-1 - Starting...
2018-04-01 15:35:40.351  INFO 71711 --- [main] com.zaxxer.hikari.HikariDataSource       : HikariPool-1 - Start completed.
2018-04-01 15:35:53.700  INFO 71711 --- [main] com.database.test.services.UserService   : 10条最相似数据差异值为：941.99994
2018-04-01 15:35:53.701  INFO 71711 --- [main] com.database.test.services.UserService   : 
{id:2605,name:朌烗钆,sex:true,maritalStatus:true,age:15.0,height:12.0,weight:113.0,hobby:譊蟙傠勗萊釀熊郓樯妛,address:六曥弓瘖酬哐湒冷恜驨,diseaseHistory:元呱褷轢餽攍溫殘蝏檲忳兺歮圥辵崯鹠祟亁勔莐凇印骖矸鼁縣絧厈婄,habit:聪坉牘阬鴁香缌鱔餿礪胘铉溁辿灔岧營斣鲑診唺纯梏怄槄鋫聩圲豂嗺,exerciseTarget:愀嵧怍厡柷國竁蝺糐愭}
{id:9693,name:蚑洗趙,sex:true,maritalStatus:true,age:15.0,height:13.0,weight:121.0,hobby:崞谒莎擟鳴狈氱舲墈蘶,address:覫痲椳焍踢搇癣臺慹瓬,diseaseHistory:苨淎噣葦峆駹梗黹嵣辩舼攄獿唄鰸棊洙莪腝譱蓅供訵旯浄釠朿訡担釲,habit:嫉羀幕拐容婻燒覻咶癃畩遰瑱蝣扂鈢皒謺倠簭踷笡双硔驲穸踚敷碗眺,exerciseTarget:鵼艹氜曾稙祉奪歀駱丹}
{id:6077,name:毳手磩,sex:true,maritalStatus:false,age:13.0,height:6.0,weight:106.0,hobby:瀆鐩抚湵夹唧琯鸞缶缔,address:菌釄瓱彳慯纲惗碴蝦辋,diseaseHistory:亴養崿嵂鮈泬鏊湸箁棄晘紮懤遃壝常妫楨垂買沽馷欪瓙贈闤躄莂嶉勌,habit:豆嘘庥勅葮槐绅尔坃苮嘗诽咲成茄闅轙檱薚酩吴藿崢澡潶辡椴鄗塆躯,exerciseTarget:珀機饡邷凬失蟝犠籭喈}
{id:3929,name:耹忚吖,sex:true,maritalStatus:false,age:18.0,height:10.0,weight:167.0,hobby:沀容躝蓦霆焽獬爫瘲栩,address:訵雙嶊绘趫坠碙抉企秥,diseaseHistory:分疜狂某靭傮聠葐斯傜铛穾焛泉懎戂嘋趡鋊灴慒厳不郔懝溇挈豕戙镃,habit:敿渮湎鰸絠嘀輟趝锯尵榁薈稄撮哾廦琸驍涽鼙峠例墒闓掹謓鰡膥漫悭,exerciseTarget:袦侥傒汷訪牶溦蟑賝壚}
{id:5299,name:雘驇曘,sex:true,maritalStatus:false,age:18.0,height:19.0,weight:120.0,hobby:偬荷濮婙劌麊残墺嚪渱,address:煿嫚糚讔砗麏澻媦嬟扰,diseaseHistory:茺挪嗅郓欻傠傢達檦烰暰酯烋篅枷瘹錀券嶽橫孥残破縆渫楋客縱缹鑝,habit:习潦熂瓌骿栙箷吝捽豈吠剩鐐梛殗噠弙蔾熒搿茓实諗禘卶蓇黅淸帠李,exerciseTarget:蹫乂婨俁痜菎牰賐騮蠀}
{id:4484,name:恞磒狽,sex:true,maritalStatus:false,age:11.0,height:2.0,weight:132.0,hobby:趶嶏函戕蟊驦賦漂饛塲,address:鋪灣艸纩漡坓宵宄懠囥,diseaseHistory:龇瞭屦凭禕粆僪聄藨耑礥销佔珒酐艠柂擒鞡攽襯菛刑裊鯏椒慹鸚顝鲅,habit:韒庅斒畨鬦聳椨涬鲒但芑庴臸熂锼驥欪炧唂瞌犜汄粖姠饱披瘗檒簤詜,exerciseTarget:噊鄜翫迪埧挪沑肃凜捖}
{id:8320,name:輍蘍靲,sex:true,maritalStatus:true,age:6.0,height:7.0,weight:122.0,hobby:憏泺莯咰榗摪犗硿乤囮,address:鮹迊舫娶骷岠鰒熒昂菹,diseaseHistory:佌嫽梃奐茚洖颿鹄瞖溵抜傃曦箍颼瘅綷簖蝋訠鏋賸纥酮酘儱镺灑适輭,habit:詇檋鵥蒋瓖曒锵銀翦儯蠺惣饃禒陆嗕蕙阐耂罓犉瘶雒荛鉵辸鍭蛽鈔腛,exerciseTarget:嘲迎墵磗曃竔审蜛伂菍}
{id:5316,name:茋鋸塤,sex:true,maritalStatus:true,age:12.0,height:2.0,weight:108.0,hobby:簐溌嵚淂枴鴓仲纣扔痷,address:骛飙贅蕎灍嵪僞詤鋐届,diseaseHistory:殓琱瀰贵澫聦沋諞衽苽泗仹薦熴皦莞藷孍卟骚佂哺譢赼观愴婢縁摻畉,habit:籗伱膜鴷群廩鏁味媔怎蹷撱貸睔崎鄙崊郗飘鹺鴗黃韫驣贡檺滵償迏嶝,exerciseTarget:湖嚍玚椺櫂蝒琟勡僅禹}
{id:5516,name:釳损猏,sex:true,maritalStatus:true,age:21.0,height:9.0,weight:91.0,hobby:韽輙枨鈉掱櫬恼蕛通跠,address:鰉胘殅氢锓摊摓器嫪鄿,diseaseHistory:熿鳟懾衠锭禦簳楳麁渉顈凰罕剜鋜纤謷韹糔龊闭譣瑮痠箢煋徍牿翧臗,habit:疪槷宗踍膖頟魣怎遀跲焫讠鳡哴撕帩艞撐鮈鰉颋骘韘瞑警錞碟嬔松絞,exerciseTarget:厢难玜蜋瞐喇褚皅賓曕}
{id:3896,name:馮風髳,sex:true,maritalStatus:false,age:22.0,height:12.0,weight:196.0,hobby:挝顛躄挾暒圃颻蛚秫汴,address:姙杋灪髍鹝踱輤垇資毷,diseaseHistory:爉靃乭瀻麜蟽啷啦険寒蝓擟聧饶汽厘盵垚墟奜秪巻飖喐痮灺薧葓務犾,habit:硐嵀碟褻弍餮瓾漧歎覩趂祕夾蝎岸輀錠瀈謽扣馏材睑狇官绺菋驂萠摭,exerciseTarget:钘劳稊鷄麥为燛垛鎅犪}

2018-04-01 15:35:53.731  INFO 71711 --- [Thread-2] o.s.w.c.s.GenericWebApplicationContext   : Closing org.springframework.web.context.support.GenericWebApplicationContext@66ce957f: startup date [Sun Apr 01 15:35:34 CST 2018]; root of context hierarchy
2018-04-01 15:35:53.748  INFO 71711 --- [Thread-2] com.zaxxer.hikari.HikariDataSource       : HikariPool-1 - Shutdown initiated...
2018-04-01 15:35:53.824  INFO 71711 --- [Thread-2] com.zaxxer.hikari.HikariDataSource       : HikariPool-1 - Shutdown completed.
2018-04-01 15:35:53.827  INFO 71711 --- [Thread-2] o.s.s.concurrent.ThreadPoolTaskExecutor  : Shutting down ExecutorService 'MyAsync'
2018-04-01 15:37:39.921  INFO 71720 --- [main] c.d.test.services.UserServiceTest        : Starting UserServiceTest on alanMacBook-Pro.local with PID 71720 (started by alan in /Users/alan/developers/ideaspace/demo/DBtest)
2018-04-01 15:37:39.928  INFO 71720 --- [main] c.d.test.services.UserServiceTest        : No active profile set, falling back to default profiles: default
2018-04-01 15:37:40.083  INFO 71720 --- [main] o.s.w.c.s.GenericWebApplicationContext   : Refreshing org.springframework.web.context.support.GenericWebApplicationContext@66ce957f: startup date [Sun Apr 01 15:37:40 CST 2018]; root of context hierarchy
2018-04-01 15:37:42.165  INFO 71720 --- [main] trationDelegate$BeanPostProcessorChecker : Bean 'taskExecutorConfig' of type [com.database.test.config.TaskExecutorConfig$$EnhancerBySpringCGLIB$$5327961c] is not eligible for getting processed by all BeanPostProcessors (for example: not eligible for auto-proxying)
2018-04-01 15:37:42.191  INFO 71720 --- [main] o.s.s.concurrent.ThreadPoolTaskExecutor  : Initializing ExecutorService 
2018-04-01 15:37:42.207  INFO 71720 --- [main] o.s.s.concurrent.ThreadPoolTaskExecutor  : Initializing ExecutorService  'MyAsync'
2018-04-01 15:37:42.208  INFO 71720 --- [main] trationDelegate$BeanPostProcessorChecker : Bean 'MyAsync' of type [org.springframework.scheduling.concurrent.ThreadPoolTaskExecutor] is not eligible for getting processed by all BeanPostProcessors (for example: not eligible for auto-proxying)
2018-04-01 15:37:44.331  INFO 71720 --- [main] s.w.s.m.m.a.RequestMappingHandlerAdapter : Looking for @ControllerAdvice: org.springframework.web.context.support.GenericWebApplicationContext@66ce957f: startup date [Sun Apr 01 15:37:40 CST 2018]; root of context hierarchy
2018-04-01 15:37:44.502  INFO 71720 --- [main] s.w.s.m.m.a.RequestMappingHandlerMapping : Mapped "{[/user/save],methods=[GET]}" onto public java.lang.String com.database.test.controller.TestController.save(int)
2018-04-01 15:37:44.504  INFO 71720 --- [main] s.w.s.m.m.a.RequestMappingHandlerMapping : Mapped "{[/user/batchSave],methods=[GET]}" onto public java.lang.String com.database.test.controller.TestController.batchSave(int)
2018-04-01 15:37:44.504  INFO 71720 --- [main] s.w.s.m.m.a.RequestMappingHandlerMapping : Mapped "{[/user/getUserInfoByAge],methods=[GET]}" onto public java.lang.String com.database.test.controller.TestController.getUserInfoByAge(int)
2018-04-01 15:37:44.504  INFO 71720 --- [main] s.w.s.m.m.a.RequestMappingHandlerMapping : Mapped "{[/user/hello],methods=[GET]}" onto public java.lang.String com.database.test.controller.TestController.hello()
2018-04-01 15:37:44.508  INFO 71720 --- [main] s.w.s.m.m.a.RequestMappingHandlerMapping : Mapped "{[/error]}" onto public org.springframework.http.ResponseEntity<java.util.Map<java.lang.String, java.lang.Object>> org.springframework.boot.autoconfigure.web.servlet.error.BasicErrorController.error(javax.servlet.http.HttpServletRequest)
2018-04-01 15:37:44.509  INFO 71720 --- [main] s.w.s.m.m.a.RequestMappingHandlerMapping : Mapped "{[/error],produces=[text/html]}" onto public org.springframework.web.servlet.ModelAndView org.springframework.boot.autoconfigure.web.servlet.error.BasicErrorController.errorHtml(javax.servlet.http.HttpServletRequest,javax.servlet.http.HttpServletResponse)
2018-04-01 15:37:44.776  INFO 71720 --- [main] o.s.w.s.handler.SimpleUrlHandlerMapping  : Mapped URL path [/webjars/**] onto handler of type [class org.springframework.web.servlet.resource.ResourceHttpRequestHandler]
2018-04-01 15:37:44.776  INFO 71720 --- [main] o.s.w.s.handler.SimpleUrlHandlerMapping  : Mapped URL path [/**] onto handler of type [class org.springframework.web.servlet.resource.ResourceHttpRequestHandler]
2018-04-01 15:37:44.951  INFO 71720 --- [main] o.s.w.s.handler.SimpleUrlHandlerMapping  : Mapped URL path [/**/favicon.ico] onto handler of type [class org.springframework.web.servlet.resource.ResourceHttpRequestHandler]
2018-04-01 15:37:45.504  INFO 71720 --- [main] c.d.test.services.UserServiceTest        : Started UserServiceTest in 6.735 seconds (JVM running for 9.275)
2018-04-01 15:37:45.741  INFO 71720 --- [main] com.zaxxer.hikari.HikariDataSource       : HikariPool-1 - Starting...
2018-04-01 15:37:47.030  INFO 71720 --- [main] com.zaxxer.hikari.HikariDataSource       : HikariPool-1 - Start completed.
2018-04-01 15:38:01.041  INFO 71720 --- [main] com.database.test.services.UserService   : 10条最相似数据差异值为：916.5999
2018-04-01 15:38:01.042  INFO 71720 --- [main] com.database.test.services.UserService   : 
{id:7587,name:雉槢詸,sex:false,maritalStatus:true,age:2.0,height:32.0,weight:49.0,hobby:趻低鼱還獢椢敷塅请眜,address:虲瞻缮鲀箎挎爆菶狕讆,diseaseHistory:汃扳誜巍謓緙峾茔璦岄讫崙谢裮蝠悎湌攎幃飼鄏夀獈牃篴靷嚊綹縭鬤,habit:澷拶縱伖锬皧吕鍯罾澔誼瀩僷簭諭袌棌壦嚻荆他錟萑靰氓枽癶褬唠佾,exerciseTarget:趀躑正觵蜝川侵緕甃誒}
{id:5584,name:巊侇沁,sex:false,maritalStatus:true,age:4.0,height:24.0,weight:120.0,hobby:銊彻書袹擾骢嚧狩糹鎸,address:瘿鲏謇賟構譌穏鷗衰壵,diseaseHistory:業縳鰽穧嗲鳄毽鹰荆蔕笙磏咩輘俕泣鐲柪鮎鎿藹窮各鯭鍀洨艙籨層纞,habit:擘蟤昏铀韛大洔硞檐轝徐撷腘处拫漙鯒壏薱翂虋徸耂聊劵櫋赔邪渫酑,exerciseTarget:坽锯妞銓鱤颥炏鍱雇郖}
{id:7338,name:闂掛企,sex:false,maritalStatus:true,age:13.0,height:33.0,weight:119.0,hobby:褽踆鯴谧昛菫殇邮浺姐,address:缢慺嘟怓計辧臚醅穣冓,diseaseHistory:嶞纟鍱露箖晔鸥段艅蕍篳讏鎞陻狩統浗岖鞞愢棩蚥蓜垷欴樣估皖謩髡,habit:頩蒇擇埡滷罗間繫幈奍瓅槴粼沉蜁觑疍操銺鴕抢麿眚鄦羏鸈橳邿鼖訒,exerciseTarget:蕃驡虡鋉儩妸苁軮榺咚}
{id:8925,name:笗頌坭,sex:false,maritalStatus:false,age:2.0,height:27.0,weight:103.0,hobby:炋偏抨靷袾鱭詖閰哭子,address:譠咫絁琈禭钸虚酞艷嬭,diseaseHistory:僦殬惉賠豙憤筆騵皘令鐿卲肛舄檜翠阡詍擾菟鹜堲淈铝齵懂蓫谪勃蕒,habit:曨鹖鰚畩崭繞冓瑑顺魼墿騏榟淶磖鶟裼辇椋枧鲺瑚轝捜咫蹢芀骇晑襚,exerciseTarget:蠑钵絕悍綉柗鱾飐裱賊}
{id:5617,name:簖冃嶙,sex:false,maritalStatus:true,age:11.0,height:32.0,weight:48.0,hobby:騕宅跨焫雷婾縞詰嚹沴,address:鲺青魓殸蓁籥艨愵玻媷,diseaseHistory:螑碝礡甈揞貼榬廜檺鷓剧蔕玵繜緻跴魛伞樓擋繐譢歩冉瘩谥攲胝呷摮,habit:瘑碛珗苰罗遺嚓諿孄蚉乘踧楮癆劳倧曳竵鈆夦輧馔折笎岤罅姷瓙蘄记,exerciseTarget:碈甙悕贾觜袶烈龐鲩崄}
{id:3920,name:蘖杹蠤,sex:false,maritalStatus:true,age:7.0,height:30.0,weight:92.0,hobby:冮匊黮馺鳬赐巆抙渏梜,address:鶉暶哭飭枾蓳餌竇榞丂,diseaseHistory:旨兴還萦癙髃鹒剰處啝酑皑嘋汪鎡甫呿眉蠨膴墌闹聑黲浇甍勊胓胠蜱,habit:獑顯拱捬嗙褱閏誄静黺歕癭粍簀寮薿熫傊隭凷稩莇孱亂莵馗膊瓃咩蹑,exerciseTarget:裫櫄婛苲鐝癳鄢唬葢鸃}
{id:2884,name:嫇髠卧,sex:false,maritalStatus:false,age:8.0,height:31.0,weight:104.0,hobby:电匥沶箘癚蕏赕爝咪鹸,address:筁鴵廌鵑壒爗夐鳶豗枮,diseaseHistory:擫砩闷鏷艼戬衋藆钱圛萛烼鰋彮艜袌觕稝札柭縌筕佨阄夸檱兯凶胼荅,habit:縟愋旉螻螰廞玟鬤朆濙陒蓹桛谡俟捬锚炱跸綗珍鮍誩崪弋谢甖皭煺莲,exerciseTarget:擛懜甘唼皢廁怕鰈屷鷕}
{id:9804,name:姱皯阧,sex:false,maritalStatus:false,age:10.0,height:32.0,weight:97.0,hobby:瑦笢抱衻忂徠砇妝佂匉,address:塏礵鵗陱嗾溤憎檛蒤凔,diseaseHistory:嫢鄱鏠碹洣溨盳险楮茠蠂灐戔嫖緄剗蹛藟蒍锭噙鐒罯兠枘蜹釃諏捦隡,habit:蒂憥禦燆貼聴箔趺圑涑閎彖酕粱榆郓熅槎悾貼幌脉牚葯肵鎆竸侬竬偙,exerciseTarget:袖福甔疿釞乃谥嘧冁噔}
{id:8892,name:残籯机,sex:false,maritalStatus:false,age:0.0,height:30.0,weight:136.0,hobby:媯汯珄紲矖奵奈軝懎刞,address:市縸躿輊瘔转瑧謾餲諣,diseaseHistory:蜦慧釫攜訅凵晉礈脌晗饻嬹碃鼘鄒踶櫐筤鬿堵欝磙鵠焽錷嗷嘔镀偡袴,habit:軈匍鴼锳釦禾紡遗顛麞攱搱幰鱗梹洴蠔挂烪蹸唤柶秽垐訛甉郈昒怛垿,exerciseTarget:攺嗚襪毨侨韍鄦璬谍嵥}
{id:3622,name:优媆薞,sex:false,maritalStatus:true,age:4.0,height:46.0,weight:126.0,hobby:輄颐倓丱壐贡蚄禭箌桊,address:穂躝鏣兘柁骉鶭嗱谂餢,diseaseHistory:荖鍱贙旒崬迚築褅谘峴優廃稍搚烊可慫虵楛蓏试儳脁惱婣瀔礋罎羢膲,habit:緿掺蕢鍝岽嚝匡罯櫥玣牻克犭舴筮詝溲彃削艴切愌值瀎覛昚龟俱愔漟,exerciseTarget:審待閻龗龊顬臱徿掭繺}

2018-04-01 15:38:01.048  INFO 71720 --- [Thread-2] o.s.w.c.s.GenericWebApplicationContext   : Closing org.springframework.web.context.support.GenericWebApplicationContext@66ce957f: startup date [Sun Apr 01 15:37:40 CST 2018]; root of context hierarchy
2018-04-01 15:38:01.052  INFO 71720 --- [Thread-2] com.zaxxer.hikari.HikariDataSource       : HikariPool-1 - Shutdown initiated...
2018-04-01 15:38:01.073  INFO 71720 --- [Thread-2] com.zaxxer.hikari.HikariDataSource       : HikariPool-1 - Shutdown completed.
2018-04-01 15:38:01.074  INFO 71720 --- [Thread-2] o.s.s.concurrent.ThreadPoolTaskExecutor  : Shutting down ExecutorService 'MyAsync'
2018-04-01 16:44:44.458  INFO 71833 --- [main] c.d.test.services.UserServiceTest        : Starting UserServiceTest on alanMacBook-Pro.local with PID 71833 (started by alan in /Users/alan/developers/ideaspace/demo/DBtest)
2018-04-01 16:44:44.461  INFO 71833 --- [main] c.d.test.services.UserServiceTest        : No active profile set, falling back to default profiles: default
2018-04-01 16:44:44.547  INFO 71833 --- [main] o.s.w.c.s.GenericWebApplicationContext   : Refreshing org.springframework.web.context.support.GenericWebApplicationContext@5bfa8cc5: startup date [Sun Apr 01 16:44:44 CST 2018]; root of context hierarchy
2018-04-01 16:44:46.722  INFO 71833 --- [main] trationDelegate$BeanPostProcessorChecker : Bean 'taskExecutorConfig' of type [com.database.test.config.TaskExecutorConfig$$EnhancerBySpringCGLIB$$1a65987b] is not eligible for getting processed by all BeanPostProcessors (for example: not eligible for auto-proxying)
2018-04-01 16:44:46.742  INFO 71833 --- [main] o.s.s.concurrent.ThreadPoolTaskExecutor  : Initializing ExecutorService 
2018-04-01 16:44:46.753  INFO 71833 --- [main] o.s.s.concurrent.ThreadPoolTaskExecutor  : Initializing ExecutorService  'MyAsync'
2018-04-01 16:44:46.754  INFO 71833 --- [main] trationDelegate$BeanPostProcessorChecker : Bean 'MyAsync' of type [org.springframework.scheduling.concurrent.ThreadPoolTaskExecutor] is not eligible for getting processed by all BeanPostProcessors (for example: not eligible for auto-proxying)
2018-04-01 16:44:48.624  INFO 71833 --- [main] s.w.s.m.m.a.RequestMappingHandlerAdapter : Looking for @ControllerAdvice: org.springframework.web.context.support.GenericWebApplicationContext@5bfa8cc5: startup date [Sun Apr 01 16:44:44 CST 2018]; root of context hierarchy
2018-04-01 16:44:48.890  INFO 71833 --- [main] s.w.s.m.m.a.RequestMappingHandlerMapping : Mapped "{[/user/save],methods=[GET]}" onto public java.lang.String com.database.test.controller.TestController.save(int)
2018-04-01 16:44:48.894  INFO 71833 --- [main] s.w.s.m.m.a.RequestMappingHandlerMapping : Mapped "{[/user/batchSave],methods=[GET]}" onto public java.lang.String com.database.test.controller.TestController.batchSave(int)
2018-04-01 16:44:48.896  INFO 71833 --- [main] s.w.s.m.m.a.RequestMappingHandlerMapping : Mapped "{[/user/getUserInfoByAge],methods=[GET]}" onto public java.lang.String com.database.test.controller.TestController.getUserInfoByAge(int)
2018-04-01 16:44:48.897  INFO 71833 --- [main] s.w.s.m.m.a.RequestMappingHandlerMapping : Mapped "{[/user/hello],methods=[GET]}" onto public java.lang.String com.database.test.controller.TestController.hello()
2018-04-01 16:44:48.900  INFO 71833 --- [main] s.w.s.m.m.a.RequestMappingHandlerMapping : Mapped "{[/error]}" onto public org.springframework.http.ResponseEntity<java.util.Map<java.lang.String, java.lang.Object>> org.springframework.boot.autoconfigure.web.servlet.error.BasicErrorController.error(javax.servlet.http.HttpServletRequest)
2018-04-01 16:44:48.903  INFO 71833 --- [main] s.w.s.m.m.a.RequestMappingHandlerMapping : Mapped "{[/error],produces=[text/html]}" onto public org.springframework.web.servlet.ModelAndView org.springframework.boot.autoconfigure.web.servlet.error.BasicErrorController.errorHtml(javax.servlet.http.HttpServletRequest,javax.servlet.http.HttpServletResponse)
2018-04-01 16:44:49.017  INFO 71833 --- [main] o.s.w.s.handler.SimpleUrlHandlerMapping  : Mapped URL path [/webjars/**] onto handler of type [class org.springframework.web.servlet.resource.ResourceHttpRequestHandler]
2018-04-01 16:44:49.017  INFO 71833 --- [main] o.s.w.s.handler.SimpleUrlHandlerMapping  : Mapped URL path [/**] onto handler of type [class org.springframework.web.servlet.resource.ResourceHttpRequestHandler]
2018-04-01 16:44:49.116  INFO 71833 --- [main] o.s.w.s.handler.SimpleUrlHandlerMapping  : Mapped URL path [/**/favicon.ico] onto handler of type [class org.springframework.web.servlet.resource.ResourceHttpRequestHandler]
2018-04-01 16:44:49.760  INFO 71833 --- [main] c.d.test.services.UserServiceTest        : Started UserServiceTest in 6.206 seconds (JVM running for 8.308)
2018-04-01 16:44:49.957  INFO 71833 --- [main] com.zaxxer.hikari.HikariDataSource       : HikariPool-1 - Starting...
2018-04-01 16:44:50.739  INFO 71833 --- [main] com.zaxxer.hikari.HikariDataSource       : HikariPool-1 - Start completed.
2018-04-01 16:46:59.530  WARN 71833 --- [HikariPool-1 housekeeper] com.zaxxer.hikari.pool.HikariPool        : HikariPool-1 - Thread starvation or clock leap detected (housekeeper delta=48s592ms).
2018-04-01 16:46:59.580  INFO 71833 --- [Thread-2] o.s.w.c.s.GenericWebApplicationContext   : Closing org.springframework.web.context.support.GenericWebApplicationContext@5bfa8cc5: startup date [Sun Apr 01 16:44:44 CST 2018]; root of context hierarchy
2018-04-01 16:46:59.583  INFO 71833 --- [Thread-2] com.zaxxer.hikari.HikariDataSource       : HikariPool-1 - Shutdown initiated...
2018-04-01 16:46:59.597  INFO 71833 --- [Thread-2] com.zaxxer.hikari.HikariDataSource       : HikariPool-1 - Shutdown completed.
2018-04-01 16:46:59.597  INFO 71833 --- [Thread-2] o.s.s.concurrent.ThreadPoolTaskExecutor  : Shutting down ExecutorService 'MyAsync'
2018-04-01 16:47:44.348  INFO 71840 --- [main] c.d.test.services.UserServiceTest        : Starting UserServiceTest on alanMacBook-Pro.local with PID 71840 (started by alan in /Users/alan/developers/ideaspace/demo/DBtest)
2018-04-01 16:47:44.350  INFO 71840 --- [main] c.d.test.services.UserServiceTest        : No active profile set, falling back to default profiles: default
2018-04-01 16:47:44.431  INFO 71840 --- [main] o.s.w.c.s.GenericWebApplicationContext   : Refreshing org.springframework.web.context.support.GenericWebApplicationContext@66ce957f: startup date [Sun Apr 01 16:47:44 CST 2018]; root of context hierarchy
2018-04-01 16:47:46.270  INFO 71840 --- [main] trationDelegate$BeanPostProcessorChecker : Bean 'taskExecutorConfig' of type [com.database.test.config.TaskExecutorConfig$$EnhancerBySpringCGLIB$$5da5e740] is not eligible for getting processed by all BeanPostProcessors (for example: not eligible for auto-proxying)
2018-04-01 16:47:46.299  INFO 71840 --- [main] o.s.s.concurrent.ThreadPoolTaskExecutor  : Initializing ExecutorService 
2018-04-01 16:47:46.316  INFO 71840 --- [main] o.s.s.concurrent.ThreadPoolTaskExecutor  : Initializing ExecutorService  'MyAsync'
2018-04-01 16:47:46.316  INFO 71840 --- [main] trationDelegate$BeanPostProcessorChecker : Bean 'MyAsync' of type [org.springframework.scheduling.concurrent.ThreadPoolTaskExecutor] is not eligible for getting processed by all BeanPostProcessors (for example: not eligible for auto-proxying)
2018-04-01 16:47:48.395  INFO 71840 --- [main] s.w.s.m.m.a.RequestMappingHandlerAdapter : Looking for @ControllerAdvice: org.springframework.web.context.support.GenericWebApplicationContext@66ce957f: startup date [Sun Apr 01 16:47:44 CST 2018]; root of context hierarchy
2018-04-01 16:47:48.611  INFO 71840 --- [main] s.w.s.m.m.a.RequestMappingHandlerMapping : Mapped "{[/user/save],methods=[GET]}" onto public java.lang.String com.database.test.controller.TestController.save(int)
2018-04-01 16:47:48.613  INFO 71840 --- [main] s.w.s.m.m.a.RequestMappingHandlerMapping : Mapped "{[/user/batchSave],methods=[GET]}" onto public java.lang.String com.database.test.controller.TestController.batchSave(int)
2018-04-01 16:47:48.615  INFO 71840 --- [main] s.w.s.m.m.a.RequestMappingHandlerMapping : Mapped "{[/user/getUserInfoByAge],methods=[GET]}" onto public java.lang.String com.database.test.controller.TestController.getUserInfoByAge(int)
2018-04-01 16:47:48.616  INFO 71840 --- [main] s.w.s.m.m.a.RequestMappingHandlerMapping : Mapped "{[/user/hello],methods=[GET]}" onto public java.lang.String com.database.test.controller.TestController.hello()
2018-04-01 16:47:48.624  INFO 71840 --- [main] s.w.s.m.m.a.RequestMappingHandlerMapping : Mapped "{[/error]}" onto public org.springframework.http.ResponseEntity<java.util.Map<java.lang.String, java.lang.Object>> org.springframework.boot.autoconfigure.web.servlet.error.BasicErrorController.error(javax.servlet.http.HttpServletRequest)
2018-04-01 16:47:48.626  INFO 71840 --- [main] s.w.s.m.m.a.RequestMappingHandlerMapping : Mapped "{[/error],produces=[text/html]}" onto public org.springframework.web.servlet.ModelAndView org.springframework.boot.autoconfigure.web.servlet.error.BasicErrorController.errorHtml(javax.servlet.http.HttpServletRequest,javax.servlet.http.HttpServletResponse)
2018-04-01 16:47:48.784  INFO 71840 --- [main] o.s.w.s.handler.SimpleUrlHandlerMapping  : Mapped URL path [/webjars/**] onto handler of type [class org.springframework.web.servlet.resource.ResourceHttpRequestHandler]
2018-04-01 16:47:48.785  INFO 71840 --- [main] o.s.w.s.handler.SimpleUrlHandlerMapping  : Mapped URL path [/**] onto handler of type [class org.springframework.web.servlet.resource.ResourceHttpRequestHandler]
2018-04-01 16:47:49.011  INFO 71840 --- [main] o.s.w.s.handler.SimpleUrlHandlerMapping  : Mapped URL path [/**/favicon.ico] onto handler of type [class org.springframework.web.servlet.resource.ResourceHttpRequestHandler]
2018-04-01 16:47:49.797  INFO 71840 --- [main] c.d.test.services.UserServiceTest        : Started UserServiceTest in 6.098 seconds (JVM running for 8.525)
2018-04-01 16:47:50.157  INFO 71840 --- [main] com.zaxxer.hikari.HikariDataSource       : HikariPool-1 - Starting...
2018-04-01 16:47:51.431  INFO 71840 --- [main] com.zaxxer.hikari.HikariDataSource       : HikariPool-1 - Start completed.
2018-04-01 16:50:46.242  WARN 71840 --- [HikariPool-1 housekeeper] com.zaxxer.hikari.pool.HikariPool        : HikariPool-1 - Thread starvation or clock leap detected (housekeeper delta=1m3s191ms).
2018-04-01 16:55:26.888  INFO 71840 --- [Thread-2] o.s.w.c.s.GenericWebApplicationContext   : Closing org.springframework.web.context.support.GenericWebApplicationContext@66ce957f: startup date [Sun Apr 01 16:47:44 CST 2018]; root of context hierarchy
2018-04-01 16:55:26.902  INFO 71840 --- [Thread-2] com.zaxxer.hikari.HikariDataSource       : HikariPool-1 - Shutdown initiated...
2018-04-01 16:55:26.915  INFO 71840 --- [Thread-2] com.zaxxer.hikari.HikariDataSource       : HikariPool-1 - Shutdown completed.
2018-04-01 16:55:26.916  INFO 71840 --- [Thread-2] o.s.s.concurrent.ThreadPoolTaskExecutor  : Shutting down ExecutorService 'MyAsync'
2018-04-01 16:56:57.468  INFO 71854 --- [main] c.d.test.services.UserServiceTest        : Starting UserServiceTest on alanMacBook-Pro.local with PID 71854 (started by alan in /Users/alan/developers/ideaspace/demo/DBtest)
2018-04-01 16:56:57.470  INFO 71854 --- [main] c.d.test.services.UserServiceTest        : No active profile set, falling back to default profiles: default
2018-04-01 16:56:57.543  INFO 71854 --- [main] o.s.w.c.s.GenericWebApplicationContext   : Refreshing org.springframework.web.context.support.GenericWebApplicationContext@66ce957f: startup date [Sun Apr 01 16:56:57 CST 2018]; root of context hierarchy
2018-04-01 16:56:59.406  INFO 71854 --- [main] trationDelegate$BeanPostProcessorChecker : Bean 'taskExecutorConfig' of type [com.database.test.config.TaskExecutorConfig$$EnhancerBySpringCGLIB$$e13c4169] is not eligible for getting processed by all BeanPostProcessors (for example: not eligible for auto-proxying)
2018-04-01 16:56:59.427  INFO 71854 --- [main] o.s.s.concurrent.ThreadPoolTaskExecutor  : Initializing ExecutorService 
2018-04-01 16:56:59.443  INFO 71854 --- [main] o.s.s.concurrent.ThreadPoolTaskExecutor  : Initializing ExecutorService  'MyAsync'
2018-04-01 16:56:59.443  INFO 71854 --- [main] trationDelegate$BeanPostProcessorChecker : Bean 'MyAsync' of type [org.springframework.scheduling.concurrent.ThreadPoolTaskExecutor] is not eligible for getting processed by all BeanPostProcessors (for example: not eligible for auto-proxying)
2018-04-01 16:57:01.571  INFO 71854 --- [main] s.w.s.m.m.a.RequestMappingHandlerAdapter : Looking for @ControllerAdvice: org.springframework.web.context.support.GenericWebApplicationContext@66ce957f: startup date [Sun Apr 01 16:56:57 CST 2018]; root of context hierarchy
2018-04-01 16:57:01.765  INFO 71854 --- [main] s.w.s.m.m.a.RequestMappingHandlerMapping : Mapped "{[/user/save],methods=[GET]}" onto public java.lang.String com.database.test.controller.TestController.save(int)
2018-04-01 16:57:01.766  INFO 71854 --- [main] s.w.s.m.m.a.RequestMappingHandlerMapping : Mapped "{[/user/hello],methods=[GET]}" onto public java.lang.String com.database.test.controller.TestController.hello()
2018-04-01 16:57:01.767  INFO 71854 --- [main] s.w.s.m.m.a.RequestMappingHandlerMapping : Mapped "{[/user/batchSave],methods=[GET]}" onto public java.lang.String com.database.test.controller.TestController.batchSave(int)
2018-04-01 16:57:01.767  INFO 71854 --- [main] s.w.s.m.m.a.RequestMappingHandlerMapping : Mapped "{[/user/getUserInfoByAge],methods=[GET]}" onto public java.lang.String com.database.test.controller.TestController.getUserInfoByAge(int)
2018-04-01 16:57:01.772  INFO 71854 --- [main] s.w.s.m.m.a.RequestMappingHandlerMapping : Mapped "{[/error]}" onto public org.springframework.http.ResponseEntity<java.util.Map<java.lang.String, java.lang.Object>> org.springframework.boot.autoconfigure.web.servlet.error.BasicErrorController.error(javax.servlet.http.HttpServletRequest)
2018-04-01 16:57:01.774  INFO 71854 --- [main] s.w.s.m.m.a.RequestMappingHandlerMapping : Mapped "{[/error],produces=[text/html]}" onto public org.springframework.web.servlet.ModelAndView org.springframework.boot.autoconfigure.web.servlet.error.BasicErrorController.errorHtml(javax.servlet.http.HttpServletRequest,javax.servlet.http.HttpServletResponse)
2018-04-01 16:57:02.077  INFO 71854 --- [main] o.s.w.s.handler.SimpleUrlHandlerMapping  : Mapped URL path [/webjars/**] onto handler of type [class org.springframework.web.servlet.resource.ResourceHttpRequestHandler]
2018-04-01 16:57:02.078  INFO 71854 --- [main] o.s.w.s.handler.SimpleUrlHandlerMapping  : Mapped URL path [/**] onto handler of type [class org.springframework.web.servlet.resource.ResourceHttpRequestHandler]
2018-04-01 16:57:02.222  INFO 71854 --- [main] o.s.w.s.handler.SimpleUrlHandlerMapping  : Mapped URL path [/**/favicon.ico] onto handler of type [class org.springframework.web.servlet.resource.ResourceHttpRequestHandler]
2018-04-01 16:57:02.873  INFO 71854 --- [main] c.d.test.services.UserServiceTest        : Started UserServiceTest in 6.062 seconds (JVM running for 8.497)
2018-04-01 16:57:03.201  INFO 71854 --- [main] com.zaxxer.hikari.HikariDataSource       : HikariPool-1 - Starting...
2018-04-01 16:57:04.671  INFO 71854 --- [main] com.zaxxer.hikari.HikariDataSource       : HikariPool-1 - Start completed.
2018-04-01 16:59:49.002  INFO 71854 --- [Thread-2] o.s.w.c.s.GenericWebApplicationContext   : Closing org.springframework.web.context.support.GenericWebApplicationContext@66ce957f: startup date [Sun Apr 01 16:56:57 CST 2018]; root of context hierarchy
2018-04-01 16:59:49.008  INFO 71854 --- [Thread-2] com.zaxxer.hikari.HikariDataSource       : HikariPool-1 - Shutdown initiated...
2018-04-01 16:59:49.027  INFO 71854 --- [Thread-2] com.zaxxer.hikari.HikariDataSource       : HikariPool-1 - Shutdown completed.
2018-04-01 16:59:49.028  INFO 71854 --- [Thread-2] o.s.s.concurrent.ThreadPoolTaskExecutor  : Shutting down ExecutorService 'MyAsync'
2018-04-01 17:00:14.856  INFO 71865 --- [main] c.d.test.services.UserServiceTest        : Starting UserServiceTest on alanMacBook-Pro.local with PID 71865 (started by alan in /Users/alan/developers/ideaspace/demo/DBtest)
2018-04-01 17:00:14.858  INFO 71865 --- [main] c.d.test.services.UserServiceTest        : No active profile set, falling back to default profiles: default
2018-04-01 17:00:14.924  INFO 71865 --- [main] o.s.w.c.s.GenericWebApplicationContext   : Refreshing org.springframework.web.context.support.GenericWebApplicationContext@55b5f5d2: startup date [Sun Apr 01 17:00:14 CST 2018]; root of context hierarchy
2018-04-01 17:00:16.589  INFO 71865 --- [main] trationDelegate$BeanPostProcessorChecker : Bean 'taskExecutorConfig' of type [com.database.test.config.TaskExecutorConfig$$EnhancerBySpringCGLIB$$4c778108] is not eligible for getting processed by all BeanPostProcessors (for example: not eligible for auto-proxying)
2018-04-01 17:00:16.621  INFO 71865 --- [main] o.s.s.concurrent.ThreadPoolTaskExecutor  : Initializing ExecutorService 
2018-04-01 17:00:16.639  INFO 71865 --- [main] o.s.s.concurrent.ThreadPoolTaskExecutor  : Initializing ExecutorService  'MyAsync'
2018-04-01 17:00:16.640  INFO 71865 --- [main] trationDelegate$BeanPostProcessorChecker : Bean 'MyAsync' of type [org.springframework.scheduling.concurrent.ThreadPoolTaskExecutor] is not eligible for getting processed by all BeanPostProcessors (for example: not eligible for auto-proxying)
2018-04-01 17:00:19.107  INFO 71865 --- [main] s.w.s.m.m.a.RequestMappingHandlerAdapter : Looking for @ControllerAdvice: org.springframework.web.context.support.GenericWebApplicationContext@55b5f5d2: startup date [Sun Apr 01 17:00:14 CST 2018]; root of context hierarchy
2018-04-01 17:00:19.293  INFO 71865 --- [main] s.w.s.m.m.a.RequestMappingHandlerMapping : Mapped "{[/user/save],methods=[GET]}" onto public java.lang.String com.database.test.controller.TestController.save(int)
2018-04-01 17:00:19.295  INFO 71865 --- [main] s.w.s.m.m.a.RequestMappingHandlerMapping : Mapped "{[/user/batchSave],methods=[GET]}" onto public java.lang.String com.database.test.controller.TestController.batchSave(int)
2018-04-01 17:00:19.295  INFO 71865 --- [main] s.w.s.m.m.a.RequestMappingHandlerMapping : Mapped "{[/user/getUserInfoByAge],methods=[GET]}" onto public java.lang.String com.database.test.controller.TestController.getUserInfoByAge(int)
2018-04-01 17:00:19.296  INFO 71865 --- [main] s.w.s.m.m.a.RequestMappingHandlerMapping : Mapped "{[/user/hello],methods=[GET]}" onto public java.lang.String com.database.test.controller.TestController.hello()
2018-04-01 17:00:19.299  INFO 71865 --- [main] s.w.s.m.m.a.RequestMappingHandlerMapping : Mapped "{[/error]}" onto public org.springframework.http.ResponseEntity<java.util.Map<java.lang.String, java.lang.Object>> org.springframework.boot.autoconfigure.web.servlet.error.BasicErrorController.error(javax.servlet.http.HttpServletRequest)
2018-04-01 17:00:19.301  INFO 71865 --- [main] s.w.s.m.m.a.RequestMappingHandlerMapping : Mapped "{[/error],produces=[text/html]}" onto public org.springframework.web.servlet.ModelAndView org.springframework.boot.autoconfigure.web.servlet.error.BasicErrorController.errorHtml(javax.servlet.http.HttpServletRequest,javax.servlet.http.HttpServletResponse)
2018-04-01 17:00:19.569  INFO 71865 --- [main] o.s.w.s.handler.SimpleUrlHandlerMapping  : Mapped URL path [/webjars/**] onto handler of type [class org.springframework.web.servlet.resource.ResourceHttpRequestHandler]
2018-04-01 17:00:19.569  INFO 71865 --- [main] o.s.w.s.handler.SimpleUrlHandlerMapping  : Mapped URL path [/**] onto handler of type [class org.springframework.web.servlet.resource.ResourceHttpRequestHandler]
2018-04-01 17:00:19.761  INFO 71865 --- [main] o.s.w.s.handler.SimpleUrlHandlerMapping  : Mapped URL path [/**/favicon.ico] onto handler of type [class org.springframework.web.servlet.resource.ResourceHttpRequestHandler]
2018-04-01 17:00:20.426  INFO 71865 --- [main] c.d.test.services.UserServiceTest        : Started UserServiceTest in 6.215 seconds (JVM running for 8.651)
2018-04-01 17:00:20.786  INFO 71865 --- [main] com.zaxxer.hikari.HikariDataSource       : HikariPool-1 - Starting...
2018-04-01 17:00:22.100  INFO 71865 --- [main] com.zaxxer.hikari.HikariDataSource       : HikariPool-1 - Start completed.
2018-04-01 17:03:04.945  WARN 71865 --- [HikariPool-1 housekeeper] com.zaxxer.hikari.pool.HikariPool        : HikariPool-1 - Thread starvation or clock leap detected (housekeeper delta=2m7s617ms).
2018-04-01 17:03:05.026  INFO 71865 --- [Thread-2] o.s.w.c.s.GenericWebApplicationContext   : Closing org.springframework.web.context.support.GenericWebApplicationContext@55b5f5d2: startup date [Sun Apr 01 17:00:14 CST 2018]; root of context hierarchy
2018-04-01 17:03:05.040  INFO 71865 --- [Thread-2] com.zaxxer.hikari.HikariDataSource       : HikariPool-1 - Shutdown initiated...
2018-04-01 17:03:05.055  INFO 71865 --- [Thread-2] com.zaxxer.hikari.HikariDataSource       : HikariPool-1 - Shutdown completed.
2018-04-01 17:03:05.060  INFO 71865 --- [Thread-2] o.s.s.concurrent.ThreadPoolTaskExecutor  : Shutting down ExecutorService 'MyAsync'
2018-04-01 17:08:53.391  INFO 71894 --- [main] c.d.test.services.UserServiceTest        : Starting UserServiceTest on alanMacBook-Pro.local with PID 71894 (started by alan in /Users/alan/developers/ideaspace/demo/DBtest)
2018-04-01 17:08:53.394  INFO 71894 --- [main] c.d.test.services.UserServiceTest        : No active profile set, falling back to default profiles: default
2018-04-01 17:08:53.463  INFO 71894 --- [main] o.s.w.c.s.GenericWebApplicationContext   : Refreshing org.springframework.web.context.support.GenericWebApplicationContext@66ce957f: startup date [Sun Apr 01 17:08:53 CST 2018]; root of context hierarchy
2018-04-01 17:08:55.278  INFO 71894 --- [main] trationDelegate$BeanPostProcessorChecker : Bean 'taskExecutorConfig' of type [com.database.test.config.TaskExecutorConfig$$EnhancerBySpringCGLIB$$c16048eb] is not eligible for getting processed by all BeanPostProcessors (for example: not eligible for auto-proxying)
2018-04-01 17:08:55.316  INFO 71894 --- [main] o.s.s.concurrent.ThreadPoolTaskExecutor  : Initializing ExecutorService 
2018-04-01 17:08:55.326  INFO 71894 --- [main] o.s.s.concurrent.ThreadPoolTaskExecutor  : Initializing ExecutorService  'MyAsync'
2018-04-01 17:08:55.327  INFO 71894 --- [main] trationDelegate$BeanPostProcessorChecker : Bean 'MyAsync' of type [org.springframework.scheduling.concurrent.ThreadPoolTaskExecutor] is not eligible for getting processed by all BeanPostProcessors (for example: not eligible for auto-proxying)
2018-04-01 17:08:57.422  INFO 71894 --- [main] s.w.s.m.m.a.RequestMappingHandlerAdapter : Looking for @ControllerAdvice: org.springframework.web.context.support.GenericWebApplicationContext@66ce957f: startup date [Sun Apr 01 17:08:53 CST 2018]; root of context hierarchy
2018-04-01 17:08:57.606  INFO 71894 --- [main] s.w.s.m.m.a.RequestMappingHandlerMapping : Mapped "{[/user/save],methods=[GET]}" onto public java.lang.String com.database.test.controller.TestController.save(int)
2018-04-01 17:08:57.608  INFO 71894 --- [main] s.w.s.m.m.a.RequestMappingHandlerMapping : Mapped "{[/user/hello],methods=[GET]}" onto public java.lang.String com.database.test.controller.TestController.hello()
2018-04-01 17:08:57.608  INFO 71894 --- [main] s.w.s.m.m.a.RequestMappingHandlerMapping : Mapped "{[/user/batchSave],methods=[GET]}" onto public java.lang.String com.database.test.controller.TestController.batchSave(int)
2018-04-01 17:08:57.608  INFO 71894 --- [main] s.w.s.m.m.a.RequestMappingHandlerMapping : Mapped "{[/user/getUserInfoByAge],methods=[GET]}" onto public java.lang.String com.database.test.controller.TestController.getUserInfoByAge(int)
2018-04-01 17:08:57.612  INFO 71894 --- [main] s.w.s.m.m.a.RequestMappingHandlerMapping : Mapped "{[/error]}" onto public org.springframework.http.ResponseEntity<java.util.Map<java.lang.String, java.lang.Object>> org.springframework.boot.autoconfigure.web.servlet.error.BasicErrorController.error(javax.servlet.http.HttpServletRequest)
2018-04-01 17:08:57.614  INFO 71894 --- [main] s.w.s.m.m.a.RequestMappingHandlerMapping : Mapped "{[/error],produces=[text/html]}" onto public org.springframework.web.servlet.ModelAndView org.springframework.boot.autoconfigure.web.servlet.error.BasicErrorController.errorHtml(javax.servlet.http.HttpServletRequest,javax.servlet.http.HttpServletResponse)
2018-04-01 17:08:57.878  INFO 71894 --- [main] o.s.w.s.handler.SimpleUrlHandlerMapping  : Mapped URL path [/webjars/**] onto handler of type [class org.springframework.web.servlet.resource.ResourceHttpRequestHandler]
2018-04-01 17:08:57.878  INFO 71894 --- [main] o.s.w.s.handler.SimpleUrlHandlerMapping  : Mapped URL path [/**] onto handler of type [class org.springframework.web.servlet.resource.ResourceHttpRequestHandler]
2018-04-01 17:08:58.002  INFO 71894 --- [main] o.s.w.s.handler.SimpleUrlHandlerMapping  : Mapped URL path [/**/favicon.ico] onto handler of type [class org.springframework.web.servlet.resource.ResourceHttpRequestHandler]
2018-04-01 17:08:58.582  INFO 71894 --- [main] c.d.test.services.UserServiceTest        : Started UserServiceTest in 5.884 seconds (JVM running for 8.352)
2018-04-01 17:08:58.781  INFO 71894 --- [main] com.zaxxer.hikari.HikariDataSource       : HikariPool-1 - Starting...
2018-04-01 17:08:59.513  INFO 71894 --- [main] com.zaxxer.hikari.HikariDataSource       : HikariPool-1 - Start completed.
2018-04-01 17:08:59.584  INFO 71894 --- [Thread-2] o.s.w.c.s.GenericWebApplicationContext   : Closing org.springframework.web.context.support.GenericWebApplicationContext@66ce957f: startup date [Sun Apr 01 17:08:53 CST 2018]; root of context hierarchy
2018-04-01 17:08:59.588  INFO 71894 --- [Thread-2] com.zaxxer.hikari.HikariDataSource       : HikariPool-1 - Shutdown initiated...
2018-04-01 17:08:59.602  INFO 71894 --- [Thread-2] com.zaxxer.hikari.HikariDataSource       : HikariPool-1 - Shutdown completed.
2018-04-01 17:08:59.603  INFO 71894 --- [Thread-2] o.s.s.concurrent.ThreadPoolTaskExecutor  : Shutting down ExecutorService 'MyAsync'
2018-04-01 17:10:39.532  INFO 71898 --- [main] c.d.test.services.UserServiceTest        : Starting UserServiceTest on alanMacBook-Pro.local with PID 71898 (started by alan in /Users/alan/developers/ideaspace/demo/DBtest)
2018-04-01 17:10:39.534  INFO 71898 --- [main] c.d.test.services.UserServiceTest        : No active profile set, falling back to default profiles: default
2018-04-01 17:10:39.715  INFO 71898 --- [main] o.s.w.c.s.GenericWebApplicationContext   : Refreshing org.springframework.web.context.support.GenericWebApplicationContext@55b5f5d2: startup date [Sun Apr 01 17:10:39 CST 2018]; root of context hierarchy
2018-04-01 17:10:41.836  INFO 71898 --- [main] trationDelegate$BeanPostProcessorChecker : Bean 'taskExecutorConfig' of type [com.database.test.config.TaskExecutorConfig$$EnhancerBySpringCGLIB$$d11e2572] is not eligible for getting processed by all BeanPostProcessors (for example: not eligible for auto-proxying)
2018-04-01 17:10:41.884  INFO 71898 --- [main] o.s.s.concurrent.ThreadPoolTaskExecutor  : Initializing ExecutorService 
2018-04-01 17:10:41.904  INFO 71898 --- [main] o.s.s.concurrent.ThreadPoolTaskExecutor  : Initializing ExecutorService  'MyAsync'
2018-04-01 17:10:41.904  INFO 71898 --- [main] trationDelegate$BeanPostProcessorChecker : Bean 'MyAsync' of type [org.springframework.scheduling.concurrent.ThreadPoolTaskExecutor] is not eligible for getting processed by all BeanPostProcessors (for example: not eligible for auto-proxying)
2018-04-01 17:10:43.923  INFO 71898 --- [main] s.w.s.m.m.a.RequestMappingHandlerAdapter : Looking for @ControllerAdvice: org.springframework.web.context.support.GenericWebApplicationContext@55b5f5d2: startup date [Sun Apr 01 17:10:39 CST 2018]; root of context hierarchy
2018-04-01 17:10:44.137  INFO 71898 --- [main] s.w.s.m.m.a.RequestMappingHandlerMapping : Mapped "{[/user/save],methods=[GET]}" onto public java.lang.String com.database.test.controller.TestController.save(int)
2018-04-01 17:10:44.139  INFO 71898 --- [main] s.w.s.m.m.a.RequestMappingHandlerMapping : Mapped "{[/user/hello],methods=[GET]}" onto public java.lang.String com.database.test.controller.TestController.hello()
2018-04-01 17:10:44.140  INFO 71898 --- [main] s.w.s.m.m.a.RequestMappingHandlerMapping : Mapped "{[/user/batchSave],methods=[GET]}" onto public java.lang.String com.database.test.controller.TestController.batchSave(int)
2018-04-01 17:10:44.141  INFO 71898 --- [main] s.w.s.m.m.a.RequestMappingHandlerMapping : Mapped "{[/user/getUserInfoByAge],methods=[GET]}" onto public java.lang.String com.database.test.controller.TestController.getUserInfoByAge(int)
2018-04-01 17:10:44.149  INFO 71898 --- [main] s.w.s.m.m.a.RequestMappingHandlerMapping : Mapped "{[/error]}" onto public org.springframework.http.ResponseEntity<java.util.Map<java.lang.String, java.lang.Object>> org.springframework.boot.autoconfigure.web.servlet.error.BasicErrorController.error(javax.servlet.http.HttpServletRequest)
2018-04-01 17:10:44.150  INFO 71898 --- [main] s.w.s.m.m.a.RequestMappingHandlerMapping : Mapped "{[/error],produces=[text/html]}" onto public org.springframework.web.servlet.ModelAndView org.springframework.boot.autoconfigure.web.servlet.error.BasicErrorController.errorHtml(javax.servlet.http.HttpServletRequest,javax.servlet.http.HttpServletResponse)
2018-04-01 17:10:44.334  INFO 71898 --- [main] o.s.w.s.handler.SimpleUrlHandlerMapping  : Mapped URL path [/webjars/**] onto handler of type [class org.springframework.web.servlet.resource.ResourceHttpRequestHandler]
2018-04-01 17:10:44.334  INFO 71898 --- [main] o.s.w.s.handler.SimpleUrlHandlerMapping  : Mapped URL path [/**] onto handler of type [class org.springframework.web.servlet.resource.ResourceHttpRequestHandler]
2018-04-01 17:10:44.542  INFO 71898 --- [main] o.s.w.s.handler.SimpleUrlHandlerMapping  : Mapped URL path [/**/favicon.ico] onto handler of type [class org.springframework.web.servlet.resource.ResourceHttpRequestHandler]
2018-04-01 17:10:45.181  INFO 71898 --- [main] c.d.test.services.UserServiceTest        : Started UserServiceTest in 6.413 seconds (JVM running for 8.756)
2018-04-01 17:10:45.459  INFO 71898 --- [main] com.zaxxer.hikari.HikariDataSource       : HikariPool-1 - Starting...
2018-04-01 17:10:46.675  INFO 71898 --- [main] com.zaxxer.hikari.HikariDataSource       : HikariPool-1 - Start completed.
2018-04-01 17:15:57.458  INFO 71898 --- [Thread-2] o.s.w.c.s.GenericWebApplicationContext   : Closing org.springframework.web.context.support.GenericWebApplicationContext@55b5f5d2: startup date [Sun Apr 01 17:10:39 CST 2018]; root of context hierarchy
2018-04-01 17:15:57.470  INFO 71898 --- [Thread-2] com.zaxxer.hikari.HikariDataSource       : HikariPool-1 - Shutdown initiated...
2018-04-01 17:15:57.479  INFO 71898 --- [Thread-2] com.zaxxer.hikari.HikariDataSource       : HikariPool-1 - Shutdown completed.
2018-04-01 17:15:57.480  INFO 71898 --- [Thread-2] o.s.s.concurrent.ThreadPoolTaskExecutor  : Shutting down ExecutorService 'MyAsync'
2018-04-01 17:16:19.456  INFO 71908 --- [main] c.d.test.services.UserServiceTest        : Starting UserServiceTest on alanMacBook-Pro.local with PID 71908 (started by alan in /Users/alan/developers/ideaspace/demo/DBtest)
2018-04-01 17:16:19.458  INFO 71908 --- [main] c.d.test.services.UserServiceTest        : No active profile set, falling back to default profiles: default
2018-04-01 17:16:19.512  INFO 71908 --- [main] o.s.w.c.s.GenericWebApplicationContext   : Refreshing org.springframework.web.context.support.GenericWebApplicationContext@66ce957f: startup date [Sun Apr 01 17:16:19 CST 2018]; root of context hierarchy
2018-04-01 17:16:21.325  INFO 71908 --- [main] trationDelegate$BeanPostProcessorChecker : Bean 'taskExecutorConfig' of type [com.database.test.config.TaskExecutorConfig$$EnhancerBySpringCGLIB$$ab280f16] is not eligible for getting processed by all BeanPostProcessors (for example: not eligible for auto-proxying)
2018-04-01 17:16:21.359  INFO 71908 --- [main] o.s.s.concurrent.ThreadPoolTaskExecutor  : Initializing ExecutorService 
2018-04-01 17:16:21.375  INFO 71908 --- [main] o.s.s.concurrent.ThreadPoolTaskExecutor  : Initializing ExecutorService  'MyAsync'
2018-04-01 17:16:21.375  INFO 71908 --- [main] trationDelegate$BeanPostProcessorChecker : Bean 'MyAsync' of type [org.springframework.scheduling.concurrent.ThreadPoolTaskExecutor] is not eligible for getting processed by all BeanPostProcessors (for example: not eligible for auto-proxying)
2018-04-01 17:16:23.362  INFO 71908 --- [main] s.w.s.m.m.a.RequestMappingHandlerAdapter : Looking for @ControllerAdvice: org.springframework.web.context.support.GenericWebApplicationContext@66ce957f: startup date [Sun Apr 01 17:16:19 CST 2018]; root of context hierarchy
2018-04-01 17:16:23.591  INFO 71908 --- [main] s.w.s.m.m.a.RequestMappingHandlerMapping : Mapped "{[/user/save],methods=[GET]}" onto public java.lang.String com.database.test.controller.TestController.save(int)
2018-04-01 17:16:23.594  INFO 71908 --- [main] s.w.s.m.m.a.RequestMappingHandlerMapping : Mapped "{[/user/batchSave],methods=[GET]}" onto public java.lang.String com.database.test.controller.TestController.batchSave(int)
2018-04-01 17:16:23.595  INFO 71908 --- [main] s.w.s.m.m.a.RequestMappingHandlerMapping : Mapped "{[/user/getUserInfoByAge],methods=[GET]}" onto public java.lang.String com.database.test.controller.TestController.getUserInfoByAge(int)
2018-04-01 17:16:23.595  INFO 71908 --- [main] s.w.s.m.m.a.RequestMappingHandlerMapping : Mapped "{[/user/hello],methods=[GET]}" onto public java.lang.String com.database.test.controller.TestController.hello()
2018-04-01 17:16:23.600  INFO 71908 --- [main] s.w.s.m.m.a.RequestMappingHandlerMapping : Mapped "{[/error]}" onto public org.springframework.http.ResponseEntity<java.util.Map<java.lang.String, java.lang.Object>> org.springframework.boot.autoconfigure.web.servlet.error.BasicErrorController.error(javax.servlet.http.HttpServletRequest)
2018-04-01 17:16:23.602  INFO 71908 --- [main] s.w.s.m.m.a.RequestMappingHandlerMapping : Mapped "{[/error],produces=[text/html]}" onto public org.springframework.web.servlet.ModelAndView org.springframework.boot.autoconfigure.web.servlet.error.BasicErrorController.errorHtml(javax.servlet.http.HttpServletRequest,javax.servlet.http.HttpServletResponse)
2018-04-01 17:16:23.768  INFO 71908 --- [main] o.s.w.s.handler.SimpleUrlHandlerMapping  : Mapped URL path [/webjars/**] onto handler of type [class org.springframework.web.servlet.resource.ResourceHttpRequestHandler]
2018-04-01 17:16:23.769  INFO 71908 --- [main] o.s.w.s.handler.SimpleUrlHandlerMapping  : Mapped URL path [/**] onto handler of type [class org.springframework.web.servlet.resource.ResourceHttpRequestHandler]
2018-04-01 17:16:23.927  INFO 71908 --- [main] o.s.w.s.handler.SimpleUrlHandlerMapping  : Mapped URL path [/**/favicon.ico] onto handler of type [class org.springframework.web.servlet.resource.ResourceHttpRequestHandler]
2018-04-01 17:16:24.470  INFO 71908 --- [main] c.d.test.services.UserServiceTest        : Started UserServiceTest in 5.674 seconds (JVM running for 8.052)
2018-04-01 17:16:24.822  INFO 71908 --- [main] com.zaxxer.hikari.HikariDataSource       : HikariPool-1 - Starting...
2018-04-01 17:16:26.025  INFO 71908 --- [main] com.zaxxer.hikari.HikariDataSource       : HikariPool-1 - Start completed.
2018-04-01 17:17:44.432  WARN 71908 --- [HikariPool-1 housekeeper] com.zaxxer.hikari.pool.HikariPool        : HikariPool-1 - Thread starvation or clock leap detected (housekeeper delta=47s43ms).
2018-04-01 17:20:17.908  WARN 71908 --- [HikariPool-1 housekeeper] com.zaxxer.hikari.pool.HikariPool        : HikariPool-1 - Thread starvation or clock leap detected (housekeeper delta=48s626ms).
2018-04-01 17:22:37.978  WARN 71908 --- [HikariPool-1 housekeeper] com.zaxxer.hikari.pool.HikariPool        : HikariPool-1 - Thread starvation or clock leap detected (housekeeper delta=1m13s546ms).
2018-04-01 17:22:52.187  INFO 71908 --- [Thread-2] o.s.w.c.s.GenericWebApplicationContext   : Closing org.springframework.web.context.support.GenericWebApplicationContext@66ce957f: startup date [Sun Apr 01 17:16:19 CST 2018]; root of context hierarchy
2018-04-01 17:22:52.191  INFO 71908 --- [Thread-2] com.zaxxer.hikari.HikariDataSource       : HikariPool-1 - Shutdown initiated...
2018-04-01 17:22:52.200  INFO 71908 --- [Thread-2] com.zaxxer.hikari.HikariDataSource       : HikariPool-1 - Shutdown completed.
2018-04-01 17:22:52.201  INFO 71908 --- [Thread-2] o.s.s.concurrent.ThreadPoolTaskExecutor  : Shutting down ExecutorService 'MyAsync'
2018-04-01 17:23:46.617  INFO 71920 --- [main] c.d.test.services.UserServiceTest        : Starting UserServiceTest on alanMacBook-Pro.local with PID 71920 (started by alan in /Users/alan/developers/ideaspace/demo/DBtest)
2018-04-01 17:23:46.619  INFO 71920 --- [main] c.d.test.services.UserServiceTest        : No active profile set, falling back to default profiles: default
2018-04-01 17:23:46.700  INFO 71920 --- [main] o.s.w.c.s.GenericWebApplicationContext   : Refreshing org.springframework.web.context.support.GenericWebApplicationContext@66ce957f: startup date [Sun Apr 01 17:23:46 CST 2018]; root of context hierarchy
2018-04-01 17:23:48.230  INFO 71920 --- [main] trationDelegate$BeanPostProcessorChecker : Bean 'taskExecutorConfig' of type [com.database.test.config.TaskExecutorConfig$$EnhancerBySpringCGLIB$$2eefd411] is not eligible for getting processed by all BeanPostProcessors (for example: not eligible for auto-proxying)
2018-04-01 17:23:48.246  INFO 71920 --- [main] o.s.s.concurrent.ThreadPoolTaskExecutor  : Initializing ExecutorService 
2018-04-01 17:23:48.265  INFO 71920 --- [main] o.s.s.concurrent.ThreadPoolTaskExecutor  : Initializing ExecutorService  'MyAsync'
2018-04-01 17:23:48.265  INFO 71920 --- [main] trationDelegate$BeanPostProcessorChecker : Bean 'MyAsync' of type [org.springframework.scheduling.concurrent.ThreadPoolTaskExecutor] is not eligible for getting processed by all BeanPostProcessors (for example: not eligible for auto-proxying)
2018-04-01 17:23:49.794  INFO 71920 --- [main] s.w.s.m.m.a.RequestMappingHandlerAdapter : Looking for @ControllerAdvice: org.springframework.web.context.support.GenericWebApplicationContext@66ce957f: startup date [Sun Apr 01 17:23:46 CST 2018]; root of context hierarchy
2018-04-01 17:23:49.923  INFO 71920 --- [main] s.w.s.m.m.a.RequestMappingHandlerMapping : Mapped "{[/user/save],methods=[GET]}" onto public java.lang.String com.database.test.controller.TestController.save(int)
2018-04-01 17:23:49.924  INFO 71920 --- [main] s.w.s.m.m.a.RequestMappingHandlerMapping : Mapped "{[/user/batchSave],methods=[GET]}" onto public java.lang.String com.database.test.controller.TestController.batchSave(int)
2018-04-01 17:23:49.925  INFO 71920 --- [main] s.w.s.m.m.a.RequestMappingHandlerMapping : Mapped "{[/user/getUserInfoByAge],methods=[GET]}" onto public java.lang.String com.database.test.controller.TestController.getUserInfoByAge(int)
2018-04-01 17:23:49.925  INFO 71920 --- [main] s.w.s.m.m.a.RequestMappingHandlerMapping : Mapped "{[/user/hello],methods=[GET]}" onto public java.lang.String com.database.test.controller.TestController.hello()
2018-04-01 17:23:49.927  INFO 71920 --- [main] s.w.s.m.m.a.RequestMappingHandlerMapping : Mapped "{[/error]}" onto public org.springframework.http.ResponseEntity<java.util.Map<java.lang.String, java.lang.Object>> org.springframework.boot.autoconfigure.web.servlet.error.BasicErrorController.error(javax.servlet.http.HttpServletRequest)
2018-04-01 17:23:49.928  INFO 71920 --- [main] s.w.s.m.m.a.RequestMappingHandlerMapping : Mapped "{[/error],produces=[text/html]}" onto public org.springframework.web.servlet.ModelAndView org.springframework.boot.autoconfigure.web.servlet.error.BasicErrorController.errorHtml(javax.servlet.http.HttpServletRequest,javax.servlet.http.HttpServletResponse)
2018-04-01 17:23:50.119  INFO 71920 --- [main] o.s.w.s.handler.SimpleUrlHandlerMapping  : Mapped URL path [/webjars/**] onto handler of type [class org.springframework.web.servlet.resource.ResourceHttpRequestHandler]
2018-04-01 17:23:50.120  INFO 71920 --- [main] o.s.w.s.handler.SimpleUrlHandlerMapping  : Mapped URL path [/**] onto handler of type [class org.springframework.web.servlet.resource.ResourceHttpRequestHandler]
2018-04-01 17:23:50.236  INFO 71920 --- [main] o.s.w.s.handler.SimpleUrlHandlerMapping  : Mapped URL path [/**/favicon.ico] onto handler of type [class org.springframework.web.servlet.resource.ResourceHttpRequestHandler]
2018-04-01 17:23:50.741  INFO 71920 --- [main] c.d.test.services.UserServiceTest        : Started UserServiceTest in 4.724 seconds (JVM running for 6.446)
2018-04-01 17:23:50.918  INFO 71920 --- [main] com.zaxxer.hikari.HikariDataSource       : HikariPool-1 - Starting...
2018-04-01 17:23:51.562  INFO 71920 --- [main] com.zaxxer.hikari.HikariDataSource       : HikariPool-1 - Start completed.
2018-04-01 17:24:41.090  WARN 71920 --- [HikariPool-1 housekeeper] com.zaxxer.hikari.pool.HikariPool        : HikariPool-1 - Thread starvation or clock leap detected (housekeeper delta=49s425ms).
2018-04-01 17:26:51.281  WARN 71920 --- [HikariPool-1 housekeeper] com.zaxxer.hikari.pool.HikariPool        : HikariPool-1 - Thread starvation or clock leap detected (housekeeper delta=1m34s621ms).
2018-04-01 17:26:51.349  INFO 71920 --- [Thread-2] o.s.w.c.s.GenericWebApplicationContext   : Closing org.springframework.web.context.support.GenericWebApplicationContext@66ce957f: startup date [Sun Apr 01 17:23:46 CST 2018]; root of context hierarchy
2018-04-01 17:26:51.362  INFO 71920 --- [Thread-2] com.zaxxer.hikari.HikariDataSource       : HikariPool-1 - Shutdown initiated...
2018-04-01 17:26:51.384  INFO 71920 --- [Thread-2] com.zaxxer.hikari.HikariDataSource       : HikariPool-1 - Shutdown completed.
2018-04-01 17:26:51.388  INFO 71920 --- [Thread-2] o.s.s.concurrent.ThreadPoolTaskExecutor  : Shutting down ExecutorService 'MyAsync'
2018-04-01 17:26:57.577  INFO 71930 --- [main] c.d.test.services.UserServiceTest        : Starting UserServiceTest on alanMacBook-Pro.local with PID 71930 (started by alan in /Users/alan/developers/ideaspace/demo/DBtest)
2018-04-01 17:26:57.578  INFO 71930 --- [main] c.d.test.services.UserServiceTest        : No active profile set, falling back to default profiles: default
2018-04-01 17:26:57.654  INFO 71930 --- [main] o.s.w.c.s.GenericWebApplicationContext   : Refreshing org.springframework.web.context.support.GenericWebApplicationContext@66ce957f: startup date [Sun Apr 01 17:26:57 CST 2018]; root of context hierarchy
2018-04-01 17:26:59.402  INFO 71930 --- [main] trationDelegate$BeanPostProcessorChecker : Bean 'taskExecutorConfig' of type [com.database.test.config.TaskExecutorConfig$$EnhancerBySpringCGLIB$$8f4dc184] is not eligible for getting processed by all BeanPostProcessors (for example: not eligible for auto-proxying)
2018-04-01 17:26:59.421  INFO 71930 --- [main] o.s.s.concurrent.ThreadPoolTaskExecutor  : Initializing ExecutorService 
2018-04-01 17:26:59.431  INFO 71930 --- [main] o.s.s.concurrent.ThreadPoolTaskExecutor  : Initializing ExecutorService  'MyAsync'
2018-04-01 17:26:59.432  INFO 71930 --- [main] trationDelegate$BeanPostProcessorChecker : Bean 'MyAsync' of type [org.springframework.scheduling.concurrent.ThreadPoolTaskExecutor] is not eligible for getting processed by all BeanPostProcessors (for example: not eligible for auto-proxying)
2018-04-01 17:27:01.217  INFO 71930 --- [main] s.w.s.m.m.a.RequestMappingHandlerAdapter : Looking for @ControllerAdvice: org.springframework.web.context.support.GenericWebApplicationContext@66ce957f: startup date [Sun Apr 01 17:26:57 CST 2018]; root of context hierarchy
2018-04-01 17:27:01.435  INFO 71930 --- [main] s.w.s.m.m.a.RequestMappingHandlerMapping : Mapped "{[/user/save],methods=[GET]}" onto public java.lang.String com.database.test.controller.TestController.save(int)
2018-04-01 17:27:01.440  INFO 71930 --- [main] s.w.s.m.m.a.RequestMappingHandlerMapping : Mapped "{[/user/batchSave],methods=[GET]}" onto public java.lang.String com.database.test.controller.TestController.batchSave(int)
2018-04-01 17:27:01.441  INFO 71930 --- [main] s.w.s.m.m.a.RequestMappingHandlerMapping : Mapped "{[/user/getUserInfoByAge],methods=[GET]}" onto public java.lang.String com.database.test.controller.TestController.getUserInfoByAge(int)
2018-04-01 17:27:01.442  INFO 71930 --- [main] s.w.s.m.m.a.RequestMappingHandlerMapping : Mapped "{[/user/hello],methods=[GET]}" onto public java.lang.String com.database.test.controller.TestController.hello()
2018-04-01 17:27:01.450  INFO 71930 --- [main] s.w.s.m.m.a.RequestMappingHandlerMapping : Mapped "{[/error]}" onto public org.springframework.http.ResponseEntity<java.util.Map<java.lang.String, java.lang.Object>> org.springframework.boot.autoconfigure.web.servlet.error.BasicErrorController.error(javax.servlet.http.HttpServletRequest)
2018-04-01 17:27:01.453  INFO 71930 --- [main] s.w.s.m.m.a.RequestMappingHandlerMapping : Mapped "{[/error],produces=[text/html]}" onto public org.springframework.web.servlet.ModelAndView org.springframework.boot.autoconfigure.web.servlet.error.BasicErrorController.errorHtml(javax.servlet.http.HttpServletRequest,javax.servlet.http.HttpServletResponse)
2018-04-01 17:27:01.629  INFO 71930 --- [main] o.s.w.s.handler.SimpleUrlHandlerMapping  : Mapped URL path [/webjars/**] onto handler of type [class org.springframework.web.servlet.resource.ResourceHttpRequestHandler]
2018-04-01 17:27:01.630  INFO 71930 --- [main] o.s.w.s.handler.SimpleUrlHandlerMapping  : Mapped URL path [/**] onto handler of type [class org.springframework.web.servlet.resource.ResourceHttpRequestHandler]
2018-04-01 17:27:01.890  INFO 71930 --- [main] o.s.w.s.handler.SimpleUrlHandlerMapping  : Mapped URL path [/**/favicon.ico] onto handler of type [class org.springframework.web.servlet.resource.ResourceHttpRequestHandler]
2018-04-01 17:27:02.458  INFO 71930 --- [main] c.d.test.services.UserServiceTest        : Started UserServiceTest in 5.5 seconds (JVM running for 7.654)
2018-04-01 17:27:02.623  INFO 71930 --- [main] com.zaxxer.hikari.HikariDataSource       : HikariPool-1 - Starting...
2018-04-01 17:27:03.371  INFO 71930 --- [main] com.zaxxer.hikari.HikariDataSource       : HikariPool-1 - Start completed.
2018-04-01 17:28:37.986  INFO 71930 --- [Thread-2] o.s.w.c.s.GenericWebApplicationContext   : Closing org.springframework.web.context.support.GenericWebApplicationContext@66ce957f: startup date [Sun Apr 01 17:26:57 CST 2018]; root of context hierarchy
2018-04-01 17:28:37.992  INFO 71930 --- [Thread-2] com.zaxxer.hikari.HikariDataSource       : HikariPool-1 - Shutdown initiated...
2018-04-01 17:28:38.003  INFO 71930 --- [Thread-2] com.zaxxer.hikari.HikariDataSource       : HikariPool-1 - Shutdown completed.
2018-04-01 17:28:38.003  INFO 71930 --- [Thread-2] o.s.s.concurrent.ThreadPoolTaskExecutor  : Shutting down ExecutorService 'MyAsync'
2018-04-01 17:28:44.033  INFO 71935 --- [main] c.d.test.services.UserServiceTest        : Starting UserServiceTest on alanMacBook-Pro.local with PID 71935 (started by alan in /Users/alan/developers/ideaspace/demo/DBtest)
2018-04-01 17:28:44.034  INFO 71935 --- [main] c.d.test.services.UserServiceTest        : No active profile set, falling back to default profiles: default
2018-04-01 17:28:44.264  INFO 71935 --- [main] o.s.w.c.s.GenericWebApplicationContext   : Refreshing org.springframework.web.context.support.GenericWebApplicationContext@66ce957f: startup date [Sun Apr 01 17:28:44 CST 2018]; root of context hierarchy
2018-04-01 17:28:45.977  INFO 71935 --- [main] trationDelegate$BeanPostProcessorChecker : Bean 'taskExecutorConfig' of type [com.database.test.config.TaskExecutorConfig$$EnhancerBySpringCGLIB$$b4725674] is not eligible for getting processed by all BeanPostProcessors (for example: not eligible for auto-proxying)
2018-04-01 17:28:46.020  INFO 71935 --- [main] o.s.s.concurrent.ThreadPoolTaskExecutor  : Initializing ExecutorService 
2018-04-01 17:28:46.035  INFO 71935 --- [main] o.s.s.concurrent.ThreadPoolTaskExecutor  : Initializing ExecutorService  'MyAsync'
2018-04-01 17:28:46.036  INFO 71935 --- [main] trationDelegate$BeanPostProcessorChecker : Bean 'MyAsync' of type [org.springframework.scheduling.concurrent.ThreadPoolTaskExecutor] is not eligible for getting processed by all BeanPostProcessors (for example: not eligible for auto-proxying)
2018-04-01 17:28:48.036  INFO 71935 --- [main] s.w.s.m.m.a.RequestMappingHandlerAdapter : Looking for @ControllerAdvice: org.springframework.web.context.support.GenericWebApplicationContext@66ce957f: startup date [Sun Apr 01 17:28:44 CST 2018]; root of context hierarchy
2018-04-01 17:28:48.198  INFO 71935 --- [main] s.w.s.m.m.a.RequestMappingHandlerMapping : Mapped "{[/user/save],methods=[GET]}" onto public java.lang.String com.database.test.controller.TestController.save(int)
2018-04-01 17:28:48.199  INFO 71935 --- [main] s.w.s.m.m.a.RequestMappingHandlerMapping : Mapped "{[/user/batchSave],methods=[GET]}" onto public java.lang.String com.database.test.controller.TestController.batchSave(int)
2018-04-01 17:28:48.199  INFO 71935 --- [main] s.w.s.m.m.a.RequestMappingHandlerMapping : Mapped "{[/user/getUserInfoByAge],methods=[GET]}" onto public java.lang.String com.database.test.controller.TestController.getUserInfoByAge(int)
2018-04-01 17:28:48.200  INFO 71935 --- [main] s.w.s.m.m.a.RequestMappingHandlerMapping : Mapped "{[/user/hello],methods=[GET]}" onto public java.lang.String com.database.test.controller.TestController.hello()
2018-04-01 17:28:48.203  INFO 71935 --- [main] s.w.s.m.m.a.RequestMappingHandlerMapping : Mapped "{[/error]}" onto public org.springframework.http.ResponseEntity<java.util.Map<java.lang.String, java.lang.Object>> org.springframework.boot.autoconfigure.web.servlet.error.BasicErrorController.error(javax.servlet.http.HttpServletRequest)
2018-04-01 17:28:48.204  INFO 71935 --- [main] s.w.s.m.m.a.RequestMappingHandlerMapping : Mapped "{[/error],produces=[text/html]}" onto public org.springframework.web.servlet.ModelAndView org.springframework.boot.autoconfigure.web.servlet.error.BasicErrorController.errorHtml(javax.servlet.http.HttpServletRequest,javax.servlet.http.HttpServletResponse)
2018-04-01 17:28:48.457  INFO 71935 --- [main] o.s.w.s.handler.SimpleUrlHandlerMapping  : Mapped URL path [/webjars/**] onto handler of type [class org.springframework.web.servlet.resource.ResourceHttpRequestHandler]
2018-04-01 17:28:48.457  INFO 71935 --- [main] o.s.w.s.handler.SimpleUrlHandlerMapping  : Mapped URL path [/**] onto handler of type [class org.springframework.web.servlet.resource.ResourceHttpRequestHandler]
2018-04-01 17:28:48.589  INFO 71935 --- [main] o.s.w.s.handler.SimpleUrlHandlerMapping  : Mapped URL path [/**/favicon.ico] onto handler of type [class org.springframework.web.servlet.resource.ResourceHttpRequestHandler]
2018-04-01 17:28:49.127  INFO 71935 --- [main] c.d.test.services.UserServiceTest        : Started UserServiceTest in 5.766 seconds (JVM running for 7.701)
2018-04-01 17:28:49.310  INFO 71935 --- [main] com.zaxxer.hikari.HikariDataSource       : HikariPool-1 - Starting...
2018-04-01 17:28:50.036  INFO 71935 --- [main] com.zaxxer.hikari.HikariDataSource       : HikariPool-1 - Start completed.
2018-04-01 17:29:45.787  INFO 71935 --- [Thread-2] o.s.w.c.s.GenericWebApplicationContext   : Closing org.springframework.web.context.support.GenericWebApplicationContext@66ce957f: startup date [Sun Apr 01 17:28:44 CST 2018]; root of context hierarchy
2018-04-01 17:29:45.799  INFO 71935 --- [Thread-2] com.zaxxer.hikari.HikariDataSource       : HikariPool-1 - Shutdown initiated...
2018-04-01 17:29:45.820  INFO 71935 --- [Thread-2] com.zaxxer.hikari.HikariDataSource       : HikariPool-1 - Shutdown completed.
2018-04-01 17:29:45.820  INFO 71935 --- [Thread-2] o.s.s.concurrent.ThreadPoolTaskExecutor  : Shutting down ExecutorService 'MyAsync'
2018-04-01 17:31:12.982  INFO 71942 --- [main] c.d.test.services.UserServiceTest        : Starting UserServiceTest on alanMacBook-Pro.local with PID 71942 (started by alan in /Users/alan/developers/ideaspace/demo/DBtest)
2018-04-01 17:31:12.984  INFO 71942 --- [main] c.d.test.services.UserServiceTest        : No active profile set, falling back to default profiles: default
2018-04-01 17:31:13.051  INFO 71942 --- [main] o.s.w.c.s.GenericWebApplicationContext   : Refreshing org.springframework.web.context.support.GenericWebApplicationContext@66ce957f: startup date [Sun Apr 01 17:31:13 CST 2018]; root of context hierarchy
2018-04-01 17:31:14.747  INFO 71942 --- [main] trationDelegate$BeanPostProcessorChecker : Bean 'taskExecutorConfig' of type [com.database.test.config.TaskExecutorConfig$$EnhancerBySpringCGLIB$$2b0be171] is not eligible for getting processed by all BeanPostProcessors (for example: not eligible for auto-proxying)
2018-04-01 17:31:14.763  INFO 71942 --- [main] o.s.s.concurrent.ThreadPoolTaskExecutor  : Initializing ExecutorService 
2018-04-01 17:31:14.773  INFO 71942 --- [main] o.s.s.concurrent.ThreadPoolTaskExecutor  : Initializing ExecutorService  'MyAsync'
2018-04-01 17:31:14.774  INFO 71942 --- [main] trationDelegate$BeanPostProcessorChecker : Bean 'MyAsync' of type [org.springframework.scheduling.concurrent.ThreadPoolTaskExecutor] is not eligible for getting processed by all BeanPostProcessors (for example: not eligible for auto-proxying)
2018-04-01 17:31:16.604  INFO 71942 --- [main] s.w.s.m.m.a.RequestMappingHandlerAdapter : Looking for @ControllerAdvice: org.springframework.web.context.support.GenericWebApplicationContext@66ce957f: startup date [Sun Apr 01 17:31:13 CST 2018]; root of context hierarchy
2018-04-01 17:31:16.764  INFO 71942 --- [main] s.w.s.m.m.a.RequestMappingHandlerMapping : Mapped "{[/user/save],methods=[GET]}" onto public java.lang.String com.database.test.controller.TestController.save(int)
2018-04-01 17:31:16.766  INFO 71942 --- [main] s.w.s.m.m.a.RequestMappingHandlerMapping : Mapped "{[/user/batchSave],methods=[GET]}" onto public java.lang.String com.database.test.controller.TestController.batchSave(int)
2018-04-01 17:31:16.766  INFO 71942 --- [main] s.w.s.m.m.a.RequestMappingHandlerMapping : Mapped "{[/user/getUserInfoByAge],methods=[GET]}" onto public java.lang.String com.database.test.controller.TestController.getUserInfoByAge(int)
2018-04-01 17:31:16.766  INFO 71942 --- [main] s.w.s.m.m.a.RequestMappingHandlerMapping : Mapped "{[/user/hello],methods=[GET]}" onto public java.lang.String com.database.test.controller.TestController.hello()
2018-04-01 17:31:16.769  INFO 71942 --- [main] s.w.s.m.m.a.RequestMappingHandlerMapping : Mapped "{[/error]}" onto public org.springframework.http.ResponseEntity<java.util.Map<java.lang.String, java.lang.Object>> org.springframework.boot.autoconfigure.web.servlet.error.BasicErrorController.error(javax.servlet.http.HttpServletRequest)
2018-04-01 17:31:16.770  INFO 71942 --- [main] s.w.s.m.m.a.RequestMappingHandlerMapping : Mapped "{[/error],produces=[text/html]}" onto public org.springframework.web.servlet.ModelAndView org.springframework.boot.autoconfigure.web.servlet.error.BasicErrorController.errorHtml(javax.servlet.http.HttpServletRequest,javax.servlet.http.HttpServletResponse)
2018-04-01 17:31:16.990  INFO 71942 --- [main] o.s.w.s.handler.SimpleUrlHandlerMapping  : Mapped URL path [/webjars/**] onto handler of type [class org.springframework.web.servlet.resource.ResourceHttpRequestHandler]
2018-04-01 17:31:16.990  INFO 71942 --- [main] o.s.w.s.handler.SimpleUrlHandlerMapping  : Mapped URL path [/**] onto handler of type [class org.springframework.web.servlet.resource.ResourceHttpRequestHandler]
2018-04-01 17:31:17.111  INFO 71942 --- [main] o.s.w.s.handler.SimpleUrlHandlerMapping  : Mapped URL path [/**/favicon.ico] onto handler of type [class org.springframework.web.servlet.resource.ResourceHttpRequestHandler]
2018-04-01 17:31:17.710  INFO 71942 --- [main] c.d.test.services.UserServiceTest        : Started UserServiceTest in 5.329 seconds (JVM running for 7.388)
2018-04-01 17:31:17.903  INFO 71942 --- [main] com.zaxxer.hikari.HikariDataSource       : HikariPool-1 - Starting...
2018-04-01 17:31:18.660  INFO 71942 --- [main] com.zaxxer.hikari.HikariDataSource       : HikariPool-1 - Start completed.
2018-04-01 17:32:18.481  INFO 71942 --- [Thread-2] o.s.w.c.s.GenericWebApplicationContext   : Closing org.springframework.web.context.support.GenericWebApplicationContext@66ce957f: startup date [Sun Apr 01 17:31:13 CST 2018]; root of context hierarchy
2018-04-01 17:32:18.484  INFO 71942 --- [Thread-2] com.zaxxer.hikari.HikariDataSource       : HikariPool-1 - Shutdown initiated...
2018-04-01 17:32:18.499  INFO 71942 --- [Thread-2] com.zaxxer.hikari.HikariDataSource       : HikariPool-1 - Shutdown completed.
2018-04-01 17:32:18.500  INFO 71942 --- [Thread-2] o.s.s.concurrent.ThreadPoolTaskExecutor  : Shutting down ExecutorService 'MyAsync'
2018-04-01 17:32:34.886  INFO 71946 --- [main] c.d.test.services.UserServiceTest        : Starting UserServiceTest on alanMacBook-Pro.local with PID 71946 (started by alan in /Users/alan/developers/ideaspace/demo/DBtest)
2018-04-01 17:32:34.888  INFO 71946 --- [main] c.d.test.services.UserServiceTest        : No active profile set, falling back to default profiles: default
2018-04-01 17:32:34.972  INFO 71946 --- [main] o.s.w.c.s.GenericWebApplicationContext   : Refreshing org.springframework.web.context.support.GenericWebApplicationContext@55b5f5d2: startup date [Sun Apr 01 17:32:34 CST 2018]; root of context hierarchy
2018-04-01 17:32:36.778  INFO 71946 --- [main] trationDelegate$BeanPostProcessorChecker : Bean 'taskExecutorConfig' of type [com.database.test.config.TaskExecutorConfig$$EnhancerBySpringCGLIB$$9ee6e47a] is not eligible for getting processed by all BeanPostProcessors (for example: not eligible for auto-proxying)
2018-04-01 17:32:36.805  INFO 71946 --- [main] o.s.s.concurrent.ThreadPoolTaskExecutor  : Initializing ExecutorService 
2018-04-01 17:32:36.822  INFO 71946 --- [main] o.s.s.concurrent.ThreadPoolTaskExecutor  : Initializing ExecutorService  'MyAsync'
2018-04-01 17:32:36.823  INFO 71946 --- [main] trationDelegate$BeanPostProcessorChecker : Bean 'MyAsync' of type [org.springframework.scheduling.concurrent.ThreadPoolTaskExecutor] is not eligible for getting processed by all BeanPostProcessors (for example: not eligible for auto-proxying)
2018-04-01 17:32:38.505  INFO 71946 --- [main] s.w.s.m.m.a.RequestMappingHandlerAdapter : Looking for @ControllerAdvice: org.springframework.web.context.support.GenericWebApplicationContext@55b5f5d2: startup date [Sun Apr 01 17:32:34 CST 2018]; root of context hierarchy
2018-04-01 17:32:38.687  INFO 71946 --- [main] s.w.s.m.m.a.RequestMappingHandlerMapping : Mapped "{[/user/save],methods=[GET]}" onto public java.lang.String com.database.test.controller.TestController.save(int)
2018-04-01 17:32:38.689  INFO 71946 --- [main] s.w.s.m.m.a.RequestMappingHandlerMapping : Mapped "{[/user/batchSave],methods=[GET]}" onto public java.lang.String com.database.test.controller.TestController.batchSave(int)
2018-04-01 17:32:38.690  INFO 71946 --- [main] s.w.s.m.m.a.RequestMappingHandlerMapping : Mapped "{[/user/getUserInfoByAge],methods=[GET]}" onto public java.lang.String com.database.test.controller.TestController.getUserInfoByAge(int)
2018-04-01 17:32:38.690  INFO 71946 --- [main] s.w.s.m.m.a.RequestMappingHandlerMapping : Mapped "{[/user/hello],methods=[GET]}" onto public java.lang.String com.database.test.controller.TestController.hello()
2018-04-01 17:32:38.695  INFO 71946 --- [main] s.w.s.m.m.a.RequestMappingHandlerMapping : Mapped "{[/error]}" onto public org.springframework.http.ResponseEntity<java.util.Map<java.lang.String, java.lang.Object>> org.springframework.boot.autoconfigure.web.servlet.error.BasicErrorController.error(javax.servlet.http.HttpServletRequest)
2018-04-01 17:32:38.696  INFO 71946 --- [main] s.w.s.m.m.a.RequestMappingHandlerMapping : Mapped "{[/error],produces=[text/html]}" onto public org.springframework.web.servlet.ModelAndView org.springframework.boot.autoconfigure.web.servlet.error.BasicErrorController.errorHtml(javax.servlet.http.HttpServletRequest,javax.servlet.http.HttpServletResponse)
2018-04-01 17:32:38.955  INFO 71946 --- [main] o.s.w.s.handler.SimpleUrlHandlerMapping  : Mapped URL path [/webjars/**] onto handler of type [class org.springframework.web.servlet.resource.ResourceHttpRequestHandler]
2018-04-01 17:32:38.955  INFO 71946 --- [main] o.s.w.s.handler.SimpleUrlHandlerMapping  : Mapped URL path [/**] onto handler of type [class org.springframework.web.servlet.resource.ResourceHttpRequestHandler]
2018-04-01 17:32:39.059  INFO 71946 --- [main] o.s.w.s.handler.SimpleUrlHandlerMapping  : Mapped URL path [/**/favicon.ico] onto handler of type [class org.springframework.web.servlet.resource.ResourceHttpRequestHandler]
2018-04-01 17:32:39.607  INFO 71946 --- [main] c.d.test.services.UserServiceTest        : Started UserServiceTest in 5.413 seconds (JVM running for 7.333)
2018-04-01 17:32:39.791  INFO 71946 --- [main] com.zaxxer.hikari.HikariDataSource       : HikariPool-1 - Starting...
2018-04-01 17:32:40.594  INFO 71946 --- [main] com.zaxxer.hikari.HikariDataSource       : HikariPool-1 - Start completed.
2018-04-01 17:33:01.947  INFO 71946 --- [main] com.database.test.services.UserService   : 10条最相似数据差异值为：911.4
2018-04-01 17:33:01.947  INFO 71946 --- [main] com.database.test.services.UserService   : 
{id:8891,name:寱殪輷,sex:false,maritalStatus:false,age:11.0,height:142.0,weight:133.0,hobby:柈驃猟琵輧畼業酩藬鱘,address:箕熝栖河昦鍗聼刢口耸,diseaseHistory:顾獁賓腯鶋灹牔鏠埖駀笨敂聁掍獯鬖斊栁窵傻惥槑苩诬瘊暶睦瑾螝洋,habit:粵鱑汖騷霼鰙孴破埗勝覎佫徛丆啍無僽圿狿舧褮闪衷瑹挅簽饿廋瑪窵,exerciseTarget:琂螬腠栉睩偙刻佑甑緵}
{id:8387,name:踰縜竎,sex:false,maritalStatus:true,age:8.0,height:146.0,weight:112.0,hobby:刄哙咨蹍彌躲馒睋皼醈,address:鉮麫礊徫酑諷泜秘腓娄,diseaseHistory:絹巙锛罥椧緂镒鰩鵗蓫伐贡旬炒崼觓熪台怆噁涭歓躤薌醞珍嘧呹忠脄,habit:裕閴蜃湻矛剙檛嫝驡軙颯杈喽輫阒舿它饤柞钊箫佢鸄厾剼岮顩匛贉蓺,exerciseTarget:躴銾偲赋浦亏曂弒衝抬}
{id:6544,name:穆巔柽,sex:false,maritalStatus:false,age:8.0,height:145.0,weight:72.0,hobby:櫍阏魶迿丟駋狺姒秥亗,address:纪張斛欷秣眉盅鳫冼勰,diseaseHistory:鲷踲葟盝襗綬絅乽剚晞箥仏潈躒诚珖婜遑龔廸覵薼髨贊卷塱葹窇夤慹,habit:嶹彙咠崐喋堃瑃惿硂眒盨鐺氬鋞鸶綁瘬樜硪捲峨鋎姴敐闚餿靠镳踨嘐,exerciseTarget:趎熯笆蘟玭恹釧嬌监孳}
{id:1415,name:灷呱錆,sex:false,maritalStatus:false,age:13.0,height:143.0,weight:144.0,hobby:兦鳹鑻螨鏷璇詧玒餡趪,address:匲褬计楚歟鵓劰垻罳瑂,diseaseHistory:缒软藟介划淧刏傳竃瀿疮锑通袞熭渽諔瓩裡叝揌鬖鴬聅笪鵜伲懞嘵矪,habit:媨鳅脱銇痔慦埓嗎埇約处質弪朚捅场甿釧踮狚蠨宧麫虘濊浗悀樞窬廰,exerciseTarget:傮陦糅岝磞玟钟嘭仭貦}
{id:3333,name:鮘竫侣,sex:false,maritalStatus:false,age:5.0,height:148.0,weight:94.0,hobby:渺靇衝坻莄溗幆煦袓晦,address:虮蜳錅桄戕篘鉶驈揗坻,diseaseHistory:疅植鐵佸渏臀橪倣鮖扛懇铏駿颼斚筗貔車癄掞纀恶両杹銑籒鯱菊鶽恛,habit:癜龛陻鋄彬墵坋鏜喀簞賧徚賣蝽碍謋烘浻鱤憨俪蕐犺瀇辶美榡象礭慆,exerciseTarget:厊氘遬友翪剿鄀乷纳埧}
{id:6690,name:眔洨刴,sex:false,maritalStatus:false,age:13.0,height:155.0,weight:57.0,hobby:齗愌起鮔鸁鋼铚濶橭廀,address:睌怡涇箶娼輻梅旭嘕橁,diseaseHistory:濴嚭塀奥誹搸毃槰蔇適鉮卟揉器嚔丐漝籝螀鳅檭蛜戍抷嚧轅费架诐莃,habit:漜撀鵊鶁摱脚颲嵆狚舎旂竌拮贖矬馅翞頱鵤镔逽袴駶旀縁赚拏鷙漿豉,exerciseTarget:禱匃炝碷筟輻抿遻霹鳣}
{id:3418,name:虂弤鎢,sex:false,maritalStatus:true,age:9.0,height:132.0,weight:144.0,hobby:篲荦她毢欒鬀揈厠鈶撊,address:鐷捈鮛虒癶躀郈塆聍饶,diseaseHistory:蚈肏綌虑杀娺駱湳聘芌朗汥啫撫畍醬愞霅蜭蛤醯轷犿惔蠳峧拧玦郔毿,habit:蠷麵罹菆捗匥眷蜚襺芬鋓蔓簈鳰霦藨覠跖氡琱滫駭婙锫蛾賐龚熊俪幔,exerciseTarget:渕賈秺鼌磮灧鬺毡嬹浼}
{id:8246,name:玾烒綼,sex:false,maritalStatus:false,age:11.0,height:154.0,weight:100.0,hobby:繐铰軭皀殤盋洰似庣綍,address:蠥显瑤慓寜臚廐寖敛醱,diseaseHistory:匮驈墩揺阑僡畭魳滖濰溁鵻桉夺潗异螻俥贸澗罃走匇鄥務膨嘵壙総奾,habit:挣酇媧蓱唙廮慢鮔但桌趵諜廼蒉傭鴢喋醶謗凧梁郫讖皽膓櫹畒倘衅贴,exerciseTarget:澻闋瞢規臔粵朽燾鋥氯}
{id:3684,name:鰳琒笻,sex:false,maritalStatus:false,age:3.0,height:142.0,weight:95.0,hobby:樥丳勽窰鐱询祫拏額钯,address:铟喖吇连捲挕帿窡惰蛘,diseaseHistory:寯泅爲疓丛殇秬苤崪擒楮裇玳饪危龖碪谸戼恪蘧漬惹鱨燻劖椈禳卣木,habit:荳阚苡泳渳荒冯委冝劜猃臇畳巉筡惛恮埱懬燒畷礶徂贿碆笠粷瞬繶钺,exerciseTarget:塅羴姣凎坂棍罝谖婻潕}
{id:2018,name:禴壽辌,sex:false,maritalStatus:false,age:12.0,height:146.0,weight:103.0,hobby:娃鱕覕吺嶫婦覿魡娬痊,address:鵈騃鮟雠芸鞁汾踈戨獓,diseaseHistory:僞伒摄氳磂耆齊呇濩鬢虤涜铨缟貶烤蒱雘毠埼帗窔蝀祇廪厐潗呌究墢,habit:覷紖槓妮嬔舴頿骅狐澏郌仗謳斊尲灹妳嘗鈚攵蕪独嗨閪誔圍皙橋鷰櫣,exerciseTarget:橸裴曁騭縻釿鋿嶖嶖隧}

2018-04-01 17:33:01.952  INFO 71946 --- [Thread-2] o.s.w.c.s.GenericWebApplicationContext   : Closing org.springframework.web.context.support.GenericWebApplicationContext@55b5f5d2: startup date [Sun Apr 01 17:32:34 CST 2018]; root of context hierarchy
2018-04-01 17:33:01.958  INFO 71946 --- [Thread-2] com.zaxxer.hikari.HikariDataSource       : HikariPool-1 - Shutdown initiated...
2018-04-01 17:33:01.965  INFO 71946 --- [Thread-2] com.zaxxer.hikari.HikariDataSource       : HikariPool-1 - Shutdown completed.
2018-04-01 17:33:01.965  INFO 71946 --- [Thread-2] o.s.s.concurrent.ThreadPoolTaskExecutor  : Shutting down ExecutorService 'MyAsync'
2018-04-01 17:33:48.949  INFO 71954 --- [main] c.d.test.services.UserServiceTest        : Starting UserServiceTest on alanMacBook-Pro.local with PID 71954 (started by alan in /Users/alan/developers/ideaspace/demo/DBtest)
2018-04-01 17:33:48.951  INFO 71954 --- [main] c.d.test.services.UserServiceTest        : No active profile set, falling back to default profiles: default
2018-04-01 17:33:49.106  INFO 71954 --- [main] o.s.w.c.s.GenericWebApplicationContext   : Refreshing org.springframework.web.context.support.GenericWebApplicationContext@66ce957f: startup date [Sun Apr 01 17:33:49 CST 2018]; root of context hierarchy
2018-04-01 17:33:50.905  INFO 71954 --- [main] trationDelegate$BeanPostProcessorChecker : Bean 'taskExecutorConfig' of type [com.database.test.config.TaskExecutorConfig$$EnhancerBySpringCGLIB$$f880538d] is not eligible for getting processed by all BeanPostProcessors (for example: not eligible for auto-proxying)
2018-04-01 17:33:50.925  INFO 71954 --- [main] o.s.s.concurrent.ThreadPoolTaskExecutor  : Initializing ExecutorService 
2018-04-01 17:33:50.936  INFO 71954 --- [main] o.s.s.concurrent.ThreadPoolTaskExecutor  : Initializing ExecutorService  'MyAsync'
2018-04-01 17:33:50.936  INFO 71954 --- [main] trationDelegate$BeanPostProcessorChecker : Bean 'MyAsync' of type [org.springframework.scheduling.concurrent.ThreadPoolTaskExecutor] is not eligible for getting processed by all BeanPostProcessors (for example: not eligible for auto-proxying)
2018-04-01 17:33:52.629  INFO 71954 --- [main] s.w.s.m.m.a.RequestMappingHandlerAdapter : Looking for @ControllerAdvice: org.springframework.web.context.support.GenericWebApplicationContext@66ce957f: startup date [Sun Apr 01 17:33:49 CST 2018]; root of context hierarchy
2018-04-01 17:33:52.796  INFO 71954 --- [main] s.w.s.m.m.a.RequestMappingHandlerMapping : Mapped "{[/user/save],methods=[GET]}" onto public java.lang.String com.database.test.controller.TestController.save(int)
2018-04-01 17:33:52.798  INFO 71954 --- [main] s.w.s.m.m.a.RequestMappingHandlerMapping : Mapped "{[/user/hello],methods=[GET]}" onto public java.lang.String com.database.test.controller.TestController.hello()
2018-04-01 17:33:52.798  INFO 71954 --- [main] s.w.s.m.m.a.RequestMappingHandlerMapping : Mapped "{[/user/batchSave],methods=[GET]}" onto public java.lang.String com.database.test.controller.TestController.batchSave(int)
2018-04-01 17:33:52.799  INFO 71954 --- [main] s.w.s.m.m.a.RequestMappingHandlerMapping : Mapped "{[/user/getUserInfoByAge],methods=[GET]}" onto public java.lang.String com.database.test.controller.TestController.getUserInfoByAge(int)
2018-04-01 17:33:52.803  INFO 71954 --- [main] s.w.s.m.m.a.RequestMappingHandlerMapping : Mapped "{[/error]}" onto public org.springframework.http.ResponseEntity<java.util.Map<java.lang.String, java.lang.Object>> org.springframework.boot.autoconfigure.web.servlet.error.BasicErrorController.error(javax.servlet.http.HttpServletRequest)
2018-04-01 17:33:52.804  INFO 71954 --- [main] s.w.s.m.m.a.RequestMappingHandlerMapping : Mapped "{[/error],produces=[text/html]}" onto public org.springframework.web.servlet.ModelAndView org.springframework.boot.autoconfigure.web.servlet.error.BasicErrorController.errorHtml(javax.servlet.http.HttpServletRequest,javax.servlet.http.HttpServletResponse)
2018-04-01 17:33:53.052  INFO 71954 --- [main] o.s.w.s.handler.SimpleUrlHandlerMapping  : Mapped URL path [/webjars/**] onto handler of type [class org.springframework.web.servlet.resource.ResourceHttpRequestHandler]
2018-04-01 17:33:53.053  INFO 71954 --- [main] o.s.w.s.handler.SimpleUrlHandlerMapping  : Mapped URL path [/**] onto handler of type [class org.springframework.web.servlet.resource.ResourceHttpRequestHandler]
2018-04-01 17:33:53.132  INFO 71954 --- [main] o.s.w.s.handler.SimpleUrlHandlerMapping  : Mapped URL path [/**/favicon.ico] onto handler of type [class org.springframework.web.servlet.resource.ResourceHttpRequestHandler]
2018-04-01 17:33:53.676  INFO 71954 --- [main] c.d.test.services.UserServiceTest        : Started UserServiceTest in 5.581 seconds (JVM running for 7.741)
2018-04-01 17:33:53.860  INFO 71954 --- [main] com.zaxxer.hikari.HikariDataSource       : HikariPool-1 - Starting...
2018-04-01 17:33:54.492  INFO 71954 --- [main] com.zaxxer.hikari.HikariDataSource       : HikariPool-1 - Start completed.
2018-04-01 17:34:38.407  INFO 71954 --- [main] com.database.test.services.UserService   : 10条最相似数据差异值为：774.4
2018-04-01 17:34:38.408  INFO 71954 --- [main] com.database.test.services.UserService   : 
{id:5873,name:皂歡瘊,sex:true,maritalStatus:false,age:97.0,height:179.0,weight:27.0,hobby:綋荅纣予隳鑼瞁噓靲涌,address:苝鄍脘荷闺佢撆鸭什瑷,diseaseHistory:寍絓鰰娹汅踙癊芛掸鹋鲥袩鵸肼囪谘松慬縠彗怸膇譝龜嗝殂儢褫嫭瞢,habit:瓟檑洪钻率宛抱缞涛撡鐉迳球蝺緎渪嗐摥蛩戤騾箺忼鵢碽籛萵熢觋娫,exerciseTarget:闧日歡繴衋澼彦忱擡鎙}
{id:7923,name:汻黗胝,sex:true,maritalStatus:true,age:93.0,height:170.0,weight:65.0,hobby:樨冑联傻孾彪悜劅焋黎,address:溻啇唜窴者恡柣疷鐚臯,diseaseHistory:嫊尙恘翍搋睚舲膪徬萴沭鄉訲疝幉衟吸秔妷膢钹徙鱍鼸谫穕吶瓲幾壂,habit:朇呫犂啖鐙窻穌卦髥粑玞眒閟嫋沢晗啽尛欣磌犚虨颺粓膁紻篠僧箷袢,exerciseTarget:肀籷梄逛昰羁娓莿姣耗}
{id:1682,name:憯頤钞,sex:true,maritalStatus:false,age:98.0,height:179.0,weight:70.0,hobby:覒櫈掵掚咳厹憤鴋犅倁,address:鍥曳麧抄縒鬏宽朵粁矩,diseaseHistory:蹣鉡囂揭賱菘鏙駥傧盁礚鉑魣辮饨漛锊楾噢骳霬淣娦灞釹蕈娯媌跨菂,habit:鵁葖蓄頏閄婿装釭倃卻馝襌渴鯰齅朩科浊飒瓿莧馉昳贝币麶樖焛棣爡,exerciseTarget:熅垃箦黆粨詓濠勖勄馅}
{id:2980,name:潰頢髥,sex:true,maritalStatus:false,age:98.0,height:178.0,weight:101.0,hobby:劦敘旄鞵熜挑匤呏牳簴,address:菚缔悟繃仭袖鲞熓籏跂,diseaseHistory:伷横缎庇宍黋漉覫鼕劝湽焤脀锰乛翁稯齫洚璮衳郺迪蓎竔憸揨譏峏袟,habit:逷鼍缛糌绸狩煜铘鄪酠鏫裲慭构蓨縷硦铌楧鮣齈囕米嘜悝制圩賮釯繕,exerciseTarget:数彁昐夹鵭基悚袯挾硂}
{id:5937,name:牌鉪煽,sex:true,maritalStatus:true,age:89.0,height:175.0,weight:71.0,hobby:狁泹閑喽硅瞢炭咐豱鱏,address:緉勸逮个抯頧諂涬鑦乙,diseaseHistory:鱃屯耔峽婿夒膱坍绅袂熊別趒齨墤攍欉蔢喋鵎羝诣甠勽銘寯魉怸磍聜,habit:冃宓脆夑廤炒浵喤澷耐蜏覻鲥岕縰辏洕佣亖鄈滌犳羾骀藻芅鄿谜娜赂,exerciseTarget:閍藦齼碟褡楛腃譓锭軮}
{id:8098,name:铁蟾圹,sex:true,maritalStatus:false,age:97.0,height:185.0,weight:86.0,hobby:钎坝媕碪嘍苖鐂裞媶絤,address:萖縊迊鏭莄諑鴩鯎傔睟,diseaseHistory:寎汚订軾窫眉沬廞趷所論栄胚吺覘貂磩域恊烊壭籦厣壽傈卣婊箚陇佶,habit:喣谑鲄寭嫏冪炨痥籡鑵熳佟伃鄔蹆弇切酊塇箁芰塉麋穲奈礭橩骼琮瞭,exerciseTarget:糙鐵汳鳙韱烻骒顬眙嘅}
{id:7755,name:軤厩蚛,sex:true,maritalStatus:false,age:101.0,height:175.0,weight:97.0,hobby:鉾仒桎牼虨晦唨楂輙鬠,address:硖鱖赾栗匷畂琫虬羚燩,diseaseHistory:皘利鋑瘁羫厝竱廒耢鷍燃享鞇牌髣磏粵砤嫦庽刕聡飰拮痣虺尴釅諃癚,habit:鄱梞礐媶倭僢芧柅脿珤蓯岌诉襎柝踨后粊璩鰖纘霋僷蟃暫纕眇库堪违,exerciseTarget:肍巩贗劼午讱讏鍮紙達}
{id:9755,name:譤县椞,sex:true,maritalStatus:true,age:89.0,height:179.0,weight:94.0,hobby:煩銶樿晒黐鍲婤莏瑂玮,address:凎鶗鑑鄯蝈霞竚険脭忚,diseaseHistory:罛鏋苤颇崥姼靆揸姀大鄘湌暐蟿绯郐庨聓黻鈶愑歆舨醆蠥眩潾鰑褢緋,habit:嶃牅樇藖楒蠱袅塔峼筬樿膦蝺嵚婁轑糅齺鋙愮湼翀獼灸熕蚢朐坵郶恉,exerciseTarget:礊尤駤軻布縑橐爭饱邎}
{id:8383,name:洬簛偷,sex:true,maritalStatus:true,age:96.0,height:178.0,weight:86.0,hobby:婊伾瀚赪睶悞蔨飽蹛伤,address:鴸垮嘋苦宕鑌嵑藘婧鳌,diseaseHistory:闩濸篿噳蛱颡櫟緳濆笍欰殃観收瘭鯟堞亏迠祇舁購哩蘹鉾傗挡烞縰堪,habit:矻秠遷寊羆侦翠恋豋煷寋稜瑘鮞娇羻涞軷橴抖殫垖鉏钌榓卡傛湺懳傯,exerciseTarget:撕侈輋穪嚽櫩攐韭罛脫}
{id:1470,name:汔鋄梣,sex:true,maritalStatus:false,age:101.0,height:177.0,weight:120.0,hobby:伎櫳潓縀軡獵鐩悻倻圎,address:懯舔鬜敳玸瀵菍跚釥蹳,diseaseHistory:婦璽墴殱脬荓礇雂亥肚軣螛演犓柍億繪羈娇螒鍁奣垩慶諊脵鉊烿蘓琜,habit:段琐蛼艣郁檆怅煱鑈牳洩澨蘯翄镒餉釉垜踊蠏榄疥眴畹挟量亐濊亱扨,exerciseTarget:沭馸蟥臀蘬雬徹染黑鲤}

2018-04-01 17:34:38.418  INFO 71954 --- [Thread-2] o.s.w.c.s.GenericWebApplicationContext   : Closing org.springframework.web.context.support.GenericWebApplicationContext@66ce957f: startup date [Sun Apr 01 17:33:49 CST 2018]; root of context hierarchy
2018-04-01 17:34:38.421  INFO 71954 --- [Thread-2] com.zaxxer.hikari.HikariDataSource       : HikariPool-1 - Shutdown initiated...
2018-04-01 17:34:38.438  INFO 71954 --- [Thread-2] com.zaxxer.hikari.HikariDataSource       : HikariPool-1 - Shutdown completed.
2018-04-01 17:34:38.438  INFO 71954 --- [Thread-2] o.s.s.concurrent.ThreadPoolTaskExecutor  : Shutting down ExecutorService 'MyAsync'
2018-04-01 17:34:59.613  INFO 71957 --- [main] c.d.test.services.UserServiceTest        : Starting UserServiceTest on alanMacBook-Pro.local with PID 71957 (started by alan in /Users/alan/developers/ideaspace/demo/DBtest)
2018-04-01 17:34:59.615  INFO 71957 --- [main] c.d.test.services.UserServiceTest        : No active profile set, falling back to default profiles: default
2018-04-01 17:34:59.671  INFO 71957 --- [main] o.s.w.c.s.GenericWebApplicationContext   : Refreshing org.springframework.web.context.support.GenericWebApplicationContext@5bfa8cc5: startup date [Sun Apr 01 17:34:59 CST 2018]; root of context hierarchy
2018-04-01 17:35:01.471  INFO 71957 --- [main] trationDelegate$BeanPostProcessorChecker : Bean 'taskExecutorConfig' of type [com.database.test.config.TaskExecutorConfig$$EnhancerBySpringCGLIB$$d3100681] is not eligible for getting processed by all BeanPostProcessors (for example: not eligible for auto-proxying)
2018-04-01 17:35:01.493  INFO 71957 --- [main] o.s.s.concurrent.ThreadPoolTaskExecutor  : Initializing ExecutorService 
2018-04-01 17:35:01.506  INFO 71957 --- [main] o.s.s.concurrent.ThreadPoolTaskExecutor  : Initializing ExecutorService  'MyAsync'
2018-04-01 17:35:01.507  INFO 71957 --- [main] trationDelegate$BeanPostProcessorChecker : Bean 'MyAsync' of type [org.springframework.scheduling.concurrent.ThreadPoolTaskExecutor] is not eligible for getting processed by all BeanPostProcessors (for example: not eligible for auto-proxying)
2018-04-01 17:35:03.264  INFO 71957 --- [main] s.w.s.m.m.a.RequestMappingHandlerAdapter : Looking for @ControllerAdvice: org.springframework.web.context.support.GenericWebApplicationContext@5bfa8cc5: startup date [Sun Apr 01 17:34:59 CST 2018]; root of context hierarchy
2018-04-01 17:35:03.422  INFO 71957 --- [main] s.w.s.m.m.a.RequestMappingHandlerMapping : Mapped "{[/user/save],methods=[GET]}" onto public java.lang.String com.database.test.controller.TestController.save(int)
2018-04-01 17:35:03.424  INFO 71957 --- [main] s.w.s.m.m.a.RequestMappingHandlerMapping : Mapped "{[/user/batchSave],methods=[GET]}" onto public java.lang.String com.database.test.controller.TestController.batchSave(int)
2018-04-01 17:35:03.424  INFO 71957 --- [main] s.w.s.m.m.a.RequestMappingHandlerMapping : Mapped "{[/user/getUserInfoByAge],methods=[GET]}" onto public java.lang.String com.database.test.controller.TestController.getUserInfoByAge(int)
2018-04-01 17:35:03.424  INFO 71957 --- [main] s.w.s.m.m.a.RequestMappingHandlerMapping : Mapped "{[/user/hello],methods=[GET]}" onto public java.lang.String com.database.test.controller.TestController.hello()
2018-04-01 17:35:03.428  INFO 71957 --- [main] s.w.s.m.m.a.RequestMappingHandlerMapping : Mapped "{[/error]}" onto public org.springframework.http.ResponseEntity<java.util.Map<java.lang.String, java.lang.Object>> org.springframework.boot.autoconfigure.web.servlet.error.BasicErrorController.error(javax.servlet.http.HttpServletRequest)
2018-04-01 17:35:03.429  INFO 71957 --- [main] s.w.s.m.m.a.RequestMappingHandlerMapping : Mapped "{[/error],produces=[text/html]}" onto public org.springframework.web.servlet.ModelAndView org.springframework.boot.autoconfigure.web.servlet.error.BasicErrorController.errorHtml(javax.servlet.http.HttpServletRequest,javax.servlet.http.HttpServletResponse)
2018-04-01 17:35:03.663  INFO 71957 --- [main] o.s.w.s.handler.SimpleUrlHandlerMapping  : Mapped URL path [/webjars/**] onto handler of type [class org.springframework.web.servlet.resource.ResourceHttpRequestHandler]
2018-04-01 17:35:03.664  INFO 71957 --- [main] o.s.w.s.handler.SimpleUrlHandlerMapping  : Mapped URL path [/**] onto handler of type [class org.springframework.web.servlet.resource.ResourceHttpRequestHandler]
2018-04-01 17:35:03.817  INFO 71957 --- [main] o.s.w.s.handler.SimpleUrlHandlerMapping  : Mapped URL path [/**/favicon.ico] onto handler of type [class org.springframework.web.servlet.resource.ResourceHttpRequestHandler]
2018-04-01 17:35:04.355  INFO 71957 --- [main] c.d.test.services.UserServiceTest        : Started UserServiceTest in 5.419 seconds (JVM running for 7.43)
2018-04-01 17:35:04.539  INFO 71957 --- [main] com.zaxxer.hikari.HikariDataSource       : HikariPool-1 - Starting...
2018-04-01 17:35:05.244  INFO 71957 --- [main] com.zaxxer.hikari.HikariDataSource       : HikariPool-1 - Start completed.
2018-04-01 17:35:27.950  INFO 71957 --- [main] com.database.test.services.UserService   : 10条最相似数据差异值为：960.4
2018-04-01 17:35:27.951  INFO 71957 --- [main] com.database.test.services.UserService   : 
{id:1534,name:驅臀腍,sex:true,maritalStatus:true,age:119.0,height:77.0,weight:56.0,hobby:珦嘢匚钝鍌缪禱廟輡湁,address:虅猾腔仅朶旆魫瞺碍亯,diseaseHistory:酎飂經槰匌钌倸旚脓癓枲蚆民喫靱镮懤嶜趇齖鳞狑巓闬垉觷獷焲朳貈,habit:薣諔铃绰菽鸍鋯业瞴尩豬姒術乵躛稇斎狉悍痯举踍潵愁懢變巀狅刼淦,exerciseTarget:隲簦魼辱榃素试疶鴜杍}
{id:7469,name:禙厴眩,sex:true,maritalStatus:true,age:120.0,height:79.0,weight:66.0,hobby:鹼鴀蠳譶贰邫訵禞軞熥,address:瓅璓蘖纏熲噒縯僆释咒,diseaseHistory:谻狙猦孔攧娼醨疲藌縎釁怢圌焑鶗呣迁秲圹跩炠泖魳扣笇橎颋壚柪祷,habit:稉梈髬璼骁翡垠畦旭蘱伞胤鋯譁擌簙豢鰡鲜畁既滅瑇輵氬乽犼鼤遐驢,exerciseTarget:俖珏哑嘪詄昹牰聙肛慉}
{id:6759,name:踗潬輔,sex:true,maritalStatus:true,age:120.0,height:75.0,weight:104.0,hobby:魮俉焢橇篤媃昪曟亸闺,address:拒睝鷽鐎买極厁鼪苸発,diseaseHistory:郏英摬挴認梿鋾峤蝤悡慶厓襳鴲悦詸輜牳廉杖糧桲鹔袕靽騱廲紥漊砮,habit:牍贒嘿翀祓黾椹涉垝鴞蔡误憹缋澥闞螄残禲跀怡矺楰婤痟碊穠叭偬鎎,exerciseTarget:顰薕犯椖蕈銴咴铬隢迸}
{id:680,name:嵅挘誅,sex:true,maritalStatus:false,age:126.0,height:74.0,weight:57.0,hobby:鎃堢塡鯌滾遼淕浓呦坰,address:刼蕫欝氇諎賝泗泛嵆燽,diseaseHistory:鸭惠娊輌霫黛蜲懽哙皐枩鉢鄏敄虵軷鵣罘俙祃胦鈾嶰鈨塍裎浑秴製孵,habit:諻甞螃癢棽蹁批欙嶘磶柺遇徿钐蜯瓔嘸翭满鯷韥憼揞图嶆泫鷢王侞酓,exerciseTarget:笓榔啍掫嚭遧暿蛇扱觲}
{id:7101,name:鵪譙昧,sex:true,maritalStatus:true,age:121.0,height:72.0,weight:107.0,hobby:餦妳濊陒烝籀翡怓葢聦,address:慾哹湪泶埊諨鋷县鳌徲,diseaseHistory:噜寕携叱齍鮾皚薱緫擔鳜鍩乨锯悥峰襊定喔槤綝箍菬爻屲眺沿橠匵揹,habit:絇昙悚縱傌臣罜瓘擤佅皦泷耰泼孜疤油鈝帐淋赔垔扎榡堕艤苷咘熯呂,exerciseTarget:揍賧唺臰緝餅妞顴舩橄}
{id:474,name:插逝驯,sex:true,maritalStatus:true,age:126.0,height:79.0,weight:47.0,hobby:諕悽箞巷銅萏癯賽蕽泧,address:蒭皽梞燵槱咸翡岅斵亂,diseaseHistory:黻鍠并殻麫翉炍艠暕藏嚈壐垇浏竊氒鵛度掶鹄薤酽春唺忰紈噍妸觵麶,habit:普鐧来縢萋聰噋僛薣菒黨縊谣绛瑁铩阕睐傾璗枱佄絪訞旓伀龅恸嵣唽,exerciseTarget:顸獍锍恱躪靕恢堿犦顈}
{id:7019,name:邇寰騑,sex:true,maritalStatus:true,age:119.0,height:85.0,weight:33.0,hobby:洿鑓陦礪鞤遙藠蔒维釩,address:旋撗女暑费秶窔蓿閈湢,diseaseHistory:鲟痑糯殖额鸮綕芻搛堟孑藿幥橽咆螶漶粵幉葢讀驶鉻蛎袼颧绶瘓字樓,habit:騚鉝獔陹靓摋硶礍螢鄸嚆郯饦跏謲騧鼶対楏鳎咬澤鰺厇睽贜稇诇塼綖,exerciseTarget:拂鳸弴檡蟦殗捦婳郋璾}
{id:2823,name:颷諏渨,sex:true,maritalStatus:false,age:128.0,height:74.0,weight:87.0,hobby:粊琑磋褢棾枮圦楗遆诰,address:锰柑赗澄咬埻婳煬昚鵄,diseaseHistory:衢凞噊细貲餘毉满斃空鮄妆轟渹襋絯谱昤弬鵑敋嫯阐殨悸誠跒戡殟鯛,habit:鶌縚掳坨丁綻敀摍飧宆掷閦訪壗癕僠雰髠頴鎮彫雗縐懘轩呹亟锧怤髫,exerciseTarget:爐緭睺瞝髸郺枳赿酽輀}
{id:5808,name:宀転踼,sex:true,maritalStatus:false,age:128.0,height:69.0,weight:38.0,hobby:缭垟涚抿哄嗪鴞朰咇亂,address:撹筗懪嶸錝踚勖谸娺洉,diseaseHistory:乨谽症逸榌篆廊梋牉鯾紾篟欬讪葁摾噤客瑙港鐸陟頄髬瀺煨驕瘔臥爰,habit:葉婞橿餘啼哢焢厇泲儍梱僲郍熔胰萨鸎硃柽酔堹躵淺蹩丰儴磳膽鶐淍,exerciseTarget:垻啱幉蟟韲茝雗唂鱕瘙}
{id:6044,name:搁暵褐,sex:true,maritalStatus:true,age:116.0,height:87.0,weight:89.0,hobby:狩釠饉珬溧鬝吸縸掷或,address:姍劣瑪峉庘浗罪顽崛俉,diseaseHistory:赌綸嘼琩耜炃丛悹伒梼苯俫锭覈蒺曄阔鰫轳礚瞕睌肆苞乻湗窝呸噫桉,habit:蝧綒暩辮祌啾麔饩师喘山繃懷姑矻捫雃撑玻幛旅謤嶗橓璆廕剐槭漛菆,exerciseTarget:视瑽瘤秨磟総櫔轠竹凰}

2018-04-01 17:35:27.970  INFO 71957 --- [Thread-2] o.s.w.c.s.GenericWebApplicationContext   : Closing org.springframework.web.context.support.GenericWebApplicationContext@5bfa8cc5: startup date [Sun Apr 01 17:34:59 CST 2018]; root of context hierarchy
2018-04-01 17:35:27.975  INFO 71957 --- [Thread-2] com.zaxxer.hikari.HikariDataSource       : HikariPool-1 - Shutdown initiated...
2018-04-01 17:35:27.989  INFO 71957 --- [Thread-2] com.zaxxer.hikari.HikariDataSource       : HikariPool-1 - Shutdown completed.
2018-04-01 17:35:27.989  INFO 71957 --- [Thread-2] o.s.s.concurrent.ThreadPoolTaskExecutor  : Shutting down ExecutorService 'MyAsync'
